[
   {
      "display_name": "KubernetesCluster 0",
      "path": {
         "cloud_provider": "AWS",
         "cloud_provider_region": "AWS_US_EAST_1",
         "environment": "DEV"
      },
      "relation": {
         "cloud_uri": "https://aws.com/cluster/0",
         "environment_uri": "https://dev.com/environment/0",
         "kubernetes_cluster_type_uri": "https://kubernetes.com/cluster-type/0",
         "region_uri": "https://us-east-1.com/region/0",
         "regulatory_domain_uri": "https://regulatory.com/domain/0"
      }
   },
   {
      "display_name": "KubernetesCluster 1",
      "path": {
         "cloud_provider": "AWS",
         "cloud_provider_region": "AWS_US_EAST_1",
         "environment": "DEV"
      },
      "relation": {
         "cloud_uri": "https://aws.com/cluster/1",
         "environment_uri": "https://dev.com/environment/1",
         "kubernetes_cluster_type_uri": "https://kubernetes.com/cluster-type/1",
         "region_uri": "https://us-east-1.com/region/1",
         "regulatory_domain_uri": "https://regulatory.com/domain/1"
      }
   },
   {
      "display_name": "KubernetesCluster 2",
      "path": {
         "cloud_provider": "AWS",
         "cloud_provider_region": "AWS_US_EAST_1",
         "environment": "DEV"
      },
      "relation": {
         "cloud_uri": "https://aws.com/cluster/2",
         "environment_uri": "https://dev.com/environment/2",
         "kubernetes_cluster_type_uri": "https://kubernetes.com/cluster-type/2",
         "region_uri": "https://us-east-1.com/region/2",
         "regulatory_domain_uri": "https://regulatory.com/domain/2"
      }
   },
   {
      "display_name": "KubernetesCluster 3",
      "path": {
         "cloud_provider": "AWS",
         "cloud_provider_region": "AWS_US_EAST_1",
         "environment": "DEV"
      },
      "relation": {
         "cloud_uri": "https://aws.com/cluster/3",
         "environment_uri": "https://dev.com/environment/3",
         "kubernetes_cluster_type_uri": "https://kubernetes.com/cluster-type/3",
         "region_uri": "https://us-east-1.com/region/3",
         "regulatory_domain_uri": "https://regulatory.com/domain/3"
      }
   },
   {
      "display_name": "KubernetesCluster 4",
      "path": {
         "cloud_provider": "AWS",
         "cloud_provider_region": "AWS_US_EAST_1",
         "environment": "DEV"
      },
      "relation": {
         "cloud_uri": "https://aws.com/cluster/4",
         "environment_uri": "https://dev.com/environment/4",
         "kubernetes_cluster_type_uri": "https://kubernetes.com/cluster-type/4",
         "region_uri": "https://us-east-1.com/region/4",
         "regulatory_domain_uri": "https://regulatory.com/domain/4"
      }
   },
   {
      "display_name": "KubernetesCluster 5",
      "path": {
         "cloud_provider": "AWS",
         "cloud_provider_region": "AWS_US_EAST_1",
         "environment": "DEV"
      },
      "relation": {
         "cloud_uri": "https://aws.com/cluster/5",
         "environment_uri": "https://dev.com/environment/5",
         "kubernetes_cluster_type_uri": "https://kubernetes.com/cluster-type/5",
         "region_uri": "https://us-east-1.com/region/5",
         "regulatory_domain_uri": "https://regulatory.com/domain/5"
      }
   },
   {
      "display_name": "KubernetesCluster 6",
      "path": {
         "cloud_provider": "AWS",
         "cloud_provider_region": "AWS_US_EAST_1",
         "environment": "DEV"
      },
      "relation": {
         "cloud_uri": "https://aws.com/cluster/6",
         "environment_uri": "https://dev.com/environment/6",
         "kubernetes_cluster_type_uri": "https://kubernetes.com/cluster-type/6",
         "region_uri": "https://us-east-1.com/region/6",
         "regulatory_domain_uri": "https://regulatory.com/domain/6"
      }
   },
   {
      "display_name": "KubernetesCluster 7",
      "path": {
         "cloud_provider": "AWS",
         "cloud_provider_region": "AWS_US_EAST_1",
         "environment": "DEV"
      },
      "relation": {
         "cloud_uri": "https://aws.com/cluster/7",
         "environment_uri": "https://dev.com/environment/7",
         "kubernetes_cluster_type_uri": "https://kubernetes.com/cluster-type/7",
         "region_uri": "https://us-east-1.com/region/7",
         "regulatory_domain_uri": "https://regulatory.com/domain/7"
      }
   },
   {
      "display_name": "KubernetesCluster 8",
      "path": {
         "cloud_provider": "AWS",
         "cloud_provider_region": "AWS_US_EAST_1",
         "environment": "DEV"
      },
      "relation": {
         "cloud_uri": "https://aws.com/cluster/8",
         "environment_uri": "https://dev.com/environment/8",
         "kubernetes_cluster_type_uri": "https://kubernetes.com/cluster-type/8",
         "region_uri": "https://us-east-1.com/region/8",
         "regulatory_domain_uri": "https://regulatory.com/domain/8"
      }
   },
   {
      "display_name": "KubernetesCluster 9",
      "path": {
         "cloud_provider": "AWS",
         "cloud_provider_region": "AWS_US_EAST_1",
         "environment": "DEV"
      },
      "relation": {
         "cloud_uri": "https://aws.com/cluster/9",
         "environment_uri": "https://dev.com/environment/9",
         "kubernetes_cluster_type_uri": "https://kubernetes.com/cluster-type/9",
         "region_uri": "https://us-east-1.com/region/9",
         "regulatory_domain_uri": "https://regulatory.com/domain/9"
      }
   },
   {
      "display_name": "KubernetesCluster 10",
      "path": {
         "cloud_provider": "AWS",
         "cloud_provider_region": "AWS_US_EAST_1",
         "environment": "DEV"
      },
      "relation": {
         "cloud_uri": "https://aws.com/cluster/10",
         "environment_uri": "https://dev.com/environment/10",
         "kubernetes_cluster_type_uri": "https://kubernetes.com/cluster-type/10",
         "region_uri": "https://us-east-1.com/region/10",
         "regulatory_domain_uri": "https://regulatory.com/domain/10"
      }
   },
   {
      "display_name": "KubernetesCluster 11",
      "path": {
         "cloud_provider": "AWS",
         "cloud_provider_region": "AWS_US_EAST_1",
         "environment": "DEV"
      },
      "relation": {
         "cloud_uri": "https://aws.com/cluster/11",
         "environment_uri": "https://dev.com/environment/11",
         "kubernetes_cluster_type_uri": "https://kubernetes.com/cluster-type/11",
         "region_uri": "https://us-east-1.com/region/11",
         "regulatory_domain_uri": "https://regulatory.com/domain/11"
      }
   },
   {
      "display_name": "KubernetesCluster 12",
      "path": {
         "cloud_provider": "AWS",
         "cloud_provider_region": "AWS_US_EAST_1",
         "environment": "DEV"
      },
      "relation": {
         "cloud_uri": "https://aws.com/cluster/12",
         "environment_uri": "https://dev.com/environment/12",
         "kubernetes_cluster_type_uri": "https://kubernetes.com/cluster-type/12",
         "region_uri": "https://us-east-1.com/region/12",
         "regulatory_domain_uri": "https://regulatory.com/domain/12"
      }
   },
   {
      "display_name": "KubernetesCluster 13",
      "path": {
         "cloud_provider": "AWS",
         "cloud_provider_region": "AWS_US_EAST_1",
         "environment": "DEV"
      },
      "relation": {
         "cloud_uri": "https://aws.com/cluster/13",
         "environment_uri": "https://dev.com/environment/13",
         "kubernetes_cluster_type_uri": "https://kubernetes.com/cluster-type/13",
         "region_uri": "https://us-east-1.com/region/13",
         "regulatory_domain_uri": "https://regulatory.com/domain/13"
      }
   },
   {
      "display_name": "KubernetesCluster 14",
      "path": {
         "cloud_provider": "AWS",
         "cloud_provider_region": "AWS_US_EAST_1",
         "environment": "DEV"
      },
      "relation": {
         "cloud_uri": "https://aws.com/cluster/14",
         "environment_uri": "https://dev.com/environment/14",
         "kubernetes_cluster_type_uri": "https://kubernetes.com/cluster-type/14",
         "region_uri": "https://us-east-1.com/region/14",
         "regulatory_domain_uri": "https://regulatory.com/domain/14"
      }
   },
   {
      "display_name": "KubernetesCluster 15",
      "path": {
         "cloud_provider": "AWS",
         "cloud_provider_region": "AWS_US_EAST_1",
         "environment": "DEV"
      },
      "relation": {
         "cloud_uri": "https://aws.com/cluster/15",
         "environment_uri": "https://dev.com/environment/15",
         "kubernetes_cluster_type_uri": "https://kubernetes.com/cluster-type/15",
         "region_uri": "https://us-east-1.com/region/15",
         "regulatory_domain_uri": "https://regulatory.com/domain/15"
      }
   },
   {
      "display_name": "KubernetesCluster 16",
      "path": {
         "cloud_provider": "AWS",
         "cloud_provider_region": "AWS_US_EAST_1",
         "environment": "DEV"
      },
      "relation": {
         "cloud_uri": "https://aws.com/cluster/16",
         "environment_uri": "https://dev.com/environment/16",
         "kubernetes_cluster_type_uri": "https://kubernetes.com/cluster-type/16",
         "region_uri": "https://us-east-1.com/region/16",
         "regulatory_domain_uri": "https://regulatory.com/domain/16"
      }
   },
   {
      "display_name": "KubernetesCluster 17",
      "path": {
         "cloud_provider": "AWS",
         "cloud_provider_region": "AWS_US_EAST_1",
         "environment": "DEV"
      },
      "relation": {
         "cloud_uri": "https://aws.com/cluster/17",
         "environment_uri": "https://dev.com/environment/17",
         "kubernetes_cluster_type_uri": "https://kubernetes.com/cluster-type/17",
         "region_uri": "https://us-east-1.com/region/17",
         "regulatory_domain_uri": "https://regulatory.com/domain/17"
      }
   },
   {
      "display_name": "KubernetesCluster 18",
      "path": {
         "cloud_provider": "AWS",
         "cloud_provider_region": "AWS_US_EAST_1",
         "environment": "DEV"
      },
      "relation": {
         "cloud_uri": "https://aws.com/cluster/18",
         "environment_uri": "https://dev.com/environment/18",
         "kubernetes_cluster_type_uri": "https://kubernetes.com/cluster-type/18",
         "region_uri": "https://us-east-1.com/region/18",
         "regulatory_domain_uri": "https://regulatory.com/domain/18"
      }
   },
   {
      "display_name": "KubernetesCluster 19",
      "path": {
         "cloud_provider": "AWS",
         "cloud_provider_region": "AWS_US_EAST_1",
         "environment": "DEV"
      },
      "relation": {
         "cloud_uri": "https://aws.com/cluster/19",
         "environment_uri": "https://dev.com/environment/19",
         "kubernetes_cluster_type_uri": "https://kubernetes.com/cluster-type/19",
         "region_uri": "https://us-east-1.com/region/19",
         "regulatory_domain_uri": "https://regulatory.com/domain/19"
      }
   },
   {
      "display_name": "KubernetesCluster 20",
      "path": {
         "cloud_provider": "AWS",
         "cloud_provider_region": "AWS_US_EAST_1",
         "environment": "DEV"
      },
      "relation": {
         "cloud_uri": "https://aws.com/cluster/20",
         "environment_uri": "https://dev.com/environment/20",
         "kubernetes_cluster_type_uri": "https://kubernetes.com/cluster-type/20",
         "region_uri": "https://us-east-1.com/region/20",
         "regulatory_domain_uri": "https://regulatory.com/domain/20"
      }
   },
   {
      "display_name": "KubernetesCluster 21",
      "path": {
         "cloud_provider": "AWS",
         "cloud_provider_region": "AWS_US_EAST_1",
         "environment": "DEV"
      },
      "relation": {
         "cloud_uri": "https://aws.com/cluster/21",
         "environment_uri": "https://dev.com/environment/21",
         "kubernetes_cluster_type_uri": "https://kubernetes.com/cluster-type/21",
         "region_uri": "https://us-east-1.com/region/21",
         "regulatory_domain_uri": "https://regulatory.com/domain/21"
      }
   },
   {
      "display_name": "KubernetesCluster 22",
      "path": {
         "cloud_provider": "AWS",
         "cloud_provider_region": "AWS_US_EAST_1",
         "environment": "DEV"
      },
      "relation": {
         "cloud_uri": "https://aws.com/cluster/22",
         "environment_uri": "https://dev.com/environment/22",
         "kubernetes_cluster_type_uri": "https://kubernetes.com/cluster-type/22",
         "region_uri": "https://us-east-1.com/region/22",
         "regulatory_domain_uri": "https://regulatory.com/domain/22"
      }
   },
   {
      "display_name": "KubernetesCluster 23",
      "path": {
         "cloud_provider": "AWS",
         "cloud_provider_region": "AWS_US_EAST_1",
         "environment": "DEV"
      },
      "relation": {
         "cloud_uri": "https://aws.com/cluster/23",
         "environment_uri": "https://dev.com/environment/23",
         "kubernetes_cluster_type_uri": "https://kubernetes.com/cluster-type/23",
         "region_uri": "https://us-east-1.com/region/23",
         "regulatory_domain_uri": "https://regulatory.com/domain/23"
      }
   },
   {
      "display_name": "KubernetesCluster 24",
      "path": {
         "cloud_provider": "AWS",
         "cloud_provider_region": "AWS_US_EAST_1",
         "environment": "DEV"
      },
      "relation": {
         "cloud_uri": "https://aws.com/cluster/24",
         "environment_uri": "https://dev.com/environment/24",
         "kubernetes_cluster_type_uri": "https://kubernetes.com/cluster-type/24",
         "region_uri": "https://us-east-1.com/region/24",
         "regulatory_domain_uri": "https://regulatory.com/domain/24"
      }
   },
   {
      "display_name": "KubernetesCluster 25",
      "path": {
         "cloud_provider": "AWS",
         "cloud_provider_region": "AWS_US_EAST_1",
         "environment": "DEV"
      },
      "relation": {
         "cloud_uri": "https://aws.com/cluster/25",
         "environment_uri": "https://dev.com/environment/25",
         "kubernetes_cluster_type_uri": "https://kubernetes.com/cluster-type/25",
         "region_uri": "https://us-east-1.com/region/25",
         "regulatory_domain_uri": "https://regulatory.com/domain/25"
      }
   },
   {
      "display_name": "KubernetesCluster 26",
      "path": {
         "cloud_provider": "AWS",
         "cloud_provider_region": "AWS_US_EAST_1",
         "environment": "DEV"
      },
      "relation": {
         "cloud_uri": "https://aws.com/cluster/26",
         "environment_uri": "https://dev.com/environment/26",
         "kubernetes_cluster_type_uri": "https://kubernetes.com/cluster-type/26",
         "region_uri": "https://us-east-1.com/region/26",
         "regulatory_domain_uri": "https://regulatory.com/domain/26"
      }
   },
   {
      "display_name": "KubernetesCluster 27",
      "path": {
         "cloud_provider": "AWS",
         "cloud_provider_region": "AWS_US_EAST_1",
         "environment": "DEV"
      },
      "relation": {
         "cloud_uri": "https://aws.com/cluster/27",
         "environment_uri": "https://dev.com/environment/27",
         "kubernetes_cluster_type_uri": "https://kubernetes.com/cluster-type/27",
         "region_uri": "https://us-east-1.com/region/27",
         "regulatory_domain_uri": "https://regulatory.com/domain/27"
      }
   },
   {
      "display_name": "KubernetesCluster 28",
      "path": {
         "cloud_provider": "AWS",
         "cloud_provider_region": "AWS_US_EAST_1",
         "environment": "DEV"
      },
      "relation": {
         "cloud_uri": "https://aws.com/cluster/28",
         "environment_uri": "https://dev.com/environment/28",
         "kubernetes_cluster_type_uri": "https://kubernetes.com/cluster-type/28",
         "region_uri": "https://us-east-1.com/region/28",
         "regulatory_domain_uri": "https://regulatory.com/domain/28"
      }
   },
   {
      "display_name": "KubernetesCluster 29",
      "path": {
         "cloud_provider": "AWS",
         "cloud_provider_region": "AWS_US_EAST_1",
         "environment": "DEV"
      },
      "relation": {
         "cloud_uri": "https://aws.com/cluster/29",
         "environment_uri": "https://dev.com/environment/29",
         "kubernetes_cluster_type_uri": "https://kubernetes.com/cluster-type/29",
         "region_uri": "https://us-east-1.com/region/29",
         "regulatory_domain_uri": "https://regulatory.com/domain/29"
      }
   },
   {
      "display_name": "KubernetesCluster 30",
      "path": {
         "cloud_provider": "AWS",
         "cloud_provider_region": "AWS_US_EAST_1",
         "environment": "DEV"
      },
      "relation": {
         "cloud_uri": "https://aws.com/cluster/30",
         "environment_uri": "https://dev.com/environment/30",
         "kubernetes_cluster_type_uri": "https://kubernetes.com/cluster-type/30",
         "region_uri": "https://us-east-1.com/region/30",
         "regulatory_domain_uri": "https://regulatory.com/domain/30"
      }
   },
   {
      "display_name": "KubernetesCluster 31",
      "path": {
         "cloud_provider": "AWS",
         "cloud_provider_region": "AWS_US_EAST_1",
         "environment": "DEV"
      },
      "relation": {
         "cloud_uri": "https://aws.com/cluster/31",
         "environment_uri": "https://dev.com/environment/31",
         "kubernetes_cluster_type_uri": "https://kubernetes.com/cluster-type/31",
         "region_uri": "https://us-east-1.com/region/31",
         "regulatory_domain_uri": "https://regulatory.com/domain/31"
      }
   },
   {
      "display_name": "KubernetesCluster 32",
      "path": {
         "cloud_provider": "AWS",
         "cloud_provider_region": "AWS_US_EAST_1",
         "environment": "DEV"
      },
      "relation": {
         "cloud_uri": "https://aws.com/cluster/32",
         "environment_uri": "https://dev.com/environment/32",
         "kubernetes_cluster_type_uri": "https://kubernetes.com/cluster-type/32",
         "region_uri": "https://us-east-1.com/region/32",
         "regulatory_domain_uri": "https://regulatory.com/domain/32"
      }
   },
   {
      "display_name": "KubernetesCluster 33",
      "path": {
         "cloud_provider": "AWS",
         "cloud_provider_region": "AWS_US_EAST_1",
         "environment": "DEV"
      },
      "relation": {
         "cloud_uri": "https://aws.com/cluster/33",
         "environment_uri": "https://dev.com/environment/33",
         "kubernetes_cluster_type_uri": "https://kubernetes.com/cluster-type/33",
         "region_uri": "https://us-east-1.com/region/33",
         "regulatory_domain_uri": "https://regulatory.com/domain/33"
      }
   },
   {
      "display_name": "KubernetesCluster 34",
      "path": {
         "cloud_provider": "AWS",
         "cloud_provider_region": "AWS_US_EAST_1",
         "environment": "DEV"
      },
      "relation": {
         "cloud_uri": "https://aws.com/cluster/34",
         "environment_uri": "https://dev.com/environment/34",
         "kubernetes_cluster_type_uri": "https://kubernetes.com/cluster-type/34",
         "region_uri": "https://us-east-1.com/region/34",
         "regulatory_domain_uri": "https://regulatory.com/domain/34"
      }
   },
   {
      "display_name": "KubernetesCluster 35",
      "path": {
         "cloud_provider": "AWS",
         "cloud_provider_region": "AWS_US_EAST_1",
         "environment": "DEV"
      },
      "relation": {
         "cloud_uri": "https://aws.com/cluster/35",
         "environment_uri": "https://dev.com/environment/35",
         "kubernetes_cluster_type_uri": "https://kubernetes.com/cluster-type/35",
         "region_uri": "https://us-east-1.com/region/35",
         "regulatory_domain_uri": "https://regulatory.com/domain/35"
      }
   },
   {
      "display_name": "KubernetesCluster 36",
      "path": {
         "cloud_provider": "AWS",
         "cloud_provider_region": "AWS_US_EAST_1",
         "environment": "DEV"
      },
      "relation": {
         "cloud_uri": "https://aws.com/cluster/36",
         "environment_uri": "https://dev.com/environment/36",
         "kubernetes_cluster_type_uri": "https://kubernetes.com/cluster-type/36",
         "region_uri": "https://us-east-1.com/region/36",
         "regulatory_domain_uri": "https://regulatory.com/domain/36"
      }
   },
   {
      "display_name": "KubernetesCluster 37",
      "path": {
         "cloud_provider": "AWS",
         "cloud_provider_region": "AWS_US_EAST_1",
         "environment": "DEV"
      },
      "relation": {
         "cloud_uri": "https://aws.com/cluster/37",
         "environment_uri": "https://dev.com/environment/37",
         "kubernetes_cluster_type_uri": "https://kubernetes.com/cluster-type/37",
         "region_uri": "https://us-east-1.com/region/37",
         "regulatory_domain_uri": "https://regulatory.com/domain/37"
      }
   },
   {
      "display_name": "KubernetesCluster 38",
      "path": {
         "cloud_provider": "AWS",
         "cloud_provider_region": "AWS_US_EAST_1",
         "environment": "DEV"
      },
      "relation": {
         "cloud_uri": "https://aws.com/cluster/38",
         "environment_uri": "https://dev.com/environment/38",
         "kubernetes_cluster_type_uri": "https://kubernetes.com/cluster-type/38",
         "region_uri": "https://us-east-1.com/region/38",
         "regulatory_domain_uri": "https://regulatory.com/domain/38"
      }
   },
   {
      "display_name": "KubernetesCluster 39",
      "path": {
         "cloud_provider": "AWS",
         "cloud_provider_region": "AWS_US_EAST_1",
         "environment": "DEV"
      },
      "relation": {
         "cloud_uri": "https://aws.com/cluster/39",
         "environment_uri": "https://dev.com/environment/39",
         "kubernetes_cluster_type_uri": "https://kubernetes.com/cluster-type/39",
         "region_uri": "https://us-east-1.com/region/39",
         "regulatory_domain_uri": "https://regulatory.com/domain/39"
      }
   },
   {
      "display_name": "KubernetesCluster 40",
      "path": {
         "cloud_provider": "AWS",
         "cloud_provider_region": "AWS_US_EAST_1",
         "environment": "DEV"
      },
      "relation": {
         "cloud_uri": "https://aws.com/cluster/40",
         "environment_uri": "https://dev.com/environment/40",
         "kubernetes_cluster_type_uri": "https://kubernetes.com/cluster-type/40",
         "region_uri": "https://us-east-1.com/region/40",
         "regulatory_domain_uri": "https://regulatory.com/domain/40"
      }
   },
   {
      "display_name": "KubernetesCluster 41",
      "path": {
         "cloud_provider": "AWS",
         "cloud_provider_region": "AWS_US_EAST_1",
         "environment": "DEV"
      },
      "relation": {
         "cloud_uri": "https://aws.com/cluster/41",
         "environment_uri": "https://dev.com/environment/41",
         "kubernetes_cluster_type_uri": "https://kubernetes.com/cluster-type/41",
         "region_uri": "https://us-east-1.com/region/41",
         "regulatory_domain_uri": "https://regulatory.com/domain/41"
      }
   },
   {
      "display_name": "KubernetesCluster 42",
      "path": {
         "cloud_provider": "AWS",
         "cloud_provider_region": "AWS_US_EAST_1",
         "environment": "DEV"
      },
      "relation": {
         "cloud_uri": "https://aws.com/cluster/42",
         "environment_uri": "https://dev.com/environment/42",
         "kubernetes_cluster_type_uri": "https://kubernetes.com/cluster-type/42",
         "region_uri": "https://us-east-1.com/region/42",
         "regulatory_domain_uri": "https://regulatory.com/domain/42"
      }
   },
   {
      "display_name": "KubernetesCluster 43",
      "path": {
         "cloud_provider": "AWS",
         "cloud_provider_region": "AWS_US_EAST_1",
         "environment": "DEV"
      },
      "relation": {
         "cloud_uri": "https://aws.com/cluster/43",
         "environment_uri": "https://dev.com/environment/43",
         "kubernetes_cluster_type_uri": "https://kubernetes.com/cluster-type/43",
         "region_uri": "https://us-east-1.com/region/43",
         "regulatory_domain_uri": "https://regulatory.com/domain/43"
      }
   },
   {
      "display_name": "KubernetesCluster 44",
      "path": {
         "cloud_provider": "AWS",
         "cloud_provider_region": "AWS_US_EAST_1",
         "environment": "DEV"
      },
      "relation": {
         "cloud_uri": "https://aws.com/cluster/44",
         "environment_uri": "https://dev.com/environment/44",
         "kubernetes_cluster_type_uri": "https://kubernetes.com/cluster-type/44",
         "region_uri": "https://us-east-1.com/region/44",
         "regulatory_domain_uri": "https://regulatory.com/domain/44"
      }
   },
   {
      "display_name": "KubernetesCluster 45",
      "path": {
         "cloud_provider": "AWS",
         "cloud_provider_region": "AWS_US_EAST_1",
         "environment": "DEV"
      },
      "relation": {
         "cloud_uri": "https://aws.com/cluster/45",
         "environment_uri": "https://dev.com/environment/45",
         "kubernetes_cluster_type_uri": "https://kubernetes.com/cluster-type/45",
         "region_uri": "https://us-east-1.com/region/45",
         "regulatory_domain_uri": "https://regulatory.com/domain/45"
      }
   },
   {
      "display_name": "KubernetesCluster 46",
      "path": {
         "cloud_provider": "AWS",
         "cloud_provider_region": "AWS_US_EAST_1",
         "environment": "DEV"
      },
      "relation": {
         "cloud_uri": "https://aws.com/cluster/46",
         "environment_uri": "https://dev.com/environment/46",
         "kubernetes_cluster_type_uri": "https://kubernetes.com/cluster-type/46",
         "region_uri": "https://us-east-1.com/region/46",
         "regulatory_domain_uri": "https://regulatory.com/domain/46"
      }
   },
   {
      "display_name": "KubernetesCluster 47",
      "path": {
         "cloud_provider": "AWS",
         "cloud_provider_region": "AWS_US_EAST_1",
         "environment": "DEV"
      },
      "relation": {
         "cloud_uri": "https://aws.com/cluster/47",
         "environment_uri": "https://dev.com/environment/47",
         "kubernetes_cluster_type_uri": "https://kubernetes.com/cluster-type/47",
         "region_uri": "https://us-east-1.com/region/47",
         "regulatory_domain_uri": "https://regulatory.com/domain/47"
      }
   },
   {
      "display_name": "KubernetesCluster 48",
      "path": {
         "cloud_provider": "AWS",
         "cloud_provider_region": "AWS_US_EAST_1",
         "environment": "DEV"
      },
      "relation": {
         "cloud_uri": "https://aws.com/cluster/48",
         "environment_uri": "https://dev.com/environment/48",
         "kubernetes_cluster_type_uri": "https://kubernetes.com/cluster-type/48",
         "region_uri": "https://us-east-1.com/region/48",
         "regulatory_domain_uri": "https://regulatory.com/domain/48"
      }
   },
   {
      "display_name": "KubernetesCluster 49",
      "path": {
         "cloud_provider": "AWS",
         "cloud_provider_region": "AWS_US_EAST_1",
         "environment": "DEV"
      },
      "relation": {
         "cloud_uri": "https://aws.com/cluster/49",
         "environment_uri": "https://dev.com/environment/49",
         "kubernetes_cluster_type_uri": "https://kubernetes.com/cluster-type/49",
         "region_uri": "https://us-east-1.com/region/49",
         "regulatory_domain_uri": "https://regulatory.com/domain/49"
      }
   },
   {
      "display_name": "KubernetesCluster 50",
      "path": {
         "cloud_provider": "AWS",
         "cloud_provider_region": "AWS_US_EAST_1",
         "environment": "DEV"
      },
      "relation": {
         "cloud_uri": "https://aws.com/cluster/50",
         "environment_uri": "https://dev.com/environment/50",
         "kubernetes_cluster_type_uri": "https://kubernetes.com/cluster-type/50",
         "region_uri": "https://us-east-1.com/region/50",
         "regulatory_domain_uri": "https://regulatory.com/domain/50"
      }
   }
]
