{
   "foo": [
      "Lorem ipsum dolor sit amet, consectetur adipiscing elit, sed do eiusmod tempor incididunt ut labore et dolore magna aliqua. Sed turpis tincidunt id aliquet risus. Eget mauris pharetra et ultrices neque ornare aenean euismod. Diam quis enim lobortis scelerisque fermentum. Varius duis at consectetur lorem donec massa sapien. Diam sit amet nisl suscipit adipiscing bibendum est ultricies integer. Lectus urna duis convallis convallis tellus. Nibh ipsum consequat nisl vel pretium lectus quam id leo. Feugiat in ante metus dictum at tempor commodo. Velit dignissim sodales ut eu sem integer. Dictum sit amet justo donec. Scelerisque mauris pellentesque pulvinar pellentesque habitant morbi tristique senectus. Lorem ipsum dolor sit amet, consectetur adipiscing elit, sed do eiusmod tempor incididunt ut",
      "orem ipsum dolor sit amet, consectetur adipiscing elit, sed do eiusmod tempor incididunt ut labore et dolore magna aliqua. Sed turpis tincidunt id aliquet risus. Eget mauris pharetra et ultrices neque ornare aenean euismod. Diam quis enim lobortis scelerisque fermentum. Varius duis at consectetur lorem donec massa sapien. Diam sit amet nisl suscipit adipiscing bibendum est ultricies integer. Lectus urna duis convallis convallis tellus. Nibh ipsum consequat nisl vel pretium lectus quam id leo. Feugiat in ante metus dictum at tempor commodo. Velit dignissim sodales ut eu sem integer. Dictum sit amet justo donec. Scelerisque mauris pellentesque pulvinar pellentesque habitant morbi tristique senectus. Lorem ipsum dolor sit amet, consectetur adipiscing elit, sed do eiusmod tempor incididunt ut",
      "rem ipsum dolor sit amet, consectetur adipiscing elit, sed do eiusmod tempor incididunt ut labore et dolore magna aliqua. Sed turpis tincidunt id aliquet risus. Eget mauris pharetra et ultrices neque ornare aenean euismod. Diam quis enim lobortis scelerisque fermentum. Varius duis at consectetur lorem donec massa sapien. Diam sit amet nisl suscipit adipiscing bibendum est ultricies integer. Lectus urna duis convallis convallis tellus. Nibh ipsum consequat nisl vel pretium lectus quam id leo. Feugiat in ante metus dictum at tempor commodo. Velit dignissim sodales ut eu sem integer. Dictum sit amet justo donec. Scelerisque mauris pellentesque pulvinar pellentesque habitant morbi tristique senectus. Lorem ipsum dolor sit amet, consectetur adipiscing elit, sed do eiusmod tempor incididunt ut",
      "em ipsum dolor sit amet, consectetur adipiscing elit, sed do eiusmod tempor incididunt ut labore et dolore magna aliqua. Sed turpis tincidunt id aliquet risus. Eget mauris pharetra et ultrices neque ornare aenean euismod. Diam quis enim lobortis scelerisque fermentum. Varius duis at consectetur lorem donec massa sapien. Diam sit amet nisl suscipit adipiscing bibendum est ultricies integer. Lectus urna duis convallis convallis tellus. Nibh ipsum consequat nisl vel pretium lectus quam id leo. Feugiat in ante metus dictum at tempor commodo. Velit dignissim sodales ut eu sem integer. Dictum sit amet justo donec. Scelerisque mauris pellentesque pulvinar pellentesque habitant morbi tristique senectus. Lorem ipsum dolor sit amet, consectetur adipiscing elit, sed do eiusmod tempor incididunt ut",
      "m ipsum dolor sit amet, consectetur adipiscing elit, sed do eiusmod tempor incididunt ut labore et dolore magna aliqua. Sed turpis tincidunt id aliquet risus. Eget mauris pharetra et ultrices neque ornare aenean euismod. Diam quis enim lobortis scelerisque fermentum. Varius duis at consectetur lorem donec massa sapien. Diam sit amet nisl suscipit adipiscing bibendum est ultricies integer. Lectus urna duis convallis convallis tellus. Nibh ipsum consequat nisl vel pretium lectus quam id leo. Feugiat in ante metus dictum at tempor commodo. Velit dignissim sodales ut eu sem integer. Dictum sit amet justo donec. Scelerisque mauris pellentesque pulvinar pellentesque habitant morbi tristique senectus. Lorem ipsum dolor sit amet, consectetur adipiscing elit, sed do eiusmod tempor incididunt ut",
      " ipsum dolor sit amet, consectetur adipiscing elit, sed do eiusmod tempor incididunt ut labore et dolore magna aliqua. Sed turpis tincidunt id aliquet risus. Eget mauris pharetra et ultrices neque ornare aenean euismod. Diam quis enim lobortis scelerisque fermentum. Varius duis at consectetur lorem donec massa sapien. Diam sit amet nisl suscipit adipiscing bibendum est ultricies integer. Lectus urna duis convallis convallis tellus. Nibh ipsum consequat nisl vel pretium lectus quam id leo. Feugiat in ante metus dictum at tempor commodo. Velit dignissim sodales ut eu sem integer. Dictum sit amet justo donec. Scelerisque mauris pellentesque pulvinar pellentesque habitant morbi tristique senectus. Lorem ipsum dolor sit amet, consectetur adipiscing elit, sed do eiusmod tempor incididunt ut",
      "ipsum dolor sit amet, consectetur adipiscing elit, sed do eiusmod tempor incididunt ut labore et dolore magna aliqua. Sed turpis tincidunt id aliquet risus. Eget mauris pharetra et ultrices neque ornare aenean euismod. Diam quis enim lobortis scelerisque fermentum. Varius duis at consectetur lorem donec massa sapien. Diam sit amet nisl suscipit adipiscing bibendum est ultricies integer. Lectus urna duis convallis convallis tellus. Nibh ipsum consequat nisl vel pretium lectus quam id leo. Feugiat in ante metus dictum at tempor commodo. Velit dignissim sodales ut eu sem integer. Dictum sit amet justo donec. Scelerisque mauris pellentesque pulvinar pellentesque habitant morbi tristique senectus. Lorem ipsum dolor sit amet, consectetur adipiscing elit, sed do eiusmod tempor incididunt ut",
      "psum dolor sit amet, consectetur adipiscing elit, sed do eiusmod tempor incididunt ut labore et dolore magna aliqua. Sed turpis tincidunt id aliquet risus. Eget mauris pharetra et ultrices neque ornare aenean euismod. Diam quis enim lobortis scelerisque fermentum. Varius duis at consectetur lorem donec massa sapien. Diam sit amet nisl suscipit adipiscing bibendum est ultricies integer. Lectus urna duis convallis convallis tellus. Nibh ipsum consequat nisl vel pretium lectus quam id leo. Feugiat in ante metus dictum at tempor commodo. Velit dignissim sodales ut eu sem integer. Dictum sit amet justo donec. Scelerisque mauris pellentesque pulvinar pellentesque habitant morbi tristique senectus. Lorem ipsum dolor sit amet, consectetur adipiscing elit, sed do eiusmod tempor incididunt ut",
      "sum dolor sit amet, consectetur adipiscing elit, sed do eiusmod tempor incididunt ut labore et dolore magna aliqua. Sed turpis tincidunt id aliquet risus. Eget mauris pharetra et ultrices neque ornare aenean euismod. Diam quis enim lobortis scelerisque fermentum. Varius duis at consectetur lorem donec massa sapien. Diam sit amet nisl suscipit adipiscing bibendum est ultricies integer. Lectus urna duis convallis convallis tellus. Nibh ipsum consequat nisl vel pretium lectus quam id leo. Feugiat in ante metus dictum at tempor commodo. Velit dignissim sodales ut eu sem integer. Dictum sit amet justo donec. Scelerisque mauris pellentesque pulvinar pellentesque habitant morbi tristique senectus. Lorem ipsum dolor sit amet, consectetur adipiscing elit, sed do eiusmod tempor incididunt ut",
      "um dolor sit amet, consectetur adipiscing elit, sed do eiusmod tempor incididunt ut labore et dolore magna aliqua. Sed turpis tincidunt id aliquet risus. Eget mauris pharetra et ultrices neque ornare aenean euismod. Diam quis enim lobortis scelerisque fermentum. Varius duis at consectetur lorem donec massa sapien. Diam sit amet nisl suscipit adipiscing bibendum est ultricies integer. Lectus urna duis convallis convallis tellus. Nibh ipsum consequat nisl vel pretium lectus quam id leo. Feugiat in ante metus dictum at tempor commodo. Velit dignissim sodales ut eu sem integer. Dictum sit amet justo donec. Scelerisque mauris pellentesque pulvinar pellentesque habitant morbi tristique senectus. Lorem ipsum dolor sit amet, consectetur adipiscing elit, sed do eiusmod tempor incididunt ut",
      "m dolor sit amet, consectetur adipiscing elit, sed do eiusmod tempor incididunt ut labore et dolore magna aliqua. Sed turpis tincidunt id aliquet risus. Eget mauris pharetra et ultrices neque ornare aenean euismod. Diam quis enim lobortis scelerisque fermentum. Varius duis at consectetur lorem donec massa sapien. Diam sit amet nisl suscipit adipiscing bibendum est ultricies integer. Lectus urna duis convallis convallis tellus. Nibh ipsum consequat nisl vel pretium lectus quam id leo. Feugiat in ante metus dictum at tempor commodo. Velit dignissim sodales ut eu sem integer. Dictum sit amet justo donec. Scelerisque mauris pellentesque pulvinar pellentesque habitant morbi tristique senectus. Lorem ipsum dolor sit amet, consectetur adipiscing elit, sed do eiusmod tempor incididunt ut",
      " dolor sit amet, consectetur adipiscing elit, sed do eiusmod tempor incididunt ut labore et dolore magna aliqua. Sed turpis tincidunt id aliquet risus. Eget mauris pharetra et ultrices neque ornare aenean euismod. Diam quis enim lobortis scelerisque fermentum. Varius duis at consectetur lorem donec massa sapien. Diam sit amet nisl suscipit adipiscing bibendum est ultricies integer. Lectus urna duis convallis convallis tellus. Nibh ipsum consequat nisl vel pretium lectus quam id leo. Feugiat in ante metus dictum at tempor commodo. Velit dignissim sodales ut eu sem integer. Dictum sit amet justo donec. Scelerisque mauris pellentesque pulvinar pellentesque habitant morbi tristique senectus. Lorem ipsum dolor sit amet, consectetur adipiscing elit, sed do eiusmod tempor incididunt ut",
      "dolor sit amet, consectetur adipiscing elit, sed do eiusmod tempor incididunt ut labore et dolore magna aliqua. Sed turpis tincidunt id aliquet risus. Eget mauris pharetra et ultrices neque ornare aenean euismod. Diam quis enim lobortis scelerisque fermentum. Varius duis at consectetur lorem donec massa sapien. Diam sit amet nisl suscipit adipiscing bibendum est ultricies integer. Lectus urna duis convallis convallis tellus. Nibh ipsum consequat nisl vel pretium lectus quam id leo. Feugiat in ante metus dictum at tempor commodo. Velit dignissim sodales ut eu sem integer. Dictum sit amet justo donec. Scelerisque mauris pellentesque pulvinar pellentesque habitant morbi tristique senectus. Lorem ipsum dolor sit amet, consectetur adipiscing elit, sed do eiusmod tempor incididunt ut",
      "olor sit amet, consectetur adipiscing elit, sed do eiusmod tempor incididunt ut labore et dolore magna aliqua. Sed turpis tincidunt id aliquet risus. Eget mauris pharetra et ultrices neque ornare aenean euismod. Diam quis enim lobortis scelerisque fermentum. Varius duis at consectetur lorem donec massa sapien. Diam sit amet nisl suscipit adipiscing bibendum est ultricies integer. Lectus urna duis convallis convallis tellus. Nibh ipsum consequat nisl vel pretium lectus quam id leo. Feugiat in ante metus dictum at tempor commodo. Velit dignissim sodales ut eu sem integer. Dictum sit amet justo donec. Scelerisque mauris pellentesque pulvinar pellentesque habitant morbi tristique senectus. Lorem ipsum dolor sit amet, consectetur adipiscing elit, sed do eiusmod tempor incididunt ut",
      "lor sit amet, consectetur adipiscing elit, sed do eiusmod tempor incididunt ut labore et dolore magna aliqua. Sed turpis tincidunt id aliquet risus. Eget mauris pharetra et ultrices neque ornare aenean euismod. Diam quis enim lobortis scelerisque fermentum. Varius duis at consectetur lorem donec massa sapien. Diam sit amet nisl suscipit adipiscing bibendum est ultricies integer. Lectus urna duis convallis convallis tellus. Nibh ipsum consequat nisl vel pretium lectus quam id leo. Feugiat in ante metus dictum at tempor commodo. Velit dignissim sodales ut eu sem integer. Dictum sit amet justo donec. Scelerisque mauris pellentesque pulvinar pellentesque habitant morbi tristique senectus. Lorem ipsum dolor sit amet, consectetur adipiscing elit, sed do eiusmod tempor incididunt ut",
      "or sit amet, consectetur adipiscing elit, sed do eiusmod tempor incididunt ut labore et dolore magna aliqua. Sed turpis tincidunt id aliquet risus. Eget mauris pharetra et ultrices neque ornare aenean euismod. Diam quis enim lobortis scelerisque fermentum. Varius duis at consectetur lorem donec massa sapien. Diam sit amet nisl suscipit adipiscing bibendum est ultricies integer. Lectus urna duis convallis convallis tellus. Nibh ipsum consequat nisl vel pretium lectus quam id leo. Feugiat in ante metus dictum at tempor commodo. Velit dignissim sodales ut eu sem integer. Dictum sit amet justo donec. Scelerisque mauris pellentesque pulvinar pellentesque habitant morbi tristique senectus. Lorem ipsum dolor sit amet, consectetur adipiscing elit, sed do eiusmod tempor incididunt ut",
      "r sit amet, consectetur adipiscing elit, sed do eiusmod tempor incididunt ut labore et dolore magna aliqua. Sed turpis tincidunt id aliquet risus. Eget mauris pharetra et ultrices neque ornare aenean euismod. Diam quis enim lobortis scelerisque fermentum. Varius duis at consectetur lorem donec massa sapien. Diam sit amet nisl suscipit adipiscing bibendum est ultricies integer. Lectus urna duis convallis convallis tellus. Nibh ipsum consequat nisl vel pretium lectus quam id leo. Feugiat in ante metus dictum at tempor commodo. Velit dignissim sodales ut eu sem integer. Dictum sit amet justo donec. Scelerisque mauris pellentesque pulvinar pellentesque habitant morbi tristique senectus. Lorem ipsum dolor sit amet, consectetur adipiscing elit, sed do eiusmod tempor incididunt ut",
      " sit amet, consectetur adipiscing elit, sed do eiusmod tempor incididunt ut labore et dolore magna aliqua. Sed turpis tincidunt id aliquet risus. Eget mauris pharetra et ultrices neque ornare aenean euismod. Diam quis enim lobortis scelerisque fermentum. Varius duis at consectetur lorem donec massa sapien. Diam sit amet nisl suscipit adipiscing bibendum est ultricies integer. Lectus urna duis convallis convallis tellus. Nibh ipsum consequat nisl vel pretium lectus quam id leo. Feugiat in ante metus dictum at tempor commodo. Velit dignissim sodales ut eu sem integer. Dictum sit amet justo donec. Scelerisque mauris pellentesque pulvinar pellentesque habitant morbi tristique senectus. Lorem ipsum dolor sit amet, consectetur adipiscing elit, sed do eiusmod tempor incididunt ut",
      "sit amet, consectetur adipiscing elit, sed do eiusmod tempor incididunt ut labore et dolore magna aliqua. Sed turpis tincidunt id aliquet risus. Eget mauris pharetra et ultrices neque ornare aenean euismod. Diam quis enim lobortis scelerisque fermentum. Varius duis at consectetur lorem donec massa sapien. Diam sit amet nisl suscipit adipiscing bibendum est ultricies integer. Lectus urna duis convallis convallis tellus. Nibh ipsum consequat nisl vel pretium lectus quam id leo. Feugiat in ante metus dictum at tempor commodo. Velit dignissim sodales ut eu sem integer. Dictum sit amet justo donec. Scelerisque mauris pellentesque pulvinar pellentesque habitant morbi tristique senectus. Lorem ipsum dolor sit amet, consectetur adipiscing elit, sed do eiusmod tempor incididunt ut",
      "it amet, consectetur adipiscing elit, sed do eiusmod tempor incididunt ut labore et dolore magna aliqua. Sed turpis tincidunt id aliquet risus. Eget mauris pharetra et ultrices neque ornare aenean euismod. Diam quis enim lobortis scelerisque fermentum. Varius duis at consectetur lorem donec massa sapien. Diam sit amet nisl suscipit adipiscing bibendum est ultricies integer. Lectus urna duis convallis convallis tellus. Nibh ipsum consequat nisl vel pretium lectus quam id leo. Feugiat in ante metus dictum at tempor commodo. Velit dignissim sodales ut eu sem integer. Dictum sit amet justo donec. Scelerisque mauris pellentesque pulvinar pellentesque habitant morbi tristique senectus. Lorem ipsum dolor sit amet, consectetur adipiscing elit, sed do eiusmod tempor incididunt ut",
      "t amet, consectetur adipiscing elit, sed do eiusmod tempor incididunt ut labore et dolore magna aliqua. Sed turpis tincidunt id aliquet risus. Eget mauris pharetra et ultrices neque ornare aenean euismod. Diam quis enim lobortis scelerisque fermentum. Varius duis at consectetur lorem donec massa sapien. Diam sit amet nisl suscipit adipiscing bibendum est ultricies integer. Lectus urna duis convallis convallis tellus. Nibh ipsum consequat nisl vel pretium lectus quam id leo. Feugiat in ante metus dictum at tempor commodo. Velit dignissim sodales ut eu sem integer. Dictum sit amet justo donec. Scelerisque mauris pellentesque pulvinar pellentesque habitant morbi tristique senectus. Lorem ipsum dolor sit amet, consectetur adipiscing elit, sed do eiusmod tempor incididunt ut",
      " amet, consectetur adipiscing elit, sed do eiusmod tempor incididunt ut labore et dolore magna aliqua. Sed turpis tincidunt id aliquet risus. Eget mauris pharetra et ultrices neque ornare aenean euismod. Diam quis enim lobortis scelerisque fermentum. Varius duis at consectetur lorem donec massa sapien. Diam sit amet nisl suscipit adipiscing bibendum est ultricies integer. Lectus urna duis convallis convallis tellus. Nibh ipsum consequat nisl vel pretium lectus quam id leo. Feugiat in ante metus dictum at tempor commodo. Velit dignissim sodales ut eu sem integer. Dictum sit amet justo donec. Scelerisque mauris pellentesque pulvinar pellentesque habitant morbi tristique senectus. Lorem ipsum dolor sit amet, consectetur adipiscing elit, sed do eiusmod tempor incididunt ut",
      "amet, consectetur adipiscing elit, sed do eiusmod tempor incididunt ut labore et dolore magna aliqua. Sed turpis tincidunt id aliquet risus. Eget mauris pharetra et ultrices neque ornare aenean euismod. Diam quis enim lobortis scelerisque fermentum. Varius duis at consectetur lorem donec massa sapien. Diam sit amet nisl suscipit adipiscing bibendum est ultricies integer. Lectus urna duis convallis convallis tellus. Nibh ipsum consequat nisl vel pretium lectus quam id leo. Feugiat in ante metus dictum at tempor commodo. Velit dignissim sodales ut eu sem integer. Dictum sit amet justo donec. Scelerisque mauris pellentesque pulvinar pellentesque habitant morbi tristique senectus. Lorem ipsum dolor sit amet, consectetur adipiscing elit, sed do eiusmod tempor incididunt ut",
      "met, consectetur adipiscing elit, sed do eiusmod tempor incididunt ut labore et dolore magna aliqua. Sed turpis tincidunt id aliquet risus. Eget mauris pharetra et ultrices neque ornare aenean euismod. Diam quis enim lobortis scelerisque fermentum. Varius duis at consectetur lorem donec massa sapien. Diam sit amet nisl suscipit adipiscing bibendum est ultricies integer. Lectus urna duis convallis convallis tellus. Nibh ipsum consequat nisl vel pretium lectus quam id leo. Feugiat in ante metus dictum at tempor commodo. Velit dignissim sodales ut eu sem integer. Dictum sit amet justo donec. Scelerisque mauris pellentesque pulvinar pellentesque habitant morbi tristique senectus. Lorem ipsum dolor sit amet, consectetur adipiscing elit, sed do eiusmod tempor incididunt ut",
      "et, consectetur adipiscing elit, sed do eiusmod tempor incididunt ut labore et dolore magna aliqua. Sed turpis tincidunt id aliquet risus. Eget mauris pharetra et ultrices neque ornare aenean euismod. Diam quis enim lobortis scelerisque fermentum. Varius duis at consectetur lorem donec massa sapien. Diam sit amet nisl suscipit adipiscing bibendum est ultricies integer. Lectus urna duis convallis convallis tellus. Nibh ipsum consequat nisl vel pretium lectus quam id leo. Feugiat in ante metus dictum at tempor commodo. Velit dignissim sodales ut eu sem integer. Dictum sit amet justo donec. Scelerisque mauris pellentesque pulvinar pellentesque habitant morbi tristique senectus. Lorem ipsum dolor sit amet, consectetur adipiscing elit, sed do eiusmod tempor incididunt ut",
      "t, consectetur adipiscing elit, sed do eiusmod tempor incididunt ut labore et dolore magna aliqua. Sed turpis tincidunt id aliquet risus. Eget mauris pharetra et ultrices neque ornare aenean euismod. Diam quis enim lobortis scelerisque fermentum. Varius duis at consectetur lorem donec massa sapien. Diam sit amet nisl suscipit adipiscing bibendum est ultricies integer. Lectus urna duis convallis convallis tellus. Nibh ipsum consequat nisl vel pretium lectus quam id leo. Feugiat in ante metus dictum at tempor commodo. Velit dignissim sodales ut eu sem integer. Dictum sit amet justo donec. Scelerisque mauris pellentesque pulvinar pellentesque habitant morbi tristique senectus. Lorem ipsum dolor sit amet, consectetur adipiscing elit, sed do eiusmod tempor incididunt ut",
      ", consectetur adipiscing elit, sed do eiusmod tempor incididunt ut labore et dolore magna aliqua. Sed turpis tincidunt id aliquet risus. Eget mauris pharetra et ultrices neque ornare aenean euismod. Diam quis enim lobortis scelerisque fermentum. Varius duis at consectetur lorem donec massa sapien. Diam sit amet nisl suscipit adipiscing bibendum est ultricies integer. Lectus urna duis convallis convallis tellus. Nibh ipsum consequat nisl vel pretium lectus quam id leo. Feugiat in ante metus dictum at tempor commodo. Velit dignissim sodales ut eu sem integer. Dictum sit amet justo donec. Scelerisque mauris pellentesque pulvinar pellentesque habitant morbi tristique senectus. Lorem ipsum dolor sit amet, consectetur adipiscing elit, sed do eiusmod tempor incididunt ut",
      " consectetur adipiscing elit, sed do eiusmod tempor incididunt ut labore et dolore magna aliqua. Sed turpis tincidunt id aliquet risus. Eget mauris pharetra et ultrices neque ornare aenean euismod. Diam quis enim lobortis scelerisque fermentum. Varius duis at consectetur lorem donec massa sapien. Diam sit amet nisl suscipit adipiscing bibendum est ultricies integer. Lectus urna duis convallis convallis tellus. Nibh ipsum consequat nisl vel pretium lectus quam id leo. Feugiat in ante metus dictum at tempor commodo. Velit dignissim sodales ut eu sem integer. Dictum sit amet justo donec. Scelerisque mauris pellentesque pulvinar pellentesque habitant morbi tristique senectus. Lorem ipsum dolor sit amet, consectetur adipiscing elit, sed do eiusmod tempor incididunt ut",
      "consectetur adipiscing elit, sed do eiusmod tempor incididunt ut labore et dolore magna aliqua. Sed turpis tincidunt id aliquet risus. Eget mauris pharetra et ultrices neque ornare aenean euismod. Diam quis enim lobortis scelerisque fermentum. Varius duis at consectetur lorem donec massa sapien. Diam sit amet nisl suscipit adipiscing bibendum est ultricies integer. Lectus urna duis convallis convallis tellus. Nibh ipsum consequat nisl vel pretium lectus quam id leo. Feugiat in ante metus dictum at tempor commodo. Velit dignissim sodales ut eu sem integer. Dictum sit amet justo donec. Scelerisque mauris pellentesque pulvinar pellentesque habitant morbi tristique senectus. Lorem ipsum dolor sit amet, consectetur adipiscing elit, sed do eiusmod tempor incididunt ut",
      "onsectetur adipiscing elit, sed do eiusmod tempor incididunt ut labore et dolore magna aliqua. Sed turpis tincidunt id aliquet risus. Eget mauris pharetra et ultrices neque ornare aenean euismod. Diam quis enim lobortis scelerisque fermentum. Varius duis at consectetur lorem donec massa sapien. Diam sit amet nisl suscipit adipiscing bibendum est ultricies integer. Lectus urna duis convallis convallis tellus. Nibh ipsum consequat nisl vel pretium lectus quam id leo. Feugiat in ante metus dictum at tempor commodo. Velit dignissim sodales ut eu sem integer. Dictum sit amet justo donec. Scelerisque mauris pellentesque pulvinar pellentesque habitant morbi tristique senectus. Lorem ipsum dolor sit amet, consectetur adipiscing elit, sed do eiusmod tempor incididunt ut",
      "nsectetur adipiscing elit, sed do eiusmod tempor incididunt ut labore et dolore magna aliqua. Sed turpis tincidunt id aliquet risus. Eget mauris pharetra et ultrices neque ornare aenean euismod. Diam quis enim lobortis scelerisque fermentum. Varius duis at consectetur lorem donec massa sapien. Diam sit amet nisl suscipit adipiscing bibendum est ultricies integer. Lectus urna duis convallis convallis tellus. Nibh ipsum consequat nisl vel pretium lectus quam id leo. Feugiat in ante metus dictum at tempor commodo. Velit dignissim sodales ut eu sem integer. Dictum sit amet justo donec. Scelerisque mauris pellentesque pulvinar pellentesque habitant morbi tristique senectus. Lorem ipsum dolor sit amet, consectetur adipiscing elit, sed do eiusmod tempor incididunt ut",
      "sectetur adipiscing elit, sed do eiusmod tempor incididunt ut labore et dolore magna aliqua. Sed turpis tincidunt id aliquet risus. Eget mauris pharetra et ultrices neque ornare aenean euismod. Diam quis enim lobortis scelerisque fermentum. Varius duis at consectetur lorem donec massa sapien. Diam sit amet nisl suscipit adipiscing bibendum est ultricies integer. Lectus urna duis convallis convallis tellus. Nibh ipsum consequat nisl vel pretium lectus quam id leo. Feugiat in ante metus dictum at tempor commodo. Velit dignissim sodales ut eu sem integer. Dictum sit amet justo donec. Scelerisque mauris pellentesque pulvinar pellentesque habitant morbi tristique senectus. Lorem ipsum dolor sit amet, consectetur adipiscing elit, sed do eiusmod tempor incididunt ut",
      "ectetur adipiscing elit, sed do eiusmod tempor incididunt ut labore et dolore magna aliqua. Sed turpis tincidunt id aliquet risus. Eget mauris pharetra et ultrices neque ornare aenean euismod. Diam quis enim lobortis scelerisque fermentum. Varius duis at consectetur lorem donec massa sapien. Diam sit amet nisl suscipit adipiscing bibendum est ultricies integer. Lectus urna duis convallis convallis tellus. Nibh ipsum consequat nisl vel pretium lectus quam id leo. Feugiat in ante metus dictum at tempor commodo. Velit dignissim sodales ut eu sem integer. Dictum sit amet justo donec. Scelerisque mauris pellentesque pulvinar pellentesque habitant morbi tristique senectus. Lorem ipsum dolor sit amet, consectetur adipiscing elit, sed do eiusmod tempor incididunt ut",
      "ctetur adipiscing elit, sed do eiusmod tempor incididunt ut labore et dolore magna aliqua. Sed turpis tincidunt id aliquet risus. Eget mauris pharetra et ultrices neque ornare aenean euismod. Diam quis enim lobortis scelerisque fermentum. Varius duis at consectetur lorem donec massa sapien. Diam sit amet nisl suscipit adipiscing bibendum est ultricies integer. Lectus urna duis convallis convallis tellus. Nibh ipsum consequat nisl vel pretium lectus quam id leo. Feugiat in ante metus dictum at tempor commodo. Velit dignissim sodales ut eu sem integer. Dictum sit amet justo donec. Scelerisque mauris pellentesque pulvinar pellentesque habitant morbi tristique senectus. Lorem ipsum dolor sit amet, consectetur adipiscing elit, sed do eiusmod tempor incididunt ut",
      "tetur adipiscing elit, sed do eiusmod tempor incididunt ut labore et dolore magna aliqua. Sed turpis tincidunt id aliquet risus. Eget mauris pharetra et ultrices neque ornare aenean euismod. Diam quis enim lobortis scelerisque fermentum. Varius duis at consectetur lorem donec massa sapien. Diam sit amet nisl suscipit adipiscing bibendum est ultricies integer. Lectus urna duis convallis convallis tellus. Nibh ipsum consequat nisl vel pretium lectus quam id leo. Feugiat in ante metus dictum at tempor commodo. Velit dignissim sodales ut eu sem integer. Dictum sit amet justo donec. Scelerisque mauris pellentesque pulvinar pellentesque habitant morbi tristique senectus. Lorem ipsum dolor sit amet, consectetur adipiscing elit, sed do eiusmod tempor incididunt ut",
      "etur adipiscing elit, sed do eiusmod tempor incididunt ut labore et dolore magna aliqua. Sed turpis tincidunt id aliquet risus. Eget mauris pharetra et ultrices neque ornare aenean euismod. Diam quis enim lobortis scelerisque fermentum. Varius duis at consectetur lorem donec massa sapien. Diam sit amet nisl suscipit adipiscing bibendum est ultricies integer. Lectus urna duis convallis convallis tellus. Nibh ipsum consequat nisl vel pretium lectus quam id leo. Feugiat in ante metus dictum at tempor commodo. Velit dignissim sodales ut eu sem integer. Dictum sit amet justo donec. Scelerisque mauris pellentesque pulvinar pellentesque habitant morbi tristique senectus. Lorem ipsum dolor sit amet, consectetur adipiscing elit, sed do eiusmod tempor incididunt ut",
      "tur adipiscing elit, sed do eiusmod tempor incididunt ut labore et dolore magna aliqua. Sed turpis tincidunt id aliquet risus. Eget mauris pharetra et ultrices neque ornare aenean euismod. Diam quis enim lobortis scelerisque fermentum. Varius duis at consectetur lorem donec massa sapien. Diam sit amet nisl suscipit adipiscing bibendum est ultricies integer. Lectus urna duis convallis convallis tellus. Nibh ipsum consequat nisl vel pretium lectus quam id leo. Feugiat in ante metus dictum at tempor commodo. Velit dignissim sodales ut eu sem integer. Dictum sit amet justo donec. Scelerisque mauris pellentesque pulvinar pellentesque habitant morbi tristique senectus. Lorem ipsum dolor sit amet, consectetur adipiscing elit, sed do eiusmod tempor incididunt ut",
      "ur adipiscing elit, sed do eiusmod tempor incididunt ut labore et dolore magna aliqua. Sed turpis tincidunt id aliquet risus. Eget mauris pharetra et ultrices neque ornare aenean euismod. Diam quis enim lobortis scelerisque fermentum. Varius duis at consectetur lorem donec massa sapien. Diam sit amet nisl suscipit adipiscing bibendum est ultricies integer. Lectus urna duis convallis convallis tellus. Nibh ipsum consequat nisl vel pretium lectus quam id leo. Feugiat in ante metus dictum at tempor commodo. Velit dignissim sodales ut eu sem integer. Dictum sit amet justo donec. Scelerisque mauris pellentesque pulvinar pellentesque habitant morbi tristique senectus. Lorem ipsum dolor sit amet, consectetur adipiscing elit, sed do eiusmod tempor incididunt ut",
      "r adipiscing elit, sed do eiusmod tempor incididunt ut labore et dolore magna aliqua. Sed turpis tincidunt id aliquet risus. Eget mauris pharetra et ultrices neque ornare aenean euismod. Diam quis enim lobortis scelerisque fermentum. Varius duis at consectetur lorem donec massa sapien. Diam sit amet nisl suscipit adipiscing bibendum est ultricies integer. Lectus urna duis convallis convallis tellus. Nibh ipsum consequat nisl vel pretium lectus quam id leo. Feugiat in ante metus dictum at tempor commodo. Velit dignissim sodales ut eu sem integer. Dictum sit amet justo donec. Scelerisque mauris pellentesque pulvinar pellentesque habitant morbi tristique senectus. Lorem ipsum dolor sit amet, consectetur adipiscing elit, sed do eiusmod tempor incididunt ut",
      " adipiscing elit, sed do eiusmod tempor incididunt ut labore et dolore magna aliqua. Sed turpis tincidunt id aliquet risus. Eget mauris pharetra et ultrices neque ornare aenean euismod. Diam quis enim lobortis scelerisque fermentum. Varius duis at consectetur lorem donec massa sapien. Diam sit amet nisl suscipit adipiscing bibendum est ultricies integer. Lectus urna duis convallis convallis tellus. Nibh ipsum consequat nisl vel pretium lectus quam id leo. Feugiat in ante metus dictum at tempor commodo. Velit dignissim sodales ut eu sem integer. Dictum sit amet justo donec. Scelerisque mauris pellentesque pulvinar pellentesque habitant morbi tristique senectus. Lorem ipsum dolor sit amet, consectetur adipiscing elit, sed do eiusmod tempor incididunt ut",
      "adipiscing elit, sed do eiusmod tempor incididunt ut labore et dolore magna aliqua. Sed turpis tincidunt id aliquet risus. Eget mauris pharetra et ultrices neque ornare aenean euismod. Diam quis enim lobortis scelerisque fermentum. Varius duis at consectetur lorem donec massa sapien. Diam sit amet nisl suscipit adipiscing bibendum est ultricies integer. Lectus urna duis convallis convallis tellus. Nibh ipsum consequat nisl vel pretium lectus quam id leo. Feugiat in ante metus dictum at tempor commodo. Velit dignissim sodales ut eu sem integer. Dictum sit amet justo donec. Scelerisque mauris pellentesque pulvinar pellentesque habitant morbi tristique senectus. Lorem ipsum dolor sit amet, consectetur adipiscing elit, sed do eiusmod tempor incididunt ut",
      "dipiscing elit, sed do eiusmod tempor incididunt ut labore et dolore magna aliqua. Sed turpis tincidunt id aliquet risus. Eget mauris pharetra et ultrices neque ornare aenean euismod. Diam quis enim lobortis scelerisque fermentum. Varius duis at consectetur lorem donec massa sapien. Diam sit amet nisl suscipit adipiscing bibendum est ultricies integer. Lectus urna duis convallis convallis tellus. Nibh ipsum consequat nisl vel pretium lectus quam id leo. Feugiat in ante metus dictum at tempor commodo. Velit dignissim sodales ut eu sem integer. Dictum sit amet justo donec. Scelerisque mauris pellentesque pulvinar pellentesque habitant morbi tristique senectus. Lorem ipsum dolor sit amet, consectetur adipiscing elit, sed do eiusmod tempor incididunt ut",
      "ipiscing elit, sed do eiusmod tempor incididunt ut labore et dolore magna aliqua. Sed turpis tincidunt id aliquet risus. Eget mauris pharetra et ultrices neque ornare aenean euismod. Diam quis enim lobortis scelerisque fermentum. Varius duis at consectetur lorem donec massa sapien. Diam sit amet nisl suscipit adipiscing bibendum est ultricies integer. Lectus urna duis convallis convallis tellus. Nibh ipsum consequat nisl vel pretium lectus quam id leo. Feugiat in ante metus dictum at tempor commodo. Velit dignissim sodales ut eu sem integer. Dictum sit amet justo donec. Scelerisque mauris pellentesque pulvinar pellentesque habitant morbi tristique senectus. Lorem ipsum dolor sit amet, consectetur adipiscing elit, sed do eiusmod tempor incididunt ut",
      "piscing elit, sed do eiusmod tempor incididunt ut labore et dolore magna aliqua. Sed turpis tincidunt id aliquet risus. Eget mauris pharetra et ultrices neque ornare aenean euismod. Diam quis enim lobortis scelerisque fermentum. Varius duis at consectetur lorem donec massa sapien. Diam sit amet nisl suscipit adipiscing bibendum est ultricies integer. Lectus urna duis convallis convallis tellus. Nibh ipsum consequat nisl vel pretium lectus quam id leo. Feugiat in ante metus dictum at tempor commodo. Velit dignissim sodales ut eu sem integer. Dictum sit amet justo donec. Scelerisque mauris pellentesque pulvinar pellentesque habitant morbi tristique senectus. Lorem ipsum dolor sit amet, consectetur adipiscing elit, sed do eiusmod tempor incididunt ut",
      "iscing elit, sed do eiusmod tempor incididunt ut labore et dolore magna aliqua. Sed turpis tincidunt id aliquet risus. Eget mauris pharetra et ultrices neque ornare aenean euismod. Diam quis enim lobortis scelerisque fermentum. Varius duis at consectetur lorem donec massa sapien. Diam sit amet nisl suscipit adipiscing bibendum est ultricies integer. Lectus urna duis convallis convallis tellus. Nibh ipsum consequat nisl vel pretium lectus quam id leo. Feugiat in ante metus dictum at tempor commodo. Velit dignissim sodales ut eu sem integer. Dictum sit amet justo donec. Scelerisque mauris pellentesque pulvinar pellentesque habitant morbi tristique senectus. Lorem ipsum dolor sit amet, consectetur adipiscing elit, sed do eiusmod tempor incididunt ut",
      "scing elit, sed do eiusmod tempor incididunt ut labore et dolore magna aliqua. Sed turpis tincidunt id aliquet risus. Eget mauris pharetra et ultrices neque ornare aenean euismod. Diam quis enim lobortis scelerisque fermentum. Varius duis at consectetur lorem donec massa sapien. Diam sit amet nisl suscipit adipiscing bibendum est ultricies integer. Lectus urna duis convallis convallis tellus. Nibh ipsum consequat nisl vel pretium lectus quam id leo. Feugiat in ante metus dictum at tempor commodo. Velit dignissim sodales ut eu sem integer. Dictum sit amet justo donec. Scelerisque mauris pellentesque pulvinar pellentesque habitant morbi tristique senectus. Lorem ipsum dolor sit amet, consectetur adipiscing elit, sed do eiusmod tempor incididunt ut",
      "cing elit, sed do eiusmod tempor incididunt ut labore et dolore magna aliqua. Sed turpis tincidunt id aliquet risus. Eget mauris pharetra et ultrices neque ornare aenean euismod. Diam quis enim lobortis scelerisque fermentum. Varius duis at consectetur lorem donec massa sapien. Diam sit amet nisl suscipit adipiscing bibendum est ultricies integer. Lectus urna duis convallis convallis tellus. Nibh ipsum consequat nisl vel pretium lectus quam id leo. Feugiat in ante metus dictum at tempor commodo. Velit dignissim sodales ut eu sem integer. Dictum sit amet justo donec. Scelerisque mauris pellentesque pulvinar pellentesque habitant morbi tristique senectus. Lorem ipsum dolor sit amet, consectetur adipiscing elit, sed do eiusmod tempor incididunt ut",
      "ing elit, sed do eiusmod tempor incididunt ut labore et dolore magna aliqua. Sed turpis tincidunt id aliquet risus. Eget mauris pharetra et ultrices neque ornare aenean euismod. Diam quis enim lobortis scelerisque fermentum. Varius duis at consectetur lorem donec massa sapien. Diam sit amet nisl suscipit adipiscing bibendum est ultricies integer. Lectus urna duis convallis convallis tellus. Nibh ipsum consequat nisl vel pretium lectus quam id leo. Feugiat in ante metus dictum at tempor commodo. Velit dignissim sodales ut eu sem integer. Dictum sit amet justo donec. Scelerisque mauris pellentesque pulvinar pellentesque habitant morbi tristique senectus. Lorem ipsum dolor sit amet, consectetur adipiscing elit, sed do eiusmod tempor incididunt ut",
      "ng elit, sed do eiusmod tempor incididunt ut labore et dolore magna aliqua. Sed turpis tincidunt id aliquet risus. Eget mauris pharetra et ultrices neque ornare aenean euismod. Diam quis enim lobortis scelerisque fermentum. Varius duis at consectetur lorem donec massa sapien. Diam sit amet nisl suscipit adipiscing bibendum est ultricies integer. Lectus urna duis convallis convallis tellus. Nibh ipsum consequat nisl vel pretium lectus quam id leo. Feugiat in ante metus dictum at tempor commodo. Velit dignissim sodales ut eu sem integer. Dictum sit amet justo donec. Scelerisque mauris pellentesque pulvinar pellentesque habitant morbi tristique senectus. Lorem ipsum dolor sit amet, consectetur adipiscing elit, sed do eiusmod tempor incididunt ut",
      "g elit, sed do eiusmod tempor incididunt ut labore et dolore magna aliqua. Sed turpis tincidunt id aliquet risus. Eget mauris pharetra et ultrices neque ornare aenean euismod. Diam quis enim lobortis scelerisque fermentum. Varius duis at consectetur lorem donec massa sapien. Diam sit amet nisl suscipit adipiscing bibendum est ultricies integer. Lectus urna duis convallis convallis tellus. Nibh ipsum consequat nisl vel pretium lectus quam id leo. Feugiat in ante metus dictum at tempor commodo. Velit dignissim sodales ut eu sem integer. Dictum sit amet justo donec. Scelerisque mauris pellentesque pulvinar pellentesque habitant morbi tristique senectus. Lorem ipsum dolor sit amet, consectetur adipiscing elit, sed do eiusmod tempor incididunt ut",
      " elit, sed do eiusmod tempor incididunt ut labore et dolore magna aliqua. Sed turpis tincidunt id aliquet risus. Eget mauris pharetra et ultrices neque ornare aenean euismod. Diam quis enim lobortis scelerisque fermentum. Varius duis at consectetur lorem donec massa sapien. Diam sit amet nisl suscipit adipiscing bibendum est ultricies integer. Lectus urna duis convallis convallis tellus. Nibh ipsum consequat nisl vel pretium lectus quam id leo. Feugiat in ante metus dictum at tempor commodo. Velit dignissim sodales ut eu sem integer. Dictum sit amet justo donec. Scelerisque mauris pellentesque pulvinar pellentesque habitant morbi tristique senectus. Lorem ipsum dolor sit amet, consectetur adipiscing elit, sed do eiusmod tempor incididunt ut",
      "elit, sed do eiusmod tempor incididunt ut labore et dolore magna aliqua. Sed turpis tincidunt id aliquet risus. Eget mauris pharetra et ultrices neque ornare aenean euismod. Diam quis enim lobortis scelerisque fermentum. Varius duis at consectetur lorem donec massa sapien. Diam sit amet nisl suscipit adipiscing bibendum est ultricies integer. Lectus urna duis convallis convallis tellus. Nibh ipsum consequat nisl vel pretium lectus quam id leo. Feugiat in ante metus dictum at tempor commodo. Velit dignissim sodales ut eu sem integer. Dictum sit amet justo donec. Scelerisque mauris pellentesque pulvinar pellentesque habitant morbi tristique senectus. Lorem ipsum dolor sit amet, consectetur adipiscing elit, sed do eiusmod tempor incididunt ut",
      "lit, sed do eiusmod tempor incididunt ut labore et dolore magna aliqua. Sed turpis tincidunt id aliquet risus. Eget mauris pharetra et ultrices neque ornare aenean euismod. Diam quis enim lobortis scelerisque fermentum. Varius duis at consectetur lorem donec massa sapien. Diam sit amet nisl suscipit adipiscing bibendum est ultricies integer. Lectus urna duis convallis convallis tellus. Nibh ipsum consequat nisl vel pretium lectus quam id leo. Feugiat in ante metus dictum at tempor commodo. Velit dignissim sodales ut eu sem integer. Dictum sit amet justo donec. Scelerisque mauris pellentesque pulvinar pellentesque habitant morbi tristique senectus. Lorem ipsum dolor sit amet, consectetur adipiscing elit, sed do eiusmod tempor incididunt ut",
      "it, sed do eiusmod tempor incididunt ut labore et dolore magna aliqua. Sed turpis tincidunt id aliquet risus. Eget mauris pharetra et ultrices neque ornare aenean euismod. Diam quis enim lobortis scelerisque fermentum. Varius duis at consectetur lorem donec massa sapien. Diam sit amet nisl suscipit adipiscing bibendum est ultricies integer. Lectus urna duis convallis convallis tellus. Nibh ipsum consequat nisl vel pretium lectus quam id leo. Feugiat in ante metus dictum at tempor commodo. Velit dignissim sodales ut eu sem integer. Dictum sit amet justo donec. Scelerisque mauris pellentesque pulvinar pellentesque habitant morbi tristique senectus. Lorem ipsum dolor sit amet, consectetur adipiscing elit, sed do eiusmod tempor incididunt ut",
      "t, sed do eiusmod tempor incididunt ut labore et dolore magna aliqua. Sed turpis tincidunt id aliquet risus. Eget mauris pharetra et ultrices neque ornare aenean euismod. Diam quis enim lobortis scelerisque fermentum. Varius duis at consectetur lorem donec massa sapien. Diam sit amet nisl suscipit adipiscing bibendum est ultricies integer. Lectus urna duis convallis convallis tellus. Nibh ipsum consequat nisl vel pretium lectus quam id leo. Feugiat in ante metus dictum at tempor commodo. Velit dignissim sodales ut eu sem integer. Dictum sit amet justo donec. Scelerisque mauris pellentesque pulvinar pellentesque habitant morbi tristique senectus. Lorem ipsum dolor sit amet, consectetur adipiscing elit, sed do eiusmod tempor incididunt ut",
      ", sed do eiusmod tempor incididunt ut labore et dolore magna aliqua. Sed turpis tincidunt id aliquet risus. Eget mauris pharetra et ultrices neque ornare aenean euismod. Diam quis enim lobortis scelerisque fermentum. Varius duis at consectetur lorem donec massa sapien. Diam sit amet nisl suscipit adipiscing bibendum est ultricies integer. Lectus urna duis convallis convallis tellus. Nibh ipsum consequat nisl vel pretium lectus quam id leo. Feugiat in ante metus dictum at tempor commodo. Velit dignissim sodales ut eu sem integer. Dictum sit amet justo donec. Scelerisque mauris pellentesque pulvinar pellentesque habitant morbi tristique senectus. Lorem ipsum dolor sit amet, consectetur adipiscing elit, sed do eiusmod tempor incididunt ut",
      " sed do eiusmod tempor incididunt ut labore et dolore magna aliqua. Sed turpis tincidunt id aliquet risus. Eget mauris pharetra et ultrices neque ornare aenean euismod. Diam quis enim lobortis scelerisque fermentum. Varius duis at consectetur lorem donec massa sapien. Diam sit amet nisl suscipit adipiscing bibendum est ultricies integer. Lectus urna duis convallis convallis tellus. Nibh ipsum consequat nisl vel pretium lectus quam id leo. Feugiat in ante metus dictum at tempor commodo. Velit dignissim sodales ut eu sem integer. Dictum sit amet justo donec. Scelerisque mauris pellentesque pulvinar pellentesque habitant morbi tristique senectus. Lorem ipsum dolor sit amet, consectetur adipiscing elit, sed do eiusmod tempor incididunt ut",
      "sed do eiusmod tempor incididunt ut labore et dolore magna aliqua. Sed turpis tincidunt id aliquet risus. Eget mauris pharetra et ultrices neque ornare aenean euismod. Diam quis enim lobortis scelerisque fermentum. Varius duis at consectetur lorem donec massa sapien. Diam sit amet nisl suscipit adipiscing bibendum est ultricies integer. Lectus urna duis convallis convallis tellus. Nibh ipsum consequat nisl vel pretium lectus quam id leo. Feugiat in ante metus dictum at tempor commodo. Velit dignissim sodales ut eu sem integer. Dictum sit amet justo donec. Scelerisque mauris pellentesque pulvinar pellentesque habitant morbi tristique senectus. Lorem ipsum dolor sit amet, consectetur adipiscing elit, sed do eiusmod tempor incididunt ut",
      "ed do eiusmod tempor incididunt ut labore et dolore magna aliqua. Sed turpis tincidunt id aliquet risus. Eget mauris pharetra et ultrices neque ornare aenean euismod. Diam quis enim lobortis scelerisque fermentum. Varius duis at consectetur lorem donec massa sapien. Diam sit amet nisl suscipit adipiscing bibendum est ultricies integer. Lectus urna duis convallis convallis tellus. Nibh ipsum consequat nisl vel pretium lectus quam id leo. Feugiat in ante metus dictum at tempor commodo. Velit dignissim sodales ut eu sem integer. Dictum sit amet justo donec. Scelerisque mauris pellentesque pulvinar pellentesque habitant morbi tristique senectus. Lorem ipsum dolor sit amet, consectetur adipiscing elit, sed do eiusmod tempor incididunt ut",
      "d do eiusmod tempor incididunt ut labore et dolore magna aliqua. Sed turpis tincidunt id aliquet risus. Eget mauris pharetra et ultrices neque ornare aenean euismod. Diam quis enim lobortis scelerisque fermentum. Varius duis at consectetur lorem donec massa sapien. Diam sit amet nisl suscipit adipiscing bibendum est ultricies integer. Lectus urna duis convallis convallis tellus. Nibh ipsum consequat nisl vel pretium lectus quam id leo. Feugiat in ante metus dictum at tempor commodo. Velit dignissim sodales ut eu sem integer. Dictum sit amet justo donec. Scelerisque mauris pellentesque pulvinar pellentesque habitant morbi tristique senectus. Lorem ipsum dolor sit amet, consectetur adipiscing elit, sed do eiusmod tempor incididunt ut",
      " do eiusmod tempor incididunt ut labore et dolore magna aliqua. Sed turpis tincidunt id aliquet risus. Eget mauris pharetra et ultrices neque ornare aenean euismod. Diam quis enim lobortis scelerisque fermentum. Varius duis at consectetur lorem donec massa sapien. Diam sit amet nisl suscipit adipiscing bibendum est ultricies integer. Lectus urna duis convallis convallis tellus. Nibh ipsum consequat nisl vel pretium lectus quam id leo. Feugiat in ante metus dictum at tempor commodo. Velit dignissim sodales ut eu sem integer. Dictum sit amet justo donec. Scelerisque mauris pellentesque pulvinar pellentesque habitant morbi tristique senectus. Lorem ipsum dolor sit amet, consectetur adipiscing elit, sed do eiusmod tempor incididunt ut",
      "do eiusmod tempor incididunt ut labore et dolore magna aliqua. Sed turpis tincidunt id aliquet risus. Eget mauris pharetra et ultrices neque ornare aenean euismod. Diam quis enim lobortis scelerisque fermentum. Varius duis at consectetur lorem donec massa sapien. Diam sit amet nisl suscipit adipiscing bibendum est ultricies integer. Lectus urna duis convallis convallis tellus. Nibh ipsum consequat nisl vel pretium lectus quam id leo. Feugiat in ante metus dictum at tempor commodo. Velit dignissim sodales ut eu sem integer. Dictum sit amet justo donec. Scelerisque mauris pellentesque pulvinar pellentesque habitant morbi tristique senectus. Lorem ipsum dolor sit amet, consectetur adipiscing elit, sed do eiusmod tempor incididunt ut",
      "o eiusmod tempor incididunt ut labore et dolore magna aliqua. Sed turpis tincidunt id aliquet risus. Eget mauris pharetra et ultrices neque ornare aenean euismod. Diam quis enim lobortis scelerisque fermentum. Varius duis at consectetur lorem donec massa sapien. Diam sit amet nisl suscipit adipiscing bibendum est ultricies integer. Lectus urna duis convallis convallis tellus. Nibh ipsum consequat nisl vel pretium lectus quam id leo. Feugiat in ante metus dictum at tempor commodo. Velit dignissim sodales ut eu sem integer. Dictum sit amet justo donec. Scelerisque mauris pellentesque pulvinar pellentesque habitant morbi tristique senectus. Lorem ipsum dolor sit amet, consectetur adipiscing elit, sed do eiusmod tempor incididunt ut",
      " eiusmod tempor incididunt ut labore et dolore magna aliqua. Sed turpis tincidunt id aliquet risus. Eget mauris pharetra et ultrices neque ornare aenean euismod. Diam quis enim lobortis scelerisque fermentum. Varius duis at consectetur lorem donec massa sapien. Diam sit amet nisl suscipit adipiscing bibendum est ultricies integer. Lectus urna duis convallis convallis tellus. Nibh ipsum consequat nisl vel pretium lectus quam id leo. Feugiat in ante metus dictum at tempor commodo. Velit dignissim sodales ut eu sem integer. Dictum sit amet justo donec. Scelerisque mauris pellentesque pulvinar pellentesque habitant morbi tristique senectus. Lorem ipsum dolor sit amet, consectetur adipiscing elit, sed do eiusmod tempor incididunt ut",
      "eiusmod tempor incididunt ut labore et dolore magna aliqua. Sed turpis tincidunt id aliquet risus. Eget mauris pharetra et ultrices neque ornare aenean euismod. Diam quis enim lobortis scelerisque fermentum. Varius duis at consectetur lorem donec massa sapien. Diam sit amet nisl suscipit adipiscing bibendum est ultricies integer. Lectus urna duis convallis convallis tellus. Nibh ipsum consequat nisl vel pretium lectus quam id leo. Feugiat in ante metus dictum at tempor commodo. Velit dignissim sodales ut eu sem integer. Dictum sit amet justo donec. Scelerisque mauris pellentesque pulvinar pellentesque habitant morbi tristique senectus. Lorem ipsum dolor sit amet, consectetur adipiscing elit, sed do eiusmod tempor incididunt ut",
      "iusmod tempor incididunt ut labore et dolore magna aliqua. Sed turpis tincidunt id aliquet risus. Eget mauris pharetra et ultrices neque ornare aenean euismod. Diam quis enim lobortis scelerisque fermentum. Varius duis at consectetur lorem donec massa sapien. Diam sit amet nisl suscipit adipiscing bibendum est ultricies integer. Lectus urna duis convallis convallis tellus. Nibh ipsum consequat nisl vel pretium lectus quam id leo. Feugiat in ante metus dictum at tempor commodo. Velit dignissim sodales ut eu sem integer. Dictum sit amet justo donec. Scelerisque mauris pellentesque pulvinar pellentesque habitant morbi tristique senectus. Lorem ipsum dolor sit amet, consectetur adipiscing elit, sed do eiusmod tempor incididunt ut",
      "usmod tempor incididunt ut labore et dolore magna aliqua. Sed turpis tincidunt id aliquet risus. Eget mauris pharetra et ultrices neque ornare aenean euismod. Diam quis enim lobortis scelerisque fermentum. Varius duis at consectetur lorem donec massa sapien. Diam sit amet nisl suscipit adipiscing bibendum est ultricies integer. Lectus urna duis convallis convallis tellus. Nibh ipsum consequat nisl vel pretium lectus quam id leo. Feugiat in ante metus dictum at tempor commodo. Velit dignissim sodales ut eu sem integer. Dictum sit amet justo donec. Scelerisque mauris pellentesque pulvinar pellentesque habitant morbi tristique senectus. Lorem ipsum dolor sit amet, consectetur adipiscing elit, sed do eiusmod tempor incididunt ut",
      "smod tempor incididunt ut labore et dolore magna aliqua. Sed turpis tincidunt id aliquet risus. Eget mauris pharetra et ultrices neque ornare aenean euismod. Diam quis enim lobortis scelerisque fermentum. Varius duis at consectetur lorem donec massa sapien. Diam sit amet nisl suscipit adipiscing bibendum est ultricies integer. Lectus urna duis convallis convallis tellus. Nibh ipsum consequat nisl vel pretium lectus quam id leo. Feugiat in ante metus dictum at tempor commodo. Velit dignissim sodales ut eu sem integer. Dictum sit amet justo donec. Scelerisque mauris pellentesque pulvinar pellentesque habitant morbi tristique senectus. Lorem ipsum dolor sit amet, consectetur adipiscing elit, sed do eiusmod tempor incididunt ut",
      "mod tempor incididunt ut labore et dolore magna aliqua. Sed turpis tincidunt id aliquet risus. Eget mauris pharetra et ultrices neque ornare aenean euismod. Diam quis enim lobortis scelerisque fermentum. Varius duis at consectetur lorem donec massa sapien. Diam sit amet nisl suscipit adipiscing bibendum est ultricies integer. Lectus urna duis convallis convallis tellus. Nibh ipsum consequat nisl vel pretium lectus quam id leo. Feugiat in ante metus dictum at tempor commodo. Velit dignissim sodales ut eu sem integer. Dictum sit amet justo donec. Scelerisque mauris pellentesque pulvinar pellentesque habitant morbi tristique senectus. Lorem ipsum dolor sit amet, consectetur adipiscing elit, sed do eiusmod tempor incididunt ut",
      "od tempor incididunt ut labore et dolore magna aliqua. Sed turpis tincidunt id aliquet risus. Eget mauris pharetra et ultrices neque ornare aenean euismod. Diam quis enim lobortis scelerisque fermentum. Varius duis at consectetur lorem donec massa sapien. Diam sit amet nisl suscipit adipiscing bibendum est ultricies integer. Lectus urna duis convallis convallis tellus. Nibh ipsum consequat nisl vel pretium lectus quam id leo. Feugiat in ante metus dictum at tempor commodo. Velit dignissim sodales ut eu sem integer. Dictum sit amet justo donec. Scelerisque mauris pellentesque pulvinar pellentesque habitant morbi tristique senectus. Lorem ipsum dolor sit amet, consectetur adipiscing elit, sed do eiusmod tempor incididunt ut",
      "d tempor incididunt ut labore et dolore magna aliqua. Sed turpis tincidunt id aliquet risus. Eget mauris pharetra et ultrices neque ornare aenean euismod. Diam quis enim lobortis scelerisque fermentum. Varius duis at consectetur lorem donec massa sapien. Diam sit amet nisl suscipit adipiscing bibendum est ultricies integer. Lectus urna duis convallis convallis tellus. Nibh ipsum consequat nisl vel pretium lectus quam id leo. Feugiat in ante metus dictum at tempor commodo. Velit dignissim sodales ut eu sem integer. Dictum sit amet justo donec. Scelerisque mauris pellentesque pulvinar pellentesque habitant morbi tristique senectus. Lorem ipsum dolor sit amet, consectetur adipiscing elit, sed do eiusmod tempor incididunt ut",
      " tempor incididunt ut labore et dolore magna aliqua. Sed turpis tincidunt id aliquet risus. Eget mauris pharetra et ultrices neque ornare aenean euismod. Diam quis enim lobortis scelerisque fermentum. Varius duis at consectetur lorem donec massa sapien. Diam sit amet nisl suscipit adipiscing bibendum est ultricies integer. Lectus urna duis convallis convallis tellus. Nibh ipsum consequat nisl vel pretium lectus quam id leo. Feugiat in ante metus dictum at tempor commodo. Velit dignissim sodales ut eu sem integer. Dictum sit amet justo donec. Scelerisque mauris pellentesque pulvinar pellentesque habitant morbi tristique senectus. Lorem ipsum dolor sit amet, consectetur adipiscing elit, sed do eiusmod tempor incididunt ut",
      "tempor incididunt ut labore et dolore magna aliqua. Sed turpis tincidunt id aliquet risus. Eget mauris pharetra et ultrices neque ornare aenean euismod. Diam quis enim lobortis scelerisque fermentum. Varius duis at consectetur lorem donec massa sapien. Diam sit amet nisl suscipit adipiscing bibendum est ultricies integer. Lectus urna duis convallis convallis tellus. Nibh ipsum consequat nisl vel pretium lectus quam id leo. Feugiat in ante metus dictum at tempor commodo. Velit dignissim sodales ut eu sem integer. Dictum sit amet justo donec. Scelerisque mauris pellentesque pulvinar pellentesque habitant morbi tristique senectus. Lorem ipsum dolor sit amet, consectetur adipiscing elit, sed do eiusmod tempor incididunt ut",
      "empor incididunt ut labore et dolore magna aliqua. Sed turpis tincidunt id aliquet risus. Eget mauris pharetra et ultrices neque ornare aenean euismod. Diam quis enim lobortis scelerisque fermentum. Varius duis at consectetur lorem donec massa sapien. Diam sit amet nisl suscipit adipiscing bibendum est ultricies integer. Lectus urna duis convallis convallis tellus. Nibh ipsum consequat nisl vel pretium lectus quam id leo. Feugiat in ante metus dictum at tempor commodo. Velit dignissim sodales ut eu sem integer. Dictum sit amet justo donec. Scelerisque mauris pellentesque pulvinar pellentesque habitant morbi tristique senectus. Lorem ipsum dolor sit amet, consectetur adipiscing elit, sed do eiusmod tempor incididunt ut",
      "mpor incididunt ut labore et dolore magna aliqua. Sed turpis tincidunt id aliquet risus. Eget mauris pharetra et ultrices neque ornare aenean euismod. Diam quis enim lobortis scelerisque fermentum. Varius duis at consectetur lorem donec massa sapien. Diam sit amet nisl suscipit adipiscing bibendum est ultricies integer. Lectus urna duis convallis convallis tellus. Nibh ipsum consequat nisl vel pretium lectus quam id leo. Feugiat in ante metus dictum at tempor commodo. Velit dignissim sodales ut eu sem integer. Dictum sit amet justo donec. Scelerisque mauris pellentesque pulvinar pellentesque habitant morbi tristique senectus. Lorem ipsum dolor sit amet, consectetur adipiscing elit, sed do eiusmod tempor incididunt ut",
      "por incididunt ut labore et dolore magna aliqua. Sed turpis tincidunt id aliquet risus. Eget mauris pharetra et ultrices neque ornare aenean euismod. Diam quis enim lobortis scelerisque fermentum. Varius duis at consectetur lorem donec massa sapien. Diam sit amet nisl suscipit adipiscing bibendum est ultricies integer. Lectus urna duis convallis convallis tellus. Nibh ipsum consequat nisl vel pretium lectus quam id leo. Feugiat in ante metus dictum at tempor commodo. Velit dignissim sodales ut eu sem integer. Dictum sit amet justo donec. Scelerisque mauris pellentesque pulvinar pellentesque habitant morbi tristique senectus. Lorem ipsum dolor sit amet, consectetur adipiscing elit, sed do eiusmod tempor incididunt ut",
      "or incididunt ut labore et dolore magna aliqua. Sed turpis tincidunt id aliquet risus. Eget mauris pharetra et ultrices neque ornare aenean euismod. Diam quis enim lobortis scelerisque fermentum. Varius duis at consectetur lorem donec massa sapien. Diam sit amet nisl suscipit adipiscing bibendum est ultricies integer. Lectus urna duis convallis convallis tellus. Nibh ipsum consequat nisl vel pretium lectus quam id leo. Feugiat in ante metus dictum at tempor commodo. Velit dignissim sodales ut eu sem integer. Dictum sit amet justo donec. Scelerisque mauris pellentesque pulvinar pellentesque habitant morbi tristique senectus. Lorem ipsum dolor sit amet, consectetur adipiscing elit, sed do eiusmod tempor incididunt ut",
      "r incididunt ut labore et dolore magna aliqua. Sed turpis tincidunt id aliquet risus. Eget mauris pharetra et ultrices neque ornare aenean euismod. Diam quis enim lobortis scelerisque fermentum. Varius duis at consectetur lorem donec massa sapien. Diam sit amet nisl suscipit adipiscing bibendum est ultricies integer. Lectus urna duis convallis convallis tellus. Nibh ipsum consequat nisl vel pretium lectus quam id leo. Feugiat in ante metus dictum at tempor commodo. Velit dignissim sodales ut eu sem integer. Dictum sit amet justo donec. Scelerisque mauris pellentesque pulvinar pellentesque habitant morbi tristique senectus. Lorem ipsum dolor sit amet, consectetur adipiscing elit, sed do eiusmod tempor incididunt ut",
      " incididunt ut labore et dolore magna aliqua. Sed turpis tincidunt id aliquet risus. Eget mauris pharetra et ultrices neque ornare aenean euismod. Diam quis enim lobortis scelerisque fermentum. Varius duis at consectetur lorem donec massa sapien. Diam sit amet nisl suscipit adipiscing bibendum est ultricies integer. Lectus urna duis convallis convallis tellus. Nibh ipsum consequat nisl vel pretium lectus quam id leo. Feugiat in ante metus dictum at tempor commodo. Velit dignissim sodales ut eu sem integer. Dictum sit amet justo donec. Scelerisque mauris pellentesque pulvinar pellentesque habitant morbi tristique senectus. Lorem ipsum dolor sit amet, consectetur adipiscing elit, sed do eiusmod tempor incididunt ut",
      "incididunt ut labore et dolore magna aliqua. Sed turpis tincidunt id aliquet risus. Eget mauris pharetra et ultrices neque ornare aenean euismod. Diam quis enim lobortis scelerisque fermentum. Varius duis at consectetur lorem donec massa sapien. Diam sit amet nisl suscipit adipiscing bibendum est ultricies integer. Lectus urna duis convallis convallis tellus. Nibh ipsum consequat nisl vel pretium lectus quam id leo. Feugiat in ante metus dictum at tempor commodo. Velit dignissim sodales ut eu sem integer. Dictum sit amet justo donec. Scelerisque mauris pellentesque pulvinar pellentesque habitant morbi tristique senectus. Lorem ipsum dolor sit amet, consectetur adipiscing elit, sed do eiusmod tempor incididunt ut",
      "ncididunt ut labore et dolore magna aliqua. Sed turpis tincidunt id aliquet risus. Eget mauris pharetra et ultrices neque ornare aenean euismod. Diam quis enim lobortis scelerisque fermentum. Varius duis at consectetur lorem donec massa sapien. Diam sit amet nisl suscipit adipiscing bibendum est ultricies integer. Lectus urna duis convallis convallis tellus. Nibh ipsum consequat nisl vel pretium lectus quam id leo. Feugiat in ante metus dictum at tempor commodo. Velit dignissim sodales ut eu sem integer. Dictum sit amet justo donec. Scelerisque mauris pellentesque pulvinar pellentesque habitant morbi tristique senectus. Lorem ipsum dolor sit amet, consectetur adipiscing elit, sed do eiusmod tempor incididunt ut",
      "cididunt ut labore et dolore magna aliqua. Sed turpis tincidunt id aliquet risus. Eget mauris pharetra et ultrices neque ornare aenean euismod. Diam quis enim lobortis scelerisque fermentum. Varius duis at consectetur lorem donec massa sapien. Diam sit amet nisl suscipit adipiscing bibendum est ultricies integer. Lectus urna duis convallis convallis tellus. Nibh ipsum consequat nisl vel pretium lectus quam id leo. Feugiat in ante metus dictum at tempor commodo. Velit dignissim sodales ut eu sem integer. Dictum sit amet justo donec. Scelerisque mauris pellentesque pulvinar pellentesque habitant morbi tristique senectus. Lorem ipsum dolor sit amet, consectetur adipiscing elit, sed do eiusmod tempor incididunt ut",
      "ididunt ut labore et dolore magna aliqua. Sed turpis tincidunt id aliquet risus. Eget mauris pharetra et ultrices neque ornare aenean euismod. Diam quis enim lobortis scelerisque fermentum. Varius duis at consectetur lorem donec massa sapien. Diam sit amet nisl suscipit adipiscing bibendum est ultricies integer. Lectus urna duis convallis convallis tellus. Nibh ipsum consequat nisl vel pretium lectus quam id leo. Feugiat in ante metus dictum at tempor commodo. Velit dignissim sodales ut eu sem integer. Dictum sit amet justo donec. Scelerisque mauris pellentesque pulvinar pellentesque habitant morbi tristique senectus. Lorem ipsum dolor sit amet, consectetur adipiscing elit, sed do eiusmod tempor incididunt ut",
      "didunt ut labore et dolore magna aliqua. Sed turpis tincidunt id aliquet risus. Eget mauris pharetra et ultrices neque ornare aenean euismod. Diam quis enim lobortis scelerisque fermentum. Varius duis at consectetur lorem donec massa sapien. Diam sit amet nisl suscipit adipiscing bibendum est ultricies integer. Lectus urna duis convallis convallis tellus. Nibh ipsum consequat nisl vel pretium lectus quam id leo. Feugiat in ante metus dictum at tempor commodo. Velit dignissim sodales ut eu sem integer. Dictum sit amet justo donec. Scelerisque mauris pellentesque pulvinar pellentesque habitant morbi tristique senectus. Lorem ipsum dolor sit amet, consectetur adipiscing elit, sed do eiusmod tempor incididunt ut",
      "idunt ut labore et dolore magna aliqua. Sed turpis tincidunt id aliquet risus. Eget mauris pharetra et ultrices neque ornare aenean euismod. Diam quis enim lobortis scelerisque fermentum. Varius duis at consectetur lorem donec massa sapien. Diam sit amet nisl suscipit adipiscing bibendum est ultricies integer. Lectus urna duis convallis convallis tellus. Nibh ipsum consequat nisl vel pretium lectus quam id leo. Feugiat in ante metus dictum at tempor commodo. Velit dignissim sodales ut eu sem integer. Dictum sit amet justo donec. Scelerisque mauris pellentesque pulvinar pellentesque habitant morbi tristique senectus. Lorem ipsum dolor sit amet, consectetur adipiscing elit, sed do eiusmod tempor incididunt ut",
      "dunt ut labore et dolore magna aliqua. Sed turpis tincidunt id aliquet risus. Eget mauris pharetra et ultrices neque ornare aenean euismod. Diam quis enim lobortis scelerisque fermentum. Varius duis at consectetur lorem donec massa sapien. Diam sit amet nisl suscipit adipiscing bibendum est ultricies integer. Lectus urna duis convallis convallis tellus. Nibh ipsum consequat nisl vel pretium lectus quam id leo. Feugiat in ante metus dictum at tempor commodo. Velit dignissim sodales ut eu sem integer. Dictum sit amet justo donec. Scelerisque mauris pellentesque pulvinar pellentesque habitant morbi tristique senectus. Lorem ipsum dolor sit amet, consectetur adipiscing elit, sed do eiusmod tempor incididunt ut",
      "unt ut labore et dolore magna aliqua. Sed turpis tincidunt id aliquet risus. Eget mauris pharetra et ultrices neque ornare aenean euismod. Diam quis enim lobortis scelerisque fermentum. Varius duis at consectetur lorem donec massa sapien. Diam sit amet nisl suscipit adipiscing bibendum est ultricies integer. Lectus urna duis convallis convallis tellus. Nibh ipsum consequat nisl vel pretium lectus quam id leo. Feugiat in ante metus dictum at tempor commodo. Velit dignissim sodales ut eu sem integer. Dictum sit amet justo donec. Scelerisque mauris pellentesque pulvinar pellentesque habitant morbi tristique senectus. Lorem ipsum dolor sit amet, consectetur adipiscing elit, sed do eiusmod tempor incididunt ut",
      "nt ut labore et dolore magna aliqua. Sed turpis tincidunt id aliquet risus. Eget mauris pharetra et ultrices neque ornare aenean euismod. Diam quis enim lobortis scelerisque fermentum. Varius duis at consectetur lorem donec massa sapien. Diam sit amet nisl suscipit adipiscing bibendum est ultricies integer. Lectus urna duis convallis convallis tellus. Nibh ipsum consequat nisl vel pretium lectus quam id leo. Feugiat in ante metus dictum at tempor commodo. Velit dignissim sodales ut eu sem integer. Dictum sit amet justo donec. Scelerisque mauris pellentesque pulvinar pellentesque habitant morbi tristique senectus. Lorem ipsum dolor sit amet, consectetur adipiscing elit, sed do eiusmod tempor incididunt ut",
      "t ut labore et dolore magna aliqua. Sed turpis tincidunt id aliquet risus. Eget mauris pharetra et ultrices neque ornare aenean euismod. Diam quis enim lobortis scelerisque fermentum. Varius duis at consectetur lorem donec massa sapien. Diam sit amet nisl suscipit adipiscing bibendum est ultricies integer. Lectus urna duis convallis convallis tellus. Nibh ipsum consequat nisl vel pretium lectus quam id leo. Feugiat in ante metus dictum at tempor commodo. Velit dignissim sodales ut eu sem integer. Dictum sit amet justo donec. Scelerisque mauris pellentesque pulvinar pellentesque habitant morbi tristique senectus. Lorem ipsum dolor sit amet, consectetur adipiscing elit, sed do eiusmod tempor incididunt ut",
      " ut labore et dolore magna aliqua. Sed turpis tincidunt id aliquet risus. Eget mauris pharetra et ultrices neque ornare aenean euismod. Diam quis enim lobortis scelerisque fermentum. Varius duis at consectetur lorem donec massa sapien. Diam sit amet nisl suscipit adipiscing bibendum est ultricies integer. Lectus urna duis convallis convallis tellus. Nibh ipsum consequat nisl vel pretium lectus quam id leo. Feugiat in ante metus dictum at tempor commodo. Velit dignissim sodales ut eu sem integer. Dictum sit amet justo donec. Scelerisque mauris pellentesque pulvinar pellentesque habitant morbi tristique senectus. Lorem ipsum dolor sit amet, consectetur adipiscing elit, sed do eiusmod tempor incididunt ut",
      "ut labore et dolore magna aliqua. Sed turpis tincidunt id aliquet risus. Eget mauris pharetra et ultrices neque ornare aenean euismod. Diam quis enim lobortis scelerisque fermentum. Varius duis at consectetur lorem donec massa sapien. Diam sit amet nisl suscipit adipiscing bibendum est ultricies integer. Lectus urna duis convallis convallis tellus. Nibh ipsum consequat nisl vel pretium lectus quam id leo. Feugiat in ante metus dictum at tempor commodo. Velit dignissim sodales ut eu sem integer. Dictum sit amet justo donec. Scelerisque mauris pellentesque pulvinar pellentesque habitant morbi tristique senectus. Lorem ipsum dolor sit amet, consectetur adipiscing elit, sed do eiusmod tempor incididunt ut",
      "t labore et dolore magna aliqua. Sed turpis tincidunt id aliquet risus. Eget mauris pharetra et ultrices neque ornare aenean euismod. Diam quis enim lobortis scelerisque fermentum. Varius duis at consectetur lorem donec massa sapien. Diam sit amet nisl suscipit adipiscing bibendum est ultricies integer. Lectus urna duis convallis convallis tellus. Nibh ipsum consequat nisl vel pretium lectus quam id leo. Feugiat in ante metus dictum at tempor commodo. Velit dignissim sodales ut eu sem integer. Dictum sit amet justo donec. Scelerisque mauris pellentesque pulvinar pellentesque habitant morbi tristique senectus. Lorem ipsum dolor sit amet, consectetur adipiscing elit, sed do eiusmod tempor incididunt ut",
      " labore et dolore magna aliqua. Sed turpis tincidunt id aliquet risus. Eget mauris pharetra et ultrices neque ornare aenean euismod. Diam quis enim lobortis scelerisque fermentum. Varius duis at consectetur lorem donec massa sapien. Diam sit amet nisl suscipit adipiscing bibendum est ultricies integer. Lectus urna duis convallis convallis tellus. Nibh ipsum consequat nisl vel pretium lectus quam id leo. Feugiat in ante metus dictum at tempor commodo. Velit dignissim sodales ut eu sem integer. Dictum sit amet justo donec. Scelerisque mauris pellentesque pulvinar pellentesque habitant morbi tristique senectus. Lorem ipsum dolor sit amet, consectetur adipiscing elit, sed do eiusmod tempor incididunt ut",
      "labore et dolore magna aliqua. Sed turpis tincidunt id aliquet risus. Eget mauris pharetra et ultrices neque ornare aenean euismod. Diam quis enim lobortis scelerisque fermentum. Varius duis at consectetur lorem donec massa sapien. Diam sit amet nisl suscipit adipiscing bibendum est ultricies integer. Lectus urna duis convallis convallis tellus. Nibh ipsum consequat nisl vel pretium lectus quam id leo. Feugiat in ante metus dictum at tempor commodo. Velit dignissim sodales ut eu sem integer. Dictum sit amet justo donec. Scelerisque mauris pellentesque pulvinar pellentesque habitant morbi tristique senectus. Lorem ipsum dolor sit amet, consectetur adipiscing elit, sed do eiusmod tempor incididunt ut",
      "abore et dolore magna aliqua. Sed turpis tincidunt id aliquet risus. Eget mauris pharetra et ultrices neque ornare aenean euismod. Diam quis enim lobortis scelerisque fermentum. Varius duis at consectetur lorem donec massa sapien. Diam sit amet nisl suscipit adipiscing bibendum est ultricies integer. Lectus urna duis convallis convallis tellus. Nibh ipsum consequat nisl vel pretium lectus quam id leo. Feugiat in ante metus dictum at tempor commodo. Velit dignissim sodales ut eu sem integer. Dictum sit amet justo donec. Scelerisque mauris pellentesque pulvinar pellentesque habitant morbi tristique senectus. Lorem ipsum dolor sit amet, consectetur adipiscing elit, sed do eiusmod tempor incididunt ut",
      "bore et dolore magna aliqua. Sed turpis tincidunt id aliquet risus. Eget mauris pharetra et ultrices neque ornare aenean euismod. Diam quis enim lobortis scelerisque fermentum. Varius duis at consectetur lorem donec massa sapien. Diam sit amet nisl suscipit adipiscing bibendum est ultricies integer. Lectus urna duis convallis convallis tellus. Nibh ipsum consequat nisl vel pretium lectus quam id leo. Feugiat in ante metus dictum at tempor commodo. Velit dignissim sodales ut eu sem integer. Dictum sit amet justo donec. Scelerisque mauris pellentesque pulvinar pellentesque habitant morbi tristique senectus. Lorem ipsum dolor sit amet, consectetur adipiscing elit, sed do eiusmod tempor incididunt ut",
      "ore et dolore magna aliqua. Sed turpis tincidunt id aliquet risus. Eget mauris pharetra et ultrices neque ornare aenean euismod. Diam quis enim lobortis scelerisque fermentum. Varius duis at consectetur lorem donec massa sapien. Diam sit amet nisl suscipit adipiscing bibendum est ultricies integer. Lectus urna duis convallis convallis tellus. Nibh ipsum consequat nisl vel pretium lectus quam id leo. Feugiat in ante metus dictum at tempor commodo. Velit dignissim sodales ut eu sem integer. Dictum sit amet justo donec. Scelerisque mauris pellentesque pulvinar pellentesque habitant morbi tristique senectus. Lorem ipsum dolor sit amet, consectetur adipiscing elit, sed do eiusmod tempor incididunt ut",
      "re et dolore magna aliqua. Sed turpis tincidunt id aliquet risus. Eget mauris pharetra et ultrices neque ornare aenean euismod. Diam quis enim lobortis scelerisque fermentum. Varius duis at consectetur lorem donec massa sapien. Diam sit amet nisl suscipit adipiscing bibendum est ultricies integer. Lectus urna duis convallis convallis tellus. Nibh ipsum consequat nisl vel pretium lectus quam id leo. Feugiat in ante metus dictum at tempor commodo. Velit dignissim sodales ut eu sem integer. Dictum sit amet justo donec. Scelerisque mauris pellentesque pulvinar pellentesque habitant morbi tristique senectus. Lorem ipsum dolor sit amet, consectetur adipiscing elit, sed do eiusmod tempor incididunt ut",
      "e et dolore magna aliqua. Sed turpis tincidunt id aliquet risus. Eget mauris pharetra et ultrices neque ornare aenean euismod. Diam quis enim lobortis scelerisque fermentum. Varius duis at consectetur lorem donec massa sapien. Diam sit amet nisl suscipit adipiscing bibendum est ultricies integer. Lectus urna duis convallis convallis tellus. Nibh ipsum consequat nisl vel pretium lectus quam id leo. Feugiat in ante metus dictum at tempor commodo. Velit dignissim sodales ut eu sem integer. Dictum sit amet justo donec. Scelerisque mauris pellentesque pulvinar pellentesque habitant morbi tristique senectus. Lorem ipsum dolor sit amet, consectetur adipiscing elit, sed do eiusmod tempor incididunt ut",
      " et dolore magna aliqua. Sed turpis tincidunt id aliquet risus. Eget mauris pharetra et ultrices neque ornare aenean euismod. Diam quis enim lobortis scelerisque fermentum. Varius duis at consectetur lorem donec massa sapien. Diam sit amet nisl suscipit adipiscing bibendum est ultricies integer. Lectus urna duis convallis convallis tellus. Nibh ipsum consequat nisl vel pretium lectus quam id leo. Feugiat in ante metus dictum at tempor commodo. Velit dignissim sodales ut eu sem integer. Dictum sit amet justo donec. Scelerisque mauris pellentesque pulvinar pellentesque habitant morbi tristique senectus. Lorem ipsum dolor sit amet, consectetur adipiscing elit, sed do eiusmod tempor incididunt ut",
      "et dolore magna aliqua. Sed turpis tincidunt id aliquet risus. Eget mauris pharetra et ultrices neque ornare aenean euismod. Diam quis enim lobortis scelerisque fermentum. Varius duis at consectetur lorem donec massa sapien. Diam sit amet nisl suscipit adipiscing bibendum est ultricies integer. Lectus urna duis convallis convallis tellus. Nibh ipsum consequat nisl vel pretium lectus quam id leo. Feugiat in ante metus dictum at tempor commodo. Velit dignissim sodales ut eu sem integer. Dictum sit amet justo donec. Scelerisque mauris pellentesque pulvinar pellentesque habitant morbi tristique senectus. Lorem ipsum dolor sit amet, consectetur adipiscing elit, sed do eiusmod tempor incididunt ut"
   ]
}
