Exception in thread "main" scala.MatchError: o (of class java.lang.String)
	at sjsonnet.Parser.escape0(Parser.scala:109)
	at sjsonnet.Parser.escape(Parser.scala:99)
	at sjsonnet.Parser.rec$2(Parser.scala:115)
	at sjsonnet.Parser.doubleString(Parser.scala:115)
	at sjsonnet.Parser.expr2(Parser.scala:349)
	at sjsonnet.Parser.expr1(Parser.scala:275)
	at sjsonnet.Parser.expr(Parser.scala:211)
	at sjsonnet.Parser.document(Parser.scala:567)
	at sjsonnet.CachedResolver.$anonfun$2(Importer.scala:218)
	at fastparse.SharedPackageDefs.parseInputRaw(SharedPackageDefs.scala:69)
	at fastparse.SharedPackageDefs.parseInputRaw$(SharedPackageDefs.scala:6)
	at fastparse.package$.parseInputRaw(package.scala:5)
	at fastparse.SharedPackageDefs.parse$$anonfun$1(SharedPackageDefs.scala:35)
	at fastparse.ParserInputSource$fromParserInput.parseThrough(ParserInput.scala:25)
	at fastparse.SharedPackageDefs.parse(SharedPackageDefs.scala:42)
	at fastparse.SharedPackageDefs.parse$(SharedPackageDefs.scala:6)
	at fastparse.package$.parse(package.scala:5)
	at sjsonnet.CachedResolver.parse$$anonfun$1(Importer.scala:216)
	at scala.collection.mutable.HashMap.getOrElseUpdate(HashMap.scala:469)
	at sjsonnet.DefaultParseCache.getOrElseUpdate(ParseCache.scala:21)
	at sjsonnet.CachedResolver.parse(Importer.scala:227)
	at sjsonnet.Interpreter.evaluate(Interpreter.scala:175)
	at sjsonnet.Interpreter.interpret0(Interpreter.scala:158)
	at sjsonnet.SjsonnetMain$.renderNormal$$anonfun$1(SjsonnetMain.scala:157)
	at sjsonnet.SjsonnetMain$.writeToFile(SjsonnetMain.scala:131)
	at sjsonnet.SjsonnetMain$.renderNormal(SjsonnetMain.scala:155)
	at sjsonnet.SjsonnetMain$.mainConfigured(SjsonnetMain.scala:332)
	at sjsonnet.SjsonnetMain$.$anonfun$30$$anonfun$1(SjsonnetMain.scala:85)
	at scala.util.Either.flatMap(Either.scala:360)
	at sjsonnet.SjsonnetMain$.$anonfun$30(SjsonnetMain.scala:84)
	at scala.util.Either.flatMap(Either.scala:360)
	at sjsonnet.SjsonnetMain$.main0(SjsonnetMain.scala:77)
	at sjsonnet.SjsonnetMain$.main(SjsonnetMain.scala:44)
	at sjsonnet.SjsonnetMain.main(SjsonnetMain.scala)
