Exception in thread "main" java.lang.StackOverflowError
	at sjsonnet.Evaluator.visitExpr(Evaluator.scala:38)
	at sjsonnet.Evaluator.sjsonnet$Evaluator$$visitExprWithTailCallSupport(Evaluator.scala:808)
	at sjsonnet.Evaluator$$anon$1.evalRhs(Evaluator.scala:720)
	at sjsonnet.Val$Func.apply1(Val.scala:862)
	at sjsonnet.Evaluator.visitApply1(Evaluator.scala:252)
	at sjsonnet.Evaluator.visitExpr(Evaluator.scala:49)
	at sjsonnet.Evaluator.visitBinaryOp(Evaluator.scala:546)
	at sjsonnet.Evaluator.visitExpr(Evaluator.scala:38)
	at sjsonnet.Evaluator.sjsonnet$Evaluator$$visitExprWithTailCallSupport(Evaluator.scala:808)
	at sjsonnet.Evaluator$$anon$1.evalRhs(Evaluator.scala:720)
	at sjsonnet.Val$Func.apply1(Val.scala:862)
	at sjsonnet.Evaluator.visitApply1(Evaluator.scala:252)
	at sjsonnet.Evaluator.visitExpr(Evaluator.scala:49)
	at sjsonnet.Evaluator.visitBinaryOp(Evaluator.scala:546)
	at sjsonnet.Evaluator.visitExpr(Evaluator.scala:38)
	at sjsonnet.Evaluator.sjsonnet$Evaluator$$visitExprWithTailCallSupport(Evaluator.scala:808)
	at sjsonnet.Evaluator$$anon$1.evalRhs(Evaluator.scala:720)
	at sjsonnet.Val$Func.apply1(Val.scala:862)
	at sjsonnet.Evaluator.visitApply1(Evaluator.scala:252)
	at sjsonnet.Evaluator.visitExpr(Evaluator.scala:49)
	at sjsonnet.Evaluator.visitBinaryOp(Evaluator.scala:546)
	at sjsonnet.Evaluator.visitExpr(Evaluator.scala:38)
	at sjsonnet.Evaluator.sjsonnet$Evaluator$$visitExprWithTailCallSupport(Evaluator.scala:808)
	at sjsonnet.Evaluator$$anon$1.evalRhs(Evaluator.scala:720)
	at sjsonnet.Val$Func.apply1(Val.scala:862)
	at sjsonnet.Evaluator.visitApply1(Evaluator.scala:252)
	at sjsonnet.Evaluator.visitExpr(Evaluator.scala:49)
	at sjsonnet.Evaluator.visitBinaryOp(Evaluator.scala:546)
	at sjsonnet.Evaluator.visitExpr(Evaluator.scala:38)
	at sjsonnet.Evaluator.sjsonnet$Evaluator$$visitExprWithTailCallSupport(Evaluator.scala:808)
	at sjsonnet.Evaluator$$anon$1.evalRhs(Evaluator.scala:720)
	at sjsonnet.Val$Func.apply1(Val.scala:862)
	at sjsonnet.Evaluator.visitApply1(Evaluator.scala:252)
	at sjsonnet.Evaluator.visitExpr(Evaluator.scala:49)
	at sjsonnet.Evaluator.visitBinaryOp(Evaluator.scala:546)
	at sjsonnet.Evaluator.visitExpr(Evaluator.scala:38)
	at sjsonnet.Evaluator.sjsonnet$Evaluator$$visitExprWithTailCallSupport(Evaluator.scala:808)
	at sjsonnet.Evaluator$$anon$1.evalRhs(Evaluator.scala:720)
	at sjsonnet.Val$Func.apply1(Val.scala:862)
	at sjsonnet.Evaluator.visitApply1(Evaluator.scala:252)
	at sjsonnet.Evaluator.visitExpr(Evaluator.scala:49)
	at sjsonnet.Evaluator.visitBinaryOp(Evaluator.scala:546)
	at sjsonnet.Evaluator.visitExpr(Evaluator.scala:38)
	at sjsonnet.Evaluator.sjsonnet$Evaluator$$visitExprWithTailCallSupport(Evaluator.scala:808)
	at sjsonnet.Evaluator$$anon$1.evalRhs(Evaluator.scala:720)
	at sjsonnet.Val$Func.apply1(Val.scala:862)
	at sjsonnet.Evaluator.visitApply1(Evaluator.scala:252)
	at sjsonnet.Evaluator.visitExpr(Evaluator.scala:49)
	at sjsonnet.Evaluator.visitBinaryOp(Evaluator.scala:546)
	at sjsonnet.Evaluator.visitExpr(Evaluator.scala:38)
	at sjsonnet.Evaluator.sjsonnet$Evaluator$$visitExprWithTailCallSupport(Evaluator.scala:808)
	at sjsonnet.Evaluator$$anon$1.evalRhs(Evaluator.scala:720)
	at sjsonnet.Val$Func.apply1(Val.scala:862)
	at sjsonnet.Evaluator.visitApply1(Evaluator.scala:252)
	at sjsonnet.Evaluator.visitExpr(Evaluator.scala:49)
	at sjsonnet.Evaluator.visitBinaryOp(Evaluator.scala:546)
	at sjsonnet.Evaluator.visitExpr(Evaluator.scala:38)
	at sjsonnet.Evaluator.sjsonnet$Evaluator$$visitExprWithTailCallSupport(Evaluator.scala:808)
	at sjsonnet.Evaluator$$anon$1.evalRhs(Evaluator.scala:720)
	at sjsonnet.Val$Func.apply1(Val.scala:862)
	at sjsonnet.Evaluator.visitApply1(Evaluator.scala:252)
	at sjsonnet.Evaluator.visitExpr(Evaluator.scala:49)
	at sjsonnet.Evaluator.visitBinaryOp(Evaluator.scala:546)
	at sjsonnet.Evaluator.visitExpr(Evaluator.scala:38)
	at sjsonnet.Evaluator.sjsonnet$Evaluator$$visitExprWithTailCallSupport(Evaluator.scala:808)
	at sjsonnet.Evaluator$$anon$1.evalRhs(Evaluator.scala:720)
	at sjsonnet.Val$Func.apply1(Val.scala:862)
	at sjsonnet.Evaluator.visitApply1(Evaluator.scala:252)
	at sjsonnet.Evaluator.visitExpr(Evaluator.scala:49)
	at sjsonnet.Evaluator.visitBinaryOp(Evaluator.scala:546)
	at sjsonnet.Evaluator.visitExpr(Evaluator.scala:38)
	at sjsonnet.Evaluator.sjsonnet$Evaluator$$visitExprWithTailCallSupport(Evaluator.scala:808)
	at sjsonnet.Evaluator$$anon$1.evalRhs(Evaluator.scala:720)
	at sjsonnet.Val$Func.apply1(Val.scala:862)
	at sjsonnet.Evaluator.visitApply1(Evaluator.scala:252)
	at sjsonnet.Evaluator.visitExpr(Evaluator.scala:49)
	at sjsonnet.Evaluator.visitBinaryOp(Evaluator.scala:546)
	at sjsonnet.Evaluator.visitExpr(Evaluator.scala:38)
	at sjsonnet.Evaluator.sjsonnet$Evaluator$$visitExprWithTailCallSupport(Evaluator.scala:808)
	at sjsonnet.Evaluator$$anon$1.evalRhs(Evaluator.scala:720)
	at sjsonnet.Val$Func.apply1(Val.scala:862)
	at sjsonnet.Evaluator.visitApply1(Evaluator.scala:252)
	at sjsonnet.Evaluator.visitExpr(Evaluator.scala:49)
	at sjsonnet.Evaluator.visitBinaryOp(Evaluator.scala:546)
	at sjsonnet.Evaluator.visitExpr(Evaluator.scala:38)
	at sjsonnet.Evaluator.sjsonnet$Evaluator$$visitExprWithTailCallSupport(Evaluator.scala:808)
	at sjsonnet.Evaluator$$anon$1.evalRhs(Evaluator.scala:720)
	at sjsonnet.Val$Func.apply1(Val.scala:862)
	at sjsonnet.Evaluator.visitApply1(Evaluator.scala:252)
	at sjsonnet.Evaluator.visitExpr(Evaluator.scala:49)
	at sjsonnet.Evaluator.visitBinaryOp(Evaluator.scala:546)
	at sjsonnet.Evaluator.visitExpr(Evaluator.scala:38)
	at sjsonnet.Evaluator.sjsonnet$Evaluator$$visitExprWithTailCallSupport(Evaluator.scala:808)
	at sjsonnet.Evaluator$$anon$1.evalRhs(Evaluator.scala:720)
	at sjsonnet.Val$Func.apply1(Val.scala:862)
	at sjsonnet.Evaluator.visitApply1(Evaluator.scala:252)
	at sjsonnet.Evaluator.visitExpr(Evaluator.scala:49)
	at sjsonnet.Evaluator.visitBinaryOp(Evaluator.scala:546)
	at sjsonnet.Evaluator.visitExpr(Evaluator.scala:38)
	at sjsonnet.Evaluator.sjsonnet$Evaluator$$visitExprWithTailCallSupport(Evaluator.scala:808)
	at sjsonnet.Evaluator$$anon$1.evalRhs(Evaluator.scala:720)
	at sjsonnet.Val$Func.apply1(Val.scala:862)
	at sjsonnet.Evaluator.visitApply1(Evaluator.scala:252)
	at sjsonnet.Evaluator.visitExpr(Evaluator.scala:49)
	at sjsonnet.Evaluator.visitBinaryOp(Evaluator.scala:546)
	at sjsonnet.Evaluator.visitExpr(Evaluator.scala:38)
	at sjsonnet.Evaluator.sjsonnet$Evaluator$$visitExprWithTailCallSupport(Evaluator.scala:808)
	at sjsonnet.Evaluator$$anon$1.evalRhs(Evaluator.scala:720)
	at sjsonnet.Val$Func.apply1(Val.scala:862)
	at sjsonnet.Evaluator.visitApply1(Evaluator.scala:252)
	at sjsonnet.Evaluator.visitExpr(Evaluator.scala:49)
	at sjsonnet.Evaluator.visitBinaryOp(Evaluator.scala:546)
	at sjsonnet.Evaluator.visitExpr(Evaluator.scala:38)
	at sjsonnet.Evaluator.sjsonnet$Evaluator$$visitExprWithTailCallSupport(Evaluator.scala:808)
	at sjsonnet.Evaluator$$anon$1.evalRhs(Evaluator.scala:720)
	at sjsonnet.Val$Func.apply1(Val.scala:862)
	at sjsonnet.Evaluator.visitApply1(Evaluator.scala:252)
	at sjsonnet.Evaluator.visitExpr(Evaluator.scala:49)
	at sjsonnet.Evaluator.visitBinaryOp(Evaluator.scala:546)
	at sjsonnet.Evaluator.visitExpr(Evaluator.scala:38)
	at sjsonnet.Evaluator.sjsonnet$Evaluator$$visitExprWithTailCallSupport(Evaluator.scala:808)
	at sjsonnet.Evaluator$$anon$1.evalRhs(Evaluator.scala:720)
	at sjsonnet.Val$Func.apply1(Val.scala:862)
	at sjsonnet.Evaluator.visitApply1(Evaluator.scala:252)
	at sjsonnet.Evaluator.visitExpr(Evaluator.scala:49)
	at sjsonnet.Evaluator.visitBinaryOp(Evaluator.scala:546)
	at sjsonnet.Evaluator.visitExpr(Evaluator.scala:38)
	at sjsonnet.Evaluator.sjsonnet$Evaluator$$visitExprWithTailCallSupport(Evaluator.scala:808)
	at sjsonnet.Evaluator$$anon$1.evalRhs(Evaluator.scala:720)
	at sjsonnet.Val$Func.apply1(Val.scala:862)
	at sjsonnet.Evaluator.visitApply1(Evaluator.scala:252)
	at sjsonnet.Evaluator.visitExpr(Evaluator.scala:49)
	at sjsonnet.Evaluator.visitBinaryOp(Evaluator.scala:546)
	at sjsonnet.Evaluator.visitExpr(Evaluator.scala:38)
	at sjsonnet.Evaluator.sjsonnet$Evaluator$$visitExprWithTailCallSupport(Evaluator.scala:808)
	at sjsonnet.Evaluator$$anon$1.evalRhs(Evaluator.scala:720)
	at sjsonnet.Val$Func.apply1(Val.scala:862)
	at sjsonnet.Evaluator.visitApply1(Evaluator.scala:252)
	at sjsonnet.Evaluator.visitExpr(Evaluator.scala:49)
	at sjsonnet.Evaluator.visitBinaryOp(Evaluator.scala:546)
	at sjsonnet.Evaluator.visitExpr(Evaluator.scala:38)
	at sjsonnet.Evaluator.sjsonnet$Evaluator$$visitExprWithTailCallSupport(Evaluator.scala:808)
	at sjsonnet.Evaluator$$anon$1.evalRhs(Evaluator.scala:720)
	at sjsonnet.Val$Func.apply1(Val.scala:862)
	at sjsonnet.Evaluator.visitApply1(Evaluator.scala:252)
	at sjsonnet.Evaluator.visitExpr(Evaluator.scala:49)
	at sjsonnet.Evaluator.visitBinaryOp(Evaluator.scala:546)
	at sjsonnet.Evaluator.visitExpr(Evaluator.scala:38)
	at sjsonnet.Evaluator.sjsonnet$Evaluator$$visitExprWithTailCallSupport(Evaluator.scala:808)
	at sjsonnet.Evaluator$$anon$1.evalRhs(Evaluator.scala:720)
	at sjsonnet.Val$Func.apply1(Val.scala:862)
	at sjsonnet.Evaluator.visitApply1(Evaluator.scala:252)
	at sjsonnet.Evaluator.visitExpr(Evaluator.scala:49)
	at sjsonnet.Evaluator.visitBinaryOp(Evaluator.scala:546)
	at sjsonnet.Evaluator.visitExpr(Evaluator.scala:38)
	at sjsonnet.Evaluator.sjsonnet$Evaluator$$visitExprWithTailCallSupport(Evaluator.scala:808)
	at sjsonnet.Evaluator$$anon$1.evalRhs(Evaluator.scala:720)
	at sjsonnet.Val$Func.apply1(Val.scala:862)
	at sjsonnet.Evaluator.visitApply1(Evaluator.scala:252)
	at sjsonnet.Evaluator.visitExpr(Evaluator.scala:49)
	at sjsonnet.Evaluator.visitBinaryOp(Evaluator.scala:546)
	at sjsonnet.Evaluator.visitExpr(Evaluator.scala:38)
	at sjsonnet.Evaluator.sjsonnet$Evaluator$$visitExprWithTailCallSupport(Evaluator.scala:808)
	at sjsonnet.Evaluator$$anon$1.evalRhs(Evaluator.scala:720)
	at sjsonnet.Val$Func.apply1(Val.scala:862)
	at sjsonnet.Evaluator.visitApply1(Evaluator.scala:252)
	at sjsonnet.Evaluator.visitExpr(Evaluator.scala:49)
	at sjsonnet.Evaluator.visitBinaryOp(Evaluator.scala:546)
	at sjsonnet.Evaluator.visitExpr(Evaluator.scala:38)
	at sjsonnet.Evaluator.sjsonnet$Evaluator$$visitExprWithTailCallSupport(Evaluator.scala:808)
	at sjsonnet.Evaluator$$anon$1.evalRhs(Evaluator.scala:720)
	at sjsonnet.Val$Func.apply1(Val.scala:862)
	at sjsonnet.Evaluator.visitApply1(Evaluator.scala:252)
	at sjsonnet.Evaluator.visitExpr(Evaluator.scala:49)
	at sjsonnet.Evaluator.visitBinaryOp(Evaluator.scala:546)
	at sjsonnet.Evaluator.visitExpr(Evaluator.scala:38)
	at sjsonnet.Evaluator.sjsonnet$Evaluator$$visitExprWithTailCallSupport(Evaluator.scala:808)
	at sjsonnet.Evaluator$$anon$1.evalRhs(Evaluator.scala:720)
	at sjsonnet.Val$Func.apply1(Val.scala:862)
	at sjsonnet.Evaluator.visitApply1(Evaluator.scala:252)
	at sjsonnet.Evaluator.visitExpr(Evaluator.scala:49)
	at sjsonnet.Evaluator.visitBinaryOp(Evaluator.scala:546)
	at sjsonnet.Evaluator.visitExpr(Evaluator.scala:38)
	at sjsonnet.Evaluator.sjsonnet$Evaluator$$visitExprWithTailCallSupport(Evaluator.scala:808)
	at sjsonnet.Evaluator$$anon$1.evalRhs(Evaluator.scala:720)
	at sjsonnet.Val$Func.apply1(Val.scala:862)
	at sjsonnet.Evaluator.visitApply1(Evaluator.scala:252)
	at sjsonnet.Evaluator.visitExpr(Evaluator.scala:49)
	at sjsonnet.Evaluator.visitBinaryOp(Evaluator.scala:546)
	at sjsonnet.Evaluator.visitExpr(Evaluator.scala:38)
	at sjsonnet.Evaluator.sjsonnet$Evaluator$$visitExprWithTailCallSupport(Evaluator.scala:808)
	at sjsonnet.Evaluator$$anon$1.evalRhs(Evaluator.scala:720)
	at sjsonnet.Val$Func.apply1(Val.scala:862)
	at sjsonnet.Evaluator.visitApply1(Evaluator.scala:252)
	at sjsonnet.Evaluator.visitExpr(Evaluator.scala:49)
	at sjsonnet.Evaluator.visitBinaryOp(Evaluator.scala:546)
	at sjsonnet.Evaluator.visitExpr(Evaluator.scala:38)
	at sjsonnet.Evaluator.sjsonnet$Evaluator$$visitExprWithTailCallSupport(Evaluator.scala:808)
	at sjsonnet.Evaluator$$anon$1.evalRhs(Evaluator.scala:720)
	at sjsonnet.Val$Func.apply1(Val.scala:862)
	at sjsonnet.Evaluator.visitApply1(Evaluator.scala:252)
	at sjsonnet.Evaluator.visitExpr(Evaluator.scala:49)
	at sjsonnet.Evaluator.visitBinaryOp(Evaluator.scala:546)
	at sjsonnet.Evaluator.visitExpr(Evaluator.scala:38)
	at sjsonnet.Evaluator.sjsonnet$Evaluator$$visitExprWithTailCallSupport(Evaluator.scala:808)
	at sjsonnet.Evaluator$$anon$1.evalRhs(Evaluator.scala:720)
	at sjsonnet.Val$Func.apply1(Val.scala:862)
	at sjsonnet.Evaluator.visitApply1(Evaluator.scala:252)
	at sjsonnet.Evaluator.visitExpr(Evaluator.scala:49)
	at sjsonnet.Evaluator.visitBinaryOp(Evaluator.scala:546)
	at sjsonnet.Evaluator.visitExpr(Evaluator.scala:38)
	at sjsonnet.Evaluator.sjsonnet$Evaluator$$visitExprWithTailCallSupport(Evaluator.scala:808)
	at sjsonnet.Evaluator$$anon$1.evalRhs(Evaluator.scala:720)
	at sjsonnet.Val$Func.apply1(Val.scala:862)
	at sjsonnet.Evaluator.visitApply1(Evaluator.scala:252)
	at sjsonnet.Evaluator.visitExpr(Evaluator.scala:49)
	at sjsonnet.Evaluator.visitBinaryOp(Evaluator.scala:546)
	at sjsonnet.Evaluator.visitExpr(Evaluator.scala:38)
	at sjsonnet.Evaluator.sjsonnet$Evaluator$$visitExprWithTailCallSupport(Evaluator.scala:808)
	at sjsonnet.Evaluator$$anon$1.evalRhs(Evaluator.scala:720)
	at sjsonnet.Val$Func.apply1(Val.scala:862)
	at sjsonnet.Evaluator.visitApply1(Evaluator.scala:252)
	at sjsonnet.Evaluator.visitExpr(Evaluator.scala:49)
	at sjsonnet.Evaluator.visitBinaryOp(Evaluator.scala:546)
	at sjsonnet.Evaluator.visitExpr(Evaluator.scala:38)
	at sjsonnet.Evaluator.sjsonnet$Evaluator$$visitExprWithTailCallSupport(Evaluator.scala:808)
	at sjsonnet.Evaluator$$anon$1.evalRhs(Evaluator.scala:720)
	at sjsonnet.Val$Func.apply1(Val.scala:862)
	at sjsonnet.Evaluator.visitApply1(Evaluator.scala:252)
	at sjsonnet.Evaluator.visitExpr(Evaluator.scala:49)
	at sjsonnet.Evaluator.visitBinaryOp(Evaluator.scala:546)
	at sjsonnet.Evaluator.visitExpr(Evaluator.scala:38)
	at sjsonnet.Evaluator.sjsonnet$Evaluator$$visitExprWithTailCallSupport(Evaluator.scala:808)
	at sjsonnet.Evaluator$$anon$1.evalRhs(Evaluator.scala:720)
	at sjsonnet.Val$Func.apply1(Val.scala:862)
	at sjsonnet.Evaluator.visitApply1(Evaluator.scala:252)
	at sjsonnet.Evaluator.visitExpr(Evaluator.scala:49)
	at sjsonnet.Evaluator.visitBinaryOp(Evaluator.scala:546)
	at sjsonnet.Evaluator.visitExpr(Evaluator.scala:38)
	at sjsonnet.Evaluator.sjsonnet$Evaluator$$visitExprWithTailCallSupport(Evaluator.scala:808)
	at sjsonnet.Evaluator$$anon$1.evalRhs(Evaluator.scala:720)
	at sjsonnet.Val$Func.apply1(Val.scala:862)
	at sjsonnet.Evaluator.visitApply1(Evaluator.scala:252)
	at sjsonnet.Evaluator.visitExpr(Evaluator.scala:49)
	at sjsonnet.Evaluator.visitBinaryOp(Evaluator.scala:546)
	at sjsonnet.Evaluator.visitExpr(Evaluator.scala:38)
	at sjsonnet.Evaluator.sjsonnet$Evaluator$$visitExprWithTailCallSupport(Evaluator.scala:808)
	at sjsonnet.Evaluator$$anon$1.evalRhs(Evaluator.scala:720)
	at sjsonnet.Val$Func.apply1(Val.scala:862)
	at sjsonnet.Evaluator.visitApply1(Evaluator.scala:252)
	at sjsonnet.Evaluator.visitExpr(Evaluator.scala:49)
	at sjsonnet.Evaluator.visitBinaryOp(Evaluator.scala:546)
	at sjsonnet.Evaluator.visitExpr(Evaluator.scala:38)
	at sjsonnet.Evaluator.sjsonnet$Evaluator$$visitExprWithTailCallSupport(Evaluator.scala:808)
	at sjsonnet.Evaluator$$anon$1.evalRhs(Evaluator.scala:720)
	at sjsonnet.Val$Func.apply1(Val.scala:862)
	at sjsonnet.Evaluator.visitApply1(Evaluator.scala:252)
	at sjsonnet.Evaluator.visitExpr(Evaluator.scala:49)
	at sjsonnet.Evaluator.visitBinaryOp(Evaluator.scala:546)
	at sjsonnet.Evaluator.visitExpr(Evaluator.scala:38)
	at sjsonnet.Evaluator.sjsonnet$Evaluator$$visitExprWithTailCallSupport(Evaluator.scala:808)
	at sjsonnet.Evaluator$$anon$1.evalRhs(Evaluator.scala:720)
	at sjsonnet.Val$Func.apply1(Val.scala:862)
	at sjsonnet.Evaluator.visitApply1(Evaluator.scala:252)
	at sjsonnet.Evaluator.visitExpr(Evaluator.scala:49)
	at sjsonnet.Evaluator.visitBinaryOp(Evaluator.scala:546)
	at sjsonnet.Evaluator.visitExpr(Evaluator.scala:38)
	at sjsonnet.Evaluator.sjsonnet$Evaluator$$visitExprWithTailCallSupport(Evaluator.scala:808)
	at sjsonnet.Evaluator$$anon$1.evalRhs(Evaluator.scala:720)
	at sjsonnet.Val$Func.apply1(Val.scala:862)
	at sjsonnet.Evaluator.visitApply1(Evaluator.scala:252)
	at sjsonnet.Evaluator.visitExpr(Evaluator.scala:49)
	at sjsonnet.Evaluator.visitBinaryOp(Evaluator.scala:546)
	at sjsonnet.Evaluator.visitExpr(Evaluator.scala:38)
	at sjsonnet.Evaluator.sjsonnet$Evaluator$$visitExprWithTailCallSupport(Evaluator.scala:808)
	at sjsonnet.Evaluator$$anon$1.evalRhs(Evaluator.scala:720)
	at sjsonnet.Val$Func.apply1(Val.scala:862)
	at sjsonnet.Evaluator.visitApply1(Evaluator.scala:252)
	at sjsonnet.Evaluator.visitExpr(Evaluator.scala:49)
	at sjsonnet.Evaluator.visitBinaryOp(Evaluator.scala:546)
	at sjsonnet.Evaluator.visitExpr(Evaluator.scala:38)
	at sjsonnet.Evaluator.sjsonnet$Evaluator$$visitExprWithTailCallSupport(Evaluator.scala:808)
	at sjsonnet.Evaluator$$anon$1.evalRhs(Evaluator.scala:720)
	at sjsonnet.Val$Func.apply1(Val.scala:862)
	at sjsonnet.Evaluator.visitApply1(Evaluator.scala:252)
	at sjsonnet.Evaluator.visitExpr(Evaluator.scala:49)
	at sjsonnet.Evaluator.visitBinaryOp(Evaluator.scala:546)
	at sjsonnet.Evaluator.visitExpr(Evaluator.scala:38)
	at sjsonnet.Evaluator.sjsonnet$Evaluator$$visitExprWithTailCallSupport(Evaluator.scala:808)
	at sjsonnet.Evaluator$$anon$1.evalRhs(Evaluator.scala:720)
	at sjsonnet.Val$Func.apply1(Val.scala:862)
	at sjsonnet.Evaluator.visitApply1(Evaluator.scala:252)
	at sjsonnet.Evaluator.visitExpr(Evaluator.scala:49)
	at sjsonnet.Evaluator.visitBinaryOp(Evaluator.scala:546)
	at sjsonnet.Evaluator.visitExpr(Evaluator.scala:38)
	at sjsonnet.Evaluator.sjsonnet$Evaluator$$visitExprWithTailCallSupport(Evaluator.scala:808)
	at sjsonnet.Evaluator$$anon$1.evalRhs(Evaluator.scala:720)
	at sjsonnet.Val$Func.apply1(Val.scala:862)
	at sjsonnet.Evaluator.visitApply1(Evaluator.scala:252)
	at sjsonnet.Evaluator.visitExpr(Evaluator.scala:49)
	at sjsonnet.Evaluator.visitBinaryOp(Evaluator.scala:546)
	at sjsonnet.Evaluator.visitExpr(Evaluator.scala:38)
	at sjsonnet.Evaluator.sjsonnet$Evaluator$$visitExprWithTailCallSupport(Evaluator.scala:808)
	at sjsonnet.Evaluator$$anon$1.evalRhs(Evaluator.scala:720)
	at sjsonnet.Val$Func.apply1(Val.scala:862)
	at sjsonnet.Evaluator.visitApply1(Evaluator.scala:252)
	at sjsonnet.Evaluator.visitExpr(Evaluator.scala:49)
	at sjsonnet.Evaluator.visitBinaryOp(Evaluator.scala:546)
	at sjsonnet.Evaluator.visitExpr(Evaluator.scala:38)
	at sjsonnet.Evaluator.sjsonnet$Evaluator$$visitExprWithTailCallSupport(Evaluator.scala:808)
	at sjsonnet.Evaluator$$anon$1.evalRhs(Evaluator.scala:720)
	at sjsonnet.Val$Func.apply1(Val.scala:862)
	at sjsonnet.Evaluator.visitApply1(Evaluator.scala:252)
	at sjsonnet.Evaluator.visitExpr(Evaluator.scala:49)
	at sjsonnet.Evaluator.visitBinaryOp(Evaluator.scala:546)
	at sjsonnet.Evaluator.visitExpr(Evaluator.scala:38)
	at sjsonnet.Evaluator.sjsonnet$Evaluator$$visitExprWithTailCallSupport(Evaluator.scala:808)
	at sjsonnet.Evaluator$$anon$1.evalRhs(Evaluator.scala:720)
	at sjsonnet.Val$Func.apply1(Val.scala:862)
	at sjsonnet.Evaluator.visitApply1(Evaluator.scala:252)
	at sjsonnet.Evaluator.visitExpr(Evaluator.scala:49)
	at sjsonnet.Evaluator.visitBinaryOp(Evaluator.scala:546)
	at sjsonnet.Evaluator.visitExpr(Evaluator.scala:38)
	at sjsonnet.Evaluator.sjsonnet$Evaluator$$visitExprWithTailCallSupport(Evaluator.scala:808)
	at sjsonnet.Evaluator$$anon$1.evalRhs(Evaluator.scala:720)
	at sjsonnet.Val$Func.apply1(Val.scala:862)
	at sjsonnet.Evaluator.visitApply1(Evaluator.scala:252)
	at sjsonnet.Evaluator.visitExpr(Evaluator.scala:49)
	at sjsonnet.Evaluator.visitBinaryOp(Evaluator.scala:546)
	at sjsonnet.Evaluator.visitExpr(Evaluator.scala:38)
	at sjsonnet.Evaluator.sjsonnet$Evaluator$$visitExprWithTailCallSupport(Evaluator.scala:808)
	at sjsonnet.Evaluator$$anon$1.evalRhs(Evaluator.scala:720)
	at sjsonnet.Val$Func.apply1(Val.scala:862)
	at sjsonnet.Evaluator.visitApply1(Evaluator.scala:252)
	at sjsonnet.Evaluator.visitExpr(Evaluator.scala:49)
	at sjsonnet.Evaluator.visitBinaryOp(Evaluator.scala:546)
	at sjsonnet.Evaluator.visitExpr(Evaluator.scala:38)
	at sjsonnet.Evaluator.sjsonnet$Evaluator$$visitExprWithTailCallSupport(Evaluator.scala:808)
	at sjsonnet.Evaluator$$anon$1.evalRhs(Evaluator.scala:720)
	at sjsonnet.Val$Func.apply1(Val.scala:862)
	at sjsonnet.Evaluator.visitApply1(Evaluator.scala:252)
	at sjsonnet.Evaluator.visitExpr(Evaluator.scala:49)
	at sjsonnet.Evaluator.visitBinaryOp(Evaluator.scala:546)
	at sjsonnet.Evaluator.visitExpr(Evaluator.scala:38)
	at sjsonnet.Evaluator.sjsonnet$Evaluator$$visitExprWithTailCallSupport(Evaluator.scala:808)
	at sjsonnet.Evaluator$$anon$1.evalRhs(Evaluator.scala:720)
	at sjsonnet.Val$Func.apply1(Val.scala:862)
	at sjsonnet.Evaluator.visitApply1(Evaluator.scala:252)
	at sjsonnet.Evaluator.visitExpr(Evaluator.scala:49)
	at sjsonnet.Evaluator.visitBinaryOp(Evaluator.scala:546)
	at sjsonnet.Evaluator.visitExpr(Evaluator.scala:38)
	at sjsonnet.Evaluator.sjsonnet$Evaluator$$visitExprWithTailCallSupport(Evaluator.scala:808)
	at sjsonnet.Evaluator$$anon$1.evalRhs(Evaluator.scala:720)
	at sjsonnet.Val$Func.apply1(Val.scala:862)
	at sjsonnet.Evaluator.visitApply1(Evaluator.scala:252)
	at sjsonnet.Evaluator.visitExpr(Evaluator.scala:49)
	at sjsonnet.Evaluator.visitBinaryOp(Evaluator.scala:546)
	at sjsonnet.Evaluator.visitExpr(Evaluator.scala:38)
	at sjsonnet.Evaluator.sjsonnet$Evaluator$$visitExprWithTailCallSupport(Evaluator.scala:808)
	at sjsonnet.Evaluator$$anon$1.evalRhs(Evaluator.scala:720)
	at sjsonnet.Val$Func.apply1(Val.scala:862)
	at sjsonnet.Evaluator.visitApply1(Evaluator.scala:252)
	at sjsonnet.Evaluator.visitExpr(Evaluator.scala:49)
	at sjsonnet.Evaluator.visitBinaryOp(Evaluator.scala:546)
	at sjsonnet.Evaluator.visitExpr(Evaluator.scala:38)
	at sjsonnet.Evaluator.sjsonnet$Evaluator$$visitExprWithTailCallSupport(Evaluator.scala:808)
	at sjsonnet.Evaluator$$anon$1.evalRhs(Evaluator.scala:720)
	at sjsonnet.Val$Func.apply1(Val.scala:862)
	at sjsonnet.Evaluator.visitApply1(Evaluator.scala:252)
	at sjsonnet.Evaluator.visitExpr(Evaluator.scala:49)
	at sjsonnet.Evaluator.visitBinaryOp(Evaluator.scala:546)
	at sjsonnet.Evaluator.visitExpr(Evaluator.scala:38)
	at sjsonnet.Evaluator.sjsonnet$Evaluator$$visitExprWithTailCallSupport(Evaluator.scala:808)
	at sjsonnet.Evaluator$$anon$1.evalRhs(Evaluator.scala:720)
	at sjsonnet.Val$Func.apply1(Val.scala:862)
	at sjsonnet.Evaluator.visitApply1(Evaluator.scala:252)
	at sjsonnet.Evaluator.visitExpr(Evaluator.scala:49)
	at sjsonnet.Evaluator.visitBinaryOp(Evaluator.scala:546)
	at sjsonnet.Evaluator.visitExpr(Evaluator.scala:38)
	at sjsonnet.Evaluator.sjsonnet$Evaluator$$visitExprWithTailCallSupport(Evaluator.scala:808)
	at sjsonnet.Evaluator$$anon$1.evalRhs(Evaluator.scala:720)
	at sjsonnet.Val$Func.apply1(Val.scala:862)
	at sjsonnet.Evaluator.visitApply1(Evaluator.scala:252)
	at sjsonnet.Evaluator.visitExpr(Evaluator.scala:49)
	at sjsonnet.Evaluator.visitBinaryOp(Evaluator.scala:546)
	at sjsonnet.Evaluator.visitExpr(Evaluator.scala:38)
	at sjsonnet.Evaluator.sjsonnet$Evaluator$$visitExprWithTailCallSupport(Evaluator.scala:808)
	at sjsonnet.Evaluator$$anon$1.evalRhs(Evaluator.scala:720)
	at sjsonnet.Val$Func.apply1(Val.scala:862)
	at sjsonnet.Evaluator.visitApply1(Evaluator.scala:252)
	at sjsonnet.Evaluator.visitExpr(Evaluator.scala:49)
	at sjsonnet.Evaluator.visitBinaryOp(Evaluator.scala:546)
	at sjsonnet.Evaluator.visitExpr(Evaluator.scala:38)
	at sjsonnet.Evaluator.sjsonnet$Evaluator$$visitExprWithTailCallSupport(Evaluator.scala:808)
	at sjsonnet.Evaluator$$anon$1.evalRhs(Evaluator.scala:720)
	at sjsonnet.Val$Func.apply1(Val.scala:862)
	at sjsonnet.Evaluator.visitApply1(Evaluator.scala:252)
	at sjsonnet.Evaluator.visitExpr(Evaluator.scala:49)
	at sjsonnet.Evaluator.visitBinaryOp(Evaluator.scala:546)
	at sjsonnet.Evaluator.visitExpr(Evaluator.scala:38)
	at sjsonnet.Evaluator.sjsonnet$Evaluator$$visitExprWithTailCallSupport(Evaluator.scala:808)
	at sjsonnet.Evaluator$$anon$1.evalRhs(Evaluator.scala:720)
	at sjsonnet.Val$Func.apply1(Val.scala:862)
	at sjsonnet.Evaluator.visitApply1(Evaluator.scala:252)
	at sjsonnet.Evaluator.visitExpr(Evaluator.scala:49)
	at sjsonnet.Evaluator.visitBinaryOp(Evaluator.scala:546)
	at sjsonnet.Evaluator.visitExpr(Evaluator.scala:38)
	at sjsonnet.Evaluator.sjsonnet$Evaluator$$visitExprWithTailCallSupport(Evaluator.scala:808)
	at sjsonnet.Evaluator$$anon$1.evalRhs(Evaluator.scala:720)
	at sjsonnet.Val$Func.apply1(Val.scala:862)
	at sjsonnet.Evaluator.visitApply1(Evaluator.scala:252)
	at sjsonnet.Evaluator.visitExpr(Evaluator.scala:49)
	at sjsonnet.Evaluator.visitBinaryOp(Evaluator.scala:546)
	at sjsonnet.Evaluator.visitExpr(Evaluator.scala:38)
	at sjsonnet.Evaluator.sjsonnet$Evaluator$$visitExprWithTailCallSupport(Evaluator.scala:808)
	at sjsonnet.Evaluator$$anon$1.evalRhs(Evaluator.scala:720)
	at sjsonnet.Val$Func.apply1(Val.scala:862)
	at sjsonnet.Evaluator.visitApply1(Evaluator.scala:252)
	at sjsonnet.Evaluator.visitExpr(Evaluator.scala:49)
	at sjsonnet.Evaluator.visitBinaryOp(Evaluator.scala:546)
	at sjsonnet.Evaluator.visitExpr(Evaluator.scala:38)
	at sjsonnet.Evaluator.sjsonnet$Evaluator$$visitExprWithTailCallSupport(Evaluator.scala:808)
	at sjsonnet.Evaluator$$anon$1.evalRhs(Evaluator.scala:720)
	at sjsonnet.Val$Func.apply1(Val.scala:862)
	at sjsonnet.Evaluator.visitApply1(Evaluator.scala:252)
	at sjsonnet.Evaluator.visitExpr(Evaluator.scala:49)
	at sjsonnet.Evaluator.visitBinaryOp(Evaluator.scala:546)
	at sjsonnet.Evaluator.visitExpr(Evaluator.scala:38)
	at sjsonnet.Evaluator.sjsonnet$Evaluator$$visitExprWithTailCallSupport(Evaluator.scala:808)
	at sjsonnet.Evaluator$$anon$1.evalRhs(Evaluator.scala:720)
	at sjsonnet.Val$Func.apply1(Val.scala:862)
	at sjsonnet.Evaluator.visitApply1(Evaluator.scala:252)
	at sjsonnet.Evaluator.visitExpr(Evaluator.scala:49)
	at sjsonnet.Evaluator.visitBinaryOp(Evaluator.scala:546)
	at sjsonnet.Evaluator.visitExpr(Evaluator.scala:38)
	at sjsonnet.Evaluator.sjsonnet$Evaluator$$visitExprWithTailCallSupport(Evaluator.scala:808)
	at sjsonnet.Evaluator$$anon$1.evalRhs(Evaluator.scala:720)
	at sjsonnet.Val$Func.apply1(Val.scala:862)
	at sjsonnet.Evaluator.visitApply1(Evaluator.scala:252)
	at sjsonnet.Evaluator.visitExpr(Evaluator.scala:49)
	at sjsonnet.Evaluator.visitBinaryOp(Evaluator.scala:546)
	at sjsonnet.Evaluator.visitExpr(Evaluator.scala:38)
	at sjsonnet.Evaluator.sjsonnet$Evaluator$$visitExprWithTailCallSupport(Evaluator.scala:808)
	at sjsonnet.Evaluator$$anon$1.evalRhs(Evaluator.scala:720)
	at sjsonnet.Val$Func.apply1(Val.scala:862)
	at sjsonnet.Evaluator.visitApply1(Evaluator.scala:252)
	at sjsonnet.Evaluator.visitExpr(Evaluator.scala:49)
	at sjsonnet.Evaluator.visitBinaryOp(Evaluator.scala:546)
	at sjsonnet.Evaluator.visitExpr(Evaluator.scala:38)
	at sjsonnet.Evaluator.sjsonnet$Evaluator$$visitExprWithTailCallSupport(Evaluator.scala:808)
	at sjsonnet.Evaluator$$anon$1.evalRhs(Evaluator.scala:720)
	at sjsonnet.Val$Func.apply1(Val.scala:862)
	at sjsonnet.Evaluator.visitApply1(Evaluator.scala:252)
	at sjsonnet.Evaluator.visitExpr(Evaluator.scala:49)
	at sjsonnet.Evaluator.visitBinaryOp(Evaluator.scala:546)
	at sjsonnet.Evaluator.visitExpr(Evaluator.scala:38)
	at sjsonnet.Evaluator.sjsonnet$Evaluator$$visitExprWithTailCallSupport(Evaluator.scala:808)
	at sjsonnet.Evaluator$$anon$1.evalRhs(Evaluator.scala:720)
	at sjsonnet.Val$Func.apply1(Val.scala:862)
	at sjsonnet.Evaluator.visitApply1(Evaluator.scala:252)
	at sjsonnet.Evaluator.visitExpr(Evaluator.scala:49)
	at sjsonnet.Evaluator.visitBinaryOp(Evaluator.scala:546)
	at sjsonnet.Evaluator.visitExpr(Evaluator.scala:38)
	at sjsonnet.Evaluator.sjsonnet$Evaluator$$visitExprWithTailCallSupport(Evaluator.scala:808)
	at sjsonnet.Evaluator$$anon$1.evalRhs(Evaluator.scala:720)
	at sjsonnet.Val$Func.apply1(Val.scala:862)
	at sjsonnet.Evaluator.visitApply1(Evaluator.scala:252)
	at sjsonnet.Evaluator.visitExpr(Evaluator.scala:49)
	at sjsonnet.Evaluator.visitBinaryOp(Evaluator.scala:546)
	at sjsonnet.Evaluator.visitExpr(Evaluator.scala:38)
	at sjsonnet.Evaluator.sjsonnet$Evaluator$$visitExprWithTailCallSupport(Evaluator.scala:808)
	at sjsonnet.Evaluator$$anon$1.evalRhs(Evaluator.scala:720)
	at sjsonnet.Val$Func.apply1(Val.scala:862)
	at sjsonnet.Evaluator.visitApply1(Evaluator.scala:252)
	at sjsonnet.Evaluator.visitExpr(Evaluator.scala:49)
	at sjsonnet.Evaluator.visitBinaryOp(Evaluator.scala:546)
	at sjsonnet.Evaluator.visitExpr(Evaluator.scala:38)
	at sjsonnet.Evaluator.sjsonnet$Evaluator$$visitExprWithTailCallSupport(Evaluator.scala:808)
	at sjsonnet.Evaluator$$anon$1.evalRhs(Evaluator.scala:720)
	at sjsonnet.Val$Func.apply1(Val.scala:862)
	at sjsonnet.Evaluator.visitApply1(Evaluator.scala:252)
	at sjsonnet.Evaluator.visitExpr(Evaluator.scala:49)
	at sjsonnet.Evaluator.visitBinaryOp(Evaluator.scala:546)
	at sjsonnet.Evaluator.visitExpr(Evaluator.scala:38)
	at sjsonnet.Evaluator.sjsonnet$Evaluator$$visitExprWithTailCallSupport(Evaluator.scala:808)
	at sjsonnet.Evaluator$$anon$1.evalRhs(Evaluator.scala:720)
	at sjsonnet.Val$Func.apply1(Val.scala:862)
	at sjsonnet.Evaluator.visitApply1(Evaluator.scala:252)
	at sjsonnet.Evaluator.visitExpr(Evaluator.scala:49)
	at sjsonnet.Evaluator.visitBinaryOp(Evaluator.scala:546)
	at sjsonnet.Evaluator.visitExpr(Evaluator.scala:38)
	at sjsonnet.Evaluator.sjsonnet$Evaluator$$visitExprWithTailCallSupport(Evaluator.scala:808)
	at sjsonnet.Evaluator$$anon$1.evalRhs(Evaluator.scala:720)
	at sjsonnet.Val$Func.apply1(Val.scala:862)
	at sjsonnet.Evaluator.visitApply1(Evaluator.scala:252)
	at sjsonnet.Evaluator.visitExpr(Evaluator.scala:49)
	at sjsonnet.Evaluator.visitBinaryOp(Evaluator.scala:546)
	at sjsonnet.Evaluator.visitExpr(Evaluator.scala:38)
	at sjsonnet.Evaluator.sjsonnet$Evaluator$$visitExprWithTailCallSupport(Evaluator.scala:808)
	at sjsonnet.Evaluator$$anon$1.evalRhs(Evaluator.scala:720)
	at sjsonnet.Val$Func.apply1(Val.scala:862)
	at sjsonnet.Evaluator.visitApply1(Evaluator.scala:252)
	at sjsonnet.Evaluator.visitExpr(Evaluator.scala:49)
	at sjsonnet.Evaluator.visitBinaryOp(Evaluator.scala:546)
	at sjsonnet.Evaluator.visitExpr(Evaluator.scala:38)
	at sjsonnet.Evaluator.sjsonnet$Evaluator$$visitExprWithTailCallSupport(Evaluator.scala:808)
	at sjsonnet.Evaluator$$anon$1.evalRhs(Evaluator.scala:720)
	at sjsonnet.Val$Func.apply1(Val.scala:862)
	at sjsonnet.Evaluator.visitApply1(Evaluator.scala:252)
	at sjsonnet.Evaluator.visitExpr(Evaluator.scala:49)
	at sjsonnet.Evaluator.visitBinaryOp(Evaluator.scala:546)
	at sjsonnet.Evaluator.visitExpr(Evaluator.scala:38)
	at sjsonnet.Evaluator.sjsonnet$Evaluator$$visitExprWithTailCallSupport(Evaluator.scala:808)
	at sjsonnet.Evaluator$$anon$1.evalRhs(Evaluator.scala:720)
	at sjsonnet.Val$Func.apply1(Val.scala:862)
	at sjsonnet.Evaluator.visitApply1(Evaluator.scala:252)
	at sjsonnet.Evaluator.visitExpr(Evaluator.scala:49)
	at sjsonnet.Evaluator.visitBinaryOp(Evaluator.scala:546)
	at sjsonnet.Evaluator.visitExpr(Evaluator.scala:38)
	at sjsonnet.Evaluator.sjsonnet$Evaluator$$visitExprWithTailCallSupport(Evaluator.scala:808)
	at sjsonnet.Evaluator$$anon$1.evalRhs(Evaluator.scala:720)
	at sjsonnet.Val$Func.apply1(Val.scala:862)
	at sjsonnet.Evaluator.visitApply1(Evaluator.scala:252)
	at sjsonnet.Evaluator.visitExpr(Evaluator.scala:49)
	at sjsonnet.Evaluator.visitBinaryOp(Evaluator.scala:546)
	at sjsonnet.Evaluator.visitExpr(Evaluator.scala:38)
	at sjsonnet.Evaluator.sjsonnet$Evaluator$$visitExprWithTailCallSupport(Evaluator.scala:808)
	at sjsonnet.Evaluator$$anon$1.evalRhs(Evaluator.scala:720)
	at sjsonnet.Val$Func.apply1(Val.scala:862)
	at sjsonnet.Evaluator.visitApply1(Evaluator.scala:252)
	at sjsonnet.Evaluator.visitExpr(Evaluator.scala:49)
	at sjsonnet.Evaluator.visitBinaryOp(Evaluator.scala:546)
	at sjsonnet.Evaluator.visitExpr(Evaluator.scala:38)
	at sjsonnet.Evaluator.sjsonnet$Evaluator$$visitExprWithTailCallSupport(Evaluator.scala:808)
	at sjsonnet.Evaluator$$anon$1.evalRhs(Evaluator.scala:720)
	at sjsonnet.Val$Func.apply1(Val.scala:862)
	at sjsonnet.Evaluator.visitApply1(Evaluator.scala:252)
	at sjsonnet.Evaluator.visitExpr(Evaluator.scala:49)
	at sjsonnet.Evaluator.visitBinaryOp(Evaluator.scala:546)
	at sjsonnet.Evaluator.visitExpr(Evaluator.scala:38)
	at sjsonnet.Evaluator.sjsonnet$Evaluator$$visitExprWithTailCallSupport(Evaluator.scala:808)
	at sjsonnet.Evaluator$$anon$1.evalRhs(Evaluator.scala:720)
	at sjsonnet.Val$Func.apply1(Val.scala:862)
	at sjsonnet.Evaluator.visitApply1(Evaluator.scala:252)
	at sjsonnet.Evaluator.visitExpr(Evaluator.scala:49)
	at sjsonnet.Evaluator.visitBinaryOp(Evaluator.scala:546)
	at sjsonnet.Evaluator.visitExpr(Evaluator.scala:38)
	at sjsonnet.Evaluator.sjsonnet$Evaluator$$visitExprWithTailCallSupport(Evaluator.scala:808)
	at sjsonnet.Evaluator$$anon$1.evalRhs(Evaluator.scala:720)
	at sjsonnet.Val$Func.apply1(Val.scala:862)
	at sjsonnet.Evaluator.visitApply1(Evaluator.scala:252)
	at sjsonnet.Evaluator.visitExpr(Evaluator.scala:49)
	at sjsonnet.Evaluator.visitBinaryOp(Evaluator.scala:546)
	at sjsonnet.Evaluator.visitExpr(Evaluator.scala:38)
	at sjsonnet.Evaluator.sjsonnet$Evaluator$$visitExprWithTailCallSupport(Evaluator.scala:808)
	at sjsonnet.Evaluator$$anon$1.evalRhs(Evaluator.scala:720)
	at sjsonnet.Val$Func.apply1(Val.scala:862)
	at sjsonnet.Evaluator.visitApply1(Evaluator.scala:252)
	at sjsonnet.Evaluator.visitExpr(Evaluator.scala:49)
	at sjsonnet.Evaluator.visitBinaryOp(Evaluator.scala:546)
	at sjsonnet.Evaluator.visitExpr(Evaluator.scala:38)
	at sjsonnet.Evaluator.sjsonnet$Evaluator$$visitExprWithTailCallSupport(Evaluator.scala:808)
	at sjsonnet.Evaluator$$anon$1.evalRhs(Evaluator.scala:720)
	at sjsonnet.Val$Func.apply1(Val.scala:862)
	at sjsonnet.Evaluator.visitApply1(Evaluator.scala:252)
	at sjsonnet.Evaluator.visitExpr(Evaluator.scala:49)
	at sjsonnet.Evaluator.visitBinaryOp(Evaluator.scala:546)
	at sjsonnet.Evaluator.visitExpr(Evaluator.scala:38)
	at sjsonnet.Evaluator.sjsonnet$Evaluator$$visitExprWithTailCallSupport(Evaluator.scala:808)
	at sjsonnet.Evaluator$$anon$1.evalRhs(Evaluator.scala:720)
	at sjsonnet.Val$Func.apply1(Val.scala:862)
	at sjsonnet.Evaluator.visitApply1(Evaluator.scala:252)
	at sjsonnet.Evaluator.visitExpr(Evaluator.scala:49)
	at sjsonnet.Evaluator.visitBinaryOp(Evaluator.scala:546)
	at sjsonnet.Evaluator.visitExpr(Evaluator.scala:38)
	at sjsonnet.Evaluator.sjsonnet$Evaluator$$visitExprWithTailCallSupport(Evaluator.scala:808)
	at sjsonnet.Evaluator$$anon$1.evalRhs(Evaluator.scala:720)
	at sjsonnet.Val$Func.apply1(Val.scala:862)
	at sjsonnet.Evaluator.visitApply1(Evaluator.scala:252)
	at sjsonnet.Evaluator.visitExpr(Evaluator.scala:49)
	at sjsonnet.Evaluator.visitBinaryOp(Evaluator.scala:546)
	at sjsonnet.Evaluator.visitExpr(Evaluator.scala:38)
	at sjsonnet.Evaluator.sjsonnet$Evaluator$$visitExprWithTailCallSupport(Evaluator.scala:808)
	at sjsonnet.Evaluator$$anon$1.evalRhs(Evaluator.scala:720)
	at sjsonnet.Val$Func.apply1(Val.scala:862)
	at sjsonnet.Evaluator.visitApply1(Evaluator.scala:252)
	at sjsonnet.Evaluator.visitExpr(Evaluator.scala:49)
	at sjsonnet.Evaluator.visitBinaryOp(Evaluator.scala:546)
	at sjsonnet.Evaluator.visitExpr(Evaluator.scala:38)
	at sjsonnet.Evaluator.sjsonnet$Evaluator$$visitExprWithTailCallSupport(Evaluator.scala:808)
	at sjsonnet.Evaluator$$anon$1.evalRhs(Evaluator.scala:720)
	at sjsonnet.Val$Func.apply1(Val.scala:862)
	at sjsonnet.Evaluator.visitApply1(Evaluator.scala:252)
	at sjsonnet.Evaluator.visitExpr(Evaluator.scala:49)
	at sjsonnet.Evaluator.visitBinaryOp(Evaluator.scala:546)
	at sjsonnet.Evaluator.visitExpr(Evaluator.scala:38)
	at sjsonnet.Evaluator.sjsonnet$Evaluator$$visitExprWithTailCallSupport(Evaluator.scala:808)
	at sjsonnet.Evaluator$$anon$1.evalRhs(Evaluator.scala:720)
	at sjsonnet.Val$Func.apply1(Val.scala:862)
	at sjsonnet.Evaluator.visitApply1(Evaluator.scala:252)
	at sjsonnet.Evaluator.visitExpr(Evaluator.scala:49)
	at sjsonnet.Evaluator.visitBinaryOp(Evaluator.scala:546)
	at sjsonnet.Evaluator.visitExpr(Evaluator.scala:38)
	at sjsonnet.Evaluator.sjsonnet$Evaluator$$visitExprWithTailCallSupport(Evaluator.scala:808)
	at sjsonnet.Evaluator$$anon$1.evalRhs(Evaluator.scala:720)
	at sjsonnet.Val$Func.apply1(Val.scala:862)
	at sjsonnet.Evaluator.visitApply1(Evaluator.scala:252)
	at sjsonnet.Evaluator.visitExpr(Evaluator.scala:49)
	at sjsonnet.Evaluator.visitBinaryOp(Evaluator.scala:546)
	at sjsonnet.Evaluator.visitExpr(Evaluator.scala:38)
	at sjsonnet.Evaluator.sjsonnet$Evaluator$$visitExprWithTailCallSupport(Evaluator.scala:808)
	at sjsonnet.Evaluator$$anon$1.evalRhs(Evaluator.scala:720)
	at sjsonnet.Val$Func.apply1(Val.scala:862)
	at sjsonnet.Evaluator.visitApply1(Evaluator.scala:252)
	at sjsonnet.Evaluator.visitExpr(Evaluator.scala:49)
	at sjsonnet.Evaluator.visitBinaryOp(Evaluator.scala:546)
	at sjsonnet.Evaluator.visitExpr(Evaluator.scala:38)
	at sjsonnet.Evaluator.sjsonnet$Evaluator$$visitExprWithTailCallSupport(Evaluator.scala:808)
	at sjsonnet.Evaluator$$anon$1.evalRhs(Evaluator.scala:720)
	at sjsonnet.Val$Func.apply1(Val.scala:862)
	at sjsonnet.Evaluator.visitApply1(Evaluator.scala:252)
	at sjsonnet.Evaluator.visitExpr(Evaluator.scala:49)
	at sjsonnet.Evaluator.visitBinaryOp(Evaluator.scala:546)
	at sjsonnet.Evaluator.visitExpr(Evaluator.scala:38)
	at sjsonnet.Evaluator.sjsonnet$Evaluator$$visitExprWithTailCallSupport(Evaluator.scala:808)
	at sjsonnet.Evaluator$$anon$1.evalRhs(Evaluator.scala:720)
	at sjsonnet.Val$Func.apply1(Val.scala:862)
	at sjsonnet.Evaluator.visitApply1(Evaluator.scala:252)
	at sjsonnet.Evaluator.visitExpr(Evaluator.scala:49)
	at sjsonnet.Evaluator.visitBinaryOp(Evaluator.scala:546)
	at sjsonnet.Evaluator.visitExpr(Evaluator.scala:38)
	at sjsonnet.Evaluator.sjsonnet$Evaluator$$visitExprWithTailCallSupport(Evaluator.scala:808)
	at sjsonnet.Evaluator$$anon$1.evalRhs(Evaluator.scala:720)
	at sjsonnet.Val$Func.apply1(Val.scala:862)
	at sjsonnet.Evaluator.visitApply1(Evaluator.scala:252)
	at sjsonnet.Evaluator.visitExpr(Evaluator.scala:49)
	at sjsonnet.Evaluator.visitBinaryOp(Evaluator.scala:546)
	at sjsonnet.Evaluator.visitExpr(Evaluator.scala:38)
	at sjsonnet.Evaluator.sjsonnet$Evaluator$$visitExprWithTailCallSupport(Evaluator.scala:808)
	at sjsonnet.Evaluator$$anon$1.evalRhs(Evaluator.scala:720)
	at sjsonnet.Val$Func.apply1(Val.scala:862)
	at sjsonnet.Evaluator.visitApply1(Evaluator.scala:252)
	at sjsonnet.Evaluator.visitExpr(Evaluator.scala:49)
	at sjsonnet.Evaluator.visitBinaryOp(Evaluator.scala:546)
	at sjsonnet.Evaluator.visitExpr(Evaluator.scala:38)
	at sjsonnet.Evaluator.sjsonnet$Evaluator$$visitExprWithTailCallSupport(Evaluator.scala:808)
	at sjsonnet.Evaluator$$anon$1.evalRhs(Evaluator.scala:720)
	at sjsonnet.Val$Func.apply1(Val.scala:862)
	at sjsonnet.Evaluator.visitApply1(Evaluator.scala:252)
	at sjsonnet.Evaluator.visitExpr(Evaluator.scala:49)
	at sjsonnet.Evaluator.visitBinaryOp(Evaluator.scala:546)
	at sjsonnet.Evaluator.visitExpr(Evaluator.scala:38)
	at sjsonnet.Evaluator.sjsonnet$Evaluator$$visitExprWithTailCallSupport(Evaluator.scala:808)
	at sjsonnet.Evaluator$$anon$1.evalRhs(Evaluator.scala:720)
	at sjsonnet.Val$Func.apply1(Val.scala:862)
	at sjsonnet.Evaluator.visitApply1(Evaluator.scala:252)
	at sjsonnet.Evaluator.visitExpr(Evaluator.scala:49)
	at sjsonnet.Evaluator.visitBinaryOp(Evaluator.scala:546)
	at sjsonnet.Evaluator.visitExpr(Evaluator.scala:38)
	at sjsonnet.Evaluator.sjsonnet$Evaluator$$visitExprWithTailCallSupport(Evaluator.scala:808)
	at sjsonnet.Evaluator$$anon$1.evalRhs(Evaluator.scala:720)
	at sjsonnet.Val$Func.apply1(Val.scala:862)
	at sjsonnet.Evaluator.visitApply1(Evaluator.scala:252)
	at sjsonnet.Evaluator.visitExpr(Evaluator.scala:49)
	at sjsonnet.Evaluator.visitBinaryOp(Evaluator.scala:546)
	at sjsonnet.Evaluator.visitExpr(Evaluator.scala:38)
	at sjsonnet.Evaluator.sjsonnet$Evaluator$$visitExprWithTailCallSupport(Evaluator.scala:808)
	at sjsonnet.Evaluator$$anon$1.evalRhs(Evaluator.scala:720)
	at sjsonnet.Val$Func.apply1(Val.scala:862)
	at sjsonnet.Evaluator.visitApply1(Evaluator.scala:252)
	at sjsonnet.Evaluator.visitExpr(Evaluator.scala:49)
	at sjsonnet.Evaluator.visitBinaryOp(Evaluator.scala:546)
	at sjsonnet.Evaluator.visitExpr(Evaluator.scala:38)
	at sjsonnet.Evaluator.sjsonnet$Evaluator$$visitExprWithTailCallSupport(Evaluator.scala:808)
	at sjsonnet.Evaluator$$anon$1.evalRhs(Evaluator.scala:720)
	at sjsonnet.Val$Func.apply1(Val.scala:862)
	at sjsonnet.Evaluator.visitApply1(Evaluator.scala:252)
	at sjsonnet.Evaluator.visitExpr(Evaluator.scala:49)
	at sjsonnet.Evaluator.visitBinaryOp(Evaluator.scala:546)
	at sjsonnet.Evaluator.visitExpr(Evaluator.scala:38)
	at sjsonnet.Evaluator.sjsonnet$Evaluator$$visitExprWithTailCallSupport(Evaluator.scala:808)
	at sjsonnet.Evaluator$$anon$1.evalRhs(Evaluator.scala:720)
	at sjsonnet.Val$Func.apply1(Val.scala:862)
	at sjsonnet.Evaluator.visitApply1(Evaluator.scala:252)
	at sjsonnet.Evaluator.visitExpr(Evaluator.scala:49)
	at sjsonnet.Evaluator.visitBinaryOp(Evaluator.scala:546)
	at sjsonnet.Evaluator.visitExpr(Evaluator.scala:38)
	at sjsonnet.Evaluator.sjsonnet$Evaluator$$visitExprWithTailCallSupport(Evaluator.scala:808)
	at sjsonnet.Evaluator$$anon$1.evalRhs(Evaluator.scala:720)
	at sjsonnet.Val$Func.apply1(Val.scala:862)
	at sjsonnet.Evaluator.visitApply1(Evaluator.scala:252)
	at sjsonnet.Evaluator.visitExpr(Evaluator.scala:49)
	at sjsonnet.Evaluator.visitBinaryOp(Evaluator.scala:546)
	at sjsonnet.Evaluator.visitExpr(Evaluator.scala:38)
	at sjsonnet.Evaluator.sjsonnet$Evaluator$$visitExprWithTailCallSupport(Evaluator.scala:808)
	at sjsonnet.Evaluator$$anon$1.evalRhs(Evaluator.scala:720)
	at sjsonnet.Val$Func.apply1(Val.scala:862)
	at sjsonnet.Evaluator.visitApply1(Evaluator.scala:252)
	at sjsonnet.Evaluator.visitExpr(Evaluator.scala:49)
	at sjsonnet.Evaluator.visitBinaryOp(Evaluator.scala:546)
	at sjsonnet.Evaluator.visitExpr(Evaluator.scala:38)
	at sjsonnet.Evaluator.sjsonnet$Evaluator$$visitExprWithTailCallSupport(Evaluator.scala:808)
	at sjsonnet.Evaluator$$anon$1.evalRhs(Evaluator.scala:720)
	at sjsonnet.Val$Func.apply1(Val.scala:862)
	at sjsonnet.Evaluator.visitApply1(Evaluator.scala:252)
	at sjsonnet.Evaluator.visitExpr(Evaluator.scala:49)
	at sjsonnet.Evaluator.visitBinaryOp(Evaluator.scala:546)
	at sjsonnet.Evaluator.visitExpr(Evaluator.scala:38)
	at sjsonnet.Evaluator.sjsonnet$Evaluator$$visitExprWithTailCallSupport(Evaluator.scala:808)
	at sjsonnet.Evaluator$$anon$1.evalRhs(Evaluator.scala:720)
	at sjsonnet.Val$Func.apply1(Val.scala:862)
	at sjsonnet.Evaluator.visitApply1(Evaluator.scala:252)
	at sjsonnet.Evaluator.visitExpr(Evaluator.scala:49)
	at sjsonnet.Evaluator.visitBinaryOp(Evaluator.scala:546)
	at sjsonnet.Evaluator.visitExpr(Evaluator.scala:38)
	at sjsonnet.Evaluator.sjsonnet$Evaluator$$visitExprWithTailCallSupport(Evaluator.scala:808)
	at sjsonnet.Evaluator$$anon$1.evalRhs(Evaluator.scala:720)
	at sjsonnet.Val$Func.apply1(Val.scala:862)
	at sjsonnet.Evaluator.visitApply1(Evaluator.scala:252)
	at sjsonnet.Evaluator.visitExpr(Evaluator.scala:49)
	at sjsonnet.Evaluator.visitBinaryOp(Evaluator.scala:546)
	at sjsonnet.Evaluator.visitExpr(Evaluator.scala:38)
	at sjsonnet.Evaluator.sjsonnet$Evaluator$$visitExprWithTailCallSupport(Evaluator.scala:808)
	at sjsonnet.Evaluator$$anon$1.evalRhs(Evaluator.scala:720)
	at sjsonnet.Val$Func.apply1(Val.scala:862)
	at sjsonnet.Evaluator.visitApply1(Evaluator.scala:252)
	at sjsonnet.Evaluator.visitExpr(Evaluator.scala:49)
	at sjsonnet.Evaluator.visitBinaryOp(Evaluator.scala:546)
	at sjsonnet.Evaluator.visitExpr(Evaluator.scala:38)
	at sjsonnet.Evaluator.sjsonnet$Evaluator$$visitExprWithTailCallSupport(Evaluator.scala:808)
	at sjsonnet.Evaluator$$anon$1.evalRhs(Evaluator.scala:720)
	at sjsonnet.Val$Func.apply1(Val.scala:862)
	at sjsonnet.Evaluator.visitApply1(Evaluator.scala:252)
	at sjsonnet.Evaluator.visitExpr(Evaluator.scala:49)
	at sjsonnet.Evaluator.visitBinaryOp(Evaluator.scala:546)
	at sjsonnet.Evaluator.visitExpr(Evaluator.scala:38)
	at sjsonnet.Evaluator.sjsonnet$Evaluator$$visitExprWithTailCallSupport(Evaluator.scala:808)
	at sjsonnet.Evaluator$$anon$1.evalRhs(Evaluator.scala:720)
	at sjsonnet.Val$Func.apply1(Val.scala:862)
	at sjsonnet.Evaluator.visitApply1(Evaluator.scala:252)
	at sjsonnet.Evaluator.visitExpr(Evaluator.scala:49)
	at sjsonnet.Evaluator.visitBinaryOp(Evaluator.scala:546)
	at sjsonnet.Evaluator.visitExpr(Evaluator.scala:38)
	at sjsonnet.Evaluator.sjsonnet$Evaluator$$visitExprWithTailCallSupport(Evaluator.scala:808)
	at sjsonnet.Evaluator$$anon$1.evalRhs(Evaluator.scala:720)
	at sjsonnet.Val$Func.apply1(Val.scala:862)
	at sjsonnet.Evaluator.visitApply1(Evaluator.scala:252)
	at sjsonnet.Evaluator.visitExpr(Evaluator.scala:49)
	at sjsonnet.Evaluator.visitBinaryOp(Evaluator.scala:546)
	at sjsonnet.Evaluator.visitExpr(Evaluator.scala:38)
	at sjsonnet.Evaluator.sjsonnet$Evaluator$$visitExprWithTailCallSupport(Evaluator.scala:808)
	at sjsonnet.Evaluator$$anon$1.evalRhs(Evaluator.scala:720)
	at sjsonnet.Val$Func.apply1(Val.scala:862)
	at sjsonnet.Evaluator.visitApply1(Evaluator.scala:252)
	at sjsonnet.Evaluator.visitExpr(Evaluator.scala:49)
	at sjsonnet.Evaluator.visitBinaryOp(Evaluator.scala:546)
	at sjsonnet.Evaluator.visitExpr(Evaluator.scala:38)
	at sjsonnet.Evaluator.sjsonnet$Evaluator$$visitExprWithTailCallSupport(Evaluator.scala:808)
	at sjsonnet.Evaluator$$anon$1.evalRhs(Evaluator.scala:720)
	at sjsonnet.Val$Func.apply1(Val.scala:862)
	at sjsonnet.Evaluator.visitApply1(Evaluator.scala:252)
	at sjsonnet.Evaluator.visitExpr(Evaluator.scala:49)
	at sjsonnet.Evaluator.visitBinaryOp(Evaluator.scala:546)
	at sjsonnet.Evaluator.visitExpr(Evaluator.scala:38)
	at sjsonnet.Evaluator.sjsonnet$Evaluator$$visitExprWithTailCallSupport(Evaluator.scala:808)
	at sjsonnet.Evaluator$$anon$1.evalRhs(Evaluator.scala:720)
	at sjsonnet.Val$Func.apply1(Val.scala:862)
	at sjsonnet.Evaluator.visitApply1(Evaluator.scala:252)
	at sjsonnet.Evaluator.visitExpr(Evaluator.scala:49)
	at sjsonnet.Evaluator.visitBinaryOp(Evaluator.scala:546)
	at sjsonnet.Evaluator.visitExpr(Evaluator.scala:38)
	at sjsonnet.Evaluator.sjsonnet$Evaluator$$visitExprWithTailCallSupport(Evaluator.scala:808)
	at sjsonnet.Evaluator$$anon$1.evalRhs(Evaluator.scala:720)
	at sjsonnet.Val$Func.apply1(Val.scala:862)
	at sjsonnet.Evaluator.visitApply1(Evaluator.scala:252)
	at sjsonnet.Evaluator.visitExpr(Evaluator.scala:49)
	at sjsonnet.Evaluator.visitBinaryOp(Evaluator.scala:546)
	at sjsonnet.Evaluator.visitExpr(Evaluator.scala:38)
	at sjsonnet.Evaluator.sjsonnet$Evaluator$$visitExprWithTailCallSupport(Evaluator.scala:808)
	at sjsonnet.Evaluator$$anon$1.evalRhs(Evaluator.scala:720)
	at sjsonnet.Val$Func.apply1(Val.scala:862)
	at sjsonnet.Evaluator.visitApply1(Evaluator.scala:252)
	at sjsonnet.Evaluator.visitExpr(Evaluator.scala:49)
	at sjsonnet.Evaluator.visitBinaryOp(Evaluator.scala:546)
	at sjsonnet.Evaluator.visitExpr(Evaluator.scala:38)
	at sjsonnet.Evaluator.sjsonnet$Evaluator$$visitExprWithTailCallSupport(Evaluator.scala:808)
	at sjsonnet.Evaluator$$anon$1.evalRhs(Evaluator.scala:720)
	at sjsonnet.Val$Func.apply1(Val.scala:862)
	at sjsonnet.Evaluator.visitApply1(Evaluator.scala:252)
	at sjsonnet.Evaluator.visitExpr(Evaluator.scala:49)
	at sjsonnet.Evaluator.visitBinaryOp(Evaluator.scala:546)
	at sjsonnet.Evaluator.visitExpr(Evaluator.scala:38)
	at sjsonnet.Evaluator.sjsonnet$Evaluator$$visitExprWithTailCallSupport(Evaluator.scala:808)
	at sjsonnet.Evaluator$$anon$1.evalRhs(Evaluator.scala:720)
	at sjsonnet.Val$Func.apply1(Val.scala:862)
	at sjsonnet.Evaluator.visitApply1(Evaluator.scala:252)
	at sjsonnet.Evaluator.visitExpr(Evaluator.scala:49)
	at sjsonnet.Evaluator.visitBinaryOp(Evaluator.scala:546)
	at sjsonnet.Evaluator.visitExpr(Evaluator.scala:38)
	at sjsonnet.Evaluator.sjsonnet$Evaluator$$visitExprWithTailCallSupport(Evaluator.scala:808)
	at sjsonnet.Evaluator$$anon$1.evalRhs(Evaluator.scala:720)
	at sjsonnet.Val$Func.apply1(Val.scala:862)
	at sjsonnet.Evaluator.visitApply1(Evaluator.scala:252)
	at sjsonnet.Evaluator.visitExpr(Evaluator.scala:49)
	at sjsonnet.Evaluator.visitBinaryOp(Evaluator.scala:546)
	at sjsonnet.Evaluator.visitExpr(Evaluator.scala:38)
	at sjsonnet.Evaluator.sjsonnet$Evaluator$$visitExprWithTailCallSupport(Evaluator.scala:808)
	at sjsonnet.Evaluator$$anon$1.evalRhs(Evaluator.scala:720)
	at sjsonnet.Val$Func.apply1(Val.scala:862)
	at sjsonnet.Evaluator.visitApply1(Evaluator.scala:252)
	at sjsonnet.Evaluator.visitExpr(Evaluator.scala:49)
	at sjsonnet.Evaluator.visitBinaryOp(Evaluator.scala:546)
	at sjsonnet.Evaluator.visitExpr(Evaluator.scala:38)
	at sjsonnet.Evaluator.sjsonnet$Evaluator$$visitExprWithTailCallSupport(Evaluator.scala:808)
	at sjsonnet.Evaluator$$anon$1.evalRhs(Evaluator.scala:720)
	at sjsonnet.Val$Func.apply1(Val.scala:862)
	at sjsonnet.Evaluator.visitApply1(Evaluator.scala:252)
	at sjsonnet.Evaluator.visitExpr(Evaluator.scala:49)
	at sjsonnet.Evaluator.visitBinaryOp(Evaluator.scala:546)
	at sjsonnet.Evaluator.visitExpr(Evaluator.scala:38)
	at sjsonnet.Evaluator.sjsonnet$Evaluator$$visitExprWithTailCallSupport(Evaluator.scala:808)
	at sjsonnet.Evaluator$$anon$1.evalRhs(Evaluator.scala:720)
	at sjsonnet.Val$Func.apply1(Val.scala:862)
	at sjsonnet.Evaluator.visitApply1(Evaluator.scala:252)
	at sjsonnet.Evaluator.visitExpr(Evaluator.scala:49)
	at sjsonnet.Evaluator.visitBinaryOp(Evaluator.scala:546)
	at sjsonnet.Evaluator.visitExpr(Evaluator.scala:38)
	at sjsonnet.Evaluator.sjsonnet$Evaluator$$visitExprWithTailCallSupport(Evaluator.scala:808)
	at sjsonnet.Evaluator$$anon$1.evalRhs(Evaluator.scala:720)
	at sjsonnet.Val$Func.apply1(Val.scala:862)
	at sjsonnet.Evaluator.visitApply1(Evaluator.scala:252)
	at sjsonnet.Evaluator.visitExpr(Evaluator.scala:49)
	at sjsonnet.Evaluator.visitBinaryOp(Evaluator.scala:546)
	at sjsonnet.Evaluator.visitExpr(Evaluator.scala:38)
	at sjsonnet.Evaluator.sjsonnet$Evaluator$$visitExprWithTailCallSupport(Evaluator.scala:808)
	at sjsonnet.Evaluator$$anon$1.evalRhs(Evaluator.scala:720)
	at sjsonnet.Val$Func.apply1(Val.scala:862)
	at sjsonnet.Evaluator.visitApply1(Evaluator.scala:252)
	at sjsonnet.Evaluator.visitExpr(Evaluator.scala:49)
	at sjsonnet.Evaluator.visitBinaryOp(Evaluator.scala:546)
	at sjsonnet.Evaluator.visitExpr(Evaluator.scala:38)
	at sjsonnet.Evaluator.sjsonnet$Evaluator$$visitExprWithTailCallSupport(Evaluator.scala:808)
	at sjsonnet.Evaluator$$anon$1.evalRhs(Evaluator.scala:720)
	at sjsonnet.Val$Func.apply1(Val.scala:862)
	at sjsonnet.Evaluator.visitApply1(Evaluator.scala:252)
	at sjsonnet.Evaluator.visitExpr(Evaluator.scala:49)
	at sjsonnet.Evaluator.visitBinaryOp(Evaluator.scala:546)
	at sjsonnet.Evaluator.visitExpr(Evaluator.scala:38)
	at sjsonnet.Evaluator.sjsonnet$Evaluator$$visitExprWithTailCallSupport(Evaluator.scala:808)
	at sjsonnet.Evaluator$$anon$1.evalRhs(Evaluator.scala:720)
	at sjsonnet.Val$Func.apply1(Val.scala:862)
	at sjsonnet.Evaluator.visitApply1(Evaluator.scala:252)
	at sjsonnet.Evaluator.visitExpr(Evaluator.scala:49)
	at sjsonnet.Evaluator.visitBinaryOp(Evaluator.scala:546)
	at sjsonnet.Evaluator.visitExpr(Evaluator.scala:38)
	at sjsonnet.Evaluator.sjsonnet$Evaluator$$visitExprWithTailCallSupport(Evaluator.scala:808)
	at sjsonnet.Evaluator$$anon$1.evalRhs(Evaluator.scala:720)
	at sjsonnet.Val$Func.apply1(Val.scala:862)
	at sjsonnet.Evaluator.visitApply1(Evaluator.scala:252)
	at sjsonnet.Evaluator.visitExpr(Evaluator.scala:49)
	at sjsonnet.Evaluator.visitBinaryOp(Evaluator.scala:546)
	at sjsonnet.Evaluator.visitExpr(Evaluator.scala:38)
	at sjsonnet.Evaluator.sjsonnet$Evaluator$$visitExprWithTailCallSupport(Evaluator.scala:808)
	at sjsonnet.Evaluator$$anon$1.evalRhs(Evaluator.scala:720)
	at sjsonnet.Val$Func.apply1(Val.scala:862)
	at sjsonnet.Evaluator.visitApply1(Evaluator.scala:252)
	at sjsonnet.Evaluator.visitExpr(Evaluator.scala:49)
	at sjsonnet.Evaluator.visitBinaryOp(Evaluator.scala:546)
	at sjsonnet.Evaluator.visitExpr(Evaluator.scala:38)
	at sjsonnet.Evaluator.sjsonnet$Evaluator$$visitExprWithTailCallSupport(Evaluator.scala:808)
	at sjsonnet.Evaluator$$anon$1.evalRhs(Evaluator.scala:720)
	at sjsonnet.Val$Func.apply1(Val.scala:862)
	at sjsonnet.Evaluator.visitApply1(Evaluator.scala:252)
	at sjsonnet.Evaluator.visitExpr(Evaluator.scala:49)
	at sjsonnet.Evaluator.visitBinaryOp(Evaluator.scala:546)
	at sjsonnet.Evaluator.visitExpr(Evaluator.scala:38)
	at sjsonnet.Evaluator.sjsonnet$Evaluator$$visitExprWithTailCallSupport(Evaluator.scala:808)
	at sjsonnet.Evaluator$$anon$1.evalRhs(Evaluator.scala:720)
	at sjsonnet.Val$Func.apply1(Val.scala:862)
	at sjsonnet.Evaluator.visitApply1(Evaluator.scala:252)
	at sjsonnet.Evaluator.visitExpr(Evaluator.scala:49)
	at sjsonnet.Evaluator.visitBinaryOp(Evaluator.scala:546)
	at sjsonnet.Evaluator.visitExpr(Evaluator.scala:38)
	at sjsonnet.Evaluator.sjsonnet$Evaluator$$visitExprWithTailCallSupport(Evaluator.scala:808)
	at sjsonnet.Evaluator$$anon$1.evalRhs(Evaluator.scala:720)
	at sjsonnet.Val$Func.apply1(Val.scala:862)
	at sjsonnet.Evaluator.visitApply1(Evaluator.scala:252)
	at sjsonnet.Evaluator.visitExpr(Evaluator.scala:49)
	at sjsonnet.Evaluator.visitBinaryOp(Evaluator.scala:546)
	at sjsonnet.Evaluator.visitExpr(Evaluator.scala:38)
	at sjsonnet.Evaluator.sjsonnet$Evaluator$$visitExprWithTailCallSupport(Evaluator.scala:808)
	at sjsonnet.Evaluator$$anon$1.evalRhs(Evaluator.scala:720)
	at sjsonnet.Val$Func.apply1(Val.scala:862)
	at sjsonnet.Evaluator.visitApply1(Evaluator.scala:252)
	at sjsonnet.Evaluator.visitExpr(Evaluator.scala:49)
	at sjsonnet.Evaluator.visitBinaryOp(Evaluator.scala:546)
	at sjsonnet.Evaluator.visitExpr(Evaluator.scala:38)
	at sjsonnet.Evaluator.sjsonnet$Evaluator$$visitExprWithTailCallSupport(Evaluator.scala:808)
	at sjsonnet.Evaluator$$anon$1.evalRhs(Evaluator.scala:720)
	at sjsonnet.Val$Func.apply1(Val.scala:862)
	at sjsonnet.Evaluator.visitApply1(Evaluator.scala:252)
	at sjsonnet.Evaluator.visitExpr(Evaluator.scala:49)
	at sjsonnet.Evaluator.visitBinaryOp(Evaluator.scala:546)
	at sjsonnet.Evaluator.visitExpr(Evaluator.scala:38)
	at sjsonnet.Evaluator.sjsonnet$Evaluator$$visitExprWithTailCallSupport(Evaluator.scala:808)
	at sjsonnet.Evaluator$$anon$1.evalRhs(Evaluator.scala:720)
	at sjsonnet.Val$Func.apply1(Val.scala:862)
	at sjsonnet.Evaluator.visitApply1(Evaluator.scala:252)
	at sjsonnet.Evaluator.visitExpr(Evaluator.scala:49)
	at sjsonnet.Evaluator.visitBinaryOp(Evaluator.scala:546)
	at sjsonnet.Evaluator.visitExpr(Evaluator.scala:38)
	at sjsonnet.Evaluator.sjsonnet$Evaluator$$visitExprWithTailCallSupport(Evaluator.scala:808)
	at sjsonnet.Evaluator$$anon$1.evalRhs(Evaluator.scala:720)
	at sjsonnet.Val$Func.apply1(Val.scala:862)
	at sjsonnet.Evaluator.visitApply1(Evaluator.scala:252)
	at sjsonnet.Evaluator.visitExpr(Evaluator.scala:49)
	at sjsonnet.Evaluator.visitBinaryOp(Evaluator.scala:546)
	at sjsonnet.Evaluator.visitExpr(Evaluator.scala:38)
	at sjsonnet.Evaluator.sjsonnet$Evaluator$$visitExprWithTailCallSupport(Evaluator.scala:808)
	at sjsonnet.Evaluator$$anon$1.evalRhs(Evaluator.scala:720)
	at sjsonnet.Val$Func.apply1(Val.scala:862)
	at sjsonnet.Evaluator.visitApply1(Evaluator.scala:252)
	at sjsonnet.Evaluator.visitExpr(Evaluator.scala:49)
	at sjsonnet.Evaluator.visitBinaryOp(Evaluator.scala:546)
	at sjsonnet.Evaluator.visitExpr(Evaluator.scala:38)
	at sjsonnet.Evaluator.sjsonnet$Evaluator$$visitExprWithTailCallSupport(Evaluator.scala:808)
	at sjsonnet.Evaluator$$anon$1.evalRhs(Evaluator.scala:720)
	at sjsonnet.Val$Func.apply1(Val.scala:862)
	at sjsonnet.Evaluator.visitApply1(Evaluator.scala:252)
	at sjsonnet.Evaluator.visitExpr(Evaluator.scala:49)
	at sjsonnet.Evaluator.visitBinaryOp(Evaluator.scala:546)
	at sjsonnet.Evaluator.visitExpr(Evaluator.scala:38)
	at sjsonnet.Evaluator.sjsonnet$Evaluator$$visitExprWithTailCallSupport(Evaluator.scala:808)
	at sjsonnet.Evaluator$$anon$1.evalRhs(Evaluator.scala:720)
	at sjsonnet.Val$Func.apply1(Val.scala:862)
	at sjsonnet.Evaluator.visitApply1(Evaluator.scala:252)
	at sjsonnet.Evaluator.visitExpr(Evaluator.scala:49)
	at sjsonnet.Evaluator.visitBinaryOp(Evaluator.scala:546)
	at sjsonnet.Evaluator.visitExpr(Evaluator.scala:38)
	at sjsonnet.Evaluator.sjsonnet$Evaluator$$visitExprWithTailCallSupport(Evaluator.scala:808)
	at sjsonnet.Evaluator$$anon$1.evalRhs(Evaluator.scala:720)
	at sjsonnet.Val$Func.apply1(Val.scala:862)
	at sjsonnet.Evaluator.visitApply1(Evaluator.scala:252)
	at sjsonnet.Evaluator.visitExpr(Evaluator.scala:49)
	at sjsonnet.Evaluator.visitBinaryOp(Evaluator.scala:546)
	at sjsonnet.Evaluator.visitExpr(Evaluator.scala:38)
	at sjsonnet.Evaluator.sjsonnet$Evaluator$$visitExprWithTailCallSupport(Evaluator.scala:808)
	at sjsonnet.Evaluator$$anon$1.evalRhs(Evaluator.scala:720)
	at sjsonnet.Val$Func.apply1(Val.scala:862)
	at sjsonnet.Evaluator.visitApply1(Evaluator.scala:252)
	at sjsonnet.Evaluator.visitExpr(Evaluator.scala:49)
	at sjsonnet.Evaluator.visitBinaryOp(Evaluator.scala:546)
	at sjsonnet.Evaluator.visitExpr(Evaluator.scala:38)
	at sjsonnet.Evaluator.sjsonnet$Evaluator$$visitExprWithTailCallSupport(Evaluator.scala:808)
	at sjsonnet.Evaluator$$anon$1.evalRhs(Evaluator.scala:720)
	at sjsonnet.Val$Func.apply1(Val.scala:862)
	at sjsonnet.Evaluator.visitApply1(Evaluator.scala:252)
	at sjsonnet.Evaluator.visitExpr(Evaluator.scala:49)
	at sjsonnet.Evaluator.visitBinaryOp(Evaluator.scala:546)
	at sjsonnet.Evaluator.visitExpr(Evaluator.scala:38)
	at sjsonnet.Evaluator.sjsonnet$Evaluator$$visitExprWithTailCallSupport(Evaluator.scala:808)
	at sjsonnet.Evaluator$$anon$1.evalRhs(Evaluator.scala:720)
	at sjsonnet.Val$Func.apply1(Val.scala:862)
	at sjsonnet.Evaluator.visitApply1(Evaluator.scala:252)
	at sjsonnet.Evaluator.visitExpr(Evaluator.scala:49)
	at sjsonnet.Evaluator.visitBinaryOp(Evaluator.scala:546)
	at sjsonnet.Evaluator.visitExpr(Evaluator.scala:38)
	at sjsonnet.Evaluator.sjsonnet$Evaluator$$visitExprWithTailCallSupport(Evaluator.scala:808)
	at sjsonnet.Evaluator$$anon$1.evalRhs(Evaluator.scala:720)
	at sjsonnet.Val$Func.apply1(Val.scala:862)
	at sjsonnet.Evaluator.visitApply1(Evaluator.scala:252)
	at sjsonnet.Evaluator.visitExpr(Evaluator.scala:49)
	at sjsonnet.Evaluator.visitBinaryOp(Evaluator.scala:546)
	at sjsonnet.Evaluator.visitExpr(Evaluator.scala:38)
	at sjsonnet.Evaluator.sjsonnet$Evaluator$$visitExprWithTailCallSupport(Evaluator.scala:808)
	at sjsonnet.Evaluator$$anon$1.evalRhs(Evaluator.scala:720)
	at sjsonnet.Val$Func.apply1(Val.scala:862)
	at sjsonnet.Evaluator.visitApply1(Evaluator.scala:252)
	at sjsonnet.Evaluator.visitExpr(Evaluator.scala:49)
	at sjsonnet.Evaluator.visitBinaryOp(Evaluator.scala:546)
	at sjsonnet.Evaluator.visitExpr(Evaluator.scala:38)
	at sjsonnet.Evaluator.sjsonnet$Evaluator$$visitExprWithTailCallSupport(Evaluator.scala:808)
	at sjsonnet.Evaluator$$anon$1.evalRhs(Evaluator.scala:720)
	at sjsonnet.Val$Func.apply1(Val.scala:862)
	at sjsonnet.Evaluator.visitApply1(Evaluator.scala:252)
	at sjsonnet.Evaluator.visitExpr(Evaluator.scala:49)
	at sjsonnet.Evaluator.visitBinaryOp(Evaluator.scala:546)
	at sjsonnet.Evaluator.visitExpr(Evaluator.scala:38)
	at sjsonnet.Evaluator.sjsonnet$Evaluator$$visitExprWithTailCallSupport(Evaluator.scala:808)
	at sjsonnet.Evaluator$$anon$1.evalRhs(Evaluator.scala:720)
	at sjsonnet.Val$Func.apply1(Val.scala:862)
	at sjsonnet.Evaluator.visitApply1(Evaluator.scala:252)
	at sjsonnet.Evaluator.visitExpr(Evaluator.scala:49)
	at sjsonnet.Evaluator.visitBinaryOp(Evaluator.scala:546)
	at sjsonnet.Evaluator.visitExpr(Evaluator.scala:38)
	at sjsonnet.Evaluator.sjsonnet$Evaluator$$visitExprWithTailCallSupport(Evaluator.scala:808)
	at sjsonnet.Evaluator$$anon$1.evalRhs(Evaluator.scala:720)
	at sjsonnet.Val$Func.apply1(Val.scala:862)
	at sjsonnet.Evaluator.visitApply1(Evaluator.scala:252)
	at sjsonnet.Evaluator.visitExpr(Evaluator.scala:49)
	at sjsonnet.Evaluator.visitBinaryOp(Evaluator.scala:546)
	at sjsonnet.Evaluator.visitExpr(Evaluator.scala:38)
	at sjsonnet.Evaluator.sjsonnet$Evaluator$$visitExprWithTailCallSupport(Evaluator.scala:808)
	at sjsonnet.Evaluator$$anon$1.evalRhs(Evaluator.scala:720)
	at sjsonnet.Val$Func.apply1(Val.scala:862)
	at sjsonnet.Evaluator.visitApply1(Evaluator.scala:252)
	at sjsonnet.Evaluator.visitExpr(Evaluator.scala:49)
	at sjsonnet.Evaluator.visitBinaryOp(Evaluator.scala:546)
	at sjsonnet.Evaluator.visitExpr(Evaluator.scala:38)
	at sjsonnet.Evaluator.sjsonnet$Evaluator$$visitExprWithTailCallSupport(Evaluator.scala:808)
	at sjsonnet.Evaluator$$anon$1.evalRhs(Evaluator.scala:720)
	at sjsonnet.Val$Func.apply1(Val.scala:862)
	at sjsonnet.Evaluator.visitApply1(Evaluator.scala:252)
	at sjsonnet.Evaluator.visitExpr(Evaluator.scala:49)
	at sjsonnet.Evaluator.visitBinaryOp(Evaluator.scala:546)
	at sjsonnet.Evaluator.visitExpr(Evaluator.scala:38)
	at sjsonnet.Evaluator.sjsonnet$Evaluator$$visitExprWithTailCallSupport(Evaluator.scala:808)
	at sjsonnet.Evaluator$$anon$1.evalRhs(Evaluator.scala:720)
	at sjsonnet.Val$Func.apply1(Val.scala:862)
	at sjsonnet.Evaluator.visitApply1(Evaluator.scala:252)
	at sjsonnet.Evaluator.visitExpr(Evaluator.scala:49)
	at sjsonnet.Evaluator.visitBinaryOp(Evaluator.scala:546)
	at sjsonnet.Evaluator.visitExpr(Evaluator.scala:38)
	at sjsonnet.Evaluator.sjsonnet$Evaluator$$visitExprWithTailCallSupport(Evaluator.scala:808)
