Exception in thread "main" java.lang.StackOverflowError
	at java.base/java.lang.ClassLoader.defineClass1(Native Method)
	at java.base/java.lang.ClassLoader.defineClass(ClassLoader.java:1022)
	at java.base/java.security.SecureClassLoader.defineClass(SecureClassLoader.java:174)
	at java.base/jdk.internal.loader.BuiltinClassLoader.defineClass(BuiltinClassLoader.java:800)
	at java.base/jdk.internal.loader.BuiltinClassLoader.findClassOnClassPathOrNull(BuiltinClassLoader.java:698)
	at java.base/jdk.internal.loader.BuiltinClassLoader.loadClassOrNull(BuiltinClassLoader.java:621)
	at java.base/jdk.internal.loader.BuiltinClassLoader.loadClass(BuiltinClassLoader.java:579)
	at java.base/jdk.internal.loader.ClassLoaders$AppClassLoader.loadClass(ClassLoaders.java:178)
	at java.base/java.lang.ClassLoader.loadClass(ClassLoader.java:527)
	at sjsonnet.Error$$anon$1.isDefinedAt(Error.scala:63)
	at sjsonnet.Error$$anon$1.isDefinedAt(Error.scala:61)
	at sjsonnet.Evaluator.visitExpr(Evaluator.scala:75)
	at sjsonnet.Evaluator.visitBinaryOp(Evaluator.scala:459)
	at sjsonnet.Evaluator.visitExpr(Evaluator.scala:36)
	at sjsonnet.Evaluator$$anon$1.evalRhs(Evaluator.scala:620)
	at sjsonnet.Val$Func.apply1(Val.scala:590)
	at sjsonnet.Evaluator.visitApply1(Evaluator.scala:231)
	at sjsonnet.Evaluator.visitExpr(Evaluator.scala:47)
	at sjsonnet.Evaluator.visitBinaryOp(Evaluator.scala:459)
	at sjsonnet.Evaluator.visitExpr(Evaluator.scala:36)
	at sjsonnet.Evaluator$$anon$1.evalRhs(Evaluator.scala:620)
	at sjsonnet.Val$Func.apply1(Val.scala:590)
	at sjsonnet.Evaluator.visitApply1(Evaluator.scala:231)
	at sjsonnet.Evaluator.visitExpr(Evaluator.scala:47)
	at sjsonnet.Evaluator.visitBinaryOp(Evaluator.scala:459)
	at sjsonnet.Evaluator.visitExpr(Evaluator.scala:36)
	at sjsonnet.Evaluator$$anon$1.evalRhs(Evaluator.scala:620)
	at sjsonnet.Val$Func.apply1(Val.scala:590)
	at sjsonnet.Evaluator.visitApply1(Evaluator.scala:231)
	at sjsonnet.Evaluator.visitExpr(Evaluator.scala:47)
	at sjsonnet.Evaluator.visitBinaryOp(Evaluator.scala:459)
	at sjsonnet.Evaluator.visitExpr(Evaluator.scala:36)
	at sjsonnet.Evaluator$$anon$1.evalRhs(Evaluator.scala:620)
	at sjsonnet.Val$Func.apply1(Val.scala:590)
	at sjsonnet.Evaluator.visitApply1(Evaluator.scala:231)
	at sjsonnet.Evaluator.visitExpr(Evaluator.scala:47)
	at sjsonnet.Evaluator.visitBinaryOp(Evaluator.scala:459)
	at sjsonnet.Evaluator.visitExpr(Evaluator.scala:36)
	at sjsonnet.Evaluator$$anon$1.evalRhs(Evaluator.scala:620)
	at sjsonnet.Val$Func.apply1(Val.scala:590)
	at sjsonnet.Evaluator.visitApply1(Evaluator.scala:231)
	at sjsonnet.Evaluator.visitExpr(Evaluator.scala:47)
	at sjsonnet.Evaluator.visitBinaryOp(Evaluator.scala:459)
	at sjsonnet.Evaluator.visitExpr(Evaluator.scala:36)
	at sjsonnet.Evaluator$$anon$1.evalRhs(Evaluator.scala:620)
	at sjsonnet.Val$Func.apply1(Val.scala:590)
	at sjsonnet.Evaluator.visitApply1(Evaluator.scala:231)
	at sjsonnet.Evaluator.visitExpr(Evaluator.scala:47)
	at sjsonnet.Evaluator.visitBinaryOp(Evaluator.scala:459)
	at sjsonnet.Evaluator.visitExpr(Evaluator.scala:36)
	at sjsonnet.Evaluator$$anon$1.evalRhs(Evaluator.scala:620)
	at sjsonnet.Val$Func.apply1(Val.scala:590)
	at sjsonnet.Evaluator.visitApply1(Evaluator.scala:231)
	at sjsonnet.Evaluator.visitExpr(Evaluator.scala:47)
	at sjsonnet.Evaluator.visitBinaryOp(Evaluator.scala:459)
	at sjsonnet.Evaluator.visitExpr(Evaluator.scala:36)
	at sjsonnet.Evaluator$$anon$1.evalRhs(Evaluator.scala:620)
	at sjsonnet.Val$Func.apply1(Val.scala:590)
	at sjsonnet.Evaluator.visitApply1(Evaluator.scala:231)
	at sjsonnet.Evaluator.visitExpr(Evaluator.scala:47)
	at sjsonnet.Evaluator.visitBinaryOp(Evaluator.scala:459)
	at sjsonnet.Evaluator.visitExpr(Evaluator.scala:36)
	at sjsonnet.Evaluator$$anon$1.evalRhs(Evaluator.scala:620)
	at sjsonnet.Val$Func.apply1(Val.scala:590)
	at sjsonnet.Evaluator.visitApply1(Evaluator.scala:231)
	at sjsonnet.Evaluator.visitExpr(Evaluator.scala:47)
	at sjsonnet.Evaluator.visitBinaryOp(Evaluator.scala:459)
	at sjsonnet.Evaluator.visitExpr(Evaluator.scala:36)
	at sjsonnet.Evaluator$$anon$1.evalRhs(Evaluator.scala:620)
	at sjsonnet.Val$Func.apply1(Val.scala:590)
	at sjsonnet.Evaluator.visitApply1(Evaluator.scala:231)
	at sjsonnet.Evaluator.visitExpr(Evaluator.scala:47)
	at sjsonnet.Evaluator.visitBinaryOp(Evaluator.scala:459)
	at sjsonnet.Evaluator.visitExpr(Evaluator.scala:36)
	at sjsonnet.Evaluator$$anon$1.evalRhs(Evaluator.scala:620)
	at sjsonnet.Val$Func.apply1(Val.scala:590)
	at sjsonnet.Evaluator.visitApply1(Evaluator.scala:231)
	at sjsonnet.Evaluator.visitExpr(Evaluator.scala:47)
	at sjsonnet.Evaluator.visitBinaryOp(Evaluator.scala:459)
	at sjsonnet.Evaluator.visitExpr(Evaluator.scala:36)
	at sjsonnet.Evaluator$$anon$1.evalRhs(Evaluator.scala:620)
	at sjsonnet.Val$Func.apply1(Val.scala:590)
	at sjsonnet.Evaluator.visitApply1(Evaluator.scala:231)
	at sjsonnet.Evaluator.visitExpr(Evaluator.scala:47)
	at sjsonnet.Evaluator.visitBinaryOp(Evaluator.scala:459)
	at sjsonnet.Evaluator.visitExpr(Evaluator.scala:36)
	at sjsonnet.Evaluator$$anon$1.evalRhs(Evaluator.scala:620)
	at sjsonnet.Val$Func.apply1(Val.scala:590)
	at sjsonnet.Evaluator.visitApply1(Evaluator.scala:231)
	at sjsonnet.Evaluator.visitExpr(Evaluator.scala:47)
	at sjsonnet.Evaluator.visitBinaryOp(Evaluator.scala:459)
	at sjsonnet.Evaluator.visitExpr(Evaluator.scala:36)
	at sjsonnet.Evaluator$$anon$1.evalRhs(Evaluator.scala:620)
	at sjsonnet.Val$Func.apply1(Val.scala:590)
	at sjsonnet.Evaluator.visitApply1(Evaluator.scala:231)
	at sjsonnet.Evaluator.visitExpr(Evaluator.scala:47)
	at sjsonnet.Evaluator.visitBinaryOp(Evaluator.scala:459)
	at sjsonnet.Evaluator.visitExpr(Evaluator.scala:36)
	at sjsonnet.Evaluator$$anon$1.evalRhs(Evaluator.scala:620)
	at sjsonnet.Val$Func.apply1(Val.scala:590)
	at sjsonnet.Evaluator.visitApply1(Evaluator.scala:231)
	at sjsonnet.Evaluator.visitExpr(Evaluator.scala:47)
	at sjsonnet.Evaluator.visitBinaryOp(Evaluator.scala:459)
	at sjsonnet.Evaluator.visitExpr(Evaluator.scala:36)
	at sjsonnet.Evaluator$$anon$1.evalRhs(Evaluator.scala:620)
	at sjsonnet.Val$Func.apply1(Val.scala:590)
	at sjsonnet.Evaluator.visitApply1(Evaluator.scala:231)
	at sjsonnet.Evaluator.visitExpr(Evaluator.scala:47)
	at sjsonnet.Evaluator.visitBinaryOp(Evaluator.scala:459)
	at sjsonnet.Evaluator.visitExpr(Evaluator.scala:36)
	at sjsonnet.Evaluator$$anon$1.evalRhs(Evaluator.scala:620)
	at sjsonnet.Val$Func.apply1(Val.scala:590)
	at sjsonnet.Evaluator.visitApply1(Evaluator.scala:231)
	at sjsonnet.Evaluator.visitExpr(Evaluator.scala:47)
	at sjsonnet.Evaluator.visitBinaryOp(Evaluator.scala:459)
	at sjsonnet.Evaluator.visitExpr(Evaluator.scala:36)
	at sjsonnet.Evaluator$$anon$1.evalRhs(Evaluator.scala:620)
	at sjsonnet.Val$Func.apply1(Val.scala:590)
	at sjsonnet.Evaluator.visitApply1(Evaluator.scala:231)
	at sjsonnet.Evaluator.visitExpr(Evaluator.scala:47)
	at sjsonnet.Evaluator.visitBinaryOp(Evaluator.scala:459)
	at sjsonnet.Evaluator.visitExpr(Evaluator.scala:36)
	at sjsonnet.Evaluator$$anon$1.evalRhs(Evaluator.scala:620)
	at sjsonnet.Val$Func.apply1(Val.scala:590)
	at sjsonnet.Evaluator.visitApply1(Evaluator.scala:231)
	at sjsonnet.Evaluator.visitExpr(Evaluator.scala:47)
	at sjsonnet.Evaluator.visitBinaryOp(Evaluator.scala:459)
	at sjsonnet.Evaluator.visitExpr(Evaluator.scala:36)
	at sjsonnet.Evaluator$$anon$1.evalRhs(Evaluator.scala:620)
	at sjsonnet.Val$Func.apply1(Val.scala:590)
	at sjsonnet.Evaluator.visitApply1(Evaluator.scala:231)
	at sjsonnet.Evaluator.visitExpr(Evaluator.scala:47)
	at sjsonnet.Evaluator.visitBinaryOp(Evaluator.scala:459)
	at sjsonnet.Evaluator.visitExpr(Evaluator.scala:36)
	at sjsonnet.Evaluator$$anon$1.evalRhs(Evaluator.scala:620)
	at sjsonnet.Val$Func.apply1(Val.scala:590)
	at sjsonnet.Evaluator.visitApply1(Evaluator.scala:231)
	at sjsonnet.Evaluator.visitExpr(Evaluator.scala:47)
	at sjsonnet.Evaluator.visitBinaryOp(Evaluator.scala:459)
	at sjsonnet.Evaluator.visitExpr(Evaluator.scala:36)
	at sjsonnet.Evaluator$$anon$1.evalRhs(Evaluator.scala:620)
	at sjsonnet.Val$Func.apply1(Val.scala:590)
	at sjsonnet.Evaluator.visitApply1(Evaluator.scala:231)
	at sjsonnet.Evaluator.visitExpr(Evaluator.scala:47)
	at sjsonnet.Evaluator.visitBinaryOp(Evaluator.scala:459)
	at sjsonnet.Evaluator.visitExpr(Evaluator.scala:36)
	at sjsonnet.Evaluator$$anon$1.evalRhs(Evaluator.scala:620)
	at sjsonnet.Val$Func.apply1(Val.scala:590)
	at sjsonnet.Evaluator.visitApply1(Evaluator.scala:231)
	at sjsonnet.Evaluator.visitExpr(Evaluator.scala:47)
	at sjsonnet.Evaluator.visitBinaryOp(Evaluator.scala:459)
	at sjsonnet.Evaluator.visitExpr(Evaluator.scala:36)
	at sjsonnet.Evaluator$$anon$1.evalRhs(Evaluator.scala:620)
	at sjsonnet.Val$Func.apply1(Val.scala:590)
	at sjsonnet.Evaluator.visitApply1(Evaluator.scala:231)
	at sjsonnet.Evaluator.visitExpr(Evaluator.scala:47)
	at sjsonnet.Evaluator.visitBinaryOp(Evaluator.scala:459)
	at sjsonnet.Evaluator.visitExpr(Evaluator.scala:36)
	at sjsonnet.Evaluator$$anon$1.evalRhs(Evaluator.scala:620)
	at sjsonnet.Val$Func.apply1(Val.scala:590)
	at sjsonnet.Evaluator.visitApply1(Evaluator.scala:231)
	at sjsonnet.Evaluator.visitExpr(Evaluator.scala:47)
	at sjsonnet.Evaluator.visitBinaryOp(Evaluator.scala:459)
	at sjsonnet.Evaluator.visitExpr(Evaluator.scala:36)
	at sjsonnet.Evaluator$$anon$1.evalRhs(Evaluator.scala:620)
	at sjsonnet.Val$Func.apply1(Val.scala:590)
	at sjsonnet.Evaluator.visitApply1(Evaluator.scala:231)
	at sjsonnet.Evaluator.visitExpr(Evaluator.scala:47)
	at sjsonnet.Evaluator.visitBinaryOp(Evaluator.scala:459)
	at sjsonnet.Evaluator.visitExpr(Evaluator.scala:36)
	at sjsonnet.Evaluator$$anon$1.evalRhs(Evaluator.scala:620)
	at sjsonnet.Val$Func.apply1(Val.scala:590)
	at sjsonnet.Evaluator.visitApply1(Evaluator.scala:231)
	at sjsonnet.Evaluator.visitExpr(Evaluator.scala:47)
	at sjsonnet.Evaluator.visitBinaryOp(Evaluator.scala:459)
	at sjsonnet.Evaluator.visitExpr(Evaluator.scala:36)
	at sjsonnet.Evaluator$$anon$1.evalRhs(Evaluator.scala:620)
	at sjsonnet.Val$Func.apply1(Val.scala:590)
	at sjsonnet.Evaluator.visitApply1(Evaluator.scala:231)
	at sjsonnet.Evaluator.visitExpr(Evaluator.scala:47)
	at sjsonnet.Evaluator.visitBinaryOp(Evaluator.scala:459)
	at sjsonnet.Evaluator.visitExpr(Evaluator.scala:36)
	at sjsonnet.Evaluator$$anon$1.evalRhs(Evaluator.scala:620)
	at sjsonnet.Val$Func.apply1(Val.scala:590)
	at sjsonnet.Evaluator.visitApply1(Evaluator.scala:231)
	at sjsonnet.Evaluator.visitExpr(Evaluator.scala:47)
	at sjsonnet.Evaluator.visitBinaryOp(Evaluator.scala:459)
	at sjsonnet.Evaluator.visitExpr(Evaluator.scala:36)
	at sjsonnet.Evaluator$$anon$1.evalRhs(Evaluator.scala:620)
	at sjsonnet.Val$Func.apply1(Val.scala:590)
	at sjsonnet.Evaluator.visitApply1(Evaluator.scala:231)
	at sjsonnet.Evaluator.visitExpr(Evaluator.scala:47)
	at sjsonnet.Evaluator.visitBinaryOp(Evaluator.scala:459)
	at sjsonnet.Evaluator.visitExpr(Evaluator.scala:36)
	at sjsonnet.Evaluator$$anon$1.evalRhs(Evaluator.scala:620)
	at sjsonnet.Val$Func.apply1(Val.scala:590)
	at sjsonnet.Evaluator.visitApply1(Evaluator.scala:231)
	at sjsonnet.Evaluator.visitExpr(Evaluator.scala:47)
	at sjsonnet.Evaluator.visitBinaryOp(Evaluator.scala:459)
	at sjsonnet.Evaluator.visitExpr(Evaluator.scala:36)
	at sjsonnet.Evaluator$$anon$1.evalRhs(Evaluator.scala:620)
	at sjsonnet.Val$Func.apply1(Val.scala:590)
	at sjsonnet.Evaluator.visitApply1(Evaluator.scala:231)
	at sjsonnet.Evaluator.visitExpr(Evaluator.scala:47)
	at sjsonnet.Evaluator.visitBinaryOp(Evaluator.scala:459)
	at sjsonnet.Evaluator.visitExpr(Evaluator.scala:36)
	at sjsonnet.Evaluator$$anon$1.evalRhs(Evaluator.scala:620)
	at sjsonnet.Val$Func.apply1(Val.scala:590)
	at sjsonnet.Evaluator.visitApply1(Evaluator.scala:231)
	at sjsonnet.Evaluator.visitExpr(Evaluator.scala:47)
	at sjsonnet.Evaluator.visitBinaryOp(Evaluator.scala:459)
	at sjsonnet.Evaluator.visitExpr(Evaluator.scala:36)
	at sjsonnet.Evaluator$$anon$1.evalRhs(Evaluator.scala:620)
	at sjsonnet.Val$Func.apply1(Val.scala:590)
	at sjsonnet.Evaluator.visitApply1(Evaluator.scala:231)
	at sjsonnet.Evaluator.visitExpr(Evaluator.scala:47)
	at sjsonnet.Evaluator.visitBinaryOp(Evaluator.scala:459)
	at sjsonnet.Evaluator.visitExpr(Evaluator.scala:36)
	at sjsonnet.Evaluator$$anon$1.evalRhs(Evaluator.scala:620)
	at sjsonnet.Val$Func.apply1(Val.scala:590)
	at sjsonnet.Evaluator.visitApply1(Evaluator.scala:231)
	at sjsonnet.Evaluator.visitExpr(Evaluator.scala:47)
	at sjsonnet.Evaluator.visitBinaryOp(Evaluator.scala:459)
	at sjsonnet.Evaluator.visitExpr(Evaluator.scala:36)
	at sjsonnet.Evaluator$$anon$1.evalRhs(Evaluator.scala:620)
	at sjsonnet.Val$Func.apply1(Val.scala:590)
	at sjsonnet.Evaluator.visitApply1(Evaluator.scala:231)
	at sjsonnet.Evaluator.visitExpr(Evaluator.scala:47)
	at sjsonnet.Evaluator.visitBinaryOp(Evaluator.scala:459)
	at sjsonnet.Evaluator.visitExpr(Evaluator.scala:36)
	at sjsonnet.Evaluator$$anon$1.evalRhs(Evaluator.scala:620)
	at sjsonnet.Val$Func.apply1(Val.scala:590)
	at sjsonnet.Evaluator.visitApply1(Evaluator.scala:231)
	at sjsonnet.Evaluator.visitExpr(Evaluator.scala:47)
	at sjsonnet.Evaluator.visitBinaryOp(Evaluator.scala:459)
	at sjsonnet.Evaluator.visitExpr(Evaluator.scala:36)
	at sjsonnet.Evaluator$$anon$1.evalRhs(Evaluator.scala:620)
	at sjsonnet.Val$Func.apply1(Val.scala:590)
	at sjsonnet.Evaluator.visitApply1(Evaluator.scala:231)
	at sjsonnet.Evaluator.visitExpr(Evaluator.scala:47)
	at sjsonnet.Evaluator.visitBinaryOp(Evaluator.scala:459)
	at sjsonnet.Evaluator.visitExpr(Evaluator.scala:36)
	at sjsonnet.Evaluator$$anon$1.evalRhs(Evaluator.scala:620)
	at sjsonnet.Val$Func.apply1(Val.scala:590)
	at sjsonnet.Evaluator.visitApply1(Evaluator.scala:231)
	at sjsonnet.Evaluator.visitExpr(Evaluator.scala:47)
	at sjsonnet.Evaluator.visitBinaryOp(Evaluator.scala:459)
	at sjsonnet.Evaluator.visitExpr(Evaluator.scala:36)
	at sjsonnet.Evaluator$$anon$1.evalRhs(Evaluator.scala:620)
	at sjsonnet.Val$Func.apply1(Val.scala:590)
	at sjsonnet.Evaluator.visitApply1(Evaluator.scala:231)
	at sjsonnet.Evaluator.visitExpr(Evaluator.scala:47)
	at sjsonnet.Evaluator.visitBinaryOp(Evaluator.scala:459)
	at sjsonnet.Evaluator.visitExpr(Evaluator.scala:36)
	at sjsonnet.Evaluator$$anon$1.evalRhs(Evaluator.scala:620)
	at sjsonnet.Val$Func.apply1(Val.scala:590)
	at sjsonnet.Evaluator.visitApply1(Evaluator.scala:231)
	at sjsonnet.Evaluator.visitExpr(Evaluator.scala:47)
	at sjsonnet.Evaluator.visitBinaryOp(Evaluator.scala:459)
	at sjsonnet.Evaluator.visitExpr(Evaluator.scala:36)
	at sjsonnet.Evaluator$$anon$1.evalRhs(Evaluator.scala:620)
	at sjsonnet.Val$Func.apply1(Val.scala:590)
	at sjsonnet.Evaluator.visitApply1(Evaluator.scala:231)
	at sjsonnet.Evaluator.visitExpr(Evaluator.scala:47)
	at sjsonnet.Evaluator.visitBinaryOp(Evaluator.scala:459)
	at sjsonnet.Evaluator.visitExpr(Evaluator.scala:36)
	at sjsonnet.Evaluator$$anon$1.evalRhs(Evaluator.scala:620)
	at sjsonnet.Val$Func.apply1(Val.scala:590)
	at sjsonnet.Evaluator.visitApply1(Evaluator.scala:231)
	at sjsonnet.Evaluator.visitExpr(Evaluator.scala:47)
	at sjsonnet.Evaluator.visitBinaryOp(Evaluator.scala:459)
	at sjsonnet.Evaluator.visitExpr(Evaluator.scala:36)
	at sjsonnet.Evaluator$$anon$1.evalRhs(Evaluator.scala:620)
	at sjsonnet.Val$Func.apply1(Val.scala:590)
	at sjsonnet.Evaluator.visitApply1(Evaluator.scala:231)
	at sjsonnet.Evaluator.visitExpr(Evaluator.scala:47)
	at sjsonnet.Evaluator.visitBinaryOp(Evaluator.scala:459)
	at sjsonnet.Evaluator.visitExpr(Evaluator.scala:36)
	at sjsonnet.Evaluator$$anon$1.evalRhs(Evaluator.scala:620)
	at sjsonnet.Val$Func.apply1(Val.scala:590)
	at sjsonnet.Evaluator.visitApply1(Evaluator.scala:231)
	at sjsonnet.Evaluator.visitExpr(Evaluator.scala:47)
	at sjsonnet.Evaluator.visitBinaryOp(Evaluator.scala:459)
	at sjsonnet.Evaluator.visitExpr(Evaluator.scala:36)
	at sjsonnet.Evaluator$$anon$1.evalRhs(Evaluator.scala:620)
	at sjsonnet.Val$Func.apply1(Val.scala:590)
	at sjsonnet.Evaluator.visitApply1(Evaluator.scala:231)
	at sjsonnet.Evaluator.visitExpr(Evaluator.scala:47)
	at sjsonnet.Evaluator.visitBinaryOp(Evaluator.scala:459)
	at sjsonnet.Evaluator.visitExpr(Evaluator.scala:36)
	at sjsonnet.Evaluator$$anon$1.evalRhs(Evaluator.scala:620)
	at sjsonnet.Val$Func.apply1(Val.scala:590)
	at sjsonnet.Evaluator.visitApply1(Evaluator.scala:231)
	at sjsonnet.Evaluator.visitExpr(Evaluator.scala:47)
	at sjsonnet.Evaluator.visitBinaryOp(Evaluator.scala:459)
	at sjsonnet.Evaluator.visitExpr(Evaluator.scala:36)
	at sjsonnet.Evaluator$$anon$1.evalRhs(Evaluator.scala:620)
	at sjsonnet.Val$Func.apply1(Val.scala:590)
	at sjsonnet.Evaluator.visitApply1(Evaluator.scala:231)
	at sjsonnet.Evaluator.visitExpr(Evaluator.scala:47)
	at sjsonnet.Evaluator.visitBinaryOp(Evaluator.scala:459)
	at sjsonnet.Evaluator.visitExpr(Evaluator.scala:36)
	at sjsonnet.Evaluator$$anon$1.evalRhs(Evaluator.scala:620)
	at sjsonnet.Val$Func.apply1(Val.scala:590)
	at sjsonnet.Evaluator.visitApply1(Evaluator.scala:231)
	at sjsonnet.Evaluator.visitExpr(Evaluator.scala:47)
	at sjsonnet.Evaluator.visitBinaryOp(Evaluator.scala:459)
	at sjsonnet.Evaluator.visitExpr(Evaluator.scala:36)
	at sjsonnet.Evaluator$$anon$1.evalRhs(Evaluator.scala:620)
	at sjsonnet.Val$Func.apply1(Val.scala:590)
	at sjsonnet.Evaluator.visitApply1(Evaluator.scala:231)
	at sjsonnet.Evaluator.visitExpr(Evaluator.scala:47)
	at sjsonnet.Evaluator.visitBinaryOp(Evaluator.scala:459)
	at sjsonnet.Evaluator.visitExpr(Evaluator.scala:36)
	at sjsonnet.Evaluator$$anon$1.evalRhs(Evaluator.scala:620)
	at sjsonnet.Val$Func.apply1(Val.scala:590)
	at sjsonnet.Evaluator.visitApply1(Evaluator.scala:231)
	at sjsonnet.Evaluator.visitExpr(Evaluator.scala:47)
	at sjsonnet.Evaluator.visitBinaryOp(Evaluator.scala:459)
	at sjsonnet.Evaluator.visitExpr(Evaluator.scala:36)
	at sjsonnet.Evaluator$$anon$1.evalRhs(Evaluator.scala:620)
	at sjsonnet.Val$Func.apply1(Val.scala:590)
	at sjsonnet.Evaluator.visitApply1(Evaluator.scala:231)
	at sjsonnet.Evaluator.visitExpr(Evaluator.scala:47)
	at sjsonnet.Evaluator.visitBinaryOp(Evaluator.scala:459)
	at sjsonnet.Evaluator.visitExpr(Evaluator.scala:36)
	at sjsonnet.Evaluator$$anon$1.evalRhs(Evaluator.scala:620)
	at sjsonnet.Val$Func.apply1(Val.scala:590)
	at sjsonnet.Evaluator.visitApply1(Evaluator.scala:231)
	at sjsonnet.Evaluator.visitExpr(Evaluator.scala:47)
	at sjsonnet.Evaluator.visitBinaryOp(Evaluator.scala:459)
	at sjsonnet.Evaluator.visitExpr(Evaluator.scala:36)
	at sjsonnet.Evaluator$$anon$1.evalRhs(Evaluator.scala:620)
	at sjsonnet.Val$Func.apply1(Val.scala:590)
	at sjsonnet.Evaluator.visitApply1(Evaluator.scala:231)
	at sjsonnet.Evaluator.visitExpr(Evaluator.scala:47)
	at sjsonnet.Evaluator.visitBinaryOp(Evaluator.scala:459)
	at sjsonnet.Evaluator.visitExpr(Evaluator.scala:36)
	at sjsonnet.Evaluator$$anon$1.evalRhs(Evaluator.scala:620)
	at sjsonnet.Val$Func.apply1(Val.scala:590)
	at sjsonnet.Evaluator.visitApply1(Evaluator.scala:231)
	at sjsonnet.Evaluator.visitExpr(Evaluator.scala:47)
	at sjsonnet.Evaluator.visitBinaryOp(Evaluator.scala:459)
	at sjsonnet.Evaluator.visitExpr(Evaluator.scala:36)
	at sjsonnet.Evaluator$$anon$1.evalRhs(Evaluator.scala:620)
	at sjsonnet.Val$Func.apply1(Val.scala:590)
	at sjsonnet.Evaluator.visitApply1(Evaluator.scala:231)
	at sjsonnet.Evaluator.visitExpr(Evaluator.scala:47)
	at sjsonnet.Evaluator.visitBinaryOp(Evaluator.scala:459)
	at sjsonnet.Evaluator.visitExpr(Evaluator.scala:36)
	at sjsonnet.Evaluator$$anon$1.evalRhs(Evaluator.scala:620)
	at sjsonnet.Val$Func.apply1(Val.scala:590)
	at sjsonnet.Evaluator.visitApply1(Evaluator.scala:231)
	at sjsonnet.Evaluator.visitExpr(Evaluator.scala:47)
	at sjsonnet.Evaluator.visitBinaryOp(Evaluator.scala:459)
	at sjsonnet.Evaluator.visitExpr(Evaluator.scala:36)
	at sjsonnet.Evaluator$$anon$1.evalRhs(Evaluator.scala:620)
	at sjsonnet.Val$Func.apply1(Val.scala:590)
	at sjsonnet.Evaluator.visitApply1(Evaluator.scala:231)
	at sjsonnet.Evaluator.visitExpr(Evaluator.scala:47)
	at sjsonnet.Evaluator.visitBinaryOp(Evaluator.scala:459)
	at sjsonnet.Evaluator.visitExpr(Evaluator.scala:36)
	at sjsonnet.Evaluator$$anon$1.evalRhs(Evaluator.scala:620)
	at sjsonnet.Val$Func.apply1(Val.scala:590)
	at sjsonnet.Evaluator.visitApply1(Evaluator.scala:231)
	at sjsonnet.Evaluator.visitExpr(Evaluator.scala:47)
	at sjsonnet.Evaluator.visitBinaryOp(Evaluator.scala:459)
	at sjsonnet.Evaluator.visitExpr(Evaluator.scala:36)
	at sjsonnet.Evaluator$$anon$1.evalRhs(Evaluator.scala:620)
	at sjsonnet.Val$Func.apply1(Val.scala:590)
	at sjsonnet.Evaluator.visitApply1(Evaluator.scala:231)
	at sjsonnet.Evaluator.visitExpr(Evaluator.scala:47)
	at sjsonnet.Evaluator.visitBinaryOp(Evaluator.scala:459)
	at sjsonnet.Evaluator.visitExpr(Evaluator.scala:36)
	at sjsonnet.Evaluator$$anon$1.evalRhs(Evaluator.scala:620)
	at sjsonnet.Val$Func.apply1(Val.scala:590)
	at sjsonnet.Evaluator.visitApply1(Evaluator.scala:231)
	at sjsonnet.Evaluator.visitExpr(Evaluator.scala:47)
	at sjsonnet.Evaluator.visitBinaryOp(Evaluator.scala:459)
	at sjsonnet.Evaluator.visitExpr(Evaluator.scala:36)
	at sjsonnet.Evaluator$$anon$1.evalRhs(Evaluator.scala:620)
	at sjsonnet.Val$Func.apply1(Val.scala:590)
	at sjsonnet.Evaluator.visitApply1(Evaluator.scala:231)
	at sjsonnet.Evaluator.visitExpr(Evaluator.scala:47)
	at sjsonnet.Evaluator.visitBinaryOp(Evaluator.scala:459)
	at sjsonnet.Evaluator.visitExpr(Evaluator.scala:36)
	at sjsonnet.Evaluator$$anon$1.evalRhs(Evaluator.scala:620)
	at sjsonnet.Val$Func.apply1(Val.scala:590)
	at sjsonnet.Evaluator.visitApply1(Evaluator.scala:231)
	at sjsonnet.Evaluator.visitExpr(Evaluator.scala:47)
	at sjsonnet.Evaluator.visitBinaryOp(Evaluator.scala:459)
	at sjsonnet.Evaluator.visitExpr(Evaluator.scala:36)
	at sjsonnet.Evaluator$$anon$1.evalRhs(Evaluator.scala:620)
	at sjsonnet.Val$Func.apply1(Val.scala:590)
	at sjsonnet.Evaluator.visitApply1(Evaluator.scala:231)
	at sjsonnet.Evaluator.visitExpr(Evaluator.scala:47)
	at sjsonnet.Evaluator.visitBinaryOp(Evaluator.scala:459)
	at sjsonnet.Evaluator.visitExpr(Evaluator.scala:36)
	at sjsonnet.Evaluator$$anon$1.evalRhs(Evaluator.scala:620)
	at sjsonnet.Val$Func.apply1(Val.scala:590)
	at sjsonnet.Evaluator.visitApply1(Evaluator.scala:231)
	at sjsonnet.Evaluator.visitExpr(Evaluator.scala:47)
	at sjsonnet.Evaluator.visitBinaryOp(Evaluator.scala:459)
	at sjsonnet.Evaluator.visitExpr(Evaluator.scala:36)
	at sjsonnet.Evaluator$$anon$1.evalRhs(Evaluator.scala:620)
	at sjsonnet.Val$Func.apply1(Val.scala:590)
	at sjsonnet.Evaluator.visitApply1(Evaluator.scala:231)
	at sjsonnet.Evaluator.visitExpr(Evaluator.scala:47)
	at sjsonnet.Evaluator.visitBinaryOp(Evaluator.scala:459)
	at sjsonnet.Evaluator.visitExpr(Evaluator.scala:36)
	at sjsonnet.Evaluator$$anon$1.evalRhs(Evaluator.scala:620)
	at sjsonnet.Val$Func.apply1(Val.scala:590)
	at sjsonnet.Evaluator.visitApply1(Evaluator.scala:231)
	at sjsonnet.Evaluator.visitExpr(Evaluator.scala:47)
	at sjsonnet.Evaluator.visitBinaryOp(Evaluator.scala:459)
	at sjsonnet.Evaluator.visitExpr(Evaluator.scala:36)
	at sjsonnet.Evaluator$$anon$1.evalRhs(Evaluator.scala:620)
	at sjsonnet.Val$Func.apply1(Val.scala:590)
	at sjsonnet.Evaluator.visitApply1(Evaluator.scala:231)
	at sjsonnet.Evaluator.visitExpr(Evaluator.scala:47)
	at sjsonnet.Evaluator.visitBinaryOp(Evaluator.scala:459)
	at sjsonnet.Evaluator.visitExpr(Evaluator.scala:36)
	at sjsonnet.Evaluator$$anon$1.evalRhs(Evaluator.scala:620)
	at sjsonnet.Val$Func.apply1(Val.scala:590)
	at sjsonnet.Evaluator.visitApply1(Evaluator.scala:231)
	at sjsonnet.Evaluator.visitExpr(Evaluator.scala:47)
	at sjsonnet.Evaluator.visitBinaryOp(Evaluator.scala:459)
	at sjsonnet.Evaluator.visitExpr(Evaluator.scala:36)
	at sjsonnet.Evaluator$$anon$1.evalRhs(Evaluator.scala:620)
	at sjsonnet.Val$Func.apply1(Val.scala:590)
	at sjsonnet.Evaluator.visitApply1(Evaluator.scala:231)
	at sjsonnet.Evaluator.visitExpr(Evaluator.scala:47)
	at sjsonnet.Evaluator.visitBinaryOp(Evaluator.scala:459)
	at sjsonnet.Evaluator.visitExpr(Evaluator.scala:36)
	at sjsonnet.Evaluator$$anon$1.evalRhs(Evaluator.scala:620)
	at sjsonnet.Val$Func.apply1(Val.scala:590)
	at sjsonnet.Evaluator.visitApply1(Evaluator.scala:231)
	at sjsonnet.Evaluator.visitExpr(Evaluator.scala:47)
	at sjsonnet.Evaluator.visitBinaryOp(Evaluator.scala:459)
	at sjsonnet.Evaluator.visitExpr(Evaluator.scala:36)
	at sjsonnet.Evaluator$$anon$1.evalRhs(Evaluator.scala:620)
	at sjsonnet.Val$Func.apply1(Val.scala:590)
	at sjsonnet.Evaluator.visitApply1(Evaluator.scala:231)
	at sjsonnet.Evaluator.visitExpr(Evaluator.scala:47)
	at sjsonnet.Evaluator.visitBinaryOp(Evaluator.scala:459)
	at sjsonnet.Evaluator.visitExpr(Evaluator.scala:36)
	at sjsonnet.Evaluator$$anon$1.evalRhs(Evaluator.scala:620)
	at sjsonnet.Val$Func.apply1(Val.scala:590)
	at sjsonnet.Evaluator.visitApply1(Evaluator.scala:231)
	at sjsonnet.Evaluator.visitExpr(Evaluator.scala:47)
	at sjsonnet.Evaluator.visitBinaryOp(Evaluator.scala:459)
	at sjsonnet.Evaluator.visitExpr(Evaluator.scala:36)
	at sjsonnet.Evaluator$$anon$1.evalRhs(Evaluator.scala:620)
	at sjsonnet.Val$Func.apply1(Val.scala:590)
	at sjsonnet.Evaluator.visitApply1(Evaluator.scala:231)
	at sjsonnet.Evaluator.visitExpr(Evaluator.scala:47)
	at sjsonnet.Evaluator.visitBinaryOp(Evaluator.scala:459)
	at sjsonnet.Evaluator.visitExpr(Evaluator.scala:36)
	at sjsonnet.Evaluator$$anon$1.evalRhs(Evaluator.scala:620)
	at sjsonnet.Val$Func.apply1(Val.scala:590)
	at sjsonnet.Evaluator.visitApply1(Evaluator.scala:231)
	at sjsonnet.Evaluator.visitExpr(Evaluator.scala:47)
	at sjsonnet.Evaluator.visitBinaryOp(Evaluator.scala:459)
	at sjsonnet.Evaluator.visitExpr(Evaluator.scala:36)
	at sjsonnet.Evaluator$$anon$1.evalRhs(Evaluator.scala:620)
	at sjsonnet.Val$Func.apply1(Val.scala:590)
	at sjsonnet.Evaluator.visitApply1(Evaluator.scala:231)
	at sjsonnet.Evaluator.visitExpr(Evaluator.scala:47)
	at sjsonnet.Evaluator.visitBinaryOp(Evaluator.scala:459)
	at sjsonnet.Evaluator.visitExpr(Evaluator.scala:36)
	at sjsonnet.Evaluator$$anon$1.evalRhs(Evaluator.scala:620)
	at sjsonnet.Val$Func.apply1(Val.scala:590)
	at sjsonnet.Evaluator.visitApply1(Evaluator.scala:231)
	at sjsonnet.Evaluator.visitExpr(Evaluator.scala:47)
	at sjsonnet.Evaluator.visitBinaryOp(Evaluator.scala:459)
	at sjsonnet.Evaluator.visitExpr(Evaluator.scala:36)
	at sjsonnet.Evaluator$$anon$1.evalRhs(Evaluator.scala:620)
	at sjsonnet.Val$Func.apply1(Val.scala:590)
	at sjsonnet.Evaluator.visitApply1(Evaluator.scala:231)
	at sjsonnet.Evaluator.visitExpr(Evaluator.scala:47)
	at sjsonnet.Evaluator.visitBinaryOp(Evaluator.scala:459)
	at sjsonnet.Evaluator.visitExpr(Evaluator.scala:36)
	at sjsonnet.Evaluator$$anon$1.evalRhs(Evaluator.scala:620)
	at sjsonnet.Val$Func.apply1(Val.scala:590)
	at sjsonnet.Evaluator.visitApply1(Evaluator.scala:231)
	at sjsonnet.Evaluator.visitExpr(Evaluator.scala:47)
	at sjsonnet.Evaluator.visitBinaryOp(Evaluator.scala:459)
	at sjsonnet.Evaluator.visitExpr(Evaluator.scala:36)
	at sjsonnet.Evaluator$$anon$1.evalRhs(Evaluator.scala:620)
	at sjsonnet.Val$Func.apply1(Val.scala:590)
	at sjsonnet.Evaluator.visitApply1(Evaluator.scala:231)
	at sjsonnet.Evaluator.visitExpr(Evaluator.scala:47)
	at sjsonnet.Evaluator.visitBinaryOp(Evaluator.scala:459)
	at sjsonnet.Evaluator.visitExpr(Evaluator.scala:36)
	at sjsonnet.Evaluator$$anon$1.evalRhs(Evaluator.scala:620)
	at sjsonnet.Val$Func.apply1(Val.scala:590)
	at sjsonnet.Evaluator.visitApply1(Evaluator.scala:231)
	at sjsonnet.Evaluator.visitExpr(Evaluator.scala:47)
	at sjsonnet.Evaluator.visitBinaryOp(Evaluator.scala:459)
	at sjsonnet.Evaluator.visitExpr(Evaluator.scala:36)
	at sjsonnet.Evaluator$$anon$1.evalRhs(Evaluator.scala:620)
	at sjsonnet.Val$Func.apply1(Val.scala:590)
	at sjsonnet.Evaluator.visitApply1(Evaluator.scala:231)
	at sjsonnet.Evaluator.visitExpr(Evaluator.scala:47)
	at sjsonnet.Evaluator.visitBinaryOp(Evaluator.scala:459)
	at sjsonnet.Evaluator.visitExpr(Evaluator.scala:36)
	at sjsonnet.Evaluator$$anon$1.evalRhs(Evaluator.scala:620)
	at sjsonnet.Val$Func.apply1(Val.scala:590)
	at sjsonnet.Evaluator.visitApply1(Evaluator.scala:231)
	at sjsonnet.Evaluator.visitExpr(Evaluator.scala:47)
	at sjsonnet.Evaluator.visitBinaryOp(Evaluator.scala:459)
	at sjsonnet.Evaluator.visitExpr(Evaluator.scala:36)
	at sjsonnet.Evaluator$$anon$1.evalRhs(Evaluator.scala:620)
	at sjsonnet.Val$Func.apply1(Val.scala:590)
	at sjsonnet.Evaluator.visitApply1(Evaluator.scala:231)
	at sjsonnet.Evaluator.visitExpr(Evaluator.scala:47)
	at sjsonnet.Evaluator.visitBinaryOp(Evaluator.scala:459)
	at sjsonnet.Evaluator.visitExpr(Evaluator.scala:36)
	at sjsonnet.Evaluator$$anon$1.evalRhs(Evaluator.scala:620)
	at sjsonnet.Val$Func.apply1(Val.scala:590)
	at sjsonnet.Evaluator.visitApply1(Evaluator.scala:231)
	at sjsonnet.Evaluator.visitExpr(Evaluator.scala:47)
	at sjsonnet.Evaluator.visitBinaryOp(Evaluator.scala:459)
	at sjsonnet.Evaluator.visitExpr(Evaluator.scala:36)
	at sjsonnet.Evaluator$$anon$1.evalRhs(Evaluator.scala:620)
	at sjsonnet.Val$Func.apply1(Val.scala:590)
	at sjsonnet.Evaluator.visitApply1(Evaluator.scala:231)
	at sjsonnet.Evaluator.visitExpr(Evaluator.scala:47)
	at sjsonnet.Evaluator.visitBinaryOp(Evaluator.scala:459)
	at sjsonnet.Evaluator.visitExpr(Evaluator.scala:36)
	at sjsonnet.Evaluator$$anon$1.evalRhs(Evaluator.scala:620)
	at sjsonnet.Val$Func.apply1(Val.scala:590)
	at sjsonnet.Evaluator.visitApply1(Evaluator.scala:231)
	at sjsonnet.Evaluator.visitExpr(Evaluator.scala:47)
	at sjsonnet.Evaluator.visitBinaryOp(Evaluator.scala:459)
	at sjsonnet.Evaluator.visitExpr(Evaluator.scala:36)
	at sjsonnet.Evaluator$$anon$1.evalRhs(Evaluator.scala:620)
	at sjsonnet.Val$Func.apply1(Val.scala:590)
	at sjsonnet.Evaluator.visitApply1(Evaluator.scala:231)
	at sjsonnet.Evaluator.visitExpr(Evaluator.scala:47)
	at sjsonnet.Evaluator.visitBinaryOp(Evaluator.scala:459)
	at sjsonnet.Evaluator.visitExpr(Evaluator.scala:36)
	at sjsonnet.Evaluator$$anon$1.evalRhs(Evaluator.scala:620)
	at sjsonnet.Val$Func.apply1(Val.scala:590)
	at sjsonnet.Evaluator.visitApply1(Evaluator.scala:231)
	at sjsonnet.Evaluator.visitExpr(Evaluator.scala:47)
	at sjsonnet.Evaluator.visitBinaryOp(Evaluator.scala:459)
	at sjsonnet.Evaluator.visitExpr(Evaluator.scala:36)
	at sjsonnet.Evaluator$$anon$1.evalRhs(Evaluator.scala:620)
	at sjsonnet.Val$Func.apply1(Val.scala:590)
	at sjsonnet.Evaluator.visitApply1(Evaluator.scala:231)
	at sjsonnet.Evaluator.visitExpr(Evaluator.scala:47)
	at sjsonnet.Evaluator.visitBinaryOp(Evaluator.scala:459)
	at sjsonnet.Evaluator.visitExpr(Evaluator.scala:36)
	at sjsonnet.Evaluator$$anon$1.evalRhs(Evaluator.scala:620)
	at sjsonnet.Val$Func.apply1(Val.scala:590)
	at sjsonnet.Evaluator.visitApply1(Evaluator.scala:231)
	at sjsonnet.Evaluator.visitExpr(Evaluator.scala:47)
	at sjsonnet.Evaluator.visitBinaryOp(Evaluator.scala:459)
	at sjsonnet.Evaluator.visitExpr(Evaluator.scala:36)
	at sjsonnet.Evaluator$$anon$1.evalRhs(Evaluator.scala:620)
	at sjsonnet.Val$Func.apply1(Val.scala:590)
	at sjsonnet.Evaluator.visitApply1(Evaluator.scala:231)
	at sjsonnet.Evaluator.visitExpr(Evaluator.scala:47)
	at sjsonnet.Evaluator.visitBinaryOp(Evaluator.scala:459)
	at sjsonnet.Evaluator.visitExpr(Evaluator.scala:36)
	at sjsonnet.Evaluator$$anon$1.evalRhs(Evaluator.scala:620)
	at sjsonnet.Val$Func.apply1(Val.scala:590)
	at sjsonnet.Evaluator.visitApply1(Evaluator.scala:231)
	at sjsonnet.Evaluator.visitExpr(Evaluator.scala:47)
	at sjsonnet.Evaluator.visitBinaryOp(Evaluator.scala:459)
	at sjsonnet.Evaluator.visitExpr(Evaluator.scala:36)
	at sjsonnet.Evaluator$$anon$1.evalRhs(Evaluator.scala:620)
	at sjsonnet.Val$Func.apply1(Val.scala:590)
	at sjsonnet.Evaluator.visitApply1(Evaluator.scala:231)
	at sjsonnet.Evaluator.visitExpr(Evaluator.scala:47)
	at sjsonnet.Evaluator.visitBinaryOp(Evaluator.scala:459)
	at sjsonnet.Evaluator.visitExpr(Evaluator.scala:36)
	at sjsonnet.Evaluator$$anon$1.evalRhs(Evaluator.scala:620)
	at sjsonnet.Val$Func.apply1(Val.scala:590)
	at sjsonnet.Evaluator.visitApply1(Evaluator.scala:231)
	at sjsonnet.Evaluator.visitExpr(Evaluator.scala:47)
	at sjsonnet.Evaluator.visitBinaryOp(Evaluator.scala:459)
	at sjsonnet.Evaluator.visitExpr(Evaluator.scala:36)
	at sjsonnet.Evaluator$$anon$1.evalRhs(Evaluator.scala:620)
	at sjsonnet.Val$Func.apply1(Val.scala:590)
	at sjsonnet.Evaluator.visitApply1(Evaluator.scala:231)
	at sjsonnet.Evaluator.visitExpr(Evaluator.scala:47)
	at sjsonnet.Evaluator.visitBinaryOp(Evaluator.scala:459)
	at sjsonnet.Evaluator.visitExpr(Evaluator.scala:36)
	at sjsonnet.Evaluator$$anon$1.evalRhs(Evaluator.scala:620)
	at sjsonnet.Val$Func.apply1(Val.scala:590)
	at sjsonnet.Evaluator.visitApply1(Evaluator.scala:231)
	at sjsonnet.Evaluator.visitExpr(Evaluator.scala:47)
	at sjsonnet.Evaluator.visitBinaryOp(Evaluator.scala:459)
	at sjsonnet.Evaluator.visitExpr(Evaluator.scala:36)
	at sjsonnet.Evaluator$$anon$1.evalRhs(Evaluator.scala:620)
	at sjsonnet.Val$Func.apply1(Val.scala:590)
	at sjsonnet.Evaluator.visitApply1(Evaluator.scala:231)
	at sjsonnet.Evaluator.visitExpr(Evaluator.scala:47)
	at sjsonnet.Evaluator.visitBinaryOp(Evaluator.scala:459)
	at sjsonnet.Evaluator.visitExpr(Evaluator.scala:36)
	at sjsonnet.Evaluator$$anon$1.evalRhs(Evaluator.scala:620)
	at sjsonnet.Val$Func.apply1(Val.scala:590)
	at sjsonnet.Evaluator.visitApply1(Evaluator.scala:231)
	at sjsonnet.Evaluator.visitExpr(Evaluator.scala:47)
	at sjsonnet.Evaluator.visitBinaryOp(Evaluator.scala:459)
	at sjsonnet.Evaluator.visitExpr(Evaluator.scala:36)
	at sjsonnet.Evaluator$$anon$1.evalRhs(Evaluator.scala:620)
	at sjsonnet.Val$Func.apply1(Val.scala:590)
	at sjsonnet.Evaluator.visitApply1(Evaluator.scala:231)
	at sjsonnet.Evaluator.visitExpr(Evaluator.scala:47)
	at sjsonnet.Evaluator.visitBinaryOp(Evaluator.scala:459)
	at sjsonnet.Evaluator.visitExpr(Evaluator.scala:36)
	at sjsonnet.Evaluator$$anon$1.evalRhs(Evaluator.scala:620)
	at sjsonnet.Val$Func.apply1(Val.scala:590)
	at sjsonnet.Evaluator.visitApply1(Evaluator.scala:231)
	at sjsonnet.Evaluator.visitExpr(Evaluator.scala:47)
	at sjsonnet.Evaluator.visitBinaryOp(Evaluator.scala:459)
	at sjsonnet.Evaluator.visitExpr(Evaluator.scala:36)
	at sjsonnet.Evaluator$$anon$1.evalRhs(Evaluator.scala:620)
	at sjsonnet.Val$Func.apply1(Val.scala:590)
	at sjsonnet.Evaluator.visitApply1(Evaluator.scala:231)
	at sjsonnet.Evaluator.visitExpr(Evaluator.scala:47)
	at sjsonnet.Evaluator.visitBinaryOp(Evaluator.scala:459)
	at sjsonnet.Evaluator.visitExpr(Evaluator.scala:36)
	at sjsonnet.Evaluator$$anon$1.evalRhs(Evaluator.scala:620)
	at sjsonnet.Val$Func.apply1(Val.scala:590)
	at sjsonnet.Evaluator.visitApply1(Evaluator.scala:231)
	at sjsonnet.Evaluator.visitExpr(Evaluator.scala:47)
	at sjsonnet.Evaluator.visitBinaryOp(Evaluator.scala:459)
	at sjsonnet.Evaluator.visitExpr(Evaluator.scala:36)
	at sjsonnet.Evaluator$$anon$1.evalRhs(Evaluator.scala:620)
	at sjsonnet.Val$Func.apply1(Val.scala:590)
	at sjsonnet.Evaluator.visitApply1(Evaluator.scala:231)
	at sjsonnet.Evaluator.visitExpr(Evaluator.scala:47)
	at sjsonnet.Evaluator.visitBinaryOp(Evaluator.scala:459)
	at sjsonnet.Evaluator.visitExpr(Evaluator.scala:36)
	at sjsonnet.Evaluator$$anon$1.evalRhs(Evaluator.scala:620)
	at sjsonnet.Val$Func.apply1(Val.scala:590)
	at sjsonnet.Evaluator.visitApply1(Evaluator.scala:231)
	at sjsonnet.Evaluator.visitExpr(Evaluator.scala:47)
	at sjsonnet.Evaluator.visitBinaryOp(Evaluator.scala:459)
	at sjsonnet.Evaluator.visitExpr(Evaluator.scala:36)
	at sjsonnet.Evaluator$$anon$1.evalRhs(Evaluator.scala:620)
	at sjsonnet.Val$Func.apply1(Val.scala:590)
	at sjsonnet.Evaluator.visitApply1(Evaluator.scala:231)
	at sjsonnet.Evaluator.visitExpr(Evaluator.scala:47)
	at sjsonnet.Evaluator.visitBinaryOp(Evaluator.scala:459)
	at sjsonnet.Evaluator.visitExpr(Evaluator.scala:36)
	at sjsonnet.Evaluator$$anon$1.evalRhs(Evaluator.scala:620)
	at sjsonnet.Val$Func.apply1(Val.scala:590)
	at sjsonnet.Evaluator.visitApply1(Evaluator.scala:231)
	at sjsonnet.Evaluator.visitExpr(Evaluator.scala:47)
	at sjsonnet.Evaluator.visitBinaryOp(Evaluator.scala:459)
	at sjsonnet.Evaluator.visitExpr(Evaluator.scala:36)
	at sjsonnet.Evaluator$$anon$1.evalRhs(Evaluator.scala:620)
	at sjsonnet.Val$Func.apply1(Val.scala:590)
	at sjsonnet.Evaluator.visitApply1(Evaluator.scala:231)
	at sjsonnet.Evaluator.visitExpr(Evaluator.scala:47)
	at sjsonnet.Evaluator.visitBinaryOp(Evaluator.scala:459)
	at sjsonnet.Evaluator.visitExpr(Evaluator.scala:36)
	at sjsonnet.Evaluator$$anon$1.evalRhs(Evaluator.scala:620)
	at sjsonnet.Val$Func.apply1(Val.scala:590)
	at sjsonnet.Evaluator.visitApply1(Evaluator.scala:231)
	at sjsonnet.Evaluator.visitExpr(Evaluator.scala:47)
	at sjsonnet.Evaluator.visitBinaryOp(Evaluator.scala:459)
	at sjsonnet.Evaluator.visitExpr(Evaluator.scala:36)
	at sjsonnet.Evaluator$$anon$1.evalRhs(Evaluator.scala:620)
	at sjsonnet.Val$Func.apply1(Val.scala:590)
	at sjsonnet.Evaluator.visitApply1(Evaluator.scala:231)
	at sjsonnet.Evaluator.visitExpr(Evaluator.scala:47)
	at sjsonnet.Evaluator.visitBinaryOp(Evaluator.scala:459)
	at sjsonnet.Evaluator.visitExpr(Evaluator.scala:36)
	at sjsonnet.Evaluator$$anon$1.evalRhs(Evaluator.scala:620)
	at sjsonnet.Val$Func.apply1(Val.scala:590)
	at sjsonnet.Evaluator.visitApply1(Evaluator.scala:231)
	at sjsonnet.Evaluator.visitExpr(Evaluator.scala:47)
	at sjsonnet.Evaluator.visitBinaryOp(Evaluator.scala:459)
	at sjsonnet.Evaluator.visitExpr(Evaluator.scala:36)
	at sjsonnet.Evaluator$$anon$1.evalRhs(Evaluator.scala:620)
	at sjsonnet.Val$Func.apply1(Val.scala:590)
	at sjsonnet.Evaluator.visitApply1(Evaluator.scala:231)
	at sjsonnet.Evaluator.visitExpr(Evaluator.scala:47)
	at sjsonnet.Evaluator.visitBinaryOp(Evaluator.scala:459)
	at sjsonnet.Evaluator.visitExpr(Evaluator.scala:36)
	at sjsonnet.Evaluator$$anon$1.evalRhs(Evaluator.scala:620)
	at sjsonnet.Val$Func.apply1(Val.scala:590)
	at sjsonnet.Evaluator.visitApply1(Evaluator.scala:231)
	at sjsonnet.Evaluator.visitExpr(Evaluator.scala:47)
	at sjsonnet.Evaluator.visitBinaryOp(Evaluator.scala:459)
	at sjsonnet.Evaluator.visitExpr(Evaluator.scala:36)
	at sjsonnet.Evaluator$$anon$1.evalRhs(Evaluator.scala:620)
	at sjsonnet.Val$Func.apply1(Val.scala:590)
	at sjsonnet.Evaluator.visitApply1(Evaluator.scala:231)
	at sjsonnet.Evaluator.visitExpr(Evaluator.scala:47)
	at sjsonnet.Evaluator.visitBinaryOp(Evaluator.scala:459)
	at sjsonnet.Evaluator.visitExpr(Evaluator.scala:36)
	at sjsonnet.Evaluator$$anon$1.evalRhs(Evaluator.scala:620)
	at sjsonnet.Val$Func.apply1(Val.scala:590)
	at sjsonnet.Evaluator.visitApply1(Evaluator.scala:231)
	at sjsonnet.Evaluator.visitExpr(Evaluator.scala:47)
	at sjsonnet.Evaluator.visitBinaryOp(Evaluator.scala:459)
	at sjsonnet.Evaluator.visitExpr(Evaluator.scala:36)
	at sjsonnet.Evaluator$$anon$1.evalRhs(Evaluator.scala:620)
	at sjsonnet.Val$Func.apply1(Val.scala:590)
	at sjsonnet.Evaluator.visitApply1(Evaluator.scala:231)
	at sjsonnet.Evaluator.visitExpr(Evaluator.scala:47)
	at sjsonnet.Evaluator.visitBinaryOp(Evaluator.scala:459)
	at sjsonnet.Evaluator.visitExpr(Evaluator.scala:36)
	at sjsonnet.Evaluator$$anon$1.evalRhs(Evaluator.scala:620)
	at sjsonnet.Val$Func.apply1(Val.scala:590)
	at sjsonnet.Evaluator.visitApply1(Evaluator.scala:231)
	at sjsonnet.Evaluator.visitExpr(Evaluator.scala:47)
	at sjsonnet.Evaluator.visitBinaryOp(Evaluator.scala:459)
	at sjsonnet.Evaluator.visitExpr(Evaluator.scala:36)
	at sjsonnet.Evaluator$$anon$1.evalRhs(Evaluator.scala:620)
	at sjsonnet.Val$Func.apply1(Val.scala:590)
	at sjsonnet.Evaluator.visitApply1(Evaluator.scala:231)
	at sjsonnet.Evaluator.visitExpr(Evaluator.scala:47)
	at sjsonnet.Evaluator.visitBinaryOp(Evaluator.scala:459)
	at sjsonnet.Evaluator.visitExpr(Evaluator.scala:36)
	at sjsonnet.Evaluator$$anon$1.evalRhs(Evaluator.scala:620)
	at sjsonnet.Val$Func.apply1(Val.scala:590)
	at sjsonnet.Evaluator.visitApply1(Evaluator.scala:231)
	at sjsonnet.Evaluator.visitExpr(Evaluator.scala:47)
	at sjsonnet.Evaluator.visitBinaryOp(Evaluator.scala:459)
	at sjsonnet.Evaluator.visitExpr(Evaluator.scala:36)
	at sjsonnet.Evaluator$$anon$1.evalRhs(Evaluator.scala:620)
	at sjsonnet.Val$Func.apply1(Val.scala:590)
	at sjsonnet.Evaluator.visitApply1(Evaluator.scala:231)
	at sjsonnet.Evaluator.visitExpr(Evaluator.scala:47)
	at sjsonnet.Evaluator.visitBinaryOp(Evaluator.scala:459)
	at sjsonnet.Evaluator.visitExpr(Evaluator.scala:36)
	at sjsonnet.Evaluator$$anon$1.evalRhs(Evaluator.scala:620)
	at sjsonnet.Val$Func.apply1(Val.scala:590)
	at sjsonnet.Evaluator.visitApply1(Evaluator.scala:231)
	at sjsonnet.Evaluator.visitExpr(Evaluator.scala:47)
	at sjsonnet.Evaluator.visitBinaryOp(Evaluator.scala:459)
	at sjsonnet.Evaluator.visitExpr(Evaluator.scala:36)
	at sjsonnet.Evaluator$$anon$1.evalRhs(Evaluator.scala:620)
	at sjsonnet.Val$Func.apply1(Val.scala:590)
	at sjsonnet.Evaluator.visitApply1(Evaluator.scala:231)
	at sjsonnet.Evaluator.visitExpr(Evaluator.scala:47)
	at sjsonnet.Evaluator.visitBinaryOp(Evaluator.scala:459)
	at sjsonnet.Evaluator.visitExpr(Evaluator.scala:36)
	at sjsonnet.Evaluator$$anon$1.evalRhs(Evaluator.scala:620)
	at sjsonnet.Val$Func.apply1(Val.scala:590)
	at sjsonnet.Evaluator.visitApply1(Evaluator.scala:231)
	at sjsonnet.Evaluator.visitExpr(Evaluator.scala:47)
	at sjsonnet.Evaluator.visitBinaryOp(Evaluator.scala:459)
	at sjsonnet.Evaluator.visitExpr(Evaluator.scala:36)
	at sjsonnet.Evaluator$$anon$1.evalRhs(Evaluator.scala:620)
	at sjsonnet.Val$Func.apply1(Val.scala:590)
	at sjsonnet.Evaluator.visitApply1(Evaluator.scala:231)
	at sjsonnet.Evaluator.visitExpr(Evaluator.scala:47)
	at sjsonnet.Evaluator.visitBinaryOp(Evaluator.scala:459)
	at sjsonnet.Evaluator.visitExpr(Evaluator.scala:36)
	at sjsonnet.Evaluator$$anon$1.evalRhs(Evaluator.scala:620)
	at sjsonnet.Val$Func.apply1(Val.scala:590)
	at sjsonnet.Evaluator.visitApply1(Evaluator.scala:231)
	at sjsonnet.Evaluator.visitExpr(Evaluator.scala:47)
	at sjsonnet.Evaluator.visitBinaryOp(Evaluator.scala:459)
	at sjsonnet.Evaluator.visitExpr(Evaluator.scala:36)
	at sjsonnet.Evaluator$$anon$1.evalRhs(Evaluator.scala:620)
	at sjsonnet.Val$Func.apply1(Val.scala:590)
	at sjsonnet.Evaluator.visitApply1(Evaluator.scala:231)
	at sjsonnet.Evaluator.visitExpr(Evaluator.scala:47)
	at sjsonnet.Evaluator.visitBinaryOp(Evaluator.scala:459)
	at sjsonnet.Evaluator.visitExpr(Evaluator.scala:36)
	at sjsonnet.Evaluator$$anon$1.evalRhs(Evaluator.scala:620)
	at sjsonnet.Val$Func.apply1(Val.scala:590)
	at sjsonnet.Evaluator.visitApply1(Evaluator.scala:231)
	at sjsonnet.Evaluator.visitExpr(Evaluator.scala:47)
	at sjsonnet.Evaluator.visitBinaryOp(Evaluator.scala:459)
	at sjsonnet.Evaluator.visitExpr(Evaluator.scala:36)
	at sjsonnet.Evaluator$$anon$1.evalRhs(Evaluator.scala:620)
	at sjsonnet.Val$Func.apply1(Val.scala:590)
	at sjsonnet.Evaluator.visitApply1(Evaluator.scala:231)
	at sjsonnet.Evaluator.visitExpr(Evaluator.scala:47)
	at sjsonnet.Evaluator.visitBinaryOp(Evaluator.scala:459)
	at sjsonnet.Evaluator.visitExpr(Evaluator.scala:36)
	at sjsonnet.Evaluator$$anon$1.evalRhs(Evaluator.scala:620)
	at sjsonnet.Val$Func.apply1(Val.scala:590)
	at sjsonnet.Evaluator.visitApply1(Evaluator.scala:231)
	at sjsonnet.Evaluator.visitExpr(Evaluator.scala:47)
	at sjsonnet.Evaluator.visitBinaryOp(Evaluator.scala:459)
	at sjsonnet.Evaluator.visitExpr(Evaluator.scala:36)
	at sjsonnet.Evaluator$$anon$1.evalRhs(Evaluator.scala:620)
	at sjsonnet.Val$Func.apply1(Val.scala:590)
	at sjsonnet.Evaluator.visitApply1(Evaluator.scala:231)
	at sjsonnet.Evaluator.visitExpr(Evaluator.scala:47)
	at sjsonnet.Evaluator.visitBinaryOp(Evaluator.scala:459)
	at sjsonnet.Evaluator.visitExpr(Evaluator.scala:36)
	at sjsonnet.Evaluator$$anon$1.evalRhs(Evaluator.scala:620)
	at sjsonnet.Val$Func.apply1(Val.scala:590)
	at sjsonnet.Evaluator.visitApply1(Evaluator.scala:231)
	at sjsonnet.Evaluator.visitExpr(Evaluator.scala:47)
	at sjsonnet.Evaluator.visitBinaryOp(Evaluator.scala:459)
	at sjsonnet.Evaluator.visitExpr(Evaluator.scala:36)
	at sjsonnet.Evaluator$$anon$1.evalRhs(Evaluator.scala:620)
	at sjsonnet.Val$Func.apply1(Val.scala:590)
	at sjsonnet.Evaluator.visitApply1(Evaluator.scala:231)
	at sjsonnet.Evaluator.visitExpr(Evaluator.scala:47)
	at sjsonnet.Evaluator.visitBinaryOp(Evaluator.scala:459)
	at sjsonnet.Evaluator.visitExpr(Evaluator.scala:36)
	at sjsonnet.Evaluator$$anon$1.evalRhs(Evaluator.scala:620)
	at sjsonnet.Val$Func.apply1(Val.scala:590)
	at sjsonnet.Evaluator.visitApply1(Evaluator.scala:231)
	at sjsonnet.Evaluator.visitExpr(Evaluator.scala:47)
	at sjsonnet.Evaluator.visitBinaryOp(Evaluator.scala:459)
	at sjsonnet.Evaluator.visitExpr(Evaluator.scala:36)
	at sjsonnet.Evaluator$$anon$1.evalRhs(Evaluator.scala:620)
	at sjsonnet.Val$Func.apply1(Val.scala:590)
	at sjsonnet.Evaluator.visitApply1(Evaluator.scala:231)
	at sjsonnet.Evaluator.visitExpr(Evaluator.scala:47)
	at sjsonnet.Evaluator.visitBinaryOp(Evaluator.scala:459)
	at sjsonnet.Evaluator.visitExpr(Evaluator.scala:36)
	at sjsonnet.Evaluator$$anon$1.evalRhs(Evaluator.scala:620)
	at sjsonnet.Val$Func.apply1(Val.scala:590)
	at sjsonnet.Evaluator.visitApply1(Evaluator.scala:231)
	at sjsonnet.Evaluator.visitExpr(Evaluator.scala:47)
	at sjsonnet.Evaluator.visitBinaryOp(Evaluator.scala:459)
	at sjsonnet.Evaluator.visitExpr(Evaluator.scala:36)
	at sjsonnet.Evaluator$$anon$1.evalRhs(Evaluator.scala:620)
	at sjsonnet.Val$Func.apply1(Val.scala:590)
	at sjsonnet.Evaluator.visitApply1(Evaluator.scala:231)
	at sjsonnet.Evaluator.visitExpr(Evaluator.scala:47)
	at sjsonnet.Evaluator.visitBinaryOp(Evaluator.scala:459)
	at sjsonnet.Evaluator.visitExpr(Evaluator.scala:36)
	at sjsonnet.Evaluator$$anon$1.evalRhs(Evaluator.scala:620)
	at sjsonnet.Val$Func.apply1(Val.scala:590)
	at sjsonnet.Evaluator.visitApply1(Evaluator.scala:231)
	at sjsonnet.Evaluator.visitExpr(Evaluator.scala:47)
	at sjsonnet.Evaluator.visitBinaryOp(Evaluator.scala:459)
	at sjsonnet.Evaluator.visitExpr(Evaluator.scala:36)
	at sjsonnet.Evaluator$$anon$1.evalRhs(Evaluator.scala:620)
	at sjsonnet.Val$Func.apply1(Val.scala:590)
	at sjsonnet.Evaluator.visitApply1(Evaluator.scala:231)
	at sjsonnet.Evaluator.visitExpr(Evaluator.scala:47)
	at sjsonnet.Evaluator.visitBinaryOp(Evaluator.scala:459)
	at sjsonnet.Evaluator.visitExpr(Evaluator.scala:36)
	at sjsonnet.Evaluator$$anon$1.evalRhs(Evaluator.scala:620)
	at sjsonnet.Val$Func.apply1(Val.scala:590)
	at sjsonnet.Evaluator.visitApply1(Evaluator.scala:231)
	at sjsonnet.Evaluator.visitExpr(Evaluator.scala:47)
	at sjsonnet.Evaluator.visitBinaryOp(Evaluator.scala:459)
	at sjsonnet.Evaluator.visitExpr(Evaluator.scala:36)
	at sjsonnet.Evaluator$$anon$1.evalRhs(Evaluator.scala:620)
	at sjsonnet.Val$Func.apply1(Val.scala:590)
	at sjsonnet.Evaluator.visitApply1(Evaluator.scala:231)
	at sjsonnet.Evaluator.visitExpr(Evaluator.scala:47)
	at sjsonnet.Evaluator.visitBinaryOp(Evaluator.scala:459)
	at sjsonnet.Evaluator.visitExpr(Evaluator.scala:36)
	at sjsonnet.Evaluator$$anon$1.evalRhs(Evaluator.scala:620)
	at sjsonnet.Val$Func.apply1(Val.scala:590)
	at sjsonnet.Evaluator.visitApply1(Evaluator.scala:231)
	at sjsonnet.Evaluator.visitExpr(Evaluator.scala:47)
	at sjsonnet.Evaluator.visitBinaryOp(Evaluator.scala:459)
	at sjsonnet.Evaluator.visitExpr(Evaluator.scala:36)
	at sjsonnet.Evaluator$$anon$1.evalRhs(Evaluator.scala:620)
	at sjsonnet.Val$Func.apply1(Val.scala:590)
	at sjsonnet.Evaluator.visitApply1(Evaluator.scala:231)
	at sjsonnet.Evaluator.visitExpr(Evaluator.scala:47)
	at sjsonnet.Evaluator.visitBinaryOp(Evaluator.scala:459)
	at sjsonnet.Evaluator.visitExpr(Evaluator.scala:36)
	at sjsonnet.Evaluator$$anon$1.evalRhs(Evaluator.scala:620)
	at sjsonnet.Val$Func.apply1(Val.scala:590)
	at sjsonnet.Evaluator.visitApply1(Evaluator.scala:231)
	at sjsonnet.Evaluator.visitExpr(Evaluator.scala:47)
	at sjsonnet.Evaluator.visitBinaryOp(Evaluator.scala:459)
	at sjsonnet.Evaluator.visitExpr(Evaluator.scala:36)
	at sjsonnet.Evaluator$$anon$1.evalRhs(Evaluator.scala:620)
	at sjsonnet.Val$Func.apply1(Val.scala:590)
	at sjsonnet.Evaluator.visitApply1(Evaluator.scala:231)
	at sjsonnet.Evaluator.visitExpr(Evaluator.scala:47)
	at sjsonnet.Evaluator.visitBinaryOp(Evaluator.scala:459)
	at sjsonnet.Evaluator.visitExpr(Evaluator.scala:36)
	at sjsonnet.Evaluator$$anon$1.evalRhs(Evaluator.scala:620)
	at sjsonnet.Val$Func.apply1(Val.scala:590)
	at sjsonnet.Evaluator.visitApply1(Evaluator.scala:231)
	at sjsonnet.Evaluator.visitExpr(Evaluator.scala:47)
	at sjsonnet.Evaluator.visitBinaryOp(Evaluator.scala:459)
	at sjsonnet.Evaluator.visitExpr(Evaluator.scala:36)
	at sjsonnet.Evaluator$$anon$1.evalRhs(Evaluator.scala:620)
	at sjsonnet.Val$Func.apply1(Val.scala:590)
	at sjsonnet.Evaluator.visitApply1(Evaluator.scala:231)
	at sjsonnet.Evaluator.visitExpr(Evaluator.scala:47)
	at sjsonnet.Evaluator.visitBinaryOp(Evaluator.scala:459)
	at sjsonnet.Evaluator.visitExpr(Evaluator.scala:36)
	at sjsonnet.Evaluator$$anon$1.evalRhs(Evaluator.scala:620)
	at sjsonnet.Val$Func.apply1(Val.scala:590)
	at sjsonnet.Evaluator.visitApply1(Evaluator.scala:231)
	at sjsonnet.Evaluator.visitExpr(Evaluator.scala:47)
	at sjsonnet.Evaluator.visitBinaryOp(Evaluator.scala:459)
	at sjsonnet.Evaluator.visitExpr(Evaluator.scala:36)
	at sjsonnet.Evaluator$$anon$1.evalRhs(Evaluator.scala:620)
	at sjsonnet.Val$Func.apply1(Val.scala:590)
	at sjsonnet.Evaluator.visitApply1(Evaluator.scala:231)
	at sjsonnet.Evaluator.visitExpr(Evaluator.scala:47)
	at sjsonnet.Evaluator.visitBinaryOp(Evaluator.scala:459)
	at sjsonnet.Evaluator.visitExpr(Evaluator.scala:36)
	at sjsonnet.Evaluator$$anon$1.evalRhs(Evaluator.scala:620)
	at sjsonnet.Val$Func.apply1(Val.scala:590)
	at sjsonnet.Evaluator.visitApply1(Evaluator.scala:231)
	at sjsonnet.Evaluator.visitExpr(Evaluator.scala:47)
	at sjsonnet.Evaluator.visitBinaryOp(Evaluator.scala:459)
	at sjsonnet.Evaluator.visitExpr(Evaluator.scala:36)
	at sjsonnet.Evaluator$$anon$1.evalRhs(Evaluator.scala:620)
	at sjsonnet.Val$Func.apply1(Val.scala:590)
	at sjsonnet.Evaluator.visitApply1(Evaluator.scala:231)
	at sjsonnet.Evaluator.visitExpr(Evaluator.scala:47)
	at sjsonnet.Evaluator.visitBinaryOp(Evaluator.scala:459)
	at sjsonnet.Evaluator.visitExpr(Evaluator.scala:36)
	at sjsonnet.Evaluator$$anon$1.evalRhs(Evaluator.scala:620)
	at sjsonnet.Val$Func.apply1(Val.scala:590)
	at sjsonnet.Evaluator.visitApply1(Evaluator.scala:231)
	at sjsonnet.Evaluator.visitExpr(Evaluator.scala:47)
	at sjsonnet.Evaluator.visitBinaryOp(Evaluator.scala:459)
	at sjsonnet.Evaluator.visitExpr(Evaluator.scala:36)
	at sjsonnet.Evaluator$$anon$1.evalRhs(Evaluator.scala:620)
	at sjsonnet.Val$Func.apply1(Val.scala:590)
	at sjsonnet.Evaluator.visitApply1(Evaluator.scala:231)
	at sjsonnet.Evaluator.visitExpr(Evaluator.scala:47)
	at sjsonnet.Evaluator.visitBinaryOp(Evaluator.scala:459)
	at sjsonnet.Evaluator.visitExpr(Evaluator.scala:36)
	at sjsonnet.Evaluator$$anon$1.evalRhs(Evaluator.scala:620)
	at sjsonnet.Val$Func.apply1(Val.scala:590)
	at sjsonnet.Evaluator.visitApply1(Evaluator.scala:231)
	at sjsonnet.Evaluator.visitExpr(Evaluator.scala:47)
	at sjsonnet.Evaluator.visitBinaryOp(Evaluator.scala:459)
	at sjsonnet.Evaluator.visitExpr(Evaluator.scala:36)
	at sjsonnet.Evaluator$$anon$1.evalRhs(Evaluator.scala:620)
	at sjsonnet.Val$Func.apply1(Val.scala:590)
	at sjsonnet.Evaluator.visitApply1(Evaluator.scala:231)
	at sjsonnet.Evaluator.visitExpr(Evaluator.scala:47)
	at sjsonnet.Evaluator.visitBinaryOp(Evaluator.scala:459)
	at sjsonnet.Evaluator.visitExpr(Evaluator.scala:36)
	at sjsonnet.Evaluator$$anon$1.evalRhs(Evaluator.scala:620)
	at sjsonnet.Val$Func.apply1(Val.scala:590)
	at sjsonnet.Evaluator.visitApply1(Evaluator.scala:231)
	at sjsonnet.Evaluator.visitExpr(Evaluator.scala:47)
	at sjsonnet.Evaluator.visitBinaryOp(Evaluator.scala:459)
	at sjsonnet.Evaluator.visitExpr(Evaluator.scala:36)
	at sjsonnet.Evaluator$$anon$1.evalRhs(Evaluator.scala:620)
	at sjsonnet.Val$Func.apply1(Val.scala:590)
	at sjsonnet.Evaluator.visitApply1(Evaluator.scala:231)
	at sjsonnet.Evaluator.visitExpr(Evaluator.scala:47)
	at sjsonnet.Evaluator.visitBinaryOp(Evaluator.scala:459)
	at sjsonnet.Evaluator.visitExpr(Evaluator.scala:36)
	at sjsonnet.Evaluator$$anon$1.evalRhs(Evaluator.scala:620)
	at sjsonnet.Val$Func.apply1(Val.scala:590)
	at sjsonnet.Evaluator.visitApply1(Evaluator.scala:231)
	at sjsonnet.Evaluator.visitExpr(Evaluator.scala:47)
	at sjsonnet.Evaluator.visitBinaryOp(Evaluator.scala:459)
	at sjsonnet.Evaluator.visitExpr(Evaluator.scala:36)
	at sjsonnet.Evaluator$$anon$1.evalRhs(Evaluator.scala:620)
	at sjsonnet.Val$Func.apply1(Val.scala:590)
	at sjsonnet.Evaluator.visitApply1(Evaluator.scala:231)
	at sjsonnet.Evaluator.visitExpr(Evaluator.scala:47)
	at sjsonnet.Evaluator.visitBinaryOp(Evaluator.scala:459)
	at sjsonnet.Evaluator.visitExpr(Evaluator.scala:36)
	at sjsonnet.Evaluator$$anon$1.evalRhs(Evaluator.scala:620)
	at sjsonnet.Val$Func.apply1(Val.scala:590)
	at sjsonnet.Evaluator.visitApply1(Evaluator.scala:231)
	at sjsonnet.Evaluator.visitExpr(Evaluator.scala:47)
	at sjsonnet.Evaluator.visitBinaryOp(Evaluator.scala:459)
	at sjsonnet.Evaluator.visitExpr(Evaluator.scala:36)
	at sjsonnet.Evaluator$$anon$1.evalRhs(Evaluator.scala:620)
	at sjsonnet.Val$Func.apply1(Val.scala:590)
	at sjsonnet.Evaluator.visitApply1(Evaluator.scala:231)
	at sjsonnet.Evaluator.visitExpr(Evaluator.scala:47)
	at sjsonnet.Evaluator.visitBinaryOp(Evaluator.scala:459)
	at sjsonnet.Evaluator.visitExpr(Evaluator.scala:36)
	at sjsonnet.Evaluator$$anon$1.evalRhs(Evaluator.scala:620)
	at sjsonnet.Val$Func.apply1(Val.scala:590)
	at sjsonnet.Evaluator.visitApply1(Evaluator.scala:231)
	at sjsonnet.Evaluator.visitExpr(Evaluator.scala:47)
	at sjsonnet.Evaluator.visitBinaryOp(Evaluator.scala:459)
	at sjsonnet.Evaluator.visitExpr(Evaluator.scala:36)
	at sjsonnet.Evaluator$$anon$1.evalRhs(Evaluator.scala:620)
	at sjsonnet.Val$Func.apply1(Val.scala:590)
	at sjsonnet.Evaluator.visitApply1(Evaluator.scala:231)
	at sjsonnet.Evaluator.visitExpr(Evaluator.scala:47)
	at sjsonnet.Evaluator.visitBinaryOp(Evaluator.scala:459)
	at sjsonnet.Evaluator.visitExpr(Evaluator.scala:36)
	at sjsonnet.Evaluator$$anon$1.evalRhs(Evaluator.scala:620)
	at sjsonnet.Val$Func.apply1(Val.scala:590)
	at sjsonnet.Evaluator.visitApply1(Evaluator.scala:231)
	at sjsonnet.Evaluator.visitExpr(Evaluator.scala:47)
	at sjsonnet.Evaluator.visitBinaryOp(Evaluator.scala:459)
	at sjsonnet.Evaluator.visitExpr(Evaluator.scala:36)
	at sjsonnet.Evaluator$$anon$1.evalRhs(Evaluator.scala:620)
	at sjsonnet.Val$Func.apply1(Val.scala:590)
	at sjsonnet.Evaluator.visitApply1(Evaluator.scala:231)
	at sjsonnet.Evaluator.visitExpr(Evaluator.scala:47)
	at sjsonnet.Evaluator.visitBinaryOp(Evaluator.scala:459)
	at sjsonnet.Evaluator.visitExpr(Evaluator.scala:36)
	at sjsonnet.Evaluator$$anon$1.evalRhs(Evaluator.scala:620)
	at sjsonnet.Val$Func.apply1(Val.scala:590)
	at sjsonnet.Evaluator.visitApply1(Evaluator.scala:231)
	at sjsonnet.Evaluator.visitExpr(Evaluator.scala:47)
	at sjsonnet.Evaluator.visitBinaryOp(Evaluator.scala:459)
	at sjsonnet.Evaluator.visitExpr(Evaluator.scala:36)
	at sjsonnet.Evaluator$$anon$1.evalRhs(Evaluator.scala:620)
	at sjsonnet.Val$Func.apply1(Val.scala:590)
	at sjsonnet.Evaluator.visitApply1(Evaluator.scala:231)
	at sjsonnet.Evaluator.visitExpr(Evaluator.scala:47)
	at sjsonnet.Evaluator.visitBinaryOp(Evaluator.scala:459)
	at sjsonnet.Evaluator.visitExpr(Evaluator.scala:36)
	at sjsonnet.Evaluator$$anon$1.evalRhs(Evaluator.scala:620)
	at sjsonnet.Val$Func.apply1(Val.scala:590)
	at sjsonnet.Evaluator.visitApply1(Evaluator.scala:231)
	at sjsonnet.Evaluator.visitExpr(Evaluator.scala:47)
	at sjsonnet.Evaluator.visitBinaryOp(Evaluator.scala:459)
	at sjsonnet.Evaluator.visitExpr(Evaluator.scala:36)
	at sjsonnet.Evaluator$$anon$1.evalRhs(Evaluator.scala:620)
	at sjsonnet.Val$Func.apply1(Val.scala:590)
	at sjsonnet.Evaluator.visitApply1(Evaluator.scala:231)
	at sjsonnet.Evaluator.visitExpr(Evaluator.scala:47)
	at sjsonnet.Evaluator.visitBinaryOp(Evaluator.scala:459)
	at sjsonnet.Evaluator.visitExpr(Evaluator.scala:36)
	at sjsonnet.Evaluator$$anon$1.evalRhs(Evaluator.scala:620)
	at sjsonnet.Val$Func.apply1(Val.scala:590)
