Exception in thread "main" java.lang.StackOverflowError
	at sjsonnet.Evaluator.visitSelect(Evaluator.scala:102)
	at sjsonnet.Evaluator.visitExpr(Evaluator.scala:39)
	at sjsonnet.Evaluator.visitBinaryOp(Evaluator.scala:546)
	at sjsonnet.Evaluator.visitExpr(Evaluator.scala:38)
	at sjsonnet.Evaluator.visitIfElse(Evaluator.scala:155)
	at sjsonnet.Evaluator.visitExpr(Evaluator.scala:54)
	at sjsonnet.Evaluator$$anon$2.invoke(Evaluator.scala:901)
	at sjsonnet.Val$Obj.valueRaw(Val.scala:593)
	at sjsonnet.Val$Obj.value(Val.scala:537)
	at sjsonnet.Evaluator.visitSelect(Evaluator.scala:103)
	at sjsonnet.Evaluator.visitExpr(Evaluator.scala:39)
	at sjsonnet.Evaluator.visitBinaryOp(Evaluator.scala:546)
	at sjsonnet.Evaluator.visitExpr(Evaluator.scala:38)
	at sjsonnet.Evaluator.visitIfElse(Evaluator.scala:160)
	at sjsonnet.Evaluator.visitExpr(Evaluator.scala:54)
	at sjsonnet.Evaluator$$anon$2.invoke(Evaluator.scala:901)
	at sjsonnet.Val$Obj.valueRaw(Val.scala:593)
	at sjsonnet.Val$Obj.value(Val.scala:537)
	at sjsonnet.Evaluator.visitSelect(Evaluator.scala:103)
	at sjsonnet.Evaluator.visitExpr(Evaluator.scala:39)
	at sjsonnet.Evaluator.visitBinaryOp(Evaluator.scala:546)
	at sjsonnet.Evaluator.visitExpr(Evaluator.scala:38)
	at sjsonnet.Evaluator.visitIfElse(Evaluator.scala:160)
	at sjsonnet.Evaluator.visitExpr(Evaluator.scala:54)
	at sjsonnet.Evaluator$$anon$2.invoke(Evaluator.scala:901)
	at sjsonnet.Val$Obj.valueRaw(Val.scala:593)
	at sjsonnet.Val$Obj.value(Val.scala:537)
	at sjsonnet.Evaluator.visitSelect(Evaluator.scala:103)
	at sjsonnet.Evaluator.visitExpr(Evaluator.scala:39)
	at sjsonnet.Evaluator.visitBinaryOp(Evaluator.scala:546)
	at sjsonnet.Evaluator.visitExpr(Evaluator.scala:38)
	at sjsonnet.Evaluator.visitIfElse(Evaluator.scala:160)
	at sjsonnet.Evaluator.visitExpr(Evaluator.scala:54)
	at sjsonnet.Evaluator$$anon$2.invoke(Evaluator.scala:901)
	at sjsonnet.Val$Obj.valueRaw(Val.scala:593)
	at sjsonnet.Val$Obj.value(Val.scala:537)
	at sjsonnet.Evaluator.visitSelect(Evaluator.scala:103)
	at sjsonnet.Evaluator.visitExpr(Evaluator.scala:39)
	at sjsonnet.Evaluator.visitBinaryOp(Evaluator.scala:546)
	at sjsonnet.Evaluator.visitExpr(Evaluator.scala:38)
	at sjsonnet.Evaluator.visitIfElse(Evaluator.scala:160)
	at sjsonnet.Evaluator.visitExpr(Evaluator.scala:54)
	at sjsonnet.Evaluator$$anon$2.invoke(Evaluator.scala:901)
	at sjsonnet.Val$Obj.valueRaw(Val.scala:593)
	at sjsonnet.Val$Obj.value(Val.scala:537)
	at sjsonnet.Evaluator.visitSelect(Evaluator.scala:103)
	at sjsonnet.Evaluator.visitExpr(Evaluator.scala:39)
	at sjsonnet.Evaluator.visitBinaryOp(Evaluator.scala:546)
	at sjsonnet.Evaluator.visitExpr(Evaluator.scala:38)
	at sjsonnet.Evaluator.visitIfElse(Evaluator.scala:160)
	at sjsonnet.Evaluator.visitExpr(Evaluator.scala:54)
	at sjsonnet.Evaluator$$anon$2.invoke(Evaluator.scala:901)
	at sjsonnet.Val$Obj.valueRaw(Val.scala:593)
	at sjsonnet.Val$Obj.value(Val.scala:537)
	at sjsonnet.Evaluator.visitSelect(Evaluator.scala:103)
	at sjsonnet.Evaluator.visitExpr(Evaluator.scala:39)
	at sjsonnet.Evaluator.visitBinaryOp(Evaluator.scala:546)
	at sjsonnet.Evaluator.visitExpr(Evaluator.scala:38)
	at sjsonnet.Evaluator.visitIfElse(Evaluator.scala:160)
	at sjsonnet.Evaluator.visitExpr(Evaluator.scala:54)
	at sjsonnet.Evaluator$$anon$2.invoke(Evaluator.scala:901)
	at sjsonnet.Val$Obj.valueRaw(Val.scala:593)
	at sjsonnet.Val$Obj.value(Val.scala:537)
	at sjsonnet.Evaluator.visitSelect(Evaluator.scala:103)
	at sjsonnet.Evaluator.visitExpr(Evaluator.scala:39)
	at sjsonnet.Evaluator.visitBinaryOp(Evaluator.scala:546)
	at sjsonnet.Evaluator.visitExpr(Evaluator.scala:38)
	at sjsonnet.Evaluator.visitIfElse(Evaluator.scala:160)
	at sjsonnet.Evaluator.visitExpr(Evaluator.scala:54)
	at sjsonnet.Evaluator$$anon$2.invoke(Evaluator.scala:901)
	at sjsonnet.Val$Obj.valueRaw(Val.scala:593)
	at sjsonnet.Val$Obj.value(Val.scala:537)
	at sjsonnet.Evaluator.visitSelect(Evaluator.scala:103)
	at sjsonnet.Evaluator.visitExpr(Evaluator.scala:39)
	at sjsonnet.Evaluator.visitBinaryOp(Evaluator.scala:546)
	at sjsonnet.Evaluator.visitExpr(Evaluator.scala:38)
	at sjsonnet.Evaluator.visitIfElse(Evaluator.scala:160)
	at sjsonnet.Evaluator.visitExpr(Evaluator.scala:54)
	at sjsonnet.Evaluator$$anon$2.invoke(Evaluator.scala:901)
	at sjsonnet.Val$Obj.valueRaw(Val.scala:593)
	at sjsonnet.Val$Obj.value(Val.scala:537)
	at sjsonnet.Evaluator.visitSelect(Evaluator.scala:103)
	at sjsonnet.Evaluator.visitExpr(Evaluator.scala:39)
	at sjsonnet.Evaluator.visitBinaryOp(Evaluator.scala:546)
	at sjsonnet.Evaluator.visitExpr(Evaluator.scala:38)
	at sjsonnet.Evaluator.visitIfElse(Evaluator.scala:160)
	at sjsonnet.Evaluator.visitExpr(Evaluator.scala:54)
	at sjsonnet.Evaluator$$anon$2.invoke(Evaluator.scala:901)
	at sjsonnet.Val$Obj.valueRaw(Val.scala:593)
	at sjsonnet.Val$Obj.value(Val.scala:537)
	at sjsonnet.Evaluator.visitSelect(Evaluator.scala:103)
	at sjsonnet.Evaluator.visitExpr(Evaluator.scala:39)
	at sjsonnet.Evaluator.visitBinaryOp(Evaluator.scala:546)
	at sjsonnet.Evaluator.visitExpr(Evaluator.scala:38)
	at sjsonnet.Evaluator.visitIfElse(Evaluator.scala:160)
	at sjsonnet.Evaluator.visitExpr(Evaluator.scala:54)
	at sjsonnet.Evaluator$$anon$2.invoke(Evaluator.scala:901)
	at sjsonnet.Val$Obj.valueRaw(Val.scala:593)
	at sjsonnet.Val$Obj.value(Val.scala:537)
	at sjsonnet.Evaluator.visitSelect(Evaluator.scala:103)
	at sjsonnet.Evaluator.visitExpr(Evaluator.scala:39)
	at sjsonnet.Evaluator.visitBinaryOp(Evaluator.scala:546)
	at sjsonnet.Evaluator.visitExpr(Evaluator.scala:38)
	at sjsonnet.Evaluator.visitIfElse(Evaluator.scala:160)
	at sjsonnet.Evaluator.visitExpr(Evaluator.scala:54)
	at sjsonnet.Evaluator$$anon$2.invoke(Evaluator.scala:901)
	at sjsonnet.Val$Obj.valueRaw(Val.scala:593)
	at sjsonnet.Val$Obj.value(Val.scala:537)
	at sjsonnet.Evaluator.visitSelect(Evaluator.scala:103)
	at sjsonnet.Evaluator.visitExpr(Evaluator.scala:39)
	at sjsonnet.Evaluator.visitBinaryOp(Evaluator.scala:546)
	at sjsonnet.Evaluator.visitExpr(Evaluator.scala:38)
	at sjsonnet.Evaluator.visitIfElse(Evaluator.scala:160)
	at sjsonnet.Evaluator.visitExpr(Evaluator.scala:54)
	at sjsonnet.Evaluator$$anon$2.invoke(Evaluator.scala:901)
	at sjsonnet.Val$Obj.valueRaw(Val.scala:593)
	at sjsonnet.Val$Obj.value(Val.scala:537)
	at sjsonnet.Evaluator.visitSelect(Evaluator.scala:103)
	at sjsonnet.Evaluator.visitExpr(Evaluator.scala:39)
	at sjsonnet.Evaluator.visitBinaryOp(Evaluator.scala:546)
	at sjsonnet.Evaluator.visitExpr(Evaluator.scala:38)
	at sjsonnet.Evaluator.visitIfElse(Evaluator.scala:160)
	at sjsonnet.Evaluator.visitExpr(Evaluator.scala:54)
	at sjsonnet.Evaluator$$anon$2.invoke(Evaluator.scala:901)
	at sjsonnet.Val$Obj.valueRaw(Val.scala:593)
	at sjsonnet.Val$Obj.value(Val.scala:537)
	at sjsonnet.Evaluator.visitSelect(Evaluator.scala:103)
	at sjsonnet.Evaluator.visitExpr(Evaluator.scala:39)
	at sjsonnet.Evaluator.visitBinaryOp(Evaluator.scala:546)
	at sjsonnet.Evaluator.visitExpr(Evaluator.scala:38)
	at sjsonnet.Evaluator.visitIfElse(Evaluator.scala:160)
	at sjsonnet.Evaluator.visitExpr(Evaluator.scala:54)
	at sjsonnet.Evaluator$$anon$2.invoke(Evaluator.scala:901)
	at sjsonnet.Val$Obj.valueRaw(Val.scala:593)
	at sjsonnet.Val$Obj.value(Val.scala:537)
	at sjsonnet.Evaluator.visitSelect(Evaluator.scala:103)
	at sjsonnet.Evaluator.visitExpr(Evaluator.scala:39)
	at sjsonnet.Evaluator.visitBinaryOp(Evaluator.scala:546)
	at sjsonnet.Evaluator.visitExpr(Evaluator.scala:38)
	at sjsonnet.Evaluator.visitIfElse(Evaluator.scala:160)
	at sjsonnet.Evaluator.visitExpr(Evaluator.scala:54)
	at sjsonnet.Evaluator$$anon$2.invoke(Evaluator.scala:901)
	at sjsonnet.Val$Obj.valueRaw(Val.scala:593)
	at sjsonnet.Val$Obj.value(Val.scala:537)
	at sjsonnet.Evaluator.visitSelect(Evaluator.scala:103)
	at sjsonnet.Evaluator.visitExpr(Evaluator.scala:39)
	at sjsonnet.Evaluator.visitBinaryOp(Evaluator.scala:546)
	at sjsonnet.Evaluator.visitExpr(Evaluator.scala:38)
	at sjsonnet.Evaluator.visitIfElse(Evaluator.scala:160)
	at sjsonnet.Evaluator.visitExpr(Evaluator.scala:54)
	at sjsonnet.Evaluator$$anon$2.invoke(Evaluator.scala:901)
	at sjsonnet.Val$Obj.valueRaw(Val.scala:593)
	at sjsonnet.Val$Obj.value(Val.scala:537)
	at sjsonnet.Evaluator.visitSelect(Evaluator.scala:103)
	at sjsonnet.Evaluator.visitExpr(Evaluator.scala:39)
	at sjsonnet.Evaluator.visitBinaryOp(Evaluator.scala:546)
	at sjsonnet.Evaluator.visitExpr(Evaluator.scala:38)
	at sjsonnet.Evaluator.visitIfElse(Evaluator.scala:160)
	at sjsonnet.Evaluator.visitExpr(Evaluator.scala:54)
	at sjsonnet.Evaluator$$anon$2.invoke(Evaluator.scala:901)
	at sjsonnet.Val$Obj.valueRaw(Val.scala:593)
	at sjsonnet.Val$Obj.value(Val.scala:537)
	at sjsonnet.Evaluator.visitSelect(Evaluator.scala:103)
	at sjsonnet.Evaluator.visitExpr(Evaluator.scala:39)
	at sjsonnet.Evaluator.visitBinaryOp(Evaluator.scala:546)
	at sjsonnet.Evaluator.visitExpr(Evaluator.scala:38)
	at sjsonnet.Evaluator.visitIfElse(Evaluator.scala:160)
	at sjsonnet.Evaluator.visitExpr(Evaluator.scala:54)
	at sjsonnet.Evaluator$$anon$2.invoke(Evaluator.scala:901)
	at sjsonnet.Val$Obj.valueRaw(Val.scala:593)
	at sjsonnet.Val$Obj.value(Val.scala:537)
	at sjsonnet.Evaluator.visitSelect(Evaluator.scala:103)
	at sjsonnet.Evaluator.visitExpr(Evaluator.scala:39)
	at sjsonnet.Evaluator.visitBinaryOp(Evaluator.scala:546)
	at sjsonnet.Evaluator.visitExpr(Evaluator.scala:38)
	at sjsonnet.Evaluator.visitIfElse(Evaluator.scala:160)
	at sjsonnet.Evaluator.visitExpr(Evaluator.scala:54)
	at sjsonnet.Evaluator$$anon$2.invoke(Evaluator.scala:901)
	at sjsonnet.Val$Obj.valueRaw(Val.scala:593)
	at sjsonnet.Val$Obj.value(Val.scala:537)
	at sjsonnet.Evaluator.visitSelect(Evaluator.scala:103)
	at sjsonnet.Evaluator.visitExpr(Evaluator.scala:39)
	at sjsonnet.Evaluator.visitBinaryOp(Evaluator.scala:546)
	at sjsonnet.Evaluator.visitExpr(Evaluator.scala:38)
	at sjsonnet.Evaluator.visitIfElse(Evaluator.scala:160)
	at sjsonnet.Evaluator.visitExpr(Evaluator.scala:54)
	at sjsonnet.Evaluator$$anon$2.invoke(Evaluator.scala:901)
	at sjsonnet.Val$Obj.valueRaw(Val.scala:593)
	at sjsonnet.Val$Obj.value(Val.scala:537)
	at sjsonnet.Evaluator.visitSelect(Evaluator.scala:103)
	at sjsonnet.Evaluator.visitExpr(Evaluator.scala:39)
	at sjsonnet.Evaluator.visitBinaryOp(Evaluator.scala:546)
	at sjsonnet.Evaluator.visitExpr(Evaluator.scala:38)
	at sjsonnet.Evaluator.visitIfElse(Evaluator.scala:160)
	at sjsonnet.Evaluator.visitExpr(Evaluator.scala:54)
	at sjsonnet.Evaluator$$anon$2.invoke(Evaluator.scala:901)
	at sjsonnet.Val$Obj.valueRaw(Val.scala:593)
	at sjsonnet.Val$Obj.value(Val.scala:537)
	at sjsonnet.Evaluator.visitSelect(Evaluator.scala:103)
	at sjsonnet.Evaluator.visitExpr(Evaluator.scala:39)
	at sjsonnet.Evaluator.visitBinaryOp(Evaluator.scala:546)
	at sjsonnet.Evaluator.visitExpr(Evaluator.scala:38)
	at sjsonnet.Evaluator.visitIfElse(Evaluator.scala:160)
	at sjsonnet.Evaluator.visitExpr(Evaluator.scala:54)
	at sjsonnet.Evaluator$$anon$2.invoke(Evaluator.scala:901)
	at sjsonnet.Val$Obj.valueRaw(Val.scala:593)
	at sjsonnet.Val$Obj.value(Val.scala:537)
	at sjsonnet.Evaluator.visitSelect(Evaluator.scala:103)
	at sjsonnet.Evaluator.visitExpr(Evaluator.scala:39)
	at sjsonnet.Evaluator.visitBinaryOp(Evaluator.scala:546)
	at sjsonnet.Evaluator.visitExpr(Evaluator.scala:38)
	at sjsonnet.Evaluator.visitIfElse(Evaluator.scala:160)
	at sjsonnet.Evaluator.visitExpr(Evaluator.scala:54)
	at sjsonnet.Evaluator$$anon$2.invoke(Evaluator.scala:901)
	at sjsonnet.Val$Obj.valueRaw(Val.scala:593)
	at sjsonnet.Val$Obj.value(Val.scala:537)
	at sjsonnet.Evaluator.visitSelect(Evaluator.scala:103)
	at sjsonnet.Evaluator.visitExpr(Evaluator.scala:39)
	at sjsonnet.Evaluator.visitBinaryOp(Evaluator.scala:546)
	at sjsonnet.Evaluator.visitExpr(Evaluator.scala:38)
	at sjsonnet.Evaluator.visitIfElse(Evaluator.scala:160)
	at sjsonnet.Evaluator.visitExpr(Evaluator.scala:54)
	at sjsonnet.Evaluator$$anon$2.invoke(Evaluator.scala:901)
	at sjsonnet.Val$Obj.valueRaw(Val.scala:593)
	at sjsonnet.Val$Obj.value(Val.scala:537)
	at sjsonnet.Evaluator.visitSelect(Evaluator.scala:103)
	at sjsonnet.Evaluator.visitExpr(Evaluator.scala:39)
	at sjsonnet.Evaluator.visitBinaryOp(Evaluator.scala:546)
	at sjsonnet.Evaluator.visitExpr(Evaluator.scala:38)
	at sjsonnet.Evaluator.visitIfElse(Evaluator.scala:160)
	at sjsonnet.Evaluator.visitExpr(Evaluator.scala:54)
	at sjsonnet.Evaluator$$anon$2.invoke(Evaluator.scala:901)
	at sjsonnet.Val$Obj.valueRaw(Val.scala:593)
	at sjsonnet.Val$Obj.value(Val.scala:537)
	at sjsonnet.Evaluator.visitSelect(Evaluator.scala:103)
	at sjsonnet.Evaluator.visitExpr(Evaluator.scala:39)
	at sjsonnet.Evaluator.visitBinaryOp(Evaluator.scala:546)
	at sjsonnet.Evaluator.visitExpr(Evaluator.scala:38)
	at sjsonnet.Evaluator.visitIfElse(Evaluator.scala:160)
	at sjsonnet.Evaluator.visitExpr(Evaluator.scala:54)
	at sjsonnet.Evaluator$$anon$2.invoke(Evaluator.scala:901)
	at sjsonnet.Val$Obj.valueRaw(Val.scala:593)
	at sjsonnet.Val$Obj.value(Val.scala:537)
	at sjsonnet.Evaluator.visitSelect(Evaluator.scala:103)
	at sjsonnet.Evaluator.visitExpr(Evaluator.scala:39)
	at sjsonnet.Evaluator.visitBinaryOp(Evaluator.scala:546)
	at sjsonnet.Evaluator.visitExpr(Evaluator.scala:38)
	at sjsonnet.Evaluator.visitIfElse(Evaluator.scala:160)
	at sjsonnet.Evaluator.visitExpr(Evaluator.scala:54)
	at sjsonnet.Evaluator$$anon$2.invoke(Evaluator.scala:901)
	at sjsonnet.Val$Obj.valueRaw(Val.scala:593)
	at sjsonnet.Val$Obj.value(Val.scala:537)
	at sjsonnet.Evaluator.visitSelect(Evaluator.scala:103)
	at sjsonnet.Evaluator.visitExpr(Evaluator.scala:39)
	at sjsonnet.Evaluator.visitBinaryOp(Evaluator.scala:546)
	at sjsonnet.Evaluator.visitExpr(Evaluator.scala:38)
	at sjsonnet.Evaluator.visitIfElse(Evaluator.scala:160)
	at sjsonnet.Evaluator.visitExpr(Evaluator.scala:54)
	at sjsonnet.Evaluator$$anon$2.invoke(Evaluator.scala:901)
	at sjsonnet.Val$Obj.valueRaw(Val.scala:593)
	at sjsonnet.Val$Obj.value(Val.scala:537)
	at sjsonnet.Evaluator.visitSelect(Evaluator.scala:103)
	at sjsonnet.Evaluator.visitExpr(Evaluator.scala:39)
	at sjsonnet.Evaluator.visitBinaryOp(Evaluator.scala:546)
	at sjsonnet.Evaluator.visitExpr(Evaluator.scala:38)
	at sjsonnet.Evaluator.visitIfElse(Evaluator.scala:160)
	at sjsonnet.Evaluator.visitExpr(Evaluator.scala:54)
	at sjsonnet.Evaluator$$anon$2.invoke(Evaluator.scala:901)
	at sjsonnet.Val$Obj.valueRaw(Val.scala:593)
	at sjsonnet.Val$Obj.value(Val.scala:537)
	at sjsonnet.Evaluator.visitSelect(Evaluator.scala:103)
	at sjsonnet.Evaluator.visitExpr(Evaluator.scala:39)
	at sjsonnet.Evaluator.visitBinaryOp(Evaluator.scala:546)
	at sjsonnet.Evaluator.visitExpr(Evaluator.scala:38)
	at sjsonnet.Evaluator.visitIfElse(Evaluator.scala:160)
	at sjsonnet.Evaluator.visitExpr(Evaluator.scala:54)
	at sjsonnet.Evaluator$$anon$2.invoke(Evaluator.scala:901)
	at sjsonnet.Val$Obj.valueRaw(Val.scala:593)
	at sjsonnet.Val$Obj.value(Val.scala:537)
	at sjsonnet.Evaluator.visitSelect(Evaluator.scala:103)
	at sjsonnet.Evaluator.visitExpr(Evaluator.scala:39)
	at sjsonnet.Evaluator.visitBinaryOp(Evaluator.scala:546)
	at sjsonnet.Evaluator.visitExpr(Evaluator.scala:38)
	at sjsonnet.Evaluator.visitIfElse(Evaluator.scala:160)
	at sjsonnet.Evaluator.visitExpr(Evaluator.scala:54)
	at sjsonnet.Evaluator$$anon$2.invoke(Evaluator.scala:901)
	at sjsonnet.Val$Obj.valueRaw(Val.scala:593)
	at sjsonnet.Val$Obj.value(Val.scala:537)
	at sjsonnet.Evaluator.visitSelect(Evaluator.scala:103)
	at sjsonnet.Evaluator.visitExpr(Evaluator.scala:39)
	at sjsonnet.Evaluator.visitBinaryOp(Evaluator.scala:546)
	at sjsonnet.Evaluator.visitExpr(Evaluator.scala:38)
	at sjsonnet.Evaluator.visitIfElse(Evaluator.scala:160)
	at sjsonnet.Evaluator.visitExpr(Evaluator.scala:54)
	at sjsonnet.Evaluator$$anon$2.invoke(Evaluator.scala:901)
	at sjsonnet.Val$Obj.valueRaw(Val.scala:593)
	at sjsonnet.Val$Obj.value(Val.scala:537)
	at sjsonnet.Evaluator.visitSelect(Evaluator.scala:103)
	at sjsonnet.Evaluator.visitExpr(Evaluator.scala:39)
	at sjsonnet.Evaluator.visitBinaryOp(Evaluator.scala:546)
	at sjsonnet.Evaluator.visitExpr(Evaluator.scala:38)
	at sjsonnet.Evaluator.visitIfElse(Evaluator.scala:160)
	at sjsonnet.Evaluator.visitExpr(Evaluator.scala:54)
	at sjsonnet.Evaluator$$anon$2.invoke(Evaluator.scala:901)
	at sjsonnet.Val$Obj.valueRaw(Val.scala:593)
	at sjsonnet.Val$Obj.value(Val.scala:537)
	at sjsonnet.Evaluator.visitSelect(Evaluator.scala:103)
	at sjsonnet.Evaluator.visitExpr(Evaluator.scala:39)
	at sjsonnet.Evaluator.visitBinaryOp(Evaluator.scala:546)
	at sjsonnet.Evaluator.visitExpr(Evaluator.scala:38)
	at sjsonnet.Evaluator.visitIfElse(Evaluator.scala:160)
	at sjsonnet.Evaluator.visitExpr(Evaluator.scala:54)
	at sjsonnet.Evaluator$$anon$2.invoke(Evaluator.scala:901)
	at sjsonnet.Val$Obj.valueRaw(Val.scala:593)
	at sjsonnet.Val$Obj.value(Val.scala:537)
	at sjsonnet.Evaluator.visitSelect(Evaluator.scala:103)
	at sjsonnet.Evaluator.visitExpr(Evaluator.scala:39)
	at sjsonnet.Evaluator.visitBinaryOp(Evaluator.scala:546)
	at sjsonnet.Evaluator.visitExpr(Evaluator.scala:38)
	at sjsonnet.Evaluator.visitIfElse(Evaluator.scala:160)
	at sjsonnet.Evaluator.visitExpr(Evaluator.scala:54)
	at sjsonnet.Evaluator$$anon$2.invoke(Evaluator.scala:901)
	at sjsonnet.Val$Obj.valueRaw(Val.scala:593)
	at sjsonnet.Val$Obj.value(Val.scala:537)
	at sjsonnet.Evaluator.visitSelect(Evaluator.scala:103)
	at sjsonnet.Evaluator.visitExpr(Evaluator.scala:39)
	at sjsonnet.Evaluator.visitBinaryOp(Evaluator.scala:546)
	at sjsonnet.Evaluator.visitExpr(Evaluator.scala:38)
	at sjsonnet.Evaluator.visitIfElse(Evaluator.scala:160)
	at sjsonnet.Evaluator.visitExpr(Evaluator.scala:54)
	at sjsonnet.Evaluator$$anon$2.invoke(Evaluator.scala:901)
	at sjsonnet.Val$Obj.valueRaw(Val.scala:593)
	at sjsonnet.Val$Obj.value(Val.scala:537)
	at sjsonnet.Evaluator.visitSelect(Evaluator.scala:103)
	at sjsonnet.Evaluator.visitExpr(Evaluator.scala:39)
	at sjsonnet.Evaluator.visitBinaryOp(Evaluator.scala:546)
	at sjsonnet.Evaluator.visitExpr(Evaluator.scala:38)
	at sjsonnet.Evaluator.visitIfElse(Evaluator.scala:160)
	at sjsonnet.Evaluator.visitExpr(Evaluator.scala:54)
	at sjsonnet.Evaluator$$anon$2.invoke(Evaluator.scala:901)
	at sjsonnet.Val$Obj.valueRaw(Val.scala:593)
	at sjsonnet.Val$Obj.value(Val.scala:537)
	at sjsonnet.Evaluator.visitSelect(Evaluator.scala:103)
	at sjsonnet.Evaluator.visitExpr(Evaluator.scala:39)
	at sjsonnet.Evaluator.visitBinaryOp(Evaluator.scala:546)
	at sjsonnet.Evaluator.visitExpr(Evaluator.scala:38)
	at sjsonnet.Evaluator.visitIfElse(Evaluator.scala:160)
	at sjsonnet.Evaluator.visitExpr(Evaluator.scala:54)
	at sjsonnet.Evaluator$$anon$2.invoke(Evaluator.scala:901)
	at sjsonnet.Val$Obj.valueRaw(Val.scala:593)
	at sjsonnet.Val$Obj.value(Val.scala:537)
	at sjsonnet.Evaluator.visitSelect(Evaluator.scala:103)
	at sjsonnet.Evaluator.visitExpr(Evaluator.scala:39)
	at sjsonnet.Evaluator.visitBinaryOp(Evaluator.scala:546)
	at sjsonnet.Evaluator.visitExpr(Evaluator.scala:38)
	at sjsonnet.Evaluator.visitIfElse(Evaluator.scala:160)
	at sjsonnet.Evaluator.visitExpr(Evaluator.scala:54)
	at sjsonnet.Evaluator$$anon$2.invoke(Evaluator.scala:901)
	at sjsonnet.Val$Obj.valueRaw(Val.scala:593)
	at sjsonnet.Val$Obj.value(Val.scala:537)
	at sjsonnet.Evaluator.visitSelect(Evaluator.scala:103)
	at sjsonnet.Evaluator.visitExpr(Evaluator.scala:39)
	at sjsonnet.Evaluator.visitBinaryOp(Evaluator.scala:546)
	at sjsonnet.Evaluator.visitExpr(Evaluator.scala:38)
	at sjsonnet.Evaluator.visitIfElse(Evaluator.scala:160)
	at sjsonnet.Evaluator.visitExpr(Evaluator.scala:54)
	at sjsonnet.Evaluator$$anon$2.invoke(Evaluator.scala:901)
	at sjsonnet.Val$Obj.valueRaw(Val.scala:593)
	at sjsonnet.Val$Obj.value(Val.scala:537)
	at sjsonnet.Evaluator.visitSelect(Evaluator.scala:103)
	at sjsonnet.Evaluator.visitExpr(Evaluator.scala:39)
	at sjsonnet.Evaluator.visitBinaryOp(Evaluator.scala:546)
	at sjsonnet.Evaluator.visitExpr(Evaluator.scala:38)
	at sjsonnet.Evaluator.visitIfElse(Evaluator.scala:160)
	at sjsonnet.Evaluator.visitExpr(Evaluator.scala:54)
	at sjsonnet.Evaluator$$anon$2.invoke(Evaluator.scala:901)
	at sjsonnet.Val$Obj.valueRaw(Val.scala:593)
	at sjsonnet.Val$Obj.value(Val.scala:537)
	at sjsonnet.Evaluator.visitSelect(Evaluator.scala:103)
	at sjsonnet.Evaluator.visitExpr(Evaluator.scala:39)
	at sjsonnet.Evaluator.visitBinaryOp(Evaluator.scala:546)
	at sjsonnet.Evaluator.visitExpr(Evaluator.scala:38)
	at sjsonnet.Evaluator.visitIfElse(Evaluator.scala:160)
	at sjsonnet.Evaluator.visitExpr(Evaluator.scala:54)
	at sjsonnet.Evaluator$$anon$2.invoke(Evaluator.scala:901)
	at sjsonnet.Val$Obj.valueRaw(Val.scala:593)
	at sjsonnet.Val$Obj.value(Val.scala:537)
	at sjsonnet.Evaluator.visitSelect(Evaluator.scala:103)
	at sjsonnet.Evaluator.visitExpr(Evaluator.scala:39)
	at sjsonnet.Evaluator.visitBinaryOp(Evaluator.scala:546)
	at sjsonnet.Evaluator.visitExpr(Evaluator.scala:38)
	at sjsonnet.Evaluator.visitIfElse(Evaluator.scala:160)
	at sjsonnet.Evaluator.visitExpr(Evaluator.scala:54)
	at sjsonnet.Evaluator$$anon$2.invoke(Evaluator.scala:901)
	at sjsonnet.Val$Obj.valueRaw(Val.scala:593)
	at sjsonnet.Val$Obj.value(Val.scala:537)
	at sjsonnet.Evaluator.visitSelect(Evaluator.scala:103)
	at sjsonnet.Evaluator.visitExpr(Evaluator.scala:39)
	at sjsonnet.Evaluator.visitBinaryOp(Evaluator.scala:546)
	at sjsonnet.Evaluator.visitExpr(Evaluator.scala:38)
	at sjsonnet.Evaluator.visitIfElse(Evaluator.scala:160)
	at sjsonnet.Evaluator.visitExpr(Evaluator.scala:54)
	at sjsonnet.Evaluator$$anon$2.invoke(Evaluator.scala:901)
	at sjsonnet.Val$Obj.valueRaw(Val.scala:593)
	at sjsonnet.Val$Obj.value(Val.scala:537)
	at sjsonnet.Evaluator.visitSelect(Evaluator.scala:103)
	at sjsonnet.Evaluator.visitExpr(Evaluator.scala:39)
	at sjsonnet.Evaluator.visitBinaryOp(Evaluator.scala:546)
	at sjsonnet.Evaluator.visitExpr(Evaluator.scala:38)
	at sjsonnet.Evaluator.visitIfElse(Evaluator.scala:160)
	at sjsonnet.Evaluator.visitExpr(Evaluator.scala:54)
	at sjsonnet.Evaluator$$anon$2.invoke(Evaluator.scala:901)
	at sjsonnet.Val$Obj.valueRaw(Val.scala:593)
	at sjsonnet.Val$Obj.value(Val.scala:537)
	at sjsonnet.Evaluator.visitSelect(Evaluator.scala:103)
	at sjsonnet.Evaluator.visitExpr(Evaluator.scala:39)
	at sjsonnet.Evaluator.visitBinaryOp(Evaluator.scala:546)
	at sjsonnet.Evaluator.visitExpr(Evaluator.scala:38)
	at sjsonnet.Evaluator.visitIfElse(Evaluator.scala:160)
	at sjsonnet.Evaluator.visitExpr(Evaluator.scala:54)
	at sjsonnet.Evaluator$$anon$2.invoke(Evaluator.scala:901)
	at sjsonnet.Val$Obj.valueRaw(Val.scala:593)
	at sjsonnet.Val$Obj.value(Val.scala:537)
	at sjsonnet.Evaluator.visitSelect(Evaluator.scala:103)
	at sjsonnet.Evaluator.visitExpr(Evaluator.scala:39)
	at sjsonnet.Evaluator.visitBinaryOp(Evaluator.scala:546)
	at sjsonnet.Evaluator.visitExpr(Evaluator.scala:38)
	at sjsonnet.Evaluator.visitIfElse(Evaluator.scala:160)
	at sjsonnet.Evaluator.visitExpr(Evaluator.scala:54)
	at sjsonnet.Evaluator$$anon$2.invoke(Evaluator.scala:901)
	at sjsonnet.Val$Obj.valueRaw(Val.scala:593)
	at sjsonnet.Val$Obj.value(Val.scala:537)
	at sjsonnet.Evaluator.visitSelect(Evaluator.scala:103)
	at sjsonnet.Evaluator.visitExpr(Evaluator.scala:39)
	at sjsonnet.Evaluator.visitBinaryOp(Evaluator.scala:546)
	at sjsonnet.Evaluator.visitExpr(Evaluator.scala:38)
	at sjsonnet.Evaluator.visitIfElse(Evaluator.scala:160)
	at sjsonnet.Evaluator.visitExpr(Evaluator.scala:54)
	at sjsonnet.Evaluator$$anon$2.invoke(Evaluator.scala:901)
	at sjsonnet.Val$Obj.valueRaw(Val.scala:593)
	at sjsonnet.Val$Obj.value(Val.scala:537)
	at sjsonnet.Evaluator.visitSelect(Evaluator.scala:103)
	at sjsonnet.Evaluator.visitExpr(Evaluator.scala:39)
	at sjsonnet.Evaluator.visitBinaryOp(Evaluator.scala:546)
	at sjsonnet.Evaluator.visitExpr(Evaluator.scala:38)
	at sjsonnet.Evaluator.visitIfElse(Evaluator.scala:160)
	at sjsonnet.Evaluator.visitExpr(Evaluator.scala:54)
	at sjsonnet.Evaluator$$anon$2.invoke(Evaluator.scala:901)
	at sjsonnet.Val$Obj.valueRaw(Val.scala:593)
	at sjsonnet.Val$Obj.value(Val.scala:537)
	at sjsonnet.Evaluator.visitSelect(Evaluator.scala:103)
	at sjsonnet.Evaluator.visitExpr(Evaluator.scala:39)
	at sjsonnet.Evaluator.visitBinaryOp(Evaluator.scala:546)
	at sjsonnet.Evaluator.visitExpr(Evaluator.scala:38)
	at sjsonnet.Evaluator.visitIfElse(Evaluator.scala:160)
	at sjsonnet.Evaluator.visitExpr(Evaluator.scala:54)
	at sjsonnet.Evaluator$$anon$2.invoke(Evaluator.scala:901)
	at sjsonnet.Val$Obj.valueRaw(Val.scala:593)
	at sjsonnet.Val$Obj.value(Val.scala:537)
	at sjsonnet.Evaluator.visitSelect(Evaluator.scala:103)
	at sjsonnet.Evaluator.visitExpr(Evaluator.scala:39)
	at sjsonnet.Evaluator.visitBinaryOp(Evaluator.scala:546)
	at sjsonnet.Evaluator.visitExpr(Evaluator.scala:38)
	at sjsonnet.Evaluator.visitIfElse(Evaluator.scala:160)
	at sjsonnet.Evaluator.visitExpr(Evaluator.scala:54)
	at sjsonnet.Evaluator$$anon$2.invoke(Evaluator.scala:901)
	at sjsonnet.Val$Obj.valueRaw(Val.scala:593)
	at sjsonnet.Val$Obj.value(Val.scala:537)
	at sjsonnet.Evaluator.visitSelect(Evaluator.scala:103)
	at sjsonnet.Evaluator.visitExpr(Evaluator.scala:39)
	at sjsonnet.Evaluator.visitBinaryOp(Evaluator.scala:546)
	at sjsonnet.Evaluator.visitExpr(Evaluator.scala:38)
	at sjsonnet.Evaluator.visitIfElse(Evaluator.scala:160)
	at sjsonnet.Evaluator.visitExpr(Evaluator.scala:54)
	at sjsonnet.Evaluator$$anon$2.invoke(Evaluator.scala:901)
	at sjsonnet.Val$Obj.valueRaw(Val.scala:593)
	at sjsonnet.Val$Obj.value(Val.scala:537)
	at sjsonnet.Evaluator.visitSelect(Evaluator.scala:103)
	at sjsonnet.Evaluator.visitExpr(Evaluator.scala:39)
	at sjsonnet.Evaluator.visitBinaryOp(Evaluator.scala:546)
	at sjsonnet.Evaluator.visitExpr(Evaluator.scala:38)
	at sjsonnet.Evaluator.visitIfElse(Evaluator.scala:160)
	at sjsonnet.Evaluator.visitExpr(Evaluator.scala:54)
	at sjsonnet.Evaluator$$anon$2.invoke(Evaluator.scala:901)
	at sjsonnet.Val$Obj.valueRaw(Val.scala:593)
	at sjsonnet.Val$Obj.value(Val.scala:537)
	at sjsonnet.Evaluator.visitSelect(Evaluator.scala:103)
	at sjsonnet.Evaluator.visitExpr(Evaluator.scala:39)
	at sjsonnet.Evaluator.visitBinaryOp(Evaluator.scala:546)
	at sjsonnet.Evaluator.visitExpr(Evaluator.scala:38)
	at sjsonnet.Evaluator.visitIfElse(Evaluator.scala:160)
	at sjsonnet.Evaluator.visitExpr(Evaluator.scala:54)
	at sjsonnet.Evaluator$$anon$2.invoke(Evaluator.scala:901)
	at sjsonnet.Val$Obj.valueRaw(Val.scala:593)
	at sjsonnet.Val$Obj.value(Val.scala:537)
	at sjsonnet.Evaluator.visitSelect(Evaluator.scala:103)
	at sjsonnet.Evaluator.visitExpr(Evaluator.scala:39)
	at sjsonnet.Evaluator.visitBinaryOp(Evaluator.scala:546)
	at sjsonnet.Evaluator.visitExpr(Evaluator.scala:38)
	at sjsonnet.Evaluator.visitIfElse(Evaluator.scala:160)
	at sjsonnet.Evaluator.visitExpr(Evaluator.scala:54)
	at sjsonnet.Evaluator$$anon$2.invoke(Evaluator.scala:901)
	at sjsonnet.Val$Obj.valueRaw(Val.scala:593)
	at sjsonnet.Val$Obj.value(Val.scala:537)
	at sjsonnet.Evaluator.visitSelect(Evaluator.scala:103)
	at sjsonnet.Evaluator.visitExpr(Evaluator.scala:39)
	at sjsonnet.Evaluator.visitBinaryOp(Evaluator.scala:546)
	at sjsonnet.Evaluator.visitExpr(Evaluator.scala:38)
	at sjsonnet.Evaluator.visitIfElse(Evaluator.scala:160)
	at sjsonnet.Evaluator.visitExpr(Evaluator.scala:54)
	at sjsonnet.Evaluator$$anon$2.invoke(Evaluator.scala:901)
	at sjsonnet.Val$Obj.valueRaw(Val.scala:593)
	at sjsonnet.Val$Obj.value(Val.scala:537)
	at sjsonnet.Evaluator.visitSelect(Evaluator.scala:103)
	at sjsonnet.Evaluator.visitExpr(Evaluator.scala:39)
	at sjsonnet.Evaluator.visitBinaryOp(Evaluator.scala:546)
	at sjsonnet.Evaluator.visitExpr(Evaluator.scala:38)
	at sjsonnet.Evaluator.visitIfElse(Evaluator.scala:160)
	at sjsonnet.Evaluator.visitExpr(Evaluator.scala:54)
	at sjsonnet.Evaluator$$anon$2.invoke(Evaluator.scala:901)
	at sjsonnet.Val$Obj.valueRaw(Val.scala:593)
	at sjsonnet.Val$Obj.value(Val.scala:537)
	at sjsonnet.Evaluator.visitSelect(Evaluator.scala:103)
	at sjsonnet.Evaluator.visitExpr(Evaluator.scala:39)
	at sjsonnet.Evaluator.visitBinaryOp(Evaluator.scala:546)
	at sjsonnet.Evaluator.visitExpr(Evaluator.scala:38)
	at sjsonnet.Evaluator.visitIfElse(Evaluator.scala:160)
	at sjsonnet.Evaluator.visitExpr(Evaluator.scala:54)
	at sjsonnet.Evaluator$$anon$2.invoke(Evaluator.scala:901)
	at sjsonnet.Val$Obj.valueRaw(Val.scala:593)
	at sjsonnet.Val$Obj.value(Val.scala:537)
	at sjsonnet.Evaluator.visitSelect(Evaluator.scala:103)
	at sjsonnet.Evaluator.visitExpr(Evaluator.scala:39)
	at sjsonnet.Evaluator.visitBinaryOp(Evaluator.scala:546)
	at sjsonnet.Evaluator.visitExpr(Evaluator.scala:38)
	at sjsonnet.Evaluator.visitIfElse(Evaluator.scala:160)
	at sjsonnet.Evaluator.visitExpr(Evaluator.scala:54)
	at sjsonnet.Evaluator$$anon$2.invoke(Evaluator.scala:901)
	at sjsonnet.Val$Obj.valueRaw(Val.scala:593)
	at sjsonnet.Val$Obj.value(Val.scala:537)
	at sjsonnet.Evaluator.visitSelect(Evaluator.scala:103)
	at sjsonnet.Evaluator.visitExpr(Evaluator.scala:39)
	at sjsonnet.Evaluator.visitBinaryOp(Evaluator.scala:546)
	at sjsonnet.Evaluator.visitExpr(Evaluator.scala:38)
	at sjsonnet.Evaluator.visitIfElse(Evaluator.scala:160)
	at sjsonnet.Evaluator.visitExpr(Evaluator.scala:54)
	at sjsonnet.Evaluator$$anon$2.invoke(Evaluator.scala:901)
	at sjsonnet.Val$Obj.valueRaw(Val.scala:593)
	at sjsonnet.Val$Obj.value(Val.scala:537)
	at sjsonnet.Evaluator.visitSelect(Evaluator.scala:103)
	at sjsonnet.Evaluator.visitExpr(Evaluator.scala:39)
	at sjsonnet.Evaluator.visitBinaryOp(Evaluator.scala:546)
	at sjsonnet.Evaluator.visitExpr(Evaluator.scala:38)
	at sjsonnet.Evaluator.visitIfElse(Evaluator.scala:160)
	at sjsonnet.Evaluator.visitExpr(Evaluator.scala:54)
	at sjsonnet.Evaluator$$anon$2.invoke(Evaluator.scala:901)
	at sjsonnet.Val$Obj.valueRaw(Val.scala:593)
	at sjsonnet.Val$Obj.value(Val.scala:537)
	at sjsonnet.Evaluator.visitSelect(Evaluator.scala:103)
	at sjsonnet.Evaluator.visitExpr(Evaluator.scala:39)
	at sjsonnet.Evaluator.visitBinaryOp(Evaluator.scala:546)
	at sjsonnet.Evaluator.visitExpr(Evaluator.scala:38)
	at sjsonnet.Evaluator.visitIfElse(Evaluator.scala:160)
	at sjsonnet.Evaluator.visitExpr(Evaluator.scala:54)
	at sjsonnet.Evaluator$$anon$2.invoke(Evaluator.scala:901)
	at sjsonnet.Val$Obj.valueRaw(Val.scala:593)
	at sjsonnet.Val$Obj.value(Val.scala:537)
	at sjsonnet.Evaluator.visitSelect(Evaluator.scala:103)
	at sjsonnet.Evaluator.visitExpr(Evaluator.scala:39)
	at sjsonnet.Evaluator.visitBinaryOp(Evaluator.scala:546)
	at sjsonnet.Evaluator.visitExpr(Evaluator.scala:38)
	at sjsonnet.Evaluator.visitIfElse(Evaluator.scala:160)
	at sjsonnet.Evaluator.visitExpr(Evaluator.scala:54)
	at sjsonnet.Evaluator$$anon$2.invoke(Evaluator.scala:901)
	at sjsonnet.Val$Obj.valueRaw(Val.scala:593)
	at sjsonnet.Val$Obj.value(Val.scala:537)
	at sjsonnet.Evaluator.visitSelect(Evaluator.scala:103)
	at sjsonnet.Evaluator.visitExpr(Evaluator.scala:39)
	at sjsonnet.Evaluator.visitBinaryOp(Evaluator.scala:546)
	at sjsonnet.Evaluator.visitExpr(Evaluator.scala:38)
	at sjsonnet.Evaluator.visitIfElse(Evaluator.scala:160)
	at sjsonnet.Evaluator.visitExpr(Evaluator.scala:54)
	at sjsonnet.Evaluator$$anon$2.invoke(Evaluator.scala:901)
	at sjsonnet.Val$Obj.valueRaw(Val.scala:593)
	at sjsonnet.Val$Obj.value(Val.scala:537)
	at sjsonnet.Evaluator.visitSelect(Evaluator.scala:103)
	at sjsonnet.Evaluator.visitExpr(Evaluator.scala:39)
	at sjsonnet.Evaluator.visitBinaryOp(Evaluator.scala:546)
	at sjsonnet.Evaluator.visitExpr(Evaluator.scala:38)
	at sjsonnet.Evaluator.visitIfElse(Evaluator.scala:160)
	at sjsonnet.Evaluator.visitExpr(Evaluator.scala:54)
	at sjsonnet.Evaluator$$anon$2.invoke(Evaluator.scala:901)
	at sjsonnet.Val$Obj.valueRaw(Val.scala:593)
	at sjsonnet.Val$Obj.value(Val.scala:537)
	at sjsonnet.Evaluator.visitSelect(Evaluator.scala:103)
	at sjsonnet.Evaluator.visitExpr(Evaluator.scala:39)
	at sjsonnet.Evaluator.visitBinaryOp(Evaluator.scala:546)
	at sjsonnet.Evaluator.visitExpr(Evaluator.scala:38)
	at sjsonnet.Evaluator.visitIfElse(Evaluator.scala:160)
	at sjsonnet.Evaluator.visitExpr(Evaluator.scala:54)
	at sjsonnet.Evaluator$$anon$2.invoke(Evaluator.scala:901)
	at sjsonnet.Val$Obj.valueRaw(Val.scala:593)
	at sjsonnet.Val$Obj.value(Val.scala:537)
	at sjsonnet.Evaluator.visitSelect(Evaluator.scala:103)
	at sjsonnet.Evaluator.visitExpr(Evaluator.scala:39)
	at sjsonnet.Evaluator.visitBinaryOp(Evaluator.scala:546)
	at sjsonnet.Evaluator.visitExpr(Evaluator.scala:38)
	at sjsonnet.Evaluator.visitIfElse(Evaluator.scala:160)
	at sjsonnet.Evaluator.visitExpr(Evaluator.scala:54)
	at sjsonnet.Evaluator$$anon$2.invoke(Evaluator.scala:901)
	at sjsonnet.Val$Obj.valueRaw(Val.scala:593)
	at sjsonnet.Val$Obj.value(Val.scala:537)
	at sjsonnet.Evaluator.visitSelect(Evaluator.scala:103)
	at sjsonnet.Evaluator.visitExpr(Evaluator.scala:39)
	at sjsonnet.Evaluator.visitBinaryOp(Evaluator.scala:546)
	at sjsonnet.Evaluator.visitExpr(Evaluator.scala:38)
	at sjsonnet.Evaluator.visitIfElse(Evaluator.scala:160)
	at sjsonnet.Evaluator.visitExpr(Evaluator.scala:54)
	at sjsonnet.Evaluator$$anon$2.invoke(Evaluator.scala:901)
	at sjsonnet.Val$Obj.valueRaw(Val.scala:593)
	at sjsonnet.Val$Obj.value(Val.scala:537)
	at sjsonnet.Evaluator.visitSelect(Evaluator.scala:103)
	at sjsonnet.Evaluator.visitExpr(Evaluator.scala:39)
	at sjsonnet.Evaluator.visitBinaryOp(Evaluator.scala:546)
	at sjsonnet.Evaluator.visitExpr(Evaluator.scala:38)
	at sjsonnet.Evaluator.visitIfElse(Evaluator.scala:160)
	at sjsonnet.Evaluator.visitExpr(Evaluator.scala:54)
	at sjsonnet.Evaluator$$anon$2.invoke(Evaluator.scala:901)
	at sjsonnet.Val$Obj.valueRaw(Val.scala:593)
	at sjsonnet.Val$Obj.value(Val.scala:537)
	at sjsonnet.Evaluator.visitSelect(Evaluator.scala:103)
	at sjsonnet.Evaluator.visitExpr(Evaluator.scala:39)
	at sjsonnet.Evaluator.visitBinaryOp(Evaluator.scala:546)
	at sjsonnet.Evaluator.visitExpr(Evaluator.scala:38)
	at sjsonnet.Evaluator.visitIfElse(Evaluator.scala:160)
	at sjsonnet.Evaluator.visitExpr(Evaluator.scala:54)
	at sjsonnet.Evaluator$$anon$2.invoke(Evaluator.scala:901)
	at sjsonnet.Val$Obj.valueRaw(Val.scala:593)
	at sjsonnet.Val$Obj.value(Val.scala:537)
	at sjsonnet.Evaluator.visitSelect(Evaluator.scala:103)
	at sjsonnet.Evaluator.visitExpr(Evaluator.scala:39)
	at sjsonnet.Evaluator.visitBinaryOp(Evaluator.scala:546)
	at sjsonnet.Evaluator.visitExpr(Evaluator.scala:38)
	at sjsonnet.Evaluator.visitIfElse(Evaluator.scala:160)
	at sjsonnet.Evaluator.visitExpr(Evaluator.scala:54)
	at sjsonnet.Evaluator$$anon$2.invoke(Evaluator.scala:901)
	at sjsonnet.Val$Obj.valueRaw(Val.scala:593)
	at sjsonnet.Val$Obj.value(Val.scala:537)
	at sjsonnet.Evaluator.visitSelect(Evaluator.scala:103)
	at sjsonnet.Evaluator.visitExpr(Evaluator.scala:39)
	at sjsonnet.Evaluator.visitBinaryOp(Evaluator.scala:546)
	at sjsonnet.Evaluator.visitExpr(Evaluator.scala:38)
	at sjsonnet.Evaluator.visitIfElse(Evaluator.scala:160)
	at sjsonnet.Evaluator.visitExpr(Evaluator.scala:54)
	at sjsonnet.Evaluator$$anon$2.invoke(Evaluator.scala:901)
	at sjsonnet.Val$Obj.valueRaw(Val.scala:593)
	at sjsonnet.Val$Obj.value(Val.scala:537)
	at sjsonnet.Evaluator.visitSelect(Evaluator.scala:103)
	at sjsonnet.Evaluator.visitExpr(Evaluator.scala:39)
	at sjsonnet.Evaluator.visitBinaryOp(Evaluator.scala:546)
	at sjsonnet.Evaluator.visitExpr(Evaluator.scala:38)
	at sjsonnet.Evaluator.visitIfElse(Evaluator.scala:160)
	at sjsonnet.Evaluator.visitExpr(Evaluator.scala:54)
	at sjsonnet.Evaluator$$anon$2.invoke(Evaluator.scala:901)
	at sjsonnet.Val$Obj.valueRaw(Val.scala:593)
	at sjsonnet.Val$Obj.value(Val.scala:537)
	at sjsonnet.Evaluator.visitSelect(Evaluator.scala:103)
	at sjsonnet.Evaluator.visitExpr(Evaluator.scala:39)
	at sjsonnet.Evaluator.visitBinaryOp(Evaluator.scala:546)
	at sjsonnet.Evaluator.visitExpr(Evaluator.scala:38)
	at sjsonnet.Evaluator.visitIfElse(Evaluator.scala:160)
	at sjsonnet.Evaluator.visitExpr(Evaluator.scala:54)
	at sjsonnet.Evaluator$$anon$2.invoke(Evaluator.scala:901)
	at sjsonnet.Val$Obj.valueRaw(Val.scala:593)
	at sjsonnet.Val$Obj.value(Val.scala:537)
	at sjsonnet.Evaluator.visitSelect(Evaluator.scala:103)
	at sjsonnet.Evaluator.visitExpr(Evaluator.scala:39)
	at sjsonnet.Evaluator.visitBinaryOp(Evaluator.scala:546)
	at sjsonnet.Evaluator.visitExpr(Evaluator.scala:38)
	at sjsonnet.Evaluator.visitIfElse(Evaluator.scala:160)
	at sjsonnet.Evaluator.visitExpr(Evaluator.scala:54)
	at sjsonnet.Evaluator$$anon$2.invoke(Evaluator.scala:901)
	at sjsonnet.Val$Obj.valueRaw(Val.scala:593)
	at sjsonnet.Val$Obj.value(Val.scala:537)
	at sjsonnet.Evaluator.visitSelect(Evaluator.scala:103)
	at sjsonnet.Evaluator.visitExpr(Evaluator.scala:39)
	at sjsonnet.Evaluator.visitBinaryOp(Evaluator.scala:546)
	at sjsonnet.Evaluator.visitExpr(Evaluator.scala:38)
	at sjsonnet.Evaluator.visitIfElse(Evaluator.scala:160)
	at sjsonnet.Evaluator.visitExpr(Evaluator.scala:54)
	at sjsonnet.Evaluator$$anon$2.invoke(Evaluator.scala:901)
	at sjsonnet.Val$Obj.valueRaw(Val.scala:593)
	at sjsonnet.Val$Obj.value(Val.scala:537)
	at sjsonnet.Evaluator.visitSelect(Evaluator.scala:103)
	at sjsonnet.Evaluator.visitExpr(Evaluator.scala:39)
	at sjsonnet.Evaluator.visitBinaryOp(Evaluator.scala:546)
	at sjsonnet.Evaluator.visitExpr(Evaluator.scala:38)
	at sjsonnet.Evaluator.visitIfElse(Evaluator.scala:160)
	at sjsonnet.Evaluator.visitExpr(Evaluator.scala:54)
	at sjsonnet.Evaluator$$anon$2.invoke(Evaluator.scala:901)
	at sjsonnet.Val$Obj.valueRaw(Val.scala:593)
	at sjsonnet.Val$Obj.value(Val.scala:537)
	at sjsonnet.Evaluator.visitSelect(Evaluator.scala:103)
	at sjsonnet.Evaluator.visitExpr(Evaluator.scala:39)
	at sjsonnet.Evaluator.visitBinaryOp(Evaluator.scala:546)
	at sjsonnet.Evaluator.visitExpr(Evaluator.scala:38)
	at sjsonnet.Evaluator.visitIfElse(Evaluator.scala:160)
	at sjsonnet.Evaluator.visitExpr(Evaluator.scala:54)
	at sjsonnet.Evaluator$$anon$2.invoke(Evaluator.scala:901)
	at sjsonnet.Val$Obj.valueRaw(Val.scala:593)
	at sjsonnet.Val$Obj.value(Val.scala:537)
	at sjsonnet.Evaluator.visitSelect(Evaluator.scala:103)
	at sjsonnet.Evaluator.visitExpr(Evaluator.scala:39)
	at sjsonnet.Evaluator.visitBinaryOp(Evaluator.scala:546)
	at sjsonnet.Evaluator.visitExpr(Evaluator.scala:38)
	at sjsonnet.Evaluator.visitIfElse(Evaluator.scala:160)
	at sjsonnet.Evaluator.visitExpr(Evaluator.scala:54)
	at sjsonnet.Evaluator$$anon$2.invoke(Evaluator.scala:901)
	at sjsonnet.Val$Obj.valueRaw(Val.scala:593)
	at sjsonnet.Val$Obj.value(Val.scala:537)
	at sjsonnet.Evaluator.visitSelect(Evaluator.scala:103)
	at sjsonnet.Evaluator.visitExpr(Evaluator.scala:39)
	at sjsonnet.Evaluator.visitBinaryOp(Evaluator.scala:546)
	at sjsonnet.Evaluator.visitExpr(Evaluator.scala:38)
	at sjsonnet.Evaluator.visitIfElse(Evaluator.scala:160)
	at sjsonnet.Evaluator.visitExpr(Evaluator.scala:54)
	at sjsonnet.Evaluator$$anon$2.invoke(Evaluator.scala:901)
	at sjsonnet.Val$Obj.valueRaw(Val.scala:593)
	at sjsonnet.Val$Obj.value(Val.scala:537)
	at sjsonnet.Evaluator.visitSelect(Evaluator.scala:103)
	at sjsonnet.Evaluator.visitExpr(Evaluator.scala:39)
	at sjsonnet.Evaluator.visitBinaryOp(Evaluator.scala:546)
	at sjsonnet.Evaluator.visitExpr(Evaluator.scala:38)
	at sjsonnet.Evaluator.visitIfElse(Evaluator.scala:160)
	at sjsonnet.Evaluator.visitExpr(Evaluator.scala:54)
	at sjsonnet.Evaluator$$anon$2.invoke(Evaluator.scala:901)
	at sjsonnet.Val$Obj.valueRaw(Val.scala:593)
	at sjsonnet.Val$Obj.value(Val.scala:537)
	at sjsonnet.Evaluator.visitSelect(Evaluator.scala:103)
	at sjsonnet.Evaluator.visitExpr(Evaluator.scala:39)
	at sjsonnet.Evaluator.visitBinaryOp(Evaluator.scala:546)
	at sjsonnet.Evaluator.visitExpr(Evaluator.scala:38)
	at sjsonnet.Evaluator.visitIfElse(Evaluator.scala:160)
	at sjsonnet.Evaluator.visitExpr(Evaluator.scala:54)
	at sjsonnet.Evaluator$$anon$2.invoke(Evaluator.scala:901)
	at sjsonnet.Val$Obj.valueRaw(Val.scala:593)
	at sjsonnet.Val$Obj.value(Val.scala:537)
	at sjsonnet.Evaluator.visitSelect(Evaluator.scala:103)
	at sjsonnet.Evaluator.visitExpr(Evaluator.scala:39)
	at sjsonnet.Evaluator.visitBinaryOp(Evaluator.scala:546)
	at sjsonnet.Evaluator.visitExpr(Evaluator.scala:38)
	at sjsonnet.Evaluator.visitIfElse(Evaluator.scala:160)
	at sjsonnet.Evaluator.visitExpr(Evaluator.scala:54)
	at sjsonnet.Evaluator$$anon$2.invoke(Evaluator.scala:901)
	at sjsonnet.Val$Obj.valueRaw(Val.scala:593)
	at sjsonnet.Val$Obj.value(Val.scala:537)
	at sjsonnet.Evaluator.visitSelect(Evaluator.scala:103)
	at sjsonnet.Evaluator.visitExpr(Evaluator.scala:39)
	at sjsonnet.Evaluator.visitBinaryOp(Evaluator.scala:546)
	at sjsonnet.Evaluator.visitExpr(Evaluator.scala:38)
	at sjsonnet.Evaluator.visitIfElse(Evaluator.scala:160)
	at sjsonnet.Evaluator.visitExpr(Evaluator.scala:54)
	at sjsonnet.Evaluator$$anon$2.invoke(Evaluator.scala:901)
	at sjsonnet.Val$Obj.valueRaw(Val.scala:593)
	at sjsonnet.Val$Obj.value(Val.scala:537)
	at sjsonnet.Evaluator.visitSelect(Evaluator.scala:103)
	at sjsonnet.Evaluator.visitExpr(Evaluator.scala:39)
	at sjsonnet.Evaluator.visitBinaryOp(Evaluator.scala:546)
	at sjsonnet.Evaluator.visitExpr(Evaluator.scala:38)
	at sjsonnet.Evaluator.visitIfElse(Evaluator.scala:160)
	at sjsonnet.Evaluator.visitExpr(Evaluator.scala:54)
	at sjsonnet.Evaluator$$anon$2.invoke(Evaluator.scala:901)
	at sjsonnet.Val$Obj.valueRaw(Val.scala:593)
	at sjsonnet.Val$Obj.value(Val.scala:537)
	at sjsonnet.Evaluator.visitSelect(Evaluator.scala:103)
	at sjsonnet.Evaluator.visitExpr(Evaluator.scala:39)
	at sjsonnet.Evaluator.visitBinaryOp(Evaluator.scala:546)
	at sjsonnet.Evaluator.visitExpr(Evaluator.scala:38)
	at sjsonnet.Evaluator.visitIfElse(Evaluator.scala:160)
	at sjsonnet.Evaluator.visitExpr(Evaluator.scala:54)
	at sjsonnet.Evaluator$$anon$2.invoke(Evaluator.scala:901)
	at sjsonnet.Val$Obj.valueRaw(Val.scala:593)
	at sjsonnet.Val$Obj.value(Val.scala:537)
	at sjsonnet.Evaluator.visitSelect(Evaluator.scala:103)
	at sjsonnet.Evaluator.visitExpr(Evaluator.scala:39)
	at sjsonnet.Evaluator.visitBinaryOp(Evaluator.scala:546)
	at sjsonnet.Evaluator.visitExpr(Evaluator.scala:38)
	at sjsonnet.Evaluator.visitIfElse(Evaluator.scala:160)
	at sjsonnet.Evaluator.visitExpr(Evaluator.scala:54)
	at sjsonnet.Evaluator$$anon$2.invoke(Evaluator.scala:901)
	at sjsonnet.Val$Obj.valueRaw(Val.scala:593)
	at sjsonnet.Val$Obj.value(Val.scala:537)
	at sjsonnet.Evaluator.visitSelect(Evaluator.scala:103)
	at sjsonnet.Evaluator.visitExpr(Evaluator.scala:39)
	at sjsonnet.Evaluator.visitBinaryOp(Evaluator.scala:546)
	at sjsonnet.Evaluator.visitExpr(Evaluator.scala:38)
	at sjsonnet.Evaluator.visitIfElse(Evaluator.scala:160)
	at sjsonnet.Evaluator.visitExpr(Evaluator.scala:54)
	at sjsonnet.Evaluator$$anon$2.invoke(Evaluator.scala:901)
	at sjsonnet.Val$Obj.valueRaw(Val.scala:593)
	at sjsonnet.Val$Obj.value(Val.scala:537)
	at sjsonnet.Evaluator.visitSelect(Evaluator.scala:103)
	at sjsonnet.Evaluator.visitExpr(Evaluator.scala:39)
	at sjsonnet.Evaluator.visitBinaryOp(Evaluator.scala:546)
	at sjsonnet.Evaluator.visitExpr(Evaluator.scala:38)
	at sjsonnet.Evaluator.visitIfElse(Evaluator.scala:160)
	at sjsonnet.Evaluator.visitExpr(Evaluator.scala:54)
	at sjsonnet.Evaluator$$anon$2.invoke(Evaluator.scala:901)
	at sjsonnet.Val$Obj.valueRaw(Val.scala:593)
	at sjsonnet.Val$Obj.value(Val.scala:537)
	at sjsonnet.Evaluator.visitSelect(Evaluator.scala:103)
	at sjsonnet.Evaluator.visitExpr(Evaluator.scala:39)
	at sjsonnet.Evaluator.visitBinaryOp(Evaluator.scala:546)
	at sjsonnet.Evaluator.visitExpr(Evaluator.scala:38)
	at sjsonnet.Evaluator.visitIfElse(Evaluator.scala:160)
	at sjsonnet.Evaluator.visitExpr(Evaluator.scala:54)
	at sjsonnet.Evaluator$$anon$2.invoke(Evaluator.scala:901)
	at sjsonnet.Val$Obj.valueRaw(Val.scala:593)
	at sjsonnet.Val$Obj.value(Val.scala:537)
	at sjsonnet.Evaluator.visitSelect(Evaluator.scala:103)
	at sjsonnet.Evaluator.visitExpr(Evaluator.scala:39)
	at sjsonnet.Evaluator.visitBinaryOp(Evaluator.scala:546)
	at sjsonnet.Evaluator.visitExpr(Evaluator.scala:38)
	at sjsonnet.Evaluator.visitIfElse(Evaluator.scala:160)
	at sjsonnet.Evaluator.visitExpr(Evaluator.scala:54)
	at sjsonnet.Evaluator$$anon$2.invoke(Evaluator.scala:901)
	at sjsonnet.Val$Obj.valueRaw(Val.scala:593)
	at sjsonnet.Val$Obj.value(Val.scala:537)
	at sjsonnet.Evaluator.visitSelect(Evaluator.scala:103)
	at sjsonnet.Evaluator.visitExpr(Evaluator.scala:39)
	at sjsonnet.Evaluator.visitBinaryOp(Evaluator.scala:546)
	at sjsonnet.Evaluator.visitExpr(Evaluator.scala:38)
	at sjsonnet.Evaluator.visitIfElse(Evaluator.scala:160)
	at sjsonnet.Evaluator.visitExpr(Evaluator.scala:54)
	at sjsonnet.Evaluator$$anon$2.invoke(Evaluator.scala:901)
	at sjsonnet.Val$Obj.valueRaw(Val.scala:593)
	at sjsonnet.Val$Obj.value(Val.scala:537)
	at sjsonnet.Evaluator.visitSelect(Evaluator.scala:103)
	at sjsonnet.Evaluator.visitExpr(Evaluator.scala:39)
	at sjsonnet.Evaluator.visitBinaryOp(Evaluator.scala:546)
	at sjsonnet.Evaluator.visitExpr(Evaluator.scala:38)
	at sjsonnet.Evaluator.visitIfElse(Evaluator.scala:160)
	at sjsonnet.Evaluator.visitExpr(Evaluator.scala:54)
	at sjsonnet.Evaluator$$anon$2.invoke(Evaluator.scala:901)
	at sjsonnet.Val$Obj.valueRaw(Val.scala:593)
	at sjsonnet.Val$Obj.value(Val.scala:537)
	at sjsonnet.Evaluator.visitSelect(Evaluator.scala:103)
	at sjsonnet.Evaluator.visitExpr(Evaluator.scala:39)
	at sjsonnet.Evaluator.visitBinaryOp(Evaluator.scala:546)
	at sjsonnet.Evaluator.visitExpr(Evaluator.scala:38)
	at sjsonnet.Evaluator.visitIfElse(Evaluator.scala:160)
	at sjsonnet.Evaluator.visitExpr(Evaluator.scala:54)
	at sjsonnet.Evaluator$$anon$2.invoke(Evaluator.scala:901)
	at sjsonnet.Val$Obj.valueRaw(Val.scala:593)
	at sjsonnet.Val$Obj.value(Val.scala:537)
	at sjsonnet.Evaluator.visitSelect(Evaluator.scala:103)
	at sjsonnet.Evaluator.visitExpr(Evaluator.scala:39)
	at sjsonnet.Evaluator.visitBinaryOp(Evaluator.scala:546)
	at sjsonnet.Evaluator.visitExpr(Evaluator.scala:38)
	at sjsonnet.Evaluator.visitIfElse(Evaluator.scala:160)
	at sjsonnet.Evaluator.visitExpr(Evaluator.scala:54)
	at sjsonnet.Evaluator$$anon$2.invoke(Evaluator.scala:901)
	at sjsonnet.Val$Obj.valueRaw(Val.scala:593)
	at sjsonnet.Val$Obj.value(Val.scala:537)
	at sjsonnet.Evaluator.visitSelect(Evaluator.scala:103)
	at sjsonnet.Evaluator.visitExpr(Evaluator.scala:39)
	at sjsonnet.Evaluator.visitBinaryOp(Evaluator.scala:546)
	at sjsonnet.Evaluator.visitExpr(Evaluator.scala:38)
	at sjsonnet.Evaluator.visitIfElse(Evaluator.scala:160)
	at sjsonnet.Evaluator.visitExpr(Evaluator.scala:54)
	at sjsonnet.Evaluator$$anon$2.invoke(Evaluator.scala:901)
	at sjsonnet.Val$Obj.valueRaw(Val.scala:593)
	at sjsonnet.Val$Obj.value(Val.scala:537)
	at sjsonnet.Evaluator.visitSelect(Evaluator.scala:103)
	at sjsonnet.Evaluator.visitExpr(Evaluator.scala:39)
	at sjsonnet.Evaluator.visitBinaryOp(Evaluator.scala:546)
	at sjsonnet.Evaluator.visitExpr(Evaluator.scala:38)
	at sjsonnet.Evaluator.visitIfElse(Evaluator.scala:160)
	at sjsonnet.Evaluator.visitExpr(Evaluator.scala:54)
	at sjsonnet.Evaluator$$anon$2.invoke(Evaluator.scala:901)
	at sjsonnet.Val$Obj.valueRaw(Val.scala:593)
	at sjsonnet.Val$Obj.value(Val.scala:537)
	at sjsonnet.Evaluator.visitSelect(Evaluator.scala:103)
	at sjsonnet.Evaluator.visitExpr(Evaluator.scala:39)
	at sjsonnet.Evaluator.visitBinaryOp(Evaluator.scala:546)
	at sjsonnet.Evaluator.visitExpr(Evaluator.scala:38)
	at sjsonnet.Evaluator.visitIfElse(Evaluator.scala:160)
	at sjsonnet.Evaluator.visitExpr(Evaluator.scala:54)
	at sjsonnet.Evaluator$$anon$2.invoke(Evaluator.scala:901)
	at sjsonnet.Val$Obj.valueRaw(Val.scala:593)
	at sjsonnet.Val$Obj.value(Val.scala:537)
	at sjsonnet.Evaluator.visitSelect(Evaluator.scala:103)
	at sjsonnet.Evaluator.visitExpr(Evaluator.scala:39)
	at sjsonnet.Evaluator.visitBinaryOp(Evaluator.scala:546)
	at sjsonnet.Evaluator.visitExpr(Evaluator.scala:38)
	at sjsonnet.Evaluator.visitIfElse(Evaluator.scala:160)
	at sjsonnet.Evaluator.visitExpr(Evaluator.scala:54)
	at sjsonnet.Evaluator$$anon$2.invoke(Evaluator.scala:901)
	at sjsonnet.Val$Obj.valueRaw(Val.scala:593)
	at sjsonnet.Val$Obj.value(Val.scala:537)
	at sjsonnet.Evaluator.visitSelect(Evaluator.scala:103)
	at sjsonnet.Evaluator.visitExpr(Evaluator.scala:39)
	at sjsonnet.Evaluator.visitBinaryOp(Evaluator.scala:546)
	at sjsonnet.Evaluator.visitExpr(Evaluator.scala:38)
	at sjsonnet.Evaluator.visitIfElse(Evaluator.scala:160)
	at sjsonnet.Evaluator.visitExpr(Evaluator.scala:54)
	at sjsonnet.Evaluator$$anon$2.invoke(Evaluator.scala:901)
	at sjsonnet.Val$Obj.valueRaw(Val.scala:593)
	at sjsonnet.Val$Obj.value(Val.scala:537)
	at sjsonnet.Evaluator.visitSelect(Evaluator.scala:103)
	at sjsonnet.Evaluator.visitExpr(Evaluator.scala:39)
	at sjsonnet.Evaluator.visitBinaryOp(Evaluator.scala:546)
	at sjsonnet.Evaluator.visitExpr(Evaluator.scala:38)
	at sjsonnet.Evaluator.visitIfElse(Evaluator.scala:160)
	at sjsonnet.Evaluator.visitExpr(Evaluator.scala:54)
	at sjsonnet.Evaluator$$anon$2.invoke(Evaluator.scala:901)
	at sjsonnet.Val$Obj.valueRaw(Val.scala:593)
	at sjsonnet.Val$Obj.value(Val.scala:537)
	at sjsonnet.Evaluator.visitSelect(Evaluator.scala:103)
	at sjsonnet.Evaluator.visitExpr(Evaluator.scala:39)
	at sjsonnet.Evaluator.visitBinaryOp(Evaluator.scala:546)
	at sjsonnet.Evaluator.visitExpr(Evaluator.scala:38)
	at sjsonnet.Evaluator.visitIfElse(Evaluator.scala:160)
	at sjsonnet.Evaluator.visitExpr(Evaluator.scala:54)
	at sjsonnet.Evaluator$$anon$2.invoke(Evaluator.scala:901)
	at sjsonnet.Val$Obj.valueRaw(Val.scala:593)
	at sjsonnet.Val$Obj.value(Val.scala:537)
	at sjsonnet.Evaluator.visitSelect(Evaluator.scala:103)
	at sjsonnet.Evaluator.visitExpr(Evaluator.scala:39)
	at sjsonnet.Evaluator.visitBinaryOp(Evaluator.scala:546)
	at sjsonnet.Evaluator.visitExpr(Evaluator.scala:38)
	at sjsonnet.Evaluator.visitIfElse(Evaluator.scala:160)
	at sjsonnet.Evaluator.visitExpr(Evaluator.scala:54)
	at sjsonnet.Evaluator$$anon$2.invoke(Evaluator.scala:901)
	at sjsonnet.Val$Obj.valueRaw(Val.scala:593)
	at sjsonnet.Val$Obj.value(Val.scala:537)
	at sjsonnet.Evaluator.visitSelect(Evaluator.scala:103)
	at sjsonnet.Evaluator.visitExpr(Evaluator.scala:39)
	at sjsonnet.Evaluator.visitBinaryOp(Evaluator.scala:546)
	at sjsonnet.Evaluator.visitExpr(Evaluator.scala:38)
	at sjsonnet.Evaluator.visitIfElse(Evaluator.scala:160)
	at sjsonnet.Evaluator.visitExpr(Evaluator.scala:54)
	at sjsonnet.Evaluator$$anon$2.invoke(Evaluator.scala:901)
	at sjsonnet.Val$Obj.valueRaw(Val.scala:593)
	at sjsonnet.Val$Obj.value(Val.scala:537)
	at sjsonnet.Evaluator.visitSelect(Evaluator.scala:103)
	at sjsonnet.Evaluator.visitExpr(Evaluator.scala:39)
	at sjsonnet.Evaluator.visitBinaryOp(Evaluator.scala:546)
	at sjsonnet.Evaluator.visitExpr(Evaluator.scala:38)
	at sjsonnet.Evaluator.visitIfElse(Evaluator.scala:160)
	at sjsonnet.Evaluator.visitExpr(Evaluator.scala:54)
	at sjsonnet.Evaluator$$anon$2.invoke(Evaluator.scala:901)
	at sjsonnet.Val$Obj.valueRaw(Val.scala:593)
	at sjsonnet.Val$Obj.value(Val.scala:537)
	at sjsonnet.Evaluator.visitSelect(Evaluator.scala:103)
	at sjsonnet.Evaluator.visitExpr(Evaluator.scala:39)
	at sjsonnet.Evaluator.visitBinaryOp(Evaluator.scala:546)
	at sjsonnet.Evaluator.visitExpr(Evaluator.scala:38)
	at sjsonnet.Evaluator.visitIfElse(Evaluator.scala:160)
	at sjsonnet.Evaluator.visitExpr(Evaluator.scala:54)
	at sjsonnet.Evaluator$$anon$2.invoke(Evaluator.scala:901)
	at sjsonnet.Val$Obj.valueRaw(Val.scala:593)
	at sjsonnet.Val$Obj.value(Val.scala:537)
	at sjsonnet.Evaluator.visitSelect(Evaluator.scala:103)
	at sjsonnet.Evaluator.visitExpr(Evaluator.scala:39)
	at sjsonnet.Evaluator.visitBinaryOp(Evaluator.scala:546)
	at sjsonnet.Evaluator.visitExpr(Evaluator.scala:38)
	at sjsonnet.Evaluator.visitIfElse(Evaluator.scala:160)
	at sjsonnet.Evaluator.visitExpr(Evaluator.scala:54)
	at sjsonnet.Evaluator$$anon$2.invoke(Evaluator.scala:901)
	at sjsonnet.Val$Obj.valueRaw(Val.scala:593)
	at sjsonnet.Val$Obj.value(Val.scala:537)
	at sjsonnet.Evaluator.visitSelect(Evaluator.scala:103)
	at sjsonnet.Evaluator.visitExpr(Evaluator.scala:39)
	at sjsonnet.Evaluator.visitBinaryOp(Evaluator.scala:546)
	at sjsonnet.Evaluator.visitExpr(Evaluator.scala:38)
	at sjsonnet.Evaluator.visitIfElse(Evaluator.scala:160)
	at sjsonnet.Evaluator.visitExpr(Evaluator.scala:54)
	at sjsonnet.Evaluator$$anon$2.invoke(Evaluator.scala:901)
	at sjsonnet.Val$Obj.valueRaw(Val.scala:593)
	at sjsonnet.Val$Obj.value(Val.scala:537)
	at sjsonnet.Evaluator.visitSelect(Evaluator.scala:103)
	at sjsonnet.Evaluator.visitExpr(Evaluator.scala:39)
	at sjsonnet.Evaluator.visitBinaryOp(Evaluator.scala:546)
	at sjsonnet.Evaluator.visitExpr(Evaluator.scala:38)
	at sjsonnet.Evaluator.visitIfElse(Evaluator.scala:160)
	at sjsonnet.Evaluator.visitExpr(Evaluator.scala:54)
	at sjsonnet.Evaluator$$anon$2.invoke(Evaluator.scala:901)
	at sjsonnet.Val$Obj.valueRaw(Val.scala:593)
	at sjsonnet.Val$Obj.value(Val.scala:537)
	at sjsonnet.Evaluator.visitSelect(Evaluator.scala:103)
	at sjsonnet.Evaluator.visitExpr(Evaluator.scala:39)
	at sjsonnet.Evaluator.visitBinaryOp(Evaluator.scala:546)
	at sjsonnet.Evaluator.visitExpr(Evaluator.scala:38)
	at sjsonnet.Evaluator.visitIfElse(Evaluator.scala:160)
	at sjsonnet.Evaluator.visitExpr(Evaluator.scala:54)
	at sjsonnet.Evaluator$$anon$2.invoke(Evaluator.scala:901)
	at sjsonnet.Val$Obj.valueRaw(Val.scala:593)
	at sjsonnet.Val$Obj.value(Val.scala:537)
	at sjsonnet.Evaluator.visitSelect(Evaluator.scala:103)
	at sjsonnet.Evaluator.visitExpr(Evaluator.scala:39)
	at sjsonnet.Evaluator.visitBinaryOp(Evaluator.scala:546)
	at sjsonnet.Evaluator.visitExpr(Evaluator.scala:38)
	at sjsonnet.Evaluator.visitIfElse(Evaluator.scala:160)
	at sjsonnet.Evaluator.visitExpr(Evaluator.scala:54)
	at sjsonnet.Evaluator$$anon$2.invoke(Evaluator.scala:901)
	at sjsonnet.Val$Obj.valueRaw(Val.scala:593)
	at sjsonnet.Val$Obj.value(Val.scala:537)
	at sjsonnet.Evaluator.visitSelect(Evaluator.scala:103)
	at sjsonnet.Evaluator.visitExpr(Evaluator.scala:39)
	at sjsonnet.Evaluator.visitBinaryOp(Evaluator.scala:546)
	at sjsonnet.Evaluator.visitExpr(Evaluator.scala:38)
	at sjsonnet.Evaluator.visitIfElse(Evaluator.scala:160)
	at sjsonnet.Evaluator.visitExpr(Evaluator.scala:54)
	at sjsonnet.Evaluator$$anon$2.invoke(Evaluator.scala:901)
	at sjsonnet.Val$Obj.valueRaw(Val.scala:593)
	at sjsonnet.Val$Obj.value(Val.scala:537)
	at sjsonnet.Evaluator.visitSelect(Evaluator.scala:103)
	at sjsonnet.Evaluator.visitExpr(Evaluator.scala:39)
	at sjsonnet.Evaluator.visitBinaryOp(Evaluator.scala:546)
	at sjsonnet.Evaluator.visitExpr(Evaluator.scala:38)
	at sjsonnet.Evaluator.visitIfElse(Evaluator.scala:160)
	at sjsonnet.Evaluator.visitExpr(Evaluator.scala:54)
	at sjsonnet.Evaluator$$anon$2.invoke(Evaluator.scala:901)
