Exception in thread "main" java.lang.StackOverflowError
	at java.base/java.lang.ClassLoader.defineClass1(Native Method)
	at java.base/java.lang.ClassLoader.defineClass(ClassLoader.java:1022)
	at java.base/java.security.SecureClassLoader.defineClass(SecureClassLoader.java:174)
	at java.base/jdk.internal.loader.BuiltinClassLoader.defineClass(BuiltinClassLoader.java:800)
	at java.base/jdk.internal.loader.BuiltinClassLoader.findClassOnClassPathOrNull(BuiltinClassLoader.java:698)
	at java.base/jdk.internal.loader.BuiltinClassLoader.loadClassOrNull(BuiltinClassLoader.java:621)
	at java.base/jdk.internal.loader.BuiltinClassLoader.loadClass(BuiltinClassLoader.java:579)
	at java.base/jdk.internal.loader.ClassLoaders$AppClassLoader.loadClass(ClassLoaders.java:178)
	at java.base/java.lang.ClassLoader.loadClass(ClassLoader.java:527)
	at sjsonnet.Error$$anon$1.isDefinedAt(Error.scala:63)
	at sjsonnet.Error$$anon$1.isDefinedAt(Error.scala:61)
	at sjsonnet.Evaluator.visitExpr(Evaluator.scala:75)
	at sjsonnet.Interpreter$$anon$2.evalDefault(Interpreter.scala:197)
	at sjsonnet.Val$Func.apply$$anonfun$2(Val.scala:545)
	at sjsonnet.LazyWithComputeFunc.compute(Val.scala:33)
	at sjsonnet.Lazy.force(Val.scala:21)
	at sjsonnet.Evaluator.visitValidId(Evaluator.scala:97)
	at sjsonnet.Evaluator.visitExpr(Evaluator.scala:35)
	at sjsonnet.Interpreter$$anon$2.evalDefault(Interpreter.scala:197)
	at sjsonnet.Val$Func.apply$$anonfun$2(Val.scala:545)
	at sjsonnet.LazyWithComputeFunc.compute(Val.scala:33)
	at sjsonnet.Lazy.force(Val.scala:21)
	at sjsonnet.Evaluator.visitValidId(Evaluator.scala:97)
	at sjsonnet.Evaluator.visitExpr(Evaluator.scala:35)
	at sjsonnet.Interpreter$$anon$2.evalDefault(Interpreter.scala:197)
	at sjsonnet.Val$Func.apply$$anonfun$2(Val.scala:545)
	at sjsonnet.LazyWithComputeFunc.compute(Val.scala:33)
	at sjsonnet.Lazy.force(Val.scala:21)
	at sjsonnet.Evaluator.visitValidId(Evaluator.scala:97)
	at sjsonnet.Evaluator.visitExpr(Evaluator.scala:35)
	at sjsonnet.Interpreter$$anon$2.evalDefault(Interpreter.scala:197)
	at sjsonnet.Val$Func.apply$$anonfun$2(Val.scala:545)
	at sjsonnet.LazyWithComputeFunc.compute(Val.scala:33)
	at sjsonnet.Lazy.force(Val.scala:21)
	at sjsonnet.Evaluator.visitValidId(Evaluator.scala:97)
	at sjsonnet.Evaluator.visitExpr(Evaluator.scala:35)
	at sjsonnet.Interpreter$$anon$2.evalDefault(Interpreter.scala:197)
	at sjsonnet.Val$Func.apply$$anonfun$2(Val.scala:545)
	at sjsonnet.LazyWithComputeFunc.compute(Val.scala:33)
	at sjsonnet.Lazy.force(Val.scala:21)
	at sjsonnet.Evaluator.visitValidId(Evaluator.scala:97)
	at sjsonnet.Evaluator.visitExpr(Evaluator.scala:35)
	at sjsonnet.Interpreter$$anon$2.evalDefault(Interpreter.scala:197)
	at sjsonnet.Val$Func.apply$$anonfun$2(Val.scala:545)
	at sjsonnet.LazyWithComputeFunc.compute(Val.scala:33)
	at sjsonnet.Lazy.force(Val.scala:21)
	at sjsonnet.Evaluator.visitValidId(Evaluator.scala:97)
	at sjsonnet.Evaluator.visitExpr(Evaluator.scala:35)
	at sjsonnet.Interpreter$$anon$2.evalDefault(Interpreter.scala:197)
	at sjsonnet.Val$Func.apply$$anonfun$2(Val.scala:545)
	at sjsonnet.LazyWithComputeFunc.compute(Val.scala:33)
	at sjsonnet.Lazy.force(Val.scala:21)
	at sjsonnet.Evaluator.visitValidId(Evaluator.scala:97)
	at sjsonnet.Evaluator.visitExpr(Evaluator.scala:35)
	at sjsonnet.Interpreter$$anon$2.evalDefault(Interpreter.scala:197)
	at sjsonnet.Val$Func.apply$$anonfun$2(Val.scala:545)
	at sjsonnet.LazyWithComputeFunc.compute(Val.scala:33)
	at sjsonnet.Lazy.force(Val.scala:21)
	at sjsonnet.Evaluator.visitValidId(Evaluator.scala:97)
	at sjsonnet.Evaluator.visitExpr(Evaluator.scala:35)
	at sjsonnet.Interpreter$$anon$2.evalDefault(Interpreter.scala:197)
	at sjsonnet.Val$Func.apply$$anonfun$2(Val.scala:545)
	at sjsonnet.LazyWithComputeFunc.compute(Val.scala:33)
	at sjsonnet.Lazy.force(Val.scala:21)
	at sjsonnet.Evaluator.visitValidId(Evaluator.scala:97)
	at sjsonnet.Evaluator.visitExpr(Evaluator.scala:35)
	at sjsonnet.Interpreter$$anon$2.evalDefault(Interpreter.scala:197)
	at sjsonnet.Val$Func.apply$$anonfun$2(Val.scala:545)
	at sjsonnet.LazyWithComputeFunc.compute(Val.scala:33)
	at sjsonnet.Lazy.force(Val.scala:21)
	at sjsonnet.Evaluator.visitValidId(Evaluator.scala:97)
	at sjsonnet.Evaluator.visitExpr(Evaluator.scala:35)
	at sjsonnet.Interpreter$$anon$2.evalDefault(Interpreter.scala:197)
	at sjsonnet.Val$Func.apply$$anonfun$2(Val.scala:545)
	at sjsonnet.LazyWithComputeFunc.compute(Val.scala:33)
	at sjsonnet.Lazy.force(Val.scala:21)
	at sjsonnet.Evaluator.visitValidId(Evaluator.scala:97)
	at sjsonnet.Evaluator.visitExpr(Evaluator.scala:35)
	at sjsonnet.Interpreter$$anon$2.evalDefault(Interpreter.scala:197)
	at sjsonnet.Val$Func.apply$$anonfun$2(Val.scala:545)
	at sjsonnet.LazyWithComputeFunc.compute(Val.scala:33)
	at sjsonnet.Lazy.force(Val.scala:21)
	at sjsonnet.Evaluator.visitValidId(Evaluator.scala:97)
	at sjsonnet.Evaluator.visitExpr(Evaluator.scala:35)
	at sjsonnet.Interpreter$$anon$2.evalDefault(Interpreter.scala:197)
	at sjsonnet.Val$Func.apply$$anonfun$2(Val.scala:545)
	at sjsonnet.LazyWithComputeFunc.compute(Val.scala:33)
	at sjsonnet.Lazy.force(Val.scala:21)
	at sjsonnet.Evaluator.visitValidId(Evaluator.scala:97)
	at sjsonnet.Evaluator.visitExpr(Evaluator.scala:35)
	at sjsonnet.Interpreter$$anon$2.evalDefault(Interpreter.scala:197)
	at sjsonnet.Val$Func.apply$$anonfun$2(Val.scala:545)
	at sjsonnet.LazyWithComputeFunc.compute(Val.scala:33)
	at sjsonnet.Lazy.force(Val.scala:21)
	at sjsonnet.Evaluator.visitValidId(Evaluator.scala:97)
	at sjsonnet.Evaluator.visitExpr(Evaluator.scala:35)
	at sjsonnet.Interpreter$$anon$2.evalDefault(Interpreter.scala:197)
	at sjsonnet.Val$Func.apply$$anonfun$2(Val.scala:545)
	at sjsonnet.LazyWithComputeFunc.compute(Val.scala:33)
	at sjsonnet.Lazy.force(Val.scala:21)
	at sjsonnet.Evaluator.visitValidId(Evaluator.scala:97)
	at sjsonnet.Evaluator.visitExpr(Evaluator.scala:35)
	at sjsonnet.Interpreter$$anon$2.evalDefault(Interpreter.scala:197)
	at sjsonnet.Val$Func.apply$$anonfun$2(Val.scala:545)
	at sjsonnet.LazyWithComputeFunc.compute(Val.scala:33)
	at sjsonnet.Lazy.force(Val.scala:21)
	at sjsonnet.Evaluator.visitValidId(Evaluator.scala:97)
	at sjsonnet.Evaluator.visitExpr(Evaluator.scala:35)
	at sjsonnet.Interpreter$$anon$2.evalDefault(Interpreter.scala:197)
	at sjsonnet.Val$Func.apply$$anonfun$2(Val.scala:545)
	at sjsonnet.LazyWithComputeFunc.compute(Val.scala:33)
	at sjsonnet.Lazy.force(Val.scala:21)
	at sjsonnet.Evaluator.visitValidId(Evaluator.scala:97)
	at sjsonnet.Evaluator.visitExpr(Evaluator.scala:35)
	at sjsonnet.Interpreter$$anon$2.evalDefault(Interpreter.scala:197)
	at sjsonnet.Val$Func.apply$$anonfun$2(Val.scala:545)
	at sjsonnet.LazyWithComputeFunc.compute(Val.scala:33)
	at sjsonnet.Lazy.force(Val.scala:21)
	at sjsonnet.Evaluator.visitValidId(Evaluator.scala:97)
	at sjsonnet.Evaluator.visitExpr(Evaluator.scala:35)
	at sjsonnet.Interpreter$$anon$2.evalDefault(Interpreter.scala:197)
	at sjsonnet.Val$Func.apply$$anonfun$2(Val.scala:545)
	at sjsonnet.LazyWithComputeFunc.compute(Val.scala:33)
	at sjsonnet.Lazy.force(Val.scala:21)
	at sjsonnet.Evaluator.visitValidId(Evaluator.scala:97)
	at sjsonnet.Evaluator.visitExpr(Evaluator.scala:35)
	at sjsonnet.Interpreter$$anon$2.evalDefault(Interpreter.scala:197)
	at sjsonnet.Val$Func.apply$$anonfun$2(Val.scala:545)
	at sjsonnet.LazyWithComputeFunc.compute(Val.scala:33)
	at sjsonnet.Lazy.force(Val.scala:21)
	at sjsonnet.Evaluator.visitValidId(Evaluator.scala:97)
	at sjsonnet.Evaluator.visitExpr(Evaluator.scala:35)
	at sjsonnet.Interpreter$$anon$2.evalDefault(Interpreter.scala:197)
	at sjsonnet.Val$Func.apply$$anonfun$2(Val.scala:545)
	at sjsonnet.LazyWithComputeFunc.compute(Val.scala:33)
	at sjsonnet.Lazy.force(Val.scala:21)
	at sjsonnet.Evaluator.visitValidId(Evaluator.scala:97)
	at sjsonnet.Evaluator.visitExpr(Evaluator.scala:35)
	at sjsonnet.Interpreter$$anon$2.evalDefault(Interpreter.scala:197)
	at sjsonnet.Val$Func.apply$$anonfun$2(Val.scala:545)
	at sjsonnet.LazyWithComputeFunc.compute(Val.scala:33)
	at sjsonnet.Lazy.force(Val.scala:21)
	at sjsonnet.Evaluator.visitValidId(Evaluator.scala:97)
	at sjsonnet.Evaluator.visitExpr(Evaluator.scala:35)
	at sjsonnet.Interpreter$$anon$2.evalDefault(Interpreter.scala:197)
	at sjsonnet.Val$Func.apply$$anonfun$2(Val.scala:545)
	at sjsonnet.LazyWithComputeFunc.compute(Val.scala:33)
	at sjsonnet.Lazy.force(Val.scala:21)
	at sjsonnet.Evaluator.visitValidId(Evaluator.scala:97)
	at sjsonnet.Evaluator.visitExpr(Evaluator.scala:35)
	at sjsonnet.Interpreter$$anon$2.evalDefault(Interpreter.scala:197)
	at sjsonnet.Val$Func.apply$$anonfun$2(Val.scala:545)
	at sjsonnet.LazyWithComputeFunc.compute(Val.scala:33)
	at sjsonnet.Lazy.force(Val.scala:21)
	at sjsonnet.Evaluator.visitValidId(Evaluator.scala:97)
	at sjsonnet.Evaluator.visitExpr(Evaluator.scala:35)
	at sjsonnet.Interpreter$$anon$2.evalDefault(Interpreter.scala:197)
	at sjsonnet.Val$Func.apply$$anonfun$2(Val.scala:545)
	at sjsonnet.LazyWithComputeFunc.compute(Val.scala:33)
	at sjsonnet.Lazy.force(Val.scala:21)
	at sjsonnet.Evaluator.visitValidId(Evaluator.scala:97)
	at sjsonnet.Evaluator.visitExpr(Evaluator.scala:35)
	at sjsonnet.Interpreter$$anon$2.evalDefault(Interpreter.scala:197)
	at sjsonnet.Val$Func.apply$$anonfun$2(Val.scala:545)
	at sjsonnet.LazyWithComputeFunc.compute(Val.scala:33)
	at sjsonnet.Lazy.force(Val.scala:21)
	at sjsonnet.Evaluator.visitValidId(Evaluator.scala:97)
	at sjsonnet.Evaluator.visitExpr(Evaluator.scala:35)
	at sjsonnet.Interpreter$$anon$2.evalDefault(Interpreter.scala:197)
	at sjsonnet.Val$Func.apply$$anonfun$2(Val.scala:545)
	at sjsonnet.LazyWithComputeFunc.compute(Val.scala:33)
	at sjsonnet.Lazy.force(Val.scala:21)
	at sjsonnet.Evaluator.visitValidId(Evaluator.scala:97)
	at sjsonnet.Evaluator.visitExpr(Evaluator.scala:35)
	at sjsonnet.Interpreter$$anon$2.evalDefault(Interpreter.scala:197)
	at sjsonnet.Val$Func.apply$$anonfun$2(Val.scala:545)
	at sjsonnet.LazyWithComputeFunc.compute(Val.scala:33)
	at sjsonnet.Lazy.force(Val.scala:21)
	at sjsonnet.Evaluator.visitValidId(Evaluator.scala:97)
	at sjsonnet.Evaluator.visitExpr(Evaluator.scala:35)
	at sjsonnet.Interpreter$$anon$2.evalDefault(Interpreter.scala:197)
	at sjsonnet.Val$Func.apply$$anonfun$2(Val.scala:545)
	at sjsonnet.LazyWithComputeFunc.compute(Val.scala:33)
	at sjsonnet.Lazy.force(Val.scala:21)
	at sjsonnet.Evaluator.visitValidId(Evaluator.scala:97)
	at sjsonnet.Evaluator.visitExpr(Evaluator.scala:35)
	at sjsonnet.Interpreter$$anon$2.evalDefault(Interpreter.scala:197)
	at sjsonnet.Val$Func.apply$$anonfun$2(Val.scala:545)
	at sjsonnet.LazyWithComputeFunc.compute(Val.scala:33)
	at sjsonnet.Lazy.force(Val.scala:21)
	at sjsonnet.Evaluator.visitValidId(Evaluator.scala:97)
	at sjsonnet.Evaluator.visitExpr(Evaluator.scala:35)
	at sjsonnet.Interpreter$$anon$2.evalDefault(Interpreter.scala:197)
	at sjsonnet.Val$Func.apply$$anonfun$2(Val.scala:545)
	at sjsonnet.LazyWithComputeFunc.compute(Val.scala:33)
	at sjsonnet.Lazy.force(Val.scala:21)
	at sjsonnet.Evaluator.visitValidId(Evaluator.scala:97)
	at sjsonnet.Evaluator.visitExpr(Evaluator.scala:35)
	at sjsonnet.Interpreter$$anon$2.evalDefault(Interpreter.scala:197)
	at sjsonnet.Val$Func.apply$$anonfun$2(Val.scala:545)
	at sjsonnet.LazyWithComputeFunc.compute(Val.scala:33)
	at sjsonnet.Lazy.force(Val.scala:21)
	at sjsonnet.Evaluator.visitValidId(Evaluator.scala:97)
	at sjsonnet.Evaluator.visitExpr(Evaluator.scala:35)
	at sjsonnet.Interpreter$$anon$2.evalDefault(Interpreter.scala:197)
	at sjsonnet.Val$Func.apply$$anonfun$2(Val.scala:545)
	at sjsonnet.LazyWithComputeFunc.compute(Val.scala:33)
	at sjsonnet.Lazy.force(Val.scala:21)
	at sjsonnet.Evaluator.visitValidId(Evaluator.scala:97)
	at sjsonnet.Evaluator.visitExpr(Evaluator.scala:35)
	at sjsonnet.Interpreter$$anon$2.evalDefault(Interpreter.scala:197)
	at sjsonnet.Val$Func.apply$$anonfun$2(Val.scala:545)
	at sjsonnet.LazyWithComputeFunc.compute(Val.scala:33)
	at sjsonnet.Lazy.force(Val.scala:21)
	at sjsonnet.Evaluator.visitValidId(Evaluator.scala:97)
	at sjsonnet.Evaluator.visitExpr(Evaluator.scala:35)
	at sjsonnet.Interpreter$$anon$2.evalDefault(Interpreter.scala:197)
	at sjsonnet.Val$Func.apply$$anonfun$2(Val.scala:545)
	at sjsonnet.LazyWithComputeFunc.compute(Val.scala:33)
	at sjsonnet.Lazy.force(Val.scala:21)
	at sjsonnet.Evaluator.visitValidId(Evaluator.scala:97)
	at sjsonnet.Evaluator.visitExpr(Evaluator.scala:35)
	at sjsonnet.Interpreter$$anon$2.evalDefault(Interpreter.scala:197)
	at sjsonnet.Val$Func.apply$$anonfun$2(Val.scala:545)
	at sjsonnet.LazyWithComputeFunc.compute(Val.scala:33)
	at sjsonnet.Lazy.force(Val.scala:21)
	at sjsonnet.Evaluator.visitValidId(Evaluator.scala:97)
	at sjsonnet.Evaluator.visitExpr(Evaluator.scala:35)
	at sjsonnet.Interpreter$$anon$2.evalDefault(Interpreter.scala:197)
	at sjsonnet.Val$Func.apply$$anonfun$2(Val.scala:545)
	at sjsonnet.LazyWithComputeFunc.compute(Val.scala:33)
	at sjsonnet.Lazy.force(Val.scala:21)
	at sjsonnet.Evaluator.visitValidId(Evaluator.scala:97)
	at sjsonnet.Evaluator.visitExpr(Evaluator.scala:35)
	at sjsonnet.Interpreter$$anon$2.evalDefault(Interpreter.scala:197)
	at sjsonnet.Val$Func.apply$$anonfun$2(Val.scala:545)
	at sjsonnet.LazyWithComputeFunc.compute(Val.scala:33)
	at sjsonnet.Lazy.force(Val.scala:21)
	at sjsonnet.Evaluator.visitValidId(Evaluator.scala:97)
	at sjsonnet.Evaluator.visitExpr(Evaluator.scala:35)
	at sjsonnet.Interpreter$$anon$2.evalDefault(Interpreter.scala:197)
	at sjsonnet.Val$Func.apply$$anonfun$2(Val.scala:545)
	at sjsonnet.LazyWithComputeFunc.compute(Val.scala:33)
	at sjsonnet.Lazy.force(Val.scala:21)
	at sjsonnet.Evaluator.visitValidId(Evaluator.scala:97)
	at sjsonnet.Evaluator.visitExpr(Evaluator.scala:35)
	at sjsonnet.Interpreter$$anon$2.evalDefault(Interpreter.scala:197)
	at sjsonnet.Val$Func.apply$$anonfun$2(Val.scala:545)
	at sjsonnet.LazyWithComputeFunc.compute(Val.scala:33)
	at sjsonnet.Lazy.force(Val.scala:21)
	at sjsonnet.Evaluator.visitValidId(Evaluator.scala:97)
	at sjsonnet.Evaluator.visitExpr(Evaluator.scala:35)
	at sjsonnet.Interpreter$$anon$2.evalDefault(Interpreter.scala:197)
	at sjsonnet.Val$Func.apply$$anonfun$2(Val.scala:545)
	at sjsonnet.LazyWithComputeFunc.compute(Val.scala:33)
	at sjsonnet.Lazy.force(Val.scala:21)
	at sjsonnet.Evaluator.visitValidId(Evaluator.scala:97)
	at sjsonnet.Evaluator.visitExpr(Evaluator.scala:35)
	at sjsonnet.Interpreter$$anon$2.evalDefault(Interpreter.scala:197)
	at sjsonnet.Val$Func.apply$$anonfun$2(Val.scala:545)
	at sjsonnet.LazyWithComputeFunc.compute(Val.scala:33)
	at sjsonnet.Lazy.force(Val.scala:21)
	at sjsonnet.Evaluator.visitValidId(Evaluator.scala:97)
	at sjsonnet.Evaluator.visitExpr(Evaluator.scala:35)
	at sjsonnet.Interpreter$$anon$2.evalDefault(Interpreter.scala:197)
	at sjsonnet.Val$Func.apply$$anonfun$2(Val.scala:545)
	at sjsonnet.LazyWithComputeFunc.compute(Val.scala:33)
	at sjsonnet.Lazy.force(Val.scala:21)
	at sjsonnet.Evaluator.visitValidId(Evaluator.scala:97)
	at sjsonnet.Evaluator.visitExpr(Evaluator.scala:35)
	at sjsonnet.Interpreter$$anon$2.evalDefault(Interpreter.scala:197)
	at sjsonnet.Val$Func.apply$$anonfun$2(Val.scala:545)
	at sjsonnet.LazyWithComputeFunc.compute(Val.scala:33)
	at sjsonnet.Lazy.force(Val.scala:21)
	at sjsonnet.Evaluator.visitValidId(Evaluator.scala:97)
	at sjsonnet.Evaluator.visitExpr(Evaluator.scala:35)
	at sjsonnet.Interpreter$$anon$2.evalDefault(Interpreter.scala:197)
	at sjsonnet.Val$Func.apply$$anonfun$2(Val.scala:545)
	at sjsonnet.LazyWithComputeFunc.compute(Val.scala:33)
	at sjsonnet.Lazy.force(Val.scala:21)
	at sjsonnet.Evaluator.visitValidId(Evaluator.scala:97)
	at sjsonnet.Evaluator.visitExpr(Evaluator.scala:35)
	at sjsonnet.Interpreter$$anon$2.evalDefault(Interpreter.scala:197)
	at sjsonnet.Val$Func.apply$$anonfun$2(Val.scala:545)
	at sjsonnet.LazyWithComputeFunc.compute(Val.scala:33)
	at sjsonnet.Lazy.force(Val.scala:21)
	at sjsonnet.Evaluator.visitValidId(Evaluator.scala:97)
	at sjsonnet.Evaluator.visitExpr(Evaluator.scala:35)
	at sjsonnet.Interpreter$$anon$2.evalDefault(Interpreter.scala:197)
	at sjsonnet.Val$Func.apply$$anonfun$2(Val.scala:545)
	at sjsonnet.LazyWithComputeFunc.compute(Val.scala:33)
	at sjsonnet.Lazy.force(Val.scala:21)
	at sjsonnet.Evaluator.visitValidId(Evaluator.scala:97)
	at sjsonnet.Evaluator.visitExpr(Evaluator.scala:35)
	at sjsonnet.Interpreter$$anon$2.evalDefault(Interpreter.scala:197)
	at sjsonnet.Val$Func.apply$$anonfun$2(Val.scala:545)
	at sjsonnet.LazyWithComputeFunc.compute(Val.scala:33)
	at sjsonnet.Lazy.force(Val.scala:21)
	at sjsonnet.Evaluator.visitValidId(Evaluator.scala:97)
	at sjsonnet.Evaluator.visitExpr(Evaluator.scala:35)
	at sjsonnet.Interpreter$$anon$2.evalDefault(Interpreter.scala:197)
	at sjsonnet.Val$Func.apply$$anonfun$2(Val.scala:545)
	at sjsonnet.LazyWithComputeFunc.compute(Val.scala:33)
	at sjsonnet.Lazy.force(Val.scala:21)
	at sjsonnet.Evaluator.visitValidId(Evaluator.scala:97)
	at sjsonnet.Evaluator.visitExpr(Evaluator.scala:35)
	at sjsonnet.Interpreter$$anon$2.evalDefault(Interpreter.scala:197)
	at sjsonnet.Val$Func.apply$$anonfun$2(Val.scala:545)
	at sjsonnet.LazyWithComputeFunc.compute(Val.scala:33)
	at sjsonnet.Lazy.force(Val.scala:21)
	at sjsonnet.Evaluator.visitValidId(Evaluator.scala:97)
	at sjsonnet.Evaluator.visitExpr(Evaluator.scala:35)
	at sjsonnet.Interpreter$$anon$2.evalDefault(Interpreter.scala:197)
	at sjsonnet.Val$Func.apply$$anonfun$2(Val.scala:545)
	at sjsonnet.LazyWithComputeFunc.compute(Val.scala:33)
	at sjsonnet.Lazy.force(Val.scala:21)
	at sjsonnet.Evaluator.visitValidId(Evaluator.scala:97)
	at sjsonnet.Evaluator.visitExpr(Evaluator.scala:35)
	at sjsonnet.Interpreter$$anon$2.evalDefault(Interpreter.scala:197)
	at sjsonnet.Val$Func.apply$$anonfun$2(Val.scala:545)
	at sjsonnet.LazyWithComputeFunc.compute(Val.scala:33)
	at sjsonnet.Lazy.force(Val.scala:21)
	at sjsonnet.Evaluator.visitValidId(Evaluator.scala:97)
	at sjsonnet.Evaluator.visitExpr(Evaluator.scala:35)
	at sjsonnet.Interpreter$$anon$2.evalDefault(Interpreter.scala:197)
	at sjsonnet.Val$Func.apply$$anonfun$2(Val.scala:545)
	at sjsonnet.LazyWithComputeFunc.compute(Val.scala:33)
	at sjsonnet.Lazy.force(Val.scala:21)
	at sjsonnet.Evaluator.visitValidId(Evaluator.scala:97)
	at sjsonnet.Evaluator.visitExpr(Evaluator.scala:35)
	at sjsonnet.Interpreter$$anon$2.evalDefault(Interpreter.scala:197)
	at sjsonnet.Val$Func.apply$$anonfun$2(Val.scala:545)
	at sjsonnet.LazyWithComputeFunc.compute(Val.scala:33)
	at sjsonnet.Lazy.force(Val.scala:21)
	at sjsonnet.Evaluator.visitValidId(Evaluator.scala:97)
	at sjsonnet.Evaluator.visitExpr(Evaluator.scala:35)
	at sjsonnet.Interpreter$$anon$2.evalDefault(Interpreter.scala:197)
	at sjsonnet.Val$Func.apply$$anonfun$2(Val.scala:545)
	at sjsonnet.LazyWithComputeFunc.compute(Val.scala:33)
	at sjsonnet.Lazy.force(Val.scala:21)
	at sjsonnet.Evaluator.visitValidId(Evaluator.scala:97)
	at sjsonnet.Evaluator.visitExpr(Evaluator.scala:35)
	at sjsonnet.Interpreter$$anon$2.evalDefault(Interpreter.scala:197)
	at sjsonnet.Val$Func.apply$$anonfun$2(Val.scala:545)
	at sjsonnet.LazyWithComputeFunc.compute(Val.scala:33)
	at sjsonnet.Lazy.force(Val.scala:21)
	at sjsonnet.Evaluator.visitValidId(Evaluator.scala:97)
	at sjsonnet.Evaluator.visitExpr(Evaluator.scala:35)
	at sjsonnet.Interpreter$$anon$2.evalDefault(Interpreter.scala:197)
	at sjsonnet.Val$Func.apply$$anonfun$2(Val.scala:545)
	at sjsonnet.LazyWithComputeFunc.compute(Val.scala:33)
	at sjsonnet.Lazy.force(Val.scala:21)
	at sjsonnet.Evaluator.visitValidId(Evaluator.scala:97)
	at sjsonnet.Evaluator.visitExpr(Evaluator.scala:35)
	at sjsonnet.Interpreter$$anon$2.evalDefault(Interpreter.scala:197)
	at sjsonnet.Val$Func.apply$$anonfun$2(Val.scala:545)
	at sjsonnet.LazyWithComputeFunc.compute(Val.scala:33)
	at sjsonnet.Lazy.force(Val.scala:21)
	at sjsonnet.Evaluator.visitValidId(Evaluator.scala:97)
	at sjsonnet.Evaluator.visitExpr(Evaluator.scala:35)
	at sjsonnet.Interpreter$$anon$2.evalDefault(Interpreter.scala:197)
	at sjsonnet.Val$Func.apply$$anonfun$2(Val.scala:545)
	at sjsonnet.LazyWithComputeFunc.compute(Val.scala:33)
	at sjsonnet.Lazy.force(Val.scala:21)
	at sjsonnet.Evaluator.visitValidId(Evaluator.scala:97)
	at sjsonnet.Evaluator.visitExpr(Evaluator.scala:35)
	at sjsonnet.Interpreter$$anon$2.evalDefault(Interpreter.scala:197)
	at sjsonnet.Val$Func.apply$$anonfun$2(Val.scala:545)
	at sjsonnet.LazyWithComputeFunc.compute(Val.scala:33)
	at sjsonnet.Lazy.force(Val.scala:21)
	at sjsonnet.Evaluator.visitValidId(Evaluator.scala:97)
	at sjsonnet.Evaluator.visitExpr(Evaluator.scala:35)
	at sjsonnet.Interpreter$$anon$2.evalDefault(Interpreter.scala:197)
	at sjsonnet.Val$Func.apply$$anonfun$2(Val.scala:545)
	at sjsonnet.LazyWithComputeFunc.compute(Val.scala:33)
	at sjsonnet.Lazy.force(Val.scala:21)
	at sjsonnet.Evaluator.visitValidId(Evaluator.scala:97)
	at sjsonnet.Evaluator.visitExpr(Evaluator.scala:35)
	at sjsonnet.Interpreter$$anon$2.evalDefault(Interpreter.scala:197)
	at sjsonnet.Val$Func.apply$$anonfun$2(Val.scala:545)
	at sjsonnet.LazyWithComputeFunc.compute(Val.scala:33)
	at sjsonnet.Lazy.force(Val.scala:21)
	at sjsonnet.Evaluator.visitValidId(Evaluator.scala:97)
	at sjsonnet.Evaluator.visitExpr(Evaluator.scala:35)
	at sjsonnet.Interpreter$$anon$2.evalDefault(Interpreter.scala:197)
	at sjsonnet.Val$Func.apply$$anonfun$2(Val.scala:545)
	at sjsonnet.LazyWithComputeFunc.compute(Val.scala:33)
	at sjsonnet.Lazy.force(Val.scala:21)
	at sjsonnet.Evaluator.visitValidId(Evaluator.scala:97)
	at sjsonnet.Evaluator.visitExpr(Evaluator.scala:35)
	at sjsonnet.Interpreter$$anon$2.evalDefault(Interpreter.scala:197)
	at sjsonnet.Val$Func.apply$$anonfun$2(Val.scala:545)
	at sjsonnet.LazyWithComputeFunc.compute(Val.scala:33)
	at sjsonnet.Lazy.force(Val.scala:21)
	at sjsonnet.Evaluator.visitValidId(Evaluator.scala:97)
	at sjsonnet.Evaluator.visitExpr(Evaluator.scala:35)
	at sjsonnet.Interpreter$$anon$2.evalDefault(Interpreter.scala:197)
	at sjsonnet.Val$Func.apply$$anonfun$2(Val.scala:545)
	at sjsonnet.LazyWithComputeFunc.compute(Val.scala:33)
	at sjsonnet.Lazy.force(Val.scala:21)
	at sjsonnet.Evaluator.visitValidId(Evaluator.scala:97)
	at sjsonnet.Evaluator.visitExpr(Evaluator.scala:35)
	at sjsonnet.Interpreter$$anon$2.evalDefault(Interpreter.scala:197)
	at sjsonnet.Val$Func.apply$$anonfun$2(Val.scala:545)
	at sjsonnet.LazyWithComputeFunc.compute(Val.scala:33)
	at sjsonnet.Lazy.force(Val.scala:21)
	at sjsonnet.Evaluator.visitValidId(Evaluator.scala:97)
	at sjsonnet.Evaluator.visitExpr(Evaluator.scala:35)
	at sjsonnet.Interpreter$$anon$2.evalDefault(Interpreter.scala:197)
	at sjsonnet.Val$Func.apply$$anonfun$2(Val.scala:545)
	at sjsonnet.LazyWithComputeFunc.compute(Val.scala:33)
	at sjsonnet.Lazy.force(Val.scala:21)
	at sjsonnet.Evaluator.visitValidId(Evaluator.scala:97)
	at sjsonnet.Evaluator.visitExpr(Evaluator.scala:35)
	at sjsonnet.Interpreter$$anon$2.evalDefault(Interpreter.scala:197)
	at sjsonnet.Val$Func.apply$$anonfun$2(Val.scala:545)
	at sjsonnet.LazyWithComputeFunc.compute(Val.scala:33)
	at sjsonnet.Lazy.force(Val.scala:21)
	at sjsonnet.Evaluator.visitValidId(Evaluator.scala:97)
	at sjsonnet.Evaluator.visitExpr(Evaluator.scala:35)
	at sjsonnet.Interpreter$$anon$2.evalDefault(Interpreter.scala:197)
	at sjsonnet.Val$Func.apply$$anonfun$2(Val.scala:545)
	at sjsonnet.LazyWithComputeFunc.compute(Val.scala:33)
	at sjsonnet.Lazy.force(Val.scala:21)
	at sjsonnet.Evaluator.visitValidId(Evaluator.scala:97)
	at sjsonnet.Evaluator.visitExpr(Evaluator.scala:35)
	at sjsonnet.Interpreter$$anon$2.evalDefault(Interpreter.scala:197)
	at sjsonnet.Val$Func.apply$$anonfun$2(Val.scala:545)
	at sjsonnet.LazyWithComputeFunc.compute(Val.scala:33)
	at sjsonnet.Lazy.force(Val.scala:21)
	at sjsonnet.Evaluator.visitValidId(Evaluator.scala:97)
	at sjsonnet.Evaluator.visitExpr(Evaluator.scala:35)
	at sjsonnet.Interpreter$$anon$2.evalDefault(Interpreter.scala:197)
	at sjsonnet.Val$Func.apply$$anonfun$2(Val.scala:545)
	at sjsonnet.LazyWithComputeFunc.compute(Val.scala:33)
	at sjsonnet.Lazy.force(Val.scala:21)
	at sjsonnet.Evaluator.visitValidId(Evaluator.scala:97)
	at sjsonnet.Evaluator.visitExpr(Evaluator.scala:35)
	at sjsonnet.Interpreter$$anon$2.evalDefault(Interpreter.scala:197)
	at sjsonnet.Val$Func.apply$$anonfun$2(Val.scala:545)
	at sjsonnet.LazyWithComputeFunc.compute(Val.scala:33)
	at sjsonnet.Lazy.force(Val.scala:21)
	at sjsonnet.Evaluator.visitValidId(Evaluator.scala:97)
	at sjsonnet.Evaluator.visitExpr(Evaluator.scala:35)
	at sjsonnet.Interpreter$$anon$2.evalDefault(Interpreter.scala:197)
	at sjsonnet.Val$Func.apply$$anonfun$2(Val.scala:545)
	at sjsonnet.LazyWithComputeFunc.compute(Val.scala:33)
	at sjsonnet.Lazy.force(Val.scala:21)
	at sjsonnet.Evaluator.visitValidId(Evaluator.scala:97)
	at sjsonnet.Evaluator.visitExpr(Evaluator.scala:35)
	at sjsonnet.Interpreter$$anon$2.evalDefault(Interpreter.scala:197)
	at sjsonnet.Val$Func.apply$$anonfun$2(Val.scala:545)
	at sjsonnet.LazyWithComputeFunc.compute(Val.scala:33)
	at sjsonnet.Lazy.force(Val.scala:21)
	at sjsonnet.Evaluator.visitValidId(Evaluator.scala:97)
	at sjsonnet.Evaluator.visitExpr(Evaluator.scala:35)
	at sjsonnet.Interpreter$$anon$2.evalDefault(Interpreter.scala:197)
	at sjsonnet.Val$Func.apply$$anonfun$2(Val.scala:545)
	at sjsonnet.LazyWithComputeFunc.compute(Val.scala:33)
	at sjsonnet.Lazy.force(Val.scala:21)
	at sjsonnet.Evaluator.visitValidId(Evaluator.scala:97)
	at sjsonnet.Evaluator.visitExpr(Evaluator.scala:35)
	at sjsonnet.Interpreter$$anon$2.evalDefault(Interpreter.scala:197)
	at sjsonnet.Val$Func.apply$$anonfun$2(Val.scala:545)
	at sjsonnet.LazyWithComputeFunc.compute(Val.scala:33)
	at sjsonnet.Lazy.force(Val.scala:21)
	at sjsonnet.Evaluator.visitValidId(Evaluator.scala:97)
	at sjsonnet.Evaluator.visitExpr(Evaluator.scala:35)
	at sjsonnet.Interpreter$$anon$2.evalDefault(Interpreter.scala:197)
	at sjsonnet.Val$Func.apply$$anonfun$2(Val.scala:545)
	at sjsonnet.LazyWithComputeFunc.compute(Val.scala:33)
	at sjsonnet.Lazy.force(Val.scala:21)
	at sjsonnet.Evaluator.visitValidId(Evaluator.scala:97)
	at sjsonnet.Evaluator.visitExpr(Evaluator.scala:35)
	at sjsonnet.Interpreter$$anon$2.evalDefault(Interpreter.scala:197)
	at sjsonnet.Val$Func.apply$$anonfun$2(Val.scala:545)
	at sjsonnet.LazyWithComputeFunc.compute(Val.scala:33)
	at sjsonnet.Lazy.force(Val.scala:21)
	at sjsonnet.Evaluator.visitValidId(Evaluator.scala:97)
	at sjsonnet.Evaluator.visitExpr(Evaluator.scala:35)
	at sjsonnet.Interpreter$$anon$2.evalDefault(Interpreter.scala:197)
	at sjsonnet.Val$Func.apply$$anonfun$2(Val.scala:545)
	at sjsonnet.LazyWithComputeFunc.compute(Val.scala:33)
	at sjsonnet.Lazy.force(Val.scala:21)
	at sjsonnet.Evaluator.visitValidId(Evaluator.scala:97)
	at sjsonnet.Evaluator.visitExpr(Evaluator.scala:35)
	at sjsonnet.Interpreter$$anon$2.evalDefault(Interpreter.scala:197)
	at sjsonnet.Val$Func.apply$$anonfun$2(Val.scala:545)
	at sjsonnet.LazyWithComputeFunc.compute(Val.scala:33)
	at sjsonnet.Lazy.force(Val.scala:21)
	at sjsonnet.Evaluator.visitValidId(Evaluator.scala:97)
	at sjsonnet.Evaluator.visitExpr(Evaluator.scala:35)
	at sjsonnet.Interpreter$$anon$2.evalDefault(Interpreter.scala:197)
	at sjsonnet.Val$Func.apply$$anonfun$2(Val.scala:545)
	at sjsonnet.LazyWithComputeFunc.compute(Val.scala:33)
	at sjsonnet.Lazy.force(Val.scala:21)
	at sjsonnet.Evaluator.visitValidId(Evaluator.scala:97)
	at sjsonnet.Evaluator.visitExpr(Evaluator.scala:35)
	at sjsonnet.Interpreter$$anon$2.evalDefault(Interpreter.scala:197)
	at sjsonnet.Val$Func.apply$$anonfun$2(Val.scala:545)
	at sjsonnet.LazyWithComputeFunc.compute(Val.scala:33)
	at sjsonnet.Lazy.force(Val.scala:21)
	at sjsonnet.Evaluator.visitValidId(Evaluator.scala:97)
	at sjsonnet.Evaluator.visitExpr(Evaluator.scala:35)
	at sjsonnet.Interpreter$$anon$2.evalDefault(Interpreter.scala:197)
	at sjsonnet.Val$Func.apply$$anonfun$2(Val.scala:545)
	at sjsonnet.LazyWithComputeFunc.compute(Val.scala:33)
	at sjsonnet.Lazy.force(Val.scala:21)
	at sjsonnet.Evaluator.visitValidId(Evaluator.scala:97)
	at sjsonnet.Evaluator.visitExpr(Evaluator.scala:35)
	at sjsonnet.Interpreter$$anon$2.evalDefault(Interpreter.scala:197)
	at sjsonnet.Val$Func.apply$$anonfun$2(Val.scala:545)
	at sjsonnet.LazyWithComputeFunc.compute(Val.scala:33)
	at sjsonnet.Lazy.force(Val.scala:21)
	at sjsonnet.Evaluator.visitValidId(Evaluator.scala:97)
	at sjsonnet.Evaluator.visitExpr(Evaluator.scala:35)
	at sjsonnet.Interpreter$$anon$2.evalDefault(Interpreter.scala:197)
	at sjsonnet.Val$Func.apply$$anonfun$2(Val.scala:545)
	at sjsonnet.LazyWithComputeFunc.compute(Val.scala:33)
	at sjsonnet.Lazy.force(Val.scala:21)
	at sjsonnet.Evaluator.visitValidId(Evaluator.scala:97)
	at sjsonnet.Evaluator.visitExpr(Evaluator.scala:35)
	at sjsonnet.Interpreter$$anon$2.evalDefault(Interpreter.scala:197)
	at sjsonnet.Val$Func.apply$$anonfun$2(Val.scala:545)
	at sjsonnet.LazyWithComputeFunc.compute(Val.scala:33)
	at sjsonnet.Lazy.force(Val.scala:21)
	at sjsonnet.Evaluator.visitValidId(Evaluator.scala:97)
	at sjsonnet.Evaluator.visitExpr(Evaluator.scala:35)
	at sjsonnet.Interpreter$$anon$2.evalDefault(Interpreter.scala:197)
	at sjsonnet.Val$Func.apply$$anonfun$2(Val.scala:545)
	at sjsonnet.LazyWithComputeFunc.compute(Val.scala:33)
	at sjsonnet.Lazy.force(Val.scala:21)
	at sjsonnet.Evaluator.visitValidId(Evaluator.scala:97)
	at sjsonnet.Evaluator.visitExpr(Evaluator.scala:35)
	at sjsonnet.Interpreter$$anon$2.evalDefault(Interpreter.scala:197)
	at sjsonnet.Val$Func.apply$$anonfun$2(Val.scala:545)
	at sjsonnet.LazyWithComputeFunc.compute(Val.scala:33)
	at sjsonnet.Lazy.force(Val.scala:21)
	at sjsonnet.Evaluator.visitValidId(Evaluator.scala:97)
	at sjsonnet.Evaluator.visitExpr(Evaluator.scala:35)
	at sjsonnet.Interpreter$$anon$2.evalDefault(Interpreter.scala:197)
	at sjsonnet.Val$Func.apply$$anonfun$2(Val.scala:545)
	at sjsonnet.LazyWithComputeFunc.compute(Val.scala:33)
	at sjsonnet.Lazy.force(Val.scala:21)
	at sjsonnet.Evaluator.visitValidId(Evaluator.scala:97)
	at sjsonnet.Evaluator.visitExpr(Evaluator.scala:35)
	at sjsonnet.Interpreter$$anon$2.evalDefault(Interpreter.scala:197)
	at sjsonnet.Val$Func.apply$$anonfun$2(Val.scala:545)
	at sjsonnet.LazyWithComputeFunc.compute(Val.scala:33)
	at sjsonnet.Lazy.force(Val.scala:21)
	at sjsonnet.Evaluator.visitValidId(Evaluator.scala:97)
	at sjsonnet.Evaluator.visitExpr(Evaluator.scala:35)
	at sjsonnet.Interpreter$$anon$2.evalDefault(Interpreter.scala:197)
	at sjsonnet.Val$Func.apply$$anonfun$2(Val.scala:545)
	at sjsonnet.LazyWithComputeFunc.compute(Val.scala:33)
	at sjsonnet.Lazy.force(Val.scala:21)
	at sjsonnet.Evaluator.visitValidId(Evaluator.scala:97)
	at sjsonnet.Evaluator.visitExpr(Evaluator.scala:35)
	at sjsonnet.Interpreter$$anon$2.evalDefault(Interpreter.scala:197)
	at sjsonnet.Val$Func.apply$$anonfun$2(Val.scala:545)
	at sjsonnet.LazyWithComputeFunc.compute(Val.scala:33)
	at sjsonnet.Lazy.force(Val.scala:21)
	at sjsonnet.Evaluator.visitValidId(Evaluator.scala:97)
	at sjsonnet.Evaluator.visitExpr(Evaluator.scala:35)
	at sjsonnet.Interpreter$$anon$2.evalDefault(Interpreter.scala:197)
	at sjsonnet.Val$Func.apply$$anonfun$2(Val.scala:545)
	at sjsonnet.LazyWithComputeFunc.compute(Val.scala:33)
	at sjsonnet.Lazy.force(Val.scala:21)
	at sjsonnet.Evaluator.visitValidId(Evaluator.scala:97)
	at sjsonnet.Evaluator.visitExpr(Evaluator.scala:35)
	at sjsonnet.Interpreter$$anon$2.evalDefault(Interpreter.scala:197)
	at sjsonnet.Val$Func.apply$$anonfun$2(Val.scala:545)
	at sjsonnet.LazyWithComputeFunc.compute(Val.scala:33)
	at sjsonnet.Lazy.force(Val.scala:21)
	at sjsonnet.Evaluator.visitValidId(Evaluator.scala:97)
	at sjsonnet.Evaluator.visitExpr(Evaluator.scala:35)
	at sjsonnet.Interpreter$$anon$2.evalDefault(Interpreter.scala:197)
	at sjsonnet.Val$Func.apply$$anonfun$2(Val.scala:545)
	at sjsonnet.LazyWithComputeFunc.compute(Val.scala:33)
	at sjsonnet.Lazy.force(Val.scala:21)
	at sjsonnet.Evaluator.visitValidId(Evaluator.scala:97)
	at sjsonnet.Evaluator.visitExpr(Evaluator.scala:35)
	at sjsonnet.Interpreter$$anon$2.evalDefault(Interpreter.scala:197)
	at sjsonnet.Val$Func.apply$$anonfun$2(Val.scala:545)
	at sjsonnet.LazyWithComputeFunc.compute(Val.scala:33)
	at sjsonnet.Lazy.force(Val.scala:21)
	at sjsonnet.Evaluator.visitValidId(Evaluator.scala:97)
	at sjsonnet.Evaluator.visitExpr(Evaluator.scala:35)
	at sjsonnet.Interpreter$$anon$2.evalDefault(Interpreter.scala:197)
	at sjsonnet.Val$Func.apply$$anonfun$2(Val.scala:545)
	at sjsonnet.LazyWithComputeFunc.compute(Val.scala:33)
	at sjsonnet.Lazy.force(Val.scala:21)
	at sjsonnet.Evaluator.visitValidId(Evaluator.scala:97)
	at sjsonnet.Evaluator.visitExpr(Evaluator.scala:35)
	at sjsonnet.Interpreter$$anon$2.evalDefault(Interpreter.scala:197)
	at sjsonnet.Val$Func.apply$$anonfun$2(Val.scala:545)
	at sjsonnet.LazyWithComputeFunc.compute(Val.scala:33)
	at sjsonnet.Lazy.force(Val.scala:21)
	at sjsonnet.Evaluator.visitValidId(Evaluator.scala:97)
	at sjsonnet.Evaluator.visitExpr(Evaluator.scala:35)
	at sjsonnet.Interpreter$$anon$2.evalDefault(Interpreter.scala:197)
	at sjsonnet.Val$Func.apply$$anonfun$2(Val.scala:545)
	at sjsonnet.LazyWithComputeFunc.compute(Val.scala:33)
	at sjsonnet.Lazy.force(Val.scala:21)
	at sjsonnet.Evaluator.visitValidId(Evaluator.scala:97)
	at sjsonnet.Evaluator.visitExpr(Evaluator.scala:35)
	at sjsonnet.Interpreter$$anon$2.evalDefault(Interpreter.scala:197)
	at sjsonnet.Val$Func.apply$$anonfun$2(Val.scala:545)
	at sjsonnet.LazyWithComputeFunc.compute(Val.scala:33)
	at sjsonnet.Lazy.force(Val.scala:21)
	at sjsonnet.Evaluator.visitValidId(Evaluator.scala:97)
	at sjsonnet.Evaluator.visitExpr(Evaluator.scala:35)
	at sjsonnet.Interpreter$$anon$2.evalDefault(Interpreter.scala:197)
	at sjsonnet.Val$Func.apply$$anonfun$2(Val.scala:545)
	at sjsonnet.LazyWithComputeFunc.compute(Val.scala:33)
	at sjsonnet.Lazy.force(Val.scala:21)
	at sjsonnet.Evaluator.visitValidId(Evaluator.scala:97)
	at sjsonnet.Evaluator.visitExpr(Evaluator.scala:35)
	at sjsonnet.Interpreter$$anon$2.evalDefault(Interpreter.scala:197)
	at sjsonnet.Val$Func.apply$$anonfun$2(Val.scala:545)
	at sjsonnet.LazyWithComputeFunc.compute(Val.scala:33)
	at sjsonnet.Lazy.force(Val.scala:21)
	at sjsonnet.Evaluator.visitValidId(Evaluator.scala:97)
	at sjsonnet.Evaluator.visitExpr(Evaluator.scala:35)
	at sjsonnet.Interpreter$$anon$2.evalDefault(Interpreter.scala:197)
	at sjsonnet.Val$Func.apply$$anonfun$2(Val.scala:545)
	at sjsonnet.LazyWithComputeFunc.compute(Val.scala:33)
	at sjsonnet.Lazy.force(Val.scala:21)
	at sjsonnet.Evaluator.visitValidId(Evaluator.scala:97)
	at sjsonnet.Evaluator.visitExpr(Evaluator.scala:35)
	at sjsonnet.Interpreter$$anon$2.evalDefault(Interpreter.scala:197)
	at sjsonnet.Val$Func.apply$$anonfun$2(Val.scala:545)
	at sjsonnet.LazyWithComputeFunc.compute(Val.scala:33)
	at sjsonnet.Lazy.force(Val.scala:21)
	at sjsonnet.Evaluator.visitValidId(Evaluator.scala:97)
	at sjsonnet.Evaluator.visitExpr(Evaluator.scala:35)
	at sjsonnet.Interpreter$$anon$2.evalDefault(Interpreter.scala:197)
	at sjsonnet.Val$Func.apply$$anonfun$2(Val.scala:545)
	at sjsonnet.LazyWithComputeFunc.compute(Val.scala:33)
	at sjsonnet.Lazy.force(Val.scala:21)
	at sjsonnet.Evaluator.visitValidId(Evaluator.scala:97)
	at sjsonnet.Evaluator.visitExpr(Evaluator.scala:35)
	at sjsonnet.Interpreter$$anon$2.evalDefault(Interpreter.scala:197)
	at sjsonnet.Val$Func.apply$$anonfun$2(Val.scala:545)
	at sjsonnet.LazyWithComputeFunc.compute(Val.scala:33)
	at sjsonnet.Lazy.force(Val.scala:21)
	at sjsonnet.Evaluator.visitValidId(Evaluator.scala:97)
	at sjsonnet.Evaluator.visitExpr(Evaluator.scala:35)
	at sjsonnet.Interpreter$$anon$2.evalDefault(Interpreter.scala:197)
	at sjsonnet.Val$Func.apply$$anonfun$2(Val.scala:545)
	at sjsonnet.LazyWithComputeFunc.compute(Val.scala:33)
	at sjsonnet.Lazy.force(Val.scala:21)
	at sjsonnet.Evaluator.visitValidId(Evaluator.scala:97)
	at sjsonnet.Evaluator.visitExpr(Evaluator.scala:35)
	at sjsonnet.Interpreter$$anon$2.evalDefault(Interpreter.scala:197)
	at sjsonnet.Val$Func.apply$$anonfun$2(Val.scala:545)
	at sjsonnet.LazyWithComputeFunc.compute(Val.scala:33)
	at sjsonnet.Lazy.force(Val.scala:21)
	at sjsonnet.Evaluator.visitValidId(Evaluator.scala:97)
	at sjsonnet.Evaluator.visitExpr(Evaluator.scala:35)
	at sjsonnet.Interpreter$$anon$2.evalDefault(Interpreter.scala:197)
	at sjsonnet.Val$Func.apply$$anonfun$2(Val.scala:545)
	at sjsonnet.LazyWithComputeFunc.compute(Val.scala:33)
	at sjsonnet.Lazy.force(Val.scala:21)
	at sjsonnet.Evaluator.visitValidId(Evaluator.scala:97)
	at sjsonnet.Evaluator.visitExpr(Evaluator.scala:35)
	at sjsonnet.Interpreter$$anon$2.evalDefault(Interpreter.scala:197)
	at sjsonnet.Val$Func.apply$$anonfun$2(Val.scala:545)
	at sjsonnet.LazyWithComputeFunc.compute(Val.scala:33)
	at sjsonnet.Lazy.force(Val.scala:21)
	at sjsonnet.Evaluator.visitValidId(Evaluator.scala:97)
	at sjsonnet.Evaluator.visitExpr(Evaluator.scala:35)
	at sjsonnet.Interpreter$$anon$2.evalDefault(Interpreter.scala:197)
	at sjsonnet.Val$Func.apply$$anonfun$2(Val.scala:545)
	at sjsonnet.LazyWithComputeFunc.compute(Val.scala:33)
	at sjsonnet.Lazy.force(Val.scala:21)
	at sjsonnet.Evaluator.visitValidId(Evaluator.scala:97)
	at sjsonnet.Evaluator.visitExpr(Evaluator.scala:35)
	at sjsonnet.Interpreter$$anon$2.evalDefault(Interpreter.scala:197)
	at sjsonnet.Val$Func.apply$$anonfun$2(Val.scala:545)
	at sjsonnet.LazyWithComputeFunc.compute(Val.scala:33)
	at sjsonnet.Lazy.force(Val.scala:21)
	at sjsonnet.Evaluator.visitValidId(Evaluator.scala:97)
	at sjsonnet.Evaluator.visitExpr(Evaluator.scala:35)
	at sjsonnet.Interpreter$$anon$2.evalDefault(Interpreter.scala:197)
	at sjsonnet.Val$Func.apply$$anonfun$2(Val.scala:545)
	at sjsonnet.LazyWithComputeFunc.compute(Val.scala:33)
	at sjsonnet.Lazy.force(Val.scala:21)
	at sjsonnet.Evaluator.visitValidId(Evaluator.scala:97)
	at sjsonnet.Evaluator.visitExpr(Evaluator.scala:35)
	at sjsonnet.Interpreter$$anon$2.evalDefault(Interpreter.scala:197)
	at sjsonnet.Val$Func.apply$$anonfun$2(Val.scala:545)
	at sjsonnet.LazyWithComputeFunc.compute(Val.scala:33)
	at sjsonnet.Lazy.force(Val.scala:21)
	at sjsonnet.Evaluator.visitValidId(Evaluator.scala:97)
	at sjsonnet.Evaluator.visitExpr(Evaluator.scala:35)
	at sjsonnet.Interpreter$$anon$2.evalDefault(Interpreter.scala:197)
	at sjsonnet.Val$Func.apply$$anonfun$2(Val.scala:545)
	at sjsonnet.LazyWithComputeFunc.compute(Val.scala:33)
	at sjsonnet.Lazy.force(Val.scala:21)
	at sjsonnet.Evaluator.visitValidId(Evaluator.scala:97)
	at sjsonnet.Evaluator.visitExpr(Evaluator.scala:35)
	at sjsonnet.Interpreter$$anon$2.evalDefault(Interpreter.scala:197)
	at sjsonnet.Val$Func.apply$$anonfun$2(Val.scala:545)
	at sjsonnet.LazyWithComputeFunc.compute(Val.scala:33)
	at sjsonnet.Lazy.force(Val.scala:21)
	at sjsonnet.Evaluator.visitValidId(Evaluator.scala:97)
	at sjsonnet.Evaluator.visitExpr(Evaluator.scala:35)
	at sjsonnet.Interpreter$$anon$2.evalDefault(Interpreter.scala:197)
	at sjsonnet.Val$Func.apply$$anonfun$2(Val.scala:545)
	at sjsonnet.LazyWithComputeFunc.compute(Val.scala:33)
	at sjsonnet.Lazy.force(Val.scala:21)
	at sjsonnet.Evaluator.visitValidId(Evaluator.scala:97)
	at sjsonnet.Evaluator.visitExpr(Evaluator.scala:35)
	at sjsonnet.Interpreter$$anon$2.evalDefault(Interpreter.scala:197)
	at sjsonnet.Val$Func.apply$$anonfun$2(Val.scala:545)
	at sjsonnet.LazyWithComputeFunc.compute(Val.scala:33)
	at sjsonnet.Lazy.force(Val.scala:21)
	at sjsonnet.Evaluator.visitValidId(Evaluator.scala:97)
	at sjsonnet.Evaluator.visitExpr(Evaluator.scala:35)
	at sjsonnet.Interpreter$$anon$2.evalDefault(Interpreter.scala:197)
	at sjsonnet.Val$Func.apply$$anonfun$2(Val.scala:545)
	at sjsonnet.LazyWithComputeFunc.compute(Val.scala:33)
	at sjsonnet.Lazy.force(Val.scala:21)
	at sjsonnet.Evaluator.visitValidId(Evaluator.scala:97)
	at sjsonnet.Evaluator.visitExpr(Evaluator.scala:35)
	at sjsonnet.Interpreter$$anon$2.evalDefault(Interpreter.scala:197)
	at sjsonnet.Val$Func.apply$$anonfun$2(Val.scala:545)
	at sjsonnet.LazyWithComputeFunc.compute(Val.scala:33)
	at sjsonnet.Lazy.force(Val.scala:21)
	at sjsonnet.Evaluator.visitValidId(Evaluator.scala:97)
	at sjsonnet.Evaluator.visitExpr(Evaluator.scala:35)
	at sjsonnet.Interpreter$$anon$2.evalDefault(Interpreter.scala:197)
	at sjsonnet.Val$Func.apply$$anonfun$2(Val.scala:545)
	at sjsonnet.LazyWithComputeFunc.compute(Val.scala:33)
	at sjsonnet.Lazy.force(Val.scala:21)
	at sjsonnet.Evaluator.visitValidId(Evaluator.scala:97)
	at sjsonnet.Evaluator.visitExpr(Evaluator.scala:35)
	at sjsonnet.Interpreter$$anon$2.evalDefault(Interpreter.scala:197)
	at sjsonnet.Val$Func.apply$$anonfun$2(Val.scala:545)
	at sjsonnet.LazyWithComputeFunc.compute(Val.scala:33)
	at sjsonnet.Lazy.force(Val.scala:21)
	at sjsonnet.Evaluator.visitValidId(Evaluator.scala:97)
	at sjsonnet.Evaluator.visitExpr(Evaluator.scala:35)
	at sjsonnet.Interpreter$$anon$2.evalDefault(Interpreter.scala:197)
	at sjsonnet.Val$Func.apply$$anonfun$2(Val.scala:545)
	at sjsonnet.LazyWithComputeFunc.compute(Val.scala:33)
	at sjsonnet.Lazy.force(Val.scala:21)
	at sjsonnet.Evaluator.visitValidId(Evaluator.scala:97)
	at sjsonnet.Evaluator.visitExpr(Evaluator.scala:35)
	at sjsonnet.Interpreter$$anon$2.evalDefault(Interpreter.scala:197)
	at sjsonnet.Val$Func.apply$$anonfun$2(Val.scala:545)
	at sjsonnet.LazyWithComputeFunc.compute(Val.scala:33)
	at sjsonnet.Lazy.force(Val.scala:21)
	at sjsonnet.Evaluator.visitValidId(Evaluator.scala:97)
	at sjsonnet.Evaluator.visitExpr(Evaluator.scala:35)
	at sjsonnet.Interpreter$$anon$2.evalDefault(Interpreter.scala:197)
	at sjsonnet.Val$Func.apply$$anonfun$2(Val.scala:545)
	at sjsonnet.LazyWithComputeFunc.compute(Val.scala:33)
	at sjsonnet.Lazy.force(Val.scala:21)
	at sjsonnet.Evaluator.visitValidId(Evaluator.scala:97)
	at sjsonnet.Evaluator.visitExpr(Evaluator.scala:35)
	at sjsonnet.Interpreter$$anon$2.evalDefault(Interpreter.scala:197)
	at sjsonnet.Val$Func.apply$$anonfun$2(Val.scala:545)
	at sjsonnet.LazyWithComputeFunc.compute(Val.scala:33)
	at sjsonnet.Lazy.force(Val.scala:21)
	at sjsonnet.Evaluator.visitValidId(Evaluator.scala:97)
	at sjsonnet.Evaluator.visitExpr(Evaluator.scala:35)
	at sjsonnet.Interpreter$$anon$2.evalDefault(Interpreter.scala:197)
	at sjsonnet.Val$Func.apply$$anonfun$2(Val.scala:545)
	at sjsonnet.LazyWithComputeFunc.compute(Val.scala:33)
	at sjsonnet.Lazy.force(Val.scala:21)
	at sjsonnet.Evaluator.visitValidId(Evaluator.scala:97)
	at sjsonnet.Evaluator.visitExpr(Evaluator.scala:35)
	at sjsonnet.Interpreter$$anon$2.evalDefault(Interpreter.scala:197)
	at sjsonnet.Val$Func.apply$$anonfun$2(Val.scala:545)
	at sjsonnet.LazyWithComputeFunc.compute(Val.scala:33)
	at sjsonnet.Lazy.force(Val.scala:21)
	at sjsonnet.Evaluator.visitValidId(Evaluator.scala:97)
	at sjsonnet.Evaluator.visitExpr(Evaluator.scala:35)
	at sjsonnet.Interpreter$$anon$2.evalDefault(Interpreter.scala:197)
	at sjsonnet.Val$Func.apply$$anonfun$2(Val.scala:545)
	at sjsonnet.LazyWithComputeFunc.compute(Val.scala:33)
	at sjsonnet.Lazy.force(Val.scala:21)
	at sjsonnet.Evaluator.visitValidId(Evaluator.scala:97)
	at sjsonnet.Evaluator.visitExpr(Evaluator.scala:35)
	at sjsonnet.Interpreter$$anon$2.evalDefault(Interpreter.scala:197)
	at sjsonnet.Val$Func.apply$$anonfun$2(Val.scala:545)
	at sjsonnet.LazyWithComputeFunc.compute(Val.scala:33)
	at sjsonnet.Lazy.force(Val.scala:21)
	at sjsonnet.Evaluator.visitValidId(Evaluator.scala:97)
	at sjsonnet.Evaluator.visitExpr(Evaluator.scala:35)
	at sjsonnet.Interpreter$$anon$2.evalDefault(Interpreter.scala:197)
	at sjsonnet.Val$Func.apply$$anonfun$2(Val.scala:545)
	at sjsonnet.LazyWithComputeFunc.compute(Val.scala:33)
	at sjsonnet.Lazy.force(Val.scala:21)
	at sjsonnet.Evaluator.visitValidId(Evaluator.scala:97)
	at sjsonnet.Evaluator.visitExpr(Evaluator.scala:35)
	at sjsonnet.Interpreter$$anon$2.evalDefault(Interpreter.scala:197)
	at sjsonnet.Val$Func.apply$$anonfun$2(Val.scala:545)
	at sjsonnet.LazyWithComputeFunc.compute(Val.scala:33)
	at sjsonnet.Lazy.force(Val.scala:21)
	at sjsonnet.Evaluator.visitValidId(Evaluator.scala:97)
	at sjsonnet.Evaluator.visitExpr(Evaluator.scala:35)
	at sjsonnet.Interpreter$$anon$2.evalDefault(Interpreter.scala:197)
	at sjsonnet.Val$Func.apply$$anonfun$2(Val.scala:545)
	at sjsonnet.LazyWithComputeFunc.compute(Val.scala:33)
	at sjsonnet.Lazy.force(Val.scala:21)
	at sjsonnet.Evaluator.visitValidId(Evaluator.scala:97)
	at sjsonnet.Evaluator.visitExpr(Evaluator.scala:35)
	at sjsonnet.Interpreter$$anon$2.evalDefault(Interpreter.scala:197)
	at sjsonnet.Val$Func.apply$$anonfun$2(Val.scala:545)
	at sjsonnet.LazyWithComputeFunc.compute(Val.scala:33)
	at sjsonnet.Lazy.force(Val.scala:21)
	at sjsonnet.Evaluator.visitValidId(Evaluator.scala:97)
	at sjsonnet.Evaluator.visitExpr(Evaluator.scala:35)
	at sjsonnet.Interpreter$$anon$2.evalDefault(Interpreter.scala:197)
	at sjsonnet.Val$Func.apply$$anonfun$2(Val.scala:545)
	at sjsonnet.LazyWithComputeFunc.compute(Val.scala:33)
	at sjsonnet.Lazy.force(Val.scala:21)
	at sjsonnet.Evaluator.visitValidId(Evaluator.scala:97)
	at sjsonnet.Evaluator.visitExpr(Evaluator.scala:35)
	at sjsonnet.Interpreter$$anon$2.evalDefault(Interpreter.scala:197)
	at sjsonnet.Val$Func.apply$$anonfun$2(Val.scala:545)
	at sjsonnet.LazyWithComputeFunc.compute(Val.scala:33)
	at sjsonnet.Lazy.force(Val.scala:21)
	at sjsonnet.Evaluator.visitValidId(Evaluator.scala:97)
	at sjsonnet.Evaluator.visitExpr(Evaluator.scala:35)
	at sjsonnet.Interpreter$$anon$2.evalDefault(Interpreter.scala:197)
	at sjsonnet.Val$Func.apply$$anonfun$2(Val.scala:545)
	at sjsonnet.LazyWithComputeFunc.compute(Val.scala:33)
	at sjsonnet.Lazy.force(Val.scala:21)
	at sjsonnet.Evaluator.visitValidId(Evaluator.scala:97)
	at sjsonnet.Evaluator.visitExpr(Evaluator.scala:35)
	at sjsonnet.Interpreter$$anon$2.evalDefault(Interpreter.scala:197)
	at sjsonnet.Val$Func.apply$$anonfun$2(Val.scala:545)
	at sjsonnet.LazyWithComputeFunc.compute(Val.scala:33)
	at sjsonnet.Lazy.force(Val.scala:21)
	at sjsonnet.Evaluator.visitValidId(Evaluator.scala:97)
	at sjsonnet.Evaluator.visitExpr(Evaluator.scala:35)
	at sjsonnet.Interpreter$$anon$2.evalDefault(Interpreter.scala:197)
	at sjsonnet.Val$Func.apply$$anonfun$2(Val.scala:545)
	at sjsonnet.LazyWithComputeFunc.compute(Val.scala:33)
	at sjsonnet.Lazy.force(Val.scala:21)
	at sjsonnet.Evaluator.visitValidId(Evaluator.scala:97)
	at sjsonnet.Evaluator.visitExpr(Evaluator.scala:35)
	at sjsonnet.Interpreter$$anon$2.evalDefault(Interpreter.scala:197)
	at sjsonnet.Val$Func.apply$$anonfun$2(Val.scala:545)
	at sjsonnet.LazyWithComputeFunc.compute(Val.scala:33)
	at sjsonnet.Lazy.force(Val.scala:21)
	at sjsonnet.Evaluator.visitValidId(Evaluator.scala:97)
	at sjsonnet.Evaluator.visitExpr(Evaluator.scala:35)
	at sjsonnet.Interpreter$$anon$2.evalDefault(Interpreter.scala:197)
	at sjsonnet.Val$Func.apply$$anonfun$2(Val.scala:545)
	at sjsonnet.LazyWithComputeFunc.compute(Val.scala:33)
	at sjsonnet.Lazy.force(Val.scala:21)
	at sjsonnet.Evaluator.visitValidId(Evaluator.scala:97)
	at sjsonnet.Evaluator.visitExpr(Evaluator.scala:35)
	at sjsonnet.Interpreter$$anon$2.evalDefault(Interpreter.scala:197)
	at sjsonnet.Val$Func.apply$$anonfun$2(Val.scala:545)
	at sjsonnet.LazyWithComputeFunc.compute(Val.scala:33)
	at sjsonnet.Lazy.force(Val.scala:21)
	at sjsonnet.Evaluator.visitValidId(Evaluator.scala:97)
	at sjsonnet.Evaluator.visitExpr(Evaluator.scala:35)
	at sjsonnet.Interpreter$$anon$2.evalDefault(Interpreter.scala:197)
	at sjsonnet.Val$Func.apply$$anonfun$2(Val.scala:545)
	at sjsonnet.LazyWithComputeFunc.compute(Val.scala:33)
	at sjsonnet.Lazy.force(Val.scala:21)
	at sjsonnet.Evaluator.visitValidId(Evaluator.scala:97)
	at sjsonnet.Evaluator.visitExpr(Evaluator.scala:35)
	at sjsonnet.Interpreter$$anon$2.evalDefault(Interpreter.scala:197)
	at sjsonnet.Val$Func.apply$$anonfun$2(Val.scala:545)
	at sjsonnet.LazyWithComputeFunc.compute(Val.scala:33)
	at sjsonnet.Lazy.force(Val.scala:21)
	at sjsonnet.Evaluator.visitValidId(Evaluator.scala:97)
	at sjsonnet.Evaluator.visitExpr(Evaluator.scala:35)
	at sjsonnet.Interpreter$$anon$2.evalDefault(Interpreter.scala:197)
	at sjsonnet.Val$Func.apply$$anonfun$2(Val.scala:545)
	at sjsonnet.LazyWithComputeFunc.compute(Val.scala:33)
	at sjsonnet.Lazy.force(Val.scala:21)
	at sjsonnet.Evaluator.visitValidId(Evaluator.scala:97)
	at sjsonnet.Evaluator.visitExpr(Evaluator.scala:35)
	at sjsonnet.Interpreter$$anon$2.evalDefault(Interpreter.scala:197)
	at sjsonnet.Val$Func.apply$$anonfun$2(Val.scala:545)
	at sjsonnet.LazyWithComputeFunc.compute(Val.scala:33)
	at sjsonnet.Lazy.force(Val.scala:21)
	at sjsonnet.Evaluator.visitValidId(Evaluator.scala:97)
	at sjsonnet.Evaluator.visitExpr(Evaluator.scala:35)
	at sjsonnet.Interpreter$$anon$2.evalDefault(Interpreter.scala:197)
	at sjsonnet.Val$Func.apply$$anonfun$2(Val.scala:545)
	at sjsonnet.LazyWithComputeFunc.compute(Val.scala:33)
	at sjsonnet.Lazy.force(Val.scala:21)
	at sjsonnet.Evaluator.visitValidId(Evaluator.scala:97)
	at sjsonnet.Evaluator.visitExpr(Evaluator.scala:35)
	at sjsonnet.Interpreter$$anon$2.evalDefault(Interpreter.scala:197)
	at sjsonnet.Val$Func.apply$$anonfun$2(Val.scala:545)
	at sjsonnet.LazyWithComputeFunc.compute(Val.scala:33)
	at sjsonnet.Lazy.force(Val.scala:21)
	at sjsonnet.Evaluator.visitValidId(Evaluator.scala:97)
	at sjsonnet.Evaluator.visitExpr(Evaluator.scala:35)
	at sjsonnet.Interpreter$$anon$2.evalDefault(Interpreter.scala:197)
	at sjsonnet.Val$Func.apply$$anonfun$2(Val.scala:545)
	at sjsonnet.LazyWithComputeFunc.compute(Val.scala:33)
	at sjsonnet.Lazy.force(Val.scala:21)
	at sjsonnet.Evaluator.visitValidId(Evaluator.scala:97)
	at sjsonnet.Evaluator.visitExpr(Evaluator.scala:35)
	at sjsonnet.Interpreter$$anon$2.evalDefault(Interpreter.scala:197)
	at sjsonnet.Val$Func.apply$$anonfun$2(Val.scala:545)
	at sjsonnet.LazyWithComputeFunc.compute(Val.scala:33)
	at sjsonnet.Lazy.force(Val.scala:21)
	at sjsonnet.Evaluator.visitValidId(Evaluator.scala:97)
	at sjsonnet.Evaluator.visitExpr(Evaluator.scala:35)
	at sjsonnet.Interpreter$$anon$2.evalDefault(Interpreter.scala:197)
	at sjsonnet.Val$Func.apply$$anonfun$2(Val.scala:545)
	at sjsonnet.LazyWithComputeFunc.compute(Val.scala:33)
	at sjsonnet.Lazy.force(Val.scala:21)
	at sjsonnet.Evaluator.visitValidId(Evaluator.scala:97)
	at sjsonnet.Evaluator.visitExpr(Evaluator.scala:35)
	at sjsonnet.Interpreter$$anon$2.evalDefault(Interpreter.scala:197)
	at sjsonnet.Val$Func.apply$$anonfun$2(Val.scala:545)
	at sjsonnet.LazyWithComputeFunc.compute(Val.scala:33)
	at sjsonnet.Lazy.force(Val.scala:21)
	at sjsonnet.Evaluator.visitValidId(Evaluator.scala:97)
	at sjsonnet.Evaluator.visitExpr(Evaluator.scala:35)
	at sjsonnet.Interpreter$$anon$2.evalDefault(Interpreter.scala:197)
	at sjsonnet.Val$Func.apply$$anonfun$2(Val.scala:545)
	at sjsonnet.LazyWithComputeFunc.compute(Val.scala:33)
	at sjsonnet.Lazy.force(Val.scala:21)
	at sjsonnet.Evaluator.visitValidId(Evaluator.scala:97)
	at sjsonnet.Evaluator.visitExpr(Evaluator.scala:35)
	at sjsonnet.Interpreter$$anon$2.evalDefault(Interpreter.scala:197)
	at sjsonnet.Val$Func.apply$$anonfun$2(Val.scala:545)
	at sjsonnet.LazyWithComputeFunc.compute(Val.scala:33)
	at sjsonnet.Lazy.force(Val.scala:21)
	at sjsonnet.Evaluator.visitValidId(Evaluator.scala:97)
	at sjsonnet.Evaluator.visitExpr(Evaluator.scala:35)
	at sjsonnet.Interpreter$$anon$2.evalDefault(Interpreter.scala:197)
	at sjsonnet.Val$Func.apply$$anonfun$2(Val.scala:545)
	at sjsonnet.LazyWithComputeFunc.compute(Val.scala:33)
	at sjsonnet.Lazy.force(Val.scala:21)
	at sjsonnet.Evaluator.visitValidId(Evaluator.scala:97)
	at sjsonnet.Evaluator.visitExpr(Evaluator.scala:35)
	at sjsonnet.Interpreter$$anon$2.evalDefault(Interpreter.scala:197)
	at sjsonnet.Val$Func.apply$$anonfun$2(Val.scala:545)
	at sjsonnet.LazyWithComputeFunc.compute(Val.scala:33)
	at sjsonnet.Lazy.force(Val.scala:21)
	at sjsonnet.Evaluator.visitValidId(Evaluator.scala:97)
	at sjsonnet.Evaluator.visitExpr(Evaluator.scala:35)
	at sjsonnet.Interpreter$$anon$2.evalDefault(Interpreter.scala:197)
	at sjsonnet.Val$Func.apply$$anonfun$2(Val.scala:545)
	at sjsonnet.LazyWithComputeFunc.compute(Val.scala:33)
	at sjsonnet.Lazy.force(Val.scala:21)
	at sjsonnet.Evaluator.visitValidId(Evaluator.scala:97)
	at sjsonnet.Evaluator.visitExpr(Evaluator.scala:35)
	at sjsonnet.Interpreter$$anon$2.evalDefault(Interpreter.scala:197)
	at sjsonnet.Val$Func.apply$$anonfun$2(Val.scala:545)
	at sjsonnet.LazyWithComputeFunc.compute(Val.scala:33)
	at sjsonnet.Lazy.force(Val.scala:21)
	at sjsonnet.Evaluator.visitValidId(Evaluator.scala:97)
	at sjsonnet.Evaluator.visitExpr(Evaluator.scala:35)
	at sjsonnet.Interpreter$$anon$2.evalDefault(Interpreter.scala:197)
	at sjsonnet.Val$Func.apply$$anonfun$2(Val.scala:545)
	at sjsonnet.LazyWithComputeFunc.compute(Val.scala:33)
	at sjsonnet.Lazy.force(Val.scala:21)
	at sjsonnet.Evaluator.visitValidId(Evaluator.scala:97)
	at sjsonnet.Evaluator.visitExpr(Evaluator.scala:35)
	at sjsonnet.Interpreter$$anon$2.evalDefault(Interpreter.scala:197)
	at sjsonnet.Val$Func.apply$$anonfun$2(Val.scala:545)
	at sjsonnet.LazyWithComputeFunc.compute(Val.scala:33)
	at sjsonnet.Lazy.force(Val.scala:21)
	at sjsonnet.Evaluator.visitValidId(Evaluator.scala:97)
	at sjsonnet.Evaluator.visitExpr(Evaluator.scala:35)
	at sjsonnet.Interpreter$$anon$2.evalDefault(Interpreter.scala:197)
	at sjsonnet.Val$Func.apply$$anonfun$2(Val.scala:545)
	at sjsonnet.LazyWithComputeFunc.compute(Val.scala:33)
	at sjsonnet.Lazy.force(Val.scala:21)
	at sjsonnet.Evaluator.visitValidId(Evaluator.scala:97)
	at sjsonnet.Evaluator.visitExpr(Evaluator.scala:35)
	at sjsonnet.Interpreter$$anon$2.evalDefault(Interpreter.scala:197)
	at sjsonnet.Val$Func.apply$$anonfun$2(Val.scala:545)
	at sjsonnet.LazyWithComputeFunc.compute(Val.scala:33)
	at sjsonnet.Lazy.force(Val.scala:21)
	at sjsonnet.Evaluator.visitValidId(Evaluator.scala:97)
	at sjsonnet.Evaluator.visitExpr(Evaluator.scala:35)
	at sjsonnet.Interpreter$$anon$2.evalDefault(Interpreter.scala:197)
	at sjsonnet.Val$Func.apply$$anonfun$2(Val.scala:545)
	at sjsonnet.LazyWithComputeFunc.compute(Val.scala:33)
	at sjsonnet.Lazy.force(Val.scala:21)
	at sjsonnet.Evaluator.visitValidId(Evaluator.scala:97)
	at sjsonnet.Evaluator.visitExpr(Evaluator.scala:35)
	at sjsonnet.Interpreter$$anon$2.evalDefault(Interpreter.scala:197)
	at sjsonnet.Val$Func.apply$$anonfun$2(Val.scala:545)
	at sjsonnet.LazyWithComputeFunc.compute(Val.scala:33)
	at sjsonnet.Lazy.force(Val.scala:21)
	at sjsonnet.Evaluator.visitValidId(Evaluator.scala:97)
	at sjsonnet.Evaluator.visitExpr(Evaluator.scala:35)
	at sjsonnet.Interpreter$$anon$2.evalDefault(Interpreter.scala:197)
	at sjsonnet.Val$Func.apply$$anonfun$2(Val.scala:545)
	at sjsonnet.LazyWithComputeFunc.compute(Val.scala:33)
	at sjsonnet.Lazy.force(Val.scala:21)
	at sjsonnet.Evaluator.visitValidId(Evaluator.scala:97)
	at sjsonnet.Evaluator.visitExpr(Evaluator.scala:35)
	at sjsonnet.Interpreter$$anon$2.evalDefault(Interpreter.scala:197)
	at sjsonnet.Val$Func.apply$$anonfun$2(Val.scala:545)
	at sjsonnet.LazyWithComputeFunc.compute(Val.scala:33)
	at sjsonnet.Lazy.force(Val.scala:21)
	at sjsonnet.Evaluator.visitValidId(Evaluator.scala:97)
	at sjsonnet.Evaluator.visitExpr(Evaluator.scala:35)
	at sjsonnet.Interpreter$$anon$2.evalDefault(Interpreter.scala:197)
	at sjsonnet.Val$Func.apply$$anonfun$2(Val.scala:545)
	at sjsonnet.LazyWithComputeFunc.compute(Val.scala:33)
	at sjsonnet.Lazy.force(Val.scala:21)
	at sjsonnet.Evaluator.visitValidId(Evaluator.scala:97)
	at sjsonnet.Evaluator.visitExpr(Evaluator.scala:35)
	at sjsonnet.Interpreter$$anon$2.evalDefault(Interpreter.scala:197)
	at sjsonnet.Val$Func.apply$$anonfun$2(Val.scala:545)
	at sjsonnet.LazyWithComputeFunc.compute(Val.scala:33)
	at sjsonnet.Lazy.force(Val.scala:21)
	at sjsonnet.Evaluator.visitValidId(Evaluator.scala:97)
	at sjsonnet.Evaluator.visitExpr(Evaluator.scala:35)
	at sjsonnet.Interpreter$$anon$2.evalDefault(Interpreter.scala:197)
	at sjsonnet.Val$Func.apply$$anonfun$2(Val.scala:545)
	at sjsonnet.LazyWithComputeFunc.compute(Val.scala:33)
	at sjsonnet.Lazy.force(Val.scala:21)
