Exception in thread "main" java.lang.StackOverflowError
	at sjsonnet.Evaluator.visitBinaryOp(Evaluator.scala:546)
	at sjsonnet.Evaluator.visitExpr(Evaluator.scala:38)
	at sjsonnet.Evaluator.visitIfElse(Evaluator.scala:155)
	at sjsonnet.Evaluator.visitExpr(Evaluator.scala:54)
	at sjsonnet.Evaluator.visitImport$$anonfun$1(Evaluator.scala:501)
	at scala.collection.mutable.HashMap.getOrElseUpdate(HashMap.scala:469)
	at sjsonnet.Evaluator.visitImport(Evaluator.scala:502)
	at sjsonnet.Evaluator.visitExpr(Evaluator.scala:68)
	at sjsonnet.Evaluator.visitIfElse(Evaluator.scala:156)
	at sjsonnet.Evaluator.visitExpr(Evaluator.scala:54)
	at sjsonnet.Evaluator.visitImport$$anonfun$1(Evaluator.scala:501)
	at scala.collection.mutable.HashMap.getOrElseUpdate(HashMap.scala:469)
	at sjsonnet.Evaluator.visitImport(Evaluator.scala:502)
	at sjsonnet.Evaluator.visitExpr(Evaluator.scala:68)
	at sjsonnet.Evaluator.visitIfElse(Evaluator.scala:156)
	at sjsonnet.Evaluator.visitExpr(Evaluator.scala:54)
	at sjsonnet.Evaluator.visitImport$$anonfun$1(Evaluator.scala:501)
	at scala.collection.mutable.HashMap.getOrElseUpdate(HashMap.scala:469)
	at sjsonnet.Evaluator.visitImport(Evaluator.scala:502)
	at sjsonnet.Evaluator.visitExpr(Evaluator.scala:68)
	at sjsonnet.Evaluator.visitIfElse(Evaluator.scala:156)
	at sjsonnet.Evaluator.visitExpr(Evaluator.scala:54)
	at sjsonnet.Evaluator.visitImport$$anonfun$1(Evaluator.scala:501)
	at scala.collection.mutable.HashMap.getOrElseUpdate(HashMap.scala:469)
	at sjsonnet.Evaluator.visitImport(Evaluator.scala:502)
	at sjsonnet.Evaluator.visitExpr(Evaluator.scala:68)
	at sjsonnet.Evaluator.visitIfElse(Evaluator.scala:156)
	at sjsonnet.Evaluator.visitExpr(Evaluator.scala:54)
	at sjsonnet.Evaluator.visitImport$$anonfun$1(Evaluator.scala:501)
	at scala.collection.mutable.HashMap.getOrElseUpdate(HashMap.scala:469)
	at sjsonnet.Evaluator.visitImport(Evaluator.scala:502)
	at sjsonnet.Evaluator.visitExpr(Evaluator.scala:68)
	at sjsonnet.Evaluator.visitIfElse(Evaluator.scala:156)
	at sjsonnet.Evaluator.visitExpr(Evaluator.scala:54)
	at sjsonnet.Evaluator.visitImport$$anonfun$1(Evaluator.scala:501)
	at scala.collection.mutable.HashMap.getOrElseUpdate(HashMap.scala:469)
	at sjsonnet.Evaluator.visitImport(Evaluator.scala:502)
	at sjsonnet.Evaluator.visitExpr(Evaluator.scala:68)
	at sjsonnet.Evaluator.visitIfElse(Evaluator.scala:156)
	at sjsonnet.Evaluator.visitExpr(Evaluator.scala:54)
	at sjsonnet.Evaluator.visitImport$$anonfun$1(Evaluator.scala:501)
	at scala.collection.mutable.HashMap.getOrElseUpdate(HashMap.scala:469)
	at sjsonnet.Evaluator.visitImport(Evaluator.scala:502)
	at sjsonnet.Evaluator.visitExpr(Evaluator.scala:68)
	at sjsonnet.Evaluator.visitIfElse(Evaluator.scala:156)
	at sjsonnet.Evaluator.visitExpr(Evaluator.scala:54)
	at sjsonnet.Evaluator.visitImport$$anonfun$1(Evaluator.scala:501)
	at scala.collection.mutable.HashMap.getOrElseUpdate(HashMap.scala:469)
	at sjsonnet.Evaluator.visitImport(Evaluator.scala:502)
	at sjsonnet.Evaluator.visitExpr(Evaluator.scala:68)
	at sjsonnet.Evaluator.visitIfElse(Evaluator.scala:156)
	at sjsonnet.Evaluator.visitExpr(Evaluator.scala:54)
	at sjsonnet.Evaluator.visitImport$$anonfun$1(Evaluator.scala:501)
	at scala.collection.mutable.HashMap.getOrElseUpdate(HashMap.scala:469)
	at sjsonnet.Evaluator.visitImport(Evaluator.scala:502)
	at sjsonnet.Evaluator.visitExpr(Evaluator.scala:68)
	at sjsonnet.Evaluator.visitIfElse(Evaluator.scala:156)
	at sjsonnet.Evaluator.visitExpr(Evaluator.scala:54)
	at sjsonnet.Evaluator.visitImport$$anonfun$1(Evaluator.scala:501)
	at scala.collection.mutable.HashMap.getOrElseUpdate(HashMap.scala:469)
	at sjsonnet.Evaluator.visitImport(Evaluator.scala:502)
	at sjsonnet.Evaluator.visitExpr(Evaluator.scala:68)
	at sjsonnet.Evaluator.visitIfElse(Evaluator.scala:156)
	at sjsonnet.Evaluator.visitExpr(Evaluator.scala:54)
	at sjsonnet.Evaluator.visitImport$$anonfun$1(Evaluator.scala:501)
	at scala.collection.mutable.HashMap.getOrElseUpdate(HashMap.scala:469)
	at sjsonnet.Evaluator.visitImport(Evaluator.scala:502)
	at sjsonnet.Evaluator.visitExpr(Evaluator.scala:68)
	at sjsonnet.Evaluator.visitIfElse(Evaluator.scala:156)
	at sjsonnet.Evaluator.visitExpr(Evaluator.scala:54)
	at sjsonnet.Evaluator.visitImport$$anonfun$1(Evaluator.scala:501)
	at scala.collection.mutable.HashMap.getOrElseUpdate(HashMap.scala:469)
	at sjsonnet.Evaluator.visitImport(Evaluator.scala:502)
	at sjsonnet.Evaluator.visitExpr(Evaluator.scala:68)
	at sjsonnet.Evaluator.visitIfElse(Evaluator.scala:156)
	at sjsonnet.Evaluator.visitExpr(Evaluator.scala:54)
	at sjsonnet.Evaluator.visitImport$$anonfun$1(Evaluator.scala:501)
	at scala.collection.mutable.HashMap.getOrElseUpdate(HashMap.scala:469)
	at sjsonnet.Evaluator.visitImport(Evaluator.scala:502)
	at sjsonnet.Evaluator.visitExpr(Evaluator.scala:68)
	at sjsonnet.Evaluator.visitIfElse(Evaluator.scala:156)
	at sjsonnet.Evaluator.visitExpr(Evaluator.scala:54)
	at sjsonnet.Evaluator.visitImport$$anonfun$1(Evaluator.scala:501)
	at scala.collection.mutable.HashMap.getOrElseUpdate(HashMap.scala:469)
	at sjsonnet.Evaluator.visitImport(Evaluator.scala:502)
	at sjsonnet.Evaluator.visitExpr(Evaluator.scala:68)
	at sjsonnet.Evaluator.visitIfElse(Evaluator.scala:156)
	at sjsonnet.Evaluator.visitExpr(Evaluator.scala:54)
	at sjsonnet.Evaluator.visitImport$$anonfun$1(Evaluator.scala:501)
	at scala.collection.mutable.HashMap.getOrElseUpdate(HashMap.scala:469)
	at sjsonnet.Evaluator.visitImport(Evaluator.scala:502)
	at sjsonnet.Evaluator.visitExpr(Evaluator.scala:68)
	at sjsonnet.Evaluator.visitIfElse(Evaluator.scala:156)
	at sjsonnet.Evaluator.visitExpr(Evaluator.scala:54)
	at sjsonnet.Evaluator.visitImport$$anonfun$1(Evaluator.scala:501)
	at scala.collection.mutable.HashMap.getOrElseUpdate(HashMap.scala:469)
	at sjsonnet.Evaluator.visitImport(Evaluator.scala:502)
	at sjsonnet.Evaluator.visitExpr(Evaluator.scala:68)
	at sjsonnet.Evaluator.visitIfElse(Evaluator.scala:156)
	at sjsonnet.Evaluator.visitExpr(Evaluator.scala:54)
	at sjsonnet.Evaluator.visitImport$$anonfun$1(Evaluator.scala:501)
	at scala.collection.mutable.HashMap.getOrElseUpdate(HashMap.scala:469)
	at sjsonnet.Evaluator.visitImport(Evaluator.scala:502)
	at sjsonnet.Evaluator.visitExpr(Evaluator.scala:68)
	at sjsonnet.Evaluator.visitIfElse(Evaluator.scala:156)
	at sjsonnet.Evaluator.visitExpr(Evaluator.scala:54)
	at sjsonnet.Evaluator.visitImport$$anonfun$1(Evaluator.scala:501)
	at scala.collection.mutable.HashMap.getOrElseUpdate(HashMap.scala:469)
	at sjsonnet.Evaluator.visitImport(Evaluator.scala:502)
	at sjsonnet.Evaluator.visitExpr(Evaluator.scala:68)
	at sjsonnet.Evaluator.visitIfElse(Evaluator.scala:156)
	at sjsonnet.Evaluator.visitExpr(Evaluator.scala:54)
	at sjsonnet.Evaluator.visitImport$$anonfun$1(Evaluator.scala:501)
	at scala.collection.mutable.HashMap.getOrElseUpdate(HashMap.scala:469)
	at sjsonnet.Evaluator.visitImport(Evaluator.scala:502)
	at sjsonnet.Evaluator.visitExpr(Evaluator.scala:68)
	at sjsonnet.Evaluator.visitIfElse(Evaluator.scala:156)
	at sjsonnet.Evaluator.visitExpr(Evaluator.scala:54)
	at sjsonnet.Evaluator.visitImport$$anonfun$1(Evaluator.scala:501)
	at scala.collection.mutable.HashMap.getOrElseUpdate(HashMap.scala:469)
	at sjsonnet.Evaluator.visitImport(Evaluator.scala:502)
	at sjsonnet.Evaluator.visitExpr(Evaluator.scala:68)
	at sjsonnet.Evaluator.visitIfElse(Evaluator.scala:156)
	at sjsonnet.Evaluator.visitExpr(Evaluator.scala:54)
	at sjsonnet.Evaluator.visitImport$$anonfun$1(Evaluator.scala:501)
	at scala.collection.mutable.HashMap.getOrElseUpdate(HashMap.scala:469)
	at sjsonnet.Evaluator.visitImport(Evaluator.scala:502)
	at sjsonnet.Evaluator.visitExpr(Evaluator.scala:68)
	at sjsonnet.Evaluator.visitIfElse(Evaluator.scala:156)
	at sjsonnet.Evaluator.visitExpr(Evaluator.scala:54)
	at sjsonnet.Evaluator.visitImport$$anonfun$1(Evaluator.scala:501)
	at scala.collection.mutable.HashMap.getOrElseUpdate(HashMap.scala:469)
	at sjsonnet.Evaluator.visitImport(Evaluator.scala:502)
	at sjsonnet.Evaluator.visitExpr(Evaluator.scala:68)
	at sjsonnet.Evaluator.visitIfElse(Evaluator.scala:156)
	at sjsonnet.Evaluator.visitExpr(Evaluator.scala:54)
	at sjsonnet.Evaluator.visitImport$$anonfun$1(Evaluator.scala:501)
	at scala.collection.mutable.HashMap.getOrElseUpdate(HashMap.scala:469)
	at sjsonnet.Evaluator.visitImport(Evaluator.scala:502)
	at sjsonnet.Evaluator.visitExpr(Evaluator.scala:68)
	at sjsonnet.Evaluator.visitIfElse(Evaluator.scala:156)
	at sjsonnet.Evaluator.visitExpr(Evaluator.scala:54)
	at sjsonnet.Evaluator.visitImport$$anonfun$1(Evaluator.scala:501)
	at scala.collection.mutable.HashMap.getOrElseUpdate(HashMap.scala:469)
	at sjsonnet.Evaluator.visitImport(Evaluator.scala:502)
	at sjsonnet.Evaluator.visitExpr(Evaluator.scala:68)
	at sjsonnet.Evaluator.visitIfElse(Evaluator.scala:156)
	at sjsonnet.Evaluator.visitExpr(Evaluator.scala:54)
	at sjsonnet.Evaluator.visitImport$$anonfun$1(Evaluator.scala:501)
	at scala.collection.mutable.HashMap.getOrElseUpdate(HashMap.scala:469)
	at sjsonnet.Evaluator.visitImport(Evaluator.scala:502)
	at sjsonnet.Evaluator.visitExpr(Evaluator.scala:68)
	at sjsonnet.Evaluator.visitIfElse(Evaluator.scala:156)
	at sjsonnet.Evaluator.visitExpr(Evaluator.scala:54)
	at sjsonnet.Evaluator.visitImport$$anonfun$1(Evaluator.scala:501)
	at scala.collection.mutable.HashMap.getOrElseUpdate(HashMap.scala:469)
	at sjsonnet.Evaluator.visitImport(Evaluator.scala:502)
	at sjsonnet.Evaluator.visitExpr(Evaluator.scala:68)
	at sjsonnet.Evaluator.visitIfElse(Evaluator.scala:156)
	at sjsonnet.Evaluator.visitExpr(Evaluator.scala:54)
	at sjsonnet.Evaluator.visitImport$$anonfun$1(Evaluator.scala:501)
	at scala.collection.mutable.HashMap.getOrElseUpdate(HashMap.scala:469)
	at sjsonnet.Evaluator.visitImport(Evaluator.scala:502)
	at sjsonnet.Evaluator.visitExpr(Evaluator.scala:68)
	at sjsonnet.Evaluator.visitIfElse(Evaluator.scala:156)
	at sjsonnet.Evaluator.visitExpr(Evaluator.scala:54)
	at sjsonnet.Evaluator.visitImport$$anonfun$1(Evaluator.scala:501)
	at scala.collection.mutable.HashMap.getOrElseUpdate(HashMap.scala:469)
	at sjsonnet.Evaluator.visitImport(Evaluator.scala:502)
	at sjsonnet.Evaluator.visitExpr(Evaluator.scala:68)
	at sjsonnet.Evaluator.visitIfElse(Evaluator.scala:156)
	at sjsonnet.Evaluator.visitExpr(Evaluator.scala:54)
	at sjsonnet.Evaluator.visitImport$$anonfun$1(Evaluator.scala:501)
	at scala.collection.mutable.HashMap.getOrElseUpdate(HashMap.scala:469)
	at sjsonnet.Evaluator.visitImport(Evaluator.scala:502)
	at sjsonnet.Evaluator.visitExpr(Evaluator.scala:68)
	at sjsonnet.Evaluator.visitIfElse(Evaluator.scala:156)
	at sjsonnet.Evaluator.visitExpr(Evaluator.scala:54)
	at sjsonnet.Evaluator.visitImport$$anonfun$1(Evaluator.scala:501)
	at scala.collection.mutable.HashMap.getOrElseUpdate(HashMap.scala:469)
	at sjsonnet.Evaluator.visitImport(Evaluator.scala:502)
	at sjsonnet.Evaluator.visitExpr(Evaluator.scala:68)
	at sjsonnet.Evaluator.visitIfElse(Evaluator.scala:156)
	at sjsonnet.Evaluator.visitExpr(Evaluator.scala:54)
	at sjsonnet.Evaluator.visitImport$$anonfun$1(Evaluator.scala:501)
	at scala.collection.mutable.HashMap.getOrElseUpdate(HashMap.scala:469)
	at sjsonnet.Evaluator.visitImport(Evaluator.scala:502)
	at sjsonnet.Evaluator.visitExpr(Evaluator.scala:68)
	at sjsonnet.Evaluator.visitIfElse(Evaluator.scala:156)
	at sjsonnet.Evaluator.visitExpr(Evaluator.scala:54)
	at sjsonnet.Evaluator.visitImport$$anonfun$1(Evaluator.scala:501)
	at scala.collection.mutable.HashMap.getOrElseUpdate(HashMap.scala:469)
	at sjsonnet.Evaluator.visitImport(Evaluator.scala:502)
	at sjsonnet.Evaluator.visitExpr(Evaluator.scala:68)
	at sjsonnet.Evaluator.visitIfElse(Evaluator.scala:156)
	at sjsonnet.Evaluator.visitExpr(Evaluator.scala:54)
	at sjsonnet.Evaluator.visitImport$$anonfun$1(Evaluator.scala:501)
	at scala.collection.mutable.HashMap.getOrElseUpdate(HashMap.scala:469)
	at sjsonnet.Evaluator.visitImport(Evaluator.scala:502)
	at sjsonnet.Evaluator.visitExpr(Evaluator.scala:68)
	at sjsonnet.Evaluator.visitIfElse(Evaluator.scala:156)
	at sjsonnet.Evaluator.visitExpr(Evaluator.scala:54)
	at sjsonnet.Evaluator.visitImport$$anonfun$1(Evaluator.scala:501)
	at scala.collection.mutable.HashMap.getOrElseUpdate(HashMap.scala:469)
	at sjsonnet.Evaluator.visitImport(Evaluator.scala:502)
	at sjsonnet.Evaluator.visitExpr(Evaluator.scala:68)
	at sjsonnet.Evaluator.visitIfElse(Evaluator.scala:156)
	at sjsonnet.Evaluator.visitExpr(Evaluator.scala:54)
	at sjsonnet.Evaluator.visitImport$$anonfun$1(Evaluator.scala:501)
	at scala.collection.mutable.HashMap.getOrElseUpdate(HashMap.scala:469)
	at sjsonnet.Evaluator.visitImport(Evaluator.scala:502)
	at sjsonnet.Evaluator.visitExpr(Evaluator.scala:68)
	at sjsonnet.Evaluator.visitIfElse(Evaluator.scala:156)
	at sjsonnet.Evaluator.visitExpr(Evaluator.scala:54)
	at sjsonnet.Evaluator.visitImport$$anonfun$1(Evaluator.scala:501)
	at scala.collection.mutable.HashMap.getOrElseUpdate(HashMap.scala:469)
	at sjsonnet.Evaluator.visitImport(Evaluator.scala:502)
	at sjsonnet.Evaluator.visitExpr(Evaluator.scala:68)
	at sjsonnet.Evaluator.visitIfElse(Evaluator.scala:156)
	at sjsonnet.Evaluator.visitExpr(Evaluator.scala:54)
	at sjsonnet.Evaluator.visitImport$$anonfun$1(Evaluator.scala:501)
	at scala.collection.mutable.HashMap.getOrElseUpdate(HashMap.scala:469)
	at sjsonnet.Evaluator.visitImport(Evaluator.scala:502)
	at sjsonnet.Evaluator.visitExpr(Evaluator.scala:68)
	at sjsonnet.Evaluator.visitIfElse(Evaluator.scala:156)
	at sjsonnet.Evaluator.visitExpr(Evaluator.scala:54)
	at sjsonnet.Evaluator.visitImport$$anonfun$1(Evaluator.scala:501)
	at scala.collection.mutable.HashMap.getOrElseUpdate(HashMap.scala:469)
	at sjsonnet.Evaluator.visitImport(Evaluator.scala:502)
	at sjsonnet.Evaluator.visitExpr(Evaluator.scala:68)
	at sjsonnet.Evaluator.visitIfElse(Evaluator.scala:156)
	at sjsonnet.Evaluator.visitExpr(Evaluator.scala:54)
	at sjsonnet.Evaluator.visitImport$$anonfun$1(Evaluator.scala:501)
	at scala.collection.mutable.HashMap.getOrElseUpdate(HashMap.scala:469)
	at sjsonnet.Evaluator.visitImport(Evaluator.scala:502)
	at sjsonnet.Evaluator.visitExpr(Evaluator.scala:68)
	at sjsonnet.Evaluator.visitIfElse(Evaluator.scala:156)
	at sjsonnet.Evaluator.visitExpr(Evaluator.scala:54)
	at sjsonnet.Evaluator.visitImport$$anonfun$1(Evaluator.scala:501)
	at scala.collection.mutable.HashMap.getOrElseUpdate(HashMap.scala:469)
	at sjsonnet.Evaluator.visitImport(Evaluator.scala:502)
	at sjsonnet.Evaluator.visitExpr(Evaluator.scala:68)
	at sjsonnet.Evaluator.visitIfElse(Evaluator.scala:156)
	at sjsonnet.Evaluator.visitExpr(Evaluator.scala:54)
	at sjsonnet.Evaluator.visitImport$$anonfun$1(Evaluator.scala:501)
	at scala.collection.mutable.HashMap.getOrElseUpdate(HashMap.scala:469)
	at sjsonnet.Evaluator.visitImport(Evaluator.scala:502)
	at sjsonnet.Evaluator.visitExpr(Evaluator.scala:68)
	at sjsonnet.Evaluator.visitIfElse(Evaluator.scala:156)
	at sjsonnet.Evaluator.visitExpr(Evaluator.scala:54)
	at sjsonnet.Evaluator.visitImport$$anonfun$1(Evaluator.scala:501)
	at scala.collection.mutable.HashMap.getOrElseUpdate(HashMap.scala:469)
	at sjsonnet.Evaluator.visitImport(Evaluator.scala:502)
	at sjsonnet.Evaluator.visitExpr(Evaluator.scala:68)
	at sjsonnet.Evaluator.visitIfElse(Evaluator.scala:156)
	at sjsonnet.Evaluator.visitExpr(Evaluator.scala:54)
	at sjsonnet.Evaluator.visitImport$$anonfun$1(Evaluator.scala:501)
	at scala.collection.mutable.HashMap.getOrElseUpdate(HashMap.scala:469)
	at sjsonnet.Evaluator.visitImport(Evaluator.scala:502)
	at sjsonnet.Evaluator.visitExpr(Evaluator.scala:68)
	at sjsonnet.Evaluator.visitIfElse(Evaluator.scala:156)
	at sjsonnet.Evaluator.visitExpr(Evaluator.scala:54)
	at sjsonnet.Evaluator.visitImport$$anonfun$1(Evaluator.scala:501)
	at scala.collection.mutable.HashMap.getOrElseUpdate(HashMap.scala:469)
	at sjsonnet.Evaluator.visitImport(Evaluator.scala:502)
	at sjsonnet.Evaluator.visitExpr(Evaluator.scala:68)
	at sjsonnet.Evaluator.visitIfElse(Evaluator.scala:156)
	at sjsonnet.Evaluator.visitExpr(Evaluator.scala:54)
	at sjsonnet.Evaluator.visitImport$$anonfun$1(Evaluator.scala:501)
	at scala.collection.mutable.HashMap.getOrElseUpdate(HashMap.scala:469)
	at sjsonnet.Evaluator.visitImport(Evaluator.scala:502)
	at sjsonnet.Evaluator.visitExpr(Evaluator.scala:68)
	at sjsonnet.Evaluator.visitIfElse(Evaluator.scala:156)
	at sjsonnet.Evaluator.visitExpr(Evaluator.scala:54)
	at sjsonnet.Evaluator.visitImport$$anonfun$1(Evaluator.scala:501)
	at scala.collection.mutable.HashMap.getOrElseUpdate(HashMap.scala:469)
	at sjsonnet.Evaluator.visitImport(Evaluator.scala:502)
	at sjsonnet.Evaluator.visitExpr(Evaluator.scala:68)
	at sjsonnet.Evaluator.visitIfElse(Evaluator.scala:156)
	at sjsonnet.Evaluator.visitExpr(Evaluator.scala:54)
	at sjsonnet.Evaluator.visitImport$$anonfun$1(Evaluator.scala:501)
	at scala.collection.mutable.HashMap.getOrElseUpdate(HashMap.scala:469)
	at sjsonnet.Evaluator.visitImport(Evaluator.scala:502)
	at sjsonnet.Evaluator.visitExpr(Evaluator.scala:68)
	at sjsonnet.Evaluator.visitIfElse(Evaluator.scala:156)
	at sjsonnet.Evaluator.visitExpr(Evaluator.scala:54)
	at sjsonnet.Evaluator.visitImport$$anonfun$1(Evaluator.scala:501)
	at scala.collection.mutable.HashMap.getOrElseUpdate(HashMap.scala:469)
	at sjsonnet.Evaluator.visitImport(Evaluator.scala:502)
	at sjsonnet.Evaluator.visitExpr(Evaluator.scala:68)
	at sjsonnet.Evaluator.visitIfElse(Evaluator.scala:156)
	at sjsonnet.Evaluator.visitExpr(Evaluator.scala:54)
	at sjsonnet.Evaluator.visitImport$$anonfun$1(Evaluator.scala:501)
	at scala.collection.mutable.HashMap.getOrElseUpdate(HashMap.scala:469)
	at sjsonnet.Evaluator.visitImport(Evaluator.scala:502)
	at sjsonnet.Evaluator.visitExpr(Evaluator.scala:68)
	at sjsonnet.Evaluator.visitIfElse(Evaluator.scala:156)
	at sjsonnet.Evaluator.visitExpr(Evaluator.scala:54)
	at sjsonnet.Evaluator.visitImport$$anonfun$1(Evaluator.scala:501)
	at scala.collection.mutable.HashMap.getOrElseUpdate(HashMap.scala:469)
	at sjsonnet.Evaluator.visitImport(Evaluator.scala:502)
	at sjsonnet.Evaluator.visitExpr(Evaluator.scala:68)
	at sjsonnet.Evaluator.visitIfElse(Evaluator.scala:156)
	at sjsonnet.Evaluator.visitExpr(Evaluator.scala:54)
	at sjsonnet.Evaluator.visitImport$$anonfun$1(Evaluator.scala:501)
	at scala.collection.mutable.HashMap.getOrElseUpdate(HashMap.scala:469)
	at sjsonnet.Evaluator.visitImport(Evaluator.scala:502)
	at sjsonnet.Evaluator.visitExpr(Evaluator.scala:68)
	at sjsonnet.Evaluator.visitIfElse(Evaluator.scala:156)
	at sjsonnet.Evaluator.visitExpr(Evaluator.scala:54)
	at sjsonnet.Evaluator.visitImport$$anonfun$1(Evaluator.scala:501)
	at scala.collection.mutable.HashMap.getOrElseUpdate(HashMap.scala:469)
	at sjsonnet.Evaluator.visitImport(Evaluator.scala:502)
	at sjsonnet.Evaluator.visitExpr(Evaluator.scala:68)
	at sjsonnet.Evaluator.visitIfElse(Evaluator.scala:156)
	at sjsonnet.Evaluator.visitExpr(Evaluator.scala:54)
	at sjsonnet.Evaluator.visitImport$$anonfun$1(Evaluator.scala:501)
	at scala.collection.mutable.HashMap.getOrElseUpdate(HashMap.scala:469)
	at sjsonnet.Evaluator.visitImport(Evaluator.scala:502)
	at sjsonnet.Evaluator.visitExpr(Evaluator.scala:68)
	at sjsonnet.Evaluator.visitIfElse(Evaluator.scala:156)
	at sjsonnet.Evaluator.visitExpr(Evaluator.scala:54)
	at sjsonnet.Evaluator.visitImport$$anonfun$1(Evaluator.scala:501)
	at scala.collection.mutable.HashMap.getOrElseUpdate(HashMap.scala:469)
	at sjsonnet.Evaluator.visitImport(Evaluator.scala:502)
	at sjsonnet.Evaluator.visitExpr(Evaluator.scala:68)
	at sjsonnet.Evaluator.visitIfElse(Evaluator.scala:156)
	at sjsonnet.Evaluator.visitExpr(Evaluator.scala:54)
	at sjsonnet.Evaluator.visitImport$$anonfun$1(Evaluator.scala:501)
	at scala.collection.mutable.HashMap.getOrElseUpdate(HashMap.scala:469)
	at sjsonnet.Evaluator.visitImport(Evaluator.scala:502)
	at sjsonnet.Evaluator.visitExpr(Evaluator.scala:68)
	at sjsonnet.Evaluator.visitIfElse(Evaluator.scala:156)
	at sjsonnet.Evaluator.visitExpr(Evaluator.scala:54)
	at sjsonnet.Evaluator.visitImport$$anonfun$1(Evaluator.scala:501)
	at scala.collection.mutable.HashMap.getOrElseUpdate(HashMap.scala:469)
	at sjsonnet.Evaluator.visitImport(Evaluator.scala:502)
	at sjsonnet.Evaluator.visitExpr(Evaluator.scala:68)
	at sjsonnet.Evaluator.visitIfElse(Evaluator.scala:156)
	at sjsonnet.Evaluator.visitExpr(Evaluator.scala:54)
	at sjsonnet.Evaluator.visitImport$$anonfun$1(Evaluator.scala:501)
	at scala.collection.mutable.HashMap.getOrElseUpdate(HashMap.scala:469)
	at sjsonnet.Evaluator.visitImport(Evaluator.scala:502)
	at sjsonnet.Evaluator.visitExpr(Evaluator.scala:68)
	at sjsonnet.Evaluator.visitIfElse(Evaluator.scala:156)
	at sjsonnet.Evaluator.visitExpr(Evaluator.scala:54)
	at sjsonnet.Evaluator.visitImport$$anonfun$1(Evaluator.scala:501)
	at scala.collection.mutable.HashMap.getOrElseUpdate(HashMap.scala:469)
	at sjsonnet.Evaluator.visitImport(Evaluator.scala:502)
	at sjsonnet.Evaluator.visitExpr(Evaluator.scala:68)
	at sjsonnet.Evaluator.visitIfElse(Evaluator.scala:156)
	at sjsonnet.Evaluator.visitExpr(Evaluator.scala:54)
	at sjsonnet.Evaluator.visitImport$$anonfun$1(Evaluator.scala:501)
	at scala.collection.mutable.HashMap.getOrElseUpdate(HashMap.scala:469)
	at sjsonnet.Evaluator.visitImport(Evaluator.scala:502)
	at sjsonnet.Evaluator.visitExpr(Evaluator.scala:68)
	at sjsonnet.Evaluator.visitIfElse(Evaluator.scala:156)
	at sjsonnet.Evaluator.visitExpr(Evaluator.scala:54)
	at sjsonnet.Evaluator.visitImport$$anonfun$1(Evaluator.scala:501)
	at scala.collection.mutable.HashMap.getOrElseUpdate(HashMap.scala:469)
	at sjsonnet.Evaluator.visitImport(Evaluator.scala:502)
	at sjsonnet.Evaluator.visitExpr(Evaluator.scala:68)
	at sjsonnet.Evaluator.visitIfElse(Evaluator.scala:156)
	at sjsonnet.Evaluator.visitExpr(Evaluator.scala:54)
	at sjsonnet.Evaluator.visitImport$$anonfun$1(Evaluator.scala:501)
	at scala.collection.mutable.HashMap.getOrElseUpdate(HashMap.scala:469)
	at sjsonnet.Evaluator.visitImport(Evaluator.scala:502)
	at sjsonnet.Evaluator.visitExpr(Evaluator.scala:68)
	at sjsonnet.Evaluator.visitIfElse(Evaluator.scala:156)
	at sjsonnet.Evaluator.visitExpr(Evaluator.scala:54)
	at sjsonnet.Evaluator.visitImport$$anonfun$1(Evaluator.scala:501)
	at scala.collection.mutable.HashMap.getOrElseUpdate(HashMap.scala:469)
	at sjsonnet.Evaluator.visitImport(Evaluator.scala:502)
	at sjsonnet.Evaluator.visitExpr(Evaluator.scala:68)
	at sjsonnet.Evaluator.visitIfElse(Evaluator.scala:156)
	at sjsonnet.Evaluator.visitExpr(Evaluator.scala:54)
	at sjsonnet.Evaluator.visitImport$$anonfun$1(Evaluator.scala:501)
	at scala.collection.mutable.HashMap.getOrElseUpdate(HashMap.scala:469)
	at sjsonnet.Evaluator.visitImport(Evaluator.scala:502)
	at sjsonnet.Evaluator.visitExpr(Evaluator.scala:68)
	at sjsonnet.Evaluator.visitIfElse(Evaluator.scala:156)
	at sjsonnet.Evaluator.visitExpr(Evaluator.scala:54)
	at sjsonnet.Evaluator.visitImport$$anonfun$1(Evaluator.scala:501)
	at scala.collection.mutable.HashMap.getOrElseUpdate(HashMap.scala:469)
	at sjsonnet.Evaluator.visitImport(Evaluator.scala:502)
	at sjsonnet.Evaluator.visitExpr(Evaluator.scala:68)
	at sjsonnet.Evaluator.visitIfElse(Evaluator.scala:156)
	at sjsonnet.Evaluator.visitExpr(Evaluator.scala:54)
	at sjsonnet.Evaluator.visitImport$$anonfun$1(Evaluator.scala:501)
	at scala.collection.mutable.HashMap.getOrElseUpdate(HashMap.scala:469)
	at sjsonnet.Evaluator.visitImport(Evaluator.scala:502)
	at sjsonnet.Evaluator.visitExpr(Evaluator.scala:68)
	at sjsonnet.Evaluator.visitIfElse(Evaluator.scala:156)
	at sjsonnet.Evaluator.visitExpr(Evaluator.scala:54)
	at sjsonnet.Evaluator.visitImport$$anonfun$1(Evaluator.scala:501)
	at scala.collection.mutable.HashMap.getOrElseUpdate(HashMap.scala:469)
	at sjsonnet.Evaluator.visitImport(Evaluator.scala:502)
	at sjsonnet.Evaluator.visitExpr(Evaluator.scala:68)
	at sjsonnet.Evaluator.visitIfElse(Evaluator.scala:156)
	at sjsonnet.Evaluator.visitExpr(Evaluator.scala:54)
	at sjsonnet.Evaluator.visitImport$$anonfun$1(Evaluator.scala:501)
	at scala.collection.mutable.HashMap.getOrElseUpdate(HashMap.scala:469)
	at sjsonnet.Evaluator.visitImport(Evaluator.scala:502)
	at sjsonnet.Evaluator.visitExpr(Evaluator.scala:68)
	at sjsonnet.Evaluator.visitIfElse(Evaluator.scala:156)
	at sjsonnet.Evaluator.visitExpr(Evaluator.scala:54)
	at sjsonnet.Evaluator.visitImport$$anonfun$1(Evaluator.scala:501)
	at scala.collection.mutable.HashMap.getOrElseUpdate(HashMap.scala:469)
	at sjsonnet.Evaluator.visitImport(Evaluator.scala:502)
	at sjsonnet.Evaluator.visitExpr(Evaluator.scala:68)
	at sjsonnet.Evaluator.visitIfElse(Evaluator.scala:156)
	at sjsonnet.Evaluator.visitExpr(Evaluator.scala:54)
	at sjsonnet.Evaluator.visitImport$$anonfun$1(Evaluator.scala:501)
	at scala.collection.mutable.HashMap.getOrElseUpdate(HashMap.scala:469)
	at sjsonnet.Evaluator.visitImport(Evaluator.scala:502)
	at sjsonnet.Evaluator.visitExpr(Evaluator.scala:68)
	at sjsonnet.Evaluator.visitIfElse(Evaluator.scala:156)
	at sjsonnet.Evaluator.visitExpr(Evaluator.scala:54)
	at sjsonnet.Evaluator.visitImport$$anonfun$1(Evaluator.scala:501)
	at scala.collection.mutable.HashMap.getOrElseUpdate(HashMap.scala:469)
	at sjsonnet.Evaluator.visitImport(Evaluator.scala:502)
	at sjsonnet.Evaluator.visitExpr(Evaluator.scala:68)
	at sjsonnet.Evaluator.visitIfElse(Evaluator.scala:156)
	at sjsonnet.Evaluator.visitExpr(Evaluator.scala:54)
	at sjsonnet.Evaluator.visitImport$$anonfun$1(Evaluator.scala:501)
	at scala.collection.mutable.HashMap.getOrElseUpdate(HashMap.scala:469)
	at sjsonnet.Evaluator.visitImport(Evaluator.scala:502)
	at sjsonnet.Evaluator.visitExpr(Evaluator.scala:68)
	at sjsonnet.Evaluator.visitIfElse(Evaluator.scala:156)
	at sjsonnet.Evaluator.visitExpr(Evaluator.scala:54)
	at sjsonnet.Evaluator.visitImport$$anonfun$1(Evaluator.scala:501)
	at scala.collection.mutable.HashMap.getOrElseUpdate(HashMap.scala:469)
	at sjsonnet.Evaluator.visitImport(Evaluator.scala:502)
	at sjsonnet.Evaluator.visitExpr(Evaluator.scala:68)
	at sjsonnet.Evaluator.visitIfElse(Evaluator.scala:156)
	at sjsonnet.Evaluator.visitExpr(Evaluator.scala:54)
	at sjsonnet.Evaluator.visitImport$$anonfun$1(Evaluator.scala:501)
	at scala.collection.mutable.HashMap.getOrElseUpdate(HashMap.scala:469)
	at sjsonnet.Evaluator.visitImport(Evaluator.scala:502)
	at sjsonnet.Evaluator.visitExpr(Evaluator.scala:68)
	at sjsonnet.Evaluator.visitIfElse(Evaluator.scala:156)
	at sjsonnet.Evaluator.visitExpr(Evaluator.scala:54)
	at sjsonnet.Evaluator.visitImport$$anonfun$1(Evaluator.scala:501)
	at scala.collection.mutable.HashMap.getOrElseUpdate(HashMap.scala:469)
	at sjsonnet.Evaluator.visitImport(Evaluator.scala:502)
	at sjsonnet.Evaluator.visitExpr(Evaluator.scala:68)
	at sjsonnet.Evaluator.visitIfElse(Evaluator.scala:156)
	at sjsonnet.Evaluator.visitExpr(Evaluator.scala:54)
	at sjsonnet.Evaluator.visitImport$$anonfun$1(Evaluator.scala:501)
	at scala.collection.mutable.HashMap.getOrElseUpdate(HashMap.scala:469)
	at sjsonnet.Evaluator.visitImport(Evaluator.scala:502)
	at sjsonnet.Evaluator.visitExpr(Evaluator.scala:68)
	at sjsonnet.Evaluator.visitIfElse(Evaluator.scala:156)
	at sjsonnet.Evaluator.visitExpr(Evaluator.scala:54)
	at sjsonnet.Evaluator.visitImport$$anonfun$1(Evaluator.scala:501)
	at scala.collection.mutable.HashMap.getOrElseUpdate(HashMap.scala:469)
	at sjsonnet.Evaluator.visitImport(Evaluator.scala:502)
	at sjsonnet.Evaluator.visitExpr(Evaluator.scala:68)
	at sjsonnet.Evaluator.visitIfElse(Evaluator.scala:156)
	at sjsonnet.Evaluator.visitExpr(Evaluator.scala:54)
	at sjsonnet.Evaluator.visitImport$$anonfun$1(Evaluator.scala:501)
	at scala.collection.mutable.HashMap.getOrElseUpdate(HashMap.scala:469)
	at sjsonnet.Evaluator.visitImport(Evaluator.scala:502)
	at sjsonnet.Evaluator.visitExpr(Evaluator.scala:68)
	at sjsonnet.Evaluator.visitIfElse(Evaluator.scala:156)
	at sjsonnet.Evaluator.visitExpr(Evaluator.scala:54)
	at sjsonnet.Evaluator.visitImport$$anonfun$1(Evaluator.scala:501)
	at scala.collection.mutable.HashMap.getOrElseUpdate(HashMap.scala:469)
	at sjsonnet.Evaluator.visitImport(Evaluator.scala:502)
	at sjsonnet.Evaluator.visitExpr(Evaluator.scala:68)
	at sjsonnet.Evaluator.visitIfElse(Evaluator.scala:156)
	at sjsonnet.Evaluator.visitExpr(Evaluator.scala:54)
	at sjsonnet.Evaluator.visitImport$$anonfun$1(Evaluator.scala:501)
	at scala.collection.mutable.HashMap.getOrElseUpdate(HashMap.scala:469)
	at sjsonnet.Evaluator.visitImport(Evaluator.scala:502)
	at sjsonnet.Evaluator.visitExpr(Evaluator.scala:68)
	at sjsonnet.Evaluator.visitIfElse(Evaluator.scala:156)
	at sjsonnet.Evaluator.visitExpr(Evaluator.scala:54)
	at sjsonnet.Evaluator.visitImport$$anonfun$1(Evaluator.scala:501)
	at scala.collection.mutable.HashMap.getOrElseUpdate(HashMap.scala:469)
	at sjsonnet.Evaluator.visitImport(Evaluator.scala:502)
	at sjsonnet.Evaluator.visitExpr(Evaluator.scala:68)
	at sjsonnet.Evaluator.visitIfElse(Evaluator.scala:156)
	at sjsonnet.Evaluator.visitExpr(Evaluator.scala:54)
	at sjsonnet.Evaluator.visitImport$$anonfun$1(Evaluator.scala:501)
	at scala.collection.mutable.HashMap.getOrElseUpdate(HashMap.scala:469)
	at sjsonnet.Evaluator.visitImport(Evaluator.scala:502)
	at sjsonnet.Evaluator.visitExpr(Evaluator.scala:68)
	at sjsonnet.Evaluator.visitIfElse(Evaluator.scala:156)
	at sjsonnet.Evaluator.visitExpr(Evaluator.scala:54)
	at sjsonnet.Evaluator.visitImport$$anonfun$1(Evaluator.scala:501)
	at scala.collection.mutable.HashMap.getOrElseUpdate(HashMap.scala:469)
	at sjsonnet.Evaluator.visitImport(Evaluator.scala:502)
	at sjsonnet.Evaluator.visitExpr(Evaluator.scala:68)
	at sjsonnet.Evaluator.visitIfElse(Evaluator.scala:156)
	at sjsonnet.Evaluator.visitExpr(Evaluator.scala:54)
	at sjsonnet.Evaluator.visitImport$$anonfun$1(Evaluator.scala:501)
	at scala.collection.mutable.HashMap.getOrElseUpdate(HashMap.scala:469)
	at sjsonnet.Evaluator.visitImport(Evaluator.scala:502)
	at sjsonnet.Evaluator.visitExpr(Evaluator.scala:68)
	at sjsonnet.Evaluator.visitIfElse(Evaluator.scala:156)
	at sjsonnet.Evaluator.visitExpr(Evaluator.scala:54)
	at sjsonnet.Evaluator.visitImport$$anonfun$1(Evaluator.scala:501)
	at scala.collection.mutable.HashMap.getOrElseUpdate(HashMap.scala:469)
	at sjsonnet.Evaluator.visitImport(Evaluator.scala:502)
	at sjsonnet.Evaluator.visitExpr(Evaluator.scala:68)
	at sjsonnet.Evaluator.visitIfElse(Evaluator.scala:156)
	at sjsonnet.Evaluator.visitExpr(Evaluator.scala:54)
	at sjsonnet.Evaluator.visitImport$$anonfun$1(Evaluator.scala:501)
	at scala.collection.mutable.HashMap.getOrElseUpdate(HashMap.scala:469)
	at sjsonnet.Evaluator.visitImport(Evaluator.scala:502)
	at sjsonnet.Evaluator.visitExpr(Evaluator.scala:68)
	at sjsonnet.Evaluator.visitIfElse(Evaluator.scala:156)
	at sjsonnet.Evaluator.visitExpr(Evaluator.scala:54)
	at sjsonnet.Evaluator.visitImport$$anonfun$1(Evaluator.scala:501)
	at scala.collection.mutable.HashMap.getOrElseUpdate(HashMap.scala:469)
	at sjsonnet.Evaluator.visitImport(Evaluator.scala:502)
	at sjsonnet.Evaluator.visitExpr(Evaluator.scala:68)
	at sjsonnet.Evaluator.visitIfElse(Evaluator.scala:156)
	at sjsonnet.Evaluator.visitExpr(Evaluator.scala:54)
	at sjsonnet.Evaluator.visitImport$$anonfun$1(Evaluator.scala:501)
	at scala.collection.mutable.HashMap.getOrElseUpdate(HashMap.scala:469)
	at sjsonnet.Evaluator.visitImport(Evaluator.scala:502)
	at sjsonnet.Evaluator.visitExpr(Evaluator.scala:68)
	at sjsonnet.Evaluator.visitIfElse(Evaluator.scala:156)
	at sjsonnet.Evaluator.visitExpr(Evaluator.scala:54)
	at sjsonnet.Evaluator.visitImport$$anonfun$1(Evaluator.scala:501)
	at scala.collection.mutable.HashMap.getOrElseUpdate(HashMap.scala:469)
	at sjsonnet.Evaluator.visitImport(Evaluator.scala:502)
	at sjsonnet.Evaluator.visitExpr(Evaluator.scala:68)
	at sjsonnet.Evaluator.visitIfElse(Evaluator.scala:156)
	at sjsonnet.Evaluator.visitExpr(Evaluator.scala:54)
	at sjsonnet.Evaluator.visitImport$$anonfun$1(Evaluator.scala:501)
	at scala.collection.mutable.HashMap.getOrElseUpdate(HashMap.scala:469)
	at sjsonnet.Evaluator.visitImport(Evaluator.scala:502)
	at sjsonnet.Evaluator.visitExpr(Evaluator.scala:68)
	at sjsonnet.Evaluator.visitIfElse(Evaluator.scala:156)
	at sjsonnet.Evaluator.visitExpr(Evaluator.scala:54)
	at sjsonnet.Evaluator.visitImport$$anonfun$1(Evaluator.scala:501)
	at scala.collection.mutable.HashMap.getOrElseUpdate(HashMap.scala:469)
	at sjsonnet.Evaluator.visitImport(Evaluator.scala:502)
	at sjsonnet.Evaluator.visitExpr(Evaluator.scala:68)
	at sjsonnet.Evaluator.visitIfElse(Evaluator.scala:156)
	at sjsonnet.Evaluator.visitExpr(Evaluator.scala:54)
	at sjsonnet.Evaluator.visitImport$$anonfun$1(Evaluator.scala:501)
	at scala.collection.mutable.HashMap.getOrElseUpdate(HashMap.scala:469)
	at sjsonnet.Evaluator.visitImport(Evaluator.scala:502)
	at sjsonnet.Evaluator.visitExpr(Evaluator.scala:68)
	at sjsonnet.Evaluator.visitIfElse(Evaluator.scala:156)
	at sjsonnet.Evaluator.visitExpr(Evaluator.scala:54)
	at sjsonnet.Evaluator.visitImport$$anonfun$1(Evaluator.scala:501)
	at scala.collection.mutable.HashMap.getOrElseUpdate(HashMap.scala:469)
	at sjsonnet.Evaluator.visitImport(Evaluator.scala:502)
	at sjsonnet.Evaluator.visitExpr(Evaluator.scala:68)
	at sjsonnet.Evaluator.visitIfElse(Evaluator.scala:156)
	at sjsonnet.Evaluator.visitExpr(Evaluator.scala:54)
	at sjsonnet.Evaluator.visitImport$$anonfun$1(Evaluator.scala:501)
	at scala.collection.mutable.HashMap.getOrElseUpdate(HashMap.scala:469)
	at sjsonnet.Evaluator.visitImport(Evaluator.scala:502)
	at sjsonnet.Evaluator.visitExpr(Evaluator.scala:68)
	at sjsonnet.Evaluator.visitIfElse(Evaluator.scala:156)
	at sjsonnet.Evaluator.visitExpr(Evaluator.scala:54)
	at sjsonnet.Evaluator.visitImport$$anonfun$1(Evaluator.scala:501)
	at scala.collection.mutable.HashMap.getOrElseUpdate(HashMap.scala:469)
	at sjsonnet.Evaluator.visitImport(Evaluator.scala:502)
	at sjsonnet.Evaluator.visitExpr(Evaluator.scala:68)
	at sjsonnet.Evaluator.visitIfElse(Evaluator.scala:156)
	at sjsonnet.Evaluator.visitExpr(Evaluator.scala:54)
	at sjsonnet.Evaluator.visitImport$$anonfun$1(Evaluator.scala:501)
	at scala.collection.mutable.HashMap.getOrElseUpdate(HashMap.scala:469)
	at sjsonnet.Evaluator.visitImport(Evaluator.scala:502)
	at sjsonnet.Evaluator.visitExpr(Evaluator.scala:68)
	at sjsonnet.Evaluator.visitIfElse(Evaluator.scala:156)
	at sjsonnet.Evaluator.visitExpr(Evaluator.scala:54)
	at sjsonnet.Evaluator.visitImport$$anonfun$1(Evaluator.scala:501)
	at scala.collection.mutable.HashMap.getOrElseUpdate(HashMap.scala:469)
	at sjsonnet.Evaluator.visitImport(Evaluator.scala:502)
	at sjsonnet.Evaluator.visitExpr(Evaluator.scala:68)
	at sjsonnet.Evaluator.visitIfElse(Evaluator.scala:156)
	at sjsonnet.Evaluator.visitExpr(Evaluator.scala:54)
	at sjsonnet.Evaluator.visitImport$$anonfun$1(Evaluator.scala:501)
	at scala.collection.mutable.HashMap.getOrElseUpdate(HashMap.scala:469)
	at sjsonnet.Evaluator.visitImport(Evaluator.scala:502)
	at sjsonnet.Evaluator.visitExpr(Evaluator.scala:68)
	at sjsonnet.Evaluator.visitIfElse(Evaluator.scala:156)
	at sjsonnet.Evaluator.visitExpr(Evaluator.scala:54)
	at sjsonnet.Evaluator.visitImport$$anonfun$1(Evaluator.scala:501)
	at scala.collection.mutable.HashMap.getOrElseUpdate(HashMap.scala:469)
	at sjsonnet.Evaluator.visitImport(Evaluator.scala:502)
	at sjsonnet.Evaluator.visitExpr(Evaluator.scala:68)
	at sjsonnet.Evaluator.visitIfElse(Evaluator.scala:156)
	at sjsonnet.Evaluator.visitExpr(Evaluator.scala:54)
	at sjsonnet.Evaluator.visitImport$$anonfun$1(Evaluator.scala:501)
	at scala.collection.mutable.HashMap.getOrElseUpdate(HashMap.scala:469)
	at sjsonnet.Evaluator.visitImport(Evaluator.scala:502)
	at sjsonnet.Evaluator.visitExpr(Evaluator.scala:68)
	at sjsonnet.Evaluator.visitIfElse(Evaluator.scala:156)
	at sjsonnet.Evaluator.visitExpr(Evaluator.scala:54)
	at sjsonnet.Evaluator.visitImport$$anonfun$1(Evaluator.scala:501)
	at scala.collection.mutable.HashMap.getOrElseUpdate(HashMap.scala:469)
	at sjsonnet.Evaluator.visitImport(Evaluator.scala:502)
	at sjsonnet.Evaluator.visitExpr(Evaluator.scala:68)
	at sjsonnet.Evaluator.visitIfElse(Evaluator.scala:156)
	at sjsonnet.Evaluator.visitExpr(Evaluator.scala:54)
	at sjsonnet.Evaluator.visitImport$$anonfun$1(Evaluator.scala:501)
	at scala.collection.mutable.HashMap.getOrElseUpdate(HashMap.scala:469)
	at sjsonnet.Evaluator.visitImport(Evaluator.scala:502)
	at sjsonnet.Evaluator.visitExpr(Evaluator.scala:68)
	at sjsonnet.Evaluator.visitIfElse(Evaluator.scala:156)
	at sjsonnet.Evaluator.visitExpr(Evaluator.scala:54)
	at sjsonnet.Evaluator.visitImport$$anonfun$1(Evaluator.scala:501)
	at scala.collection.mutable.HashMap.getOrElseUpdate(HashMap.scala:469)
	at sjsonnet.Evaluator.visitImport(Evaluator.scala:502)
	at sjsonnet.Evaluator.visitExpr(Evaluator.scala:68)
	at sjsonnet.Evaluator.visitIfElse(Evaluator.scala:156)
	at sjsonnet.Evaluator.visitExpr(Evaluator.scala:54)
	at sjsonnet.Evaluator.visitImport$$anonfun$1(Evaluator.scala:501)
	at scala.collection.mutable.HashMap.getOrElseUpdate(HashMap.scala:469)
	at sjsonnet.Evaluator.visitImport(Evaluator.scala:502)
	at sjsonnet.Evaluator.visitExpr(Evaluator.scala:68)
	at sjsonnet.Evaluator.visitIfElse(Evaluator.scala:156)
	at sjsonnet.Evaluator.visitExpr(Evaluator.scala:54)
	at sjsonnet.Evaluator.visitImport$$anonfun$1(Evaluator.scala:501)
	at scala.collection.mutable.HashMap.getOrElseUpdate(HashMap.scala:469)
	at sjsonnet.Evaluator.visitImport(Evaluator.scala:502)
	at sjsonnet.Evaluator.visitExpr(Evaluator.scala:68)
	at sjsonnet.Evaluator.visitIfElse(Evaluator.scala:156)
	at sjsonnet.Evaluator.visitExpr(Evaluator.scala:54)
	at sjsonnet.Evaluator.visitImport$$anonfun$1(Evaluator.scala:501)
	at scala.collection.mutable.HashMap.getOrElseUpdate(HashMap.scala:469)
	at sjsonnet.Evaluator.visitImport(Evaluator.scala:502)
	at sjsonnet.Evaluator.visitExpr(Evaluator.scala:68)
	at sjsonnet.Evaluator.visitIfElse(Evaluator.scala:156)
	at sjsonnet.Evaluator.visitExpr(Evaluator.scala:54)
	at sjsonnet.Evaluator.visitImport$$anonfun$1(Evaluator.scala:501)
	at scala.collection.mutable.HashMap.getOrElseUpdate(HashMap.scala:469)
	at sjsonnet.Evaluator.visitImport(Evaluator.scala:502)
	at sjsonnet.Evaluator.visitExpr(Evaluator.scala:68)
	at sjsonnet.Evaluator.visitIfElse(Evaluator.scala:156)
	at sjsonnet.Evaluator.visitExpr(Evaluator.scala:54)
	at sjsonnet.Evaluator.visitImport$$anonfun$1(Evaluator.scala:501)
	at scala.collection.mutable.HashMap.getOrElseUpdate(HashMap.scala:469)
	at sjsonnet.Evaluator.visitImport(Evaluator.scala:502)
	at sjsonnet.Evaluator.visitExpr(Evaluator.scala:68)
	at sjsonnet.Evaluator.visitIfElse(Evaluator.scala:156)
	at sjsonnet.Evaluator.visitExpr(Evaluator.scala:54)
	at sjsonnet.Evaluator.visitImport$$anonfun$1(Evaluator.scala:501)
	at scala.collection.mutable.HashMap.getOrElseUpdate(HashMap.scala:469)
	at sjsonnet.Evaluator.visitImport(Evaluator.scala:502)
	at sjsonnet.Evaluator.visitExpr(Evaluator.scala:68)
	at sjsonnet.Evaluator.visitIfElse(Evaluator.scala:156)
	at sjsonnet.Evaluator.visitExpr(Evaluator.scala:54)
	at sjsonnet.Evaluator.visitImport$$anonfun$1(Evaluator.scala:501)
	at scala.collection.mutable.HashMap.getOrElseUpdate(HashMap.scala:469)
	at sjsonnet.Evaluator.visitImport(Evaluator.scala:502)
	at sjsonnet.Evaluator.visitExpr(Evaluator.scala:68)
	at sjsonnet.Evaluator.visitIfElse(Evaluator.scala:156)
	at sjsonnet.Evaluator.visitExpr(Evaluator.scala:54)
	at sjsonnet.Evaluator.visitImport$$anonfun$1(Evaluator.scala:501)
	at scala.collection.mutable.HashMap.getOrElseUpdate(HashMap.scala:469)
	at sjsonnet.Evaluator.visitImport(Evaluator.scala:502)
	at sjsonnet.Evaluator.visitExpr(Evaluator.scala:68)
	at sjsonnet.Evaluator.visitIfElse(Evaluator.scala:156)
	at sjsonnet.Evaluator.visitExpr(Evaluator.scala:54)
	at sjsonnet.Evaluator.visitImport$$anonfun$1(Evaluator.scala:501)
	at scala.collection.mutable.HashMap.getOrElseUpdate(HashMap.scala:469)
	at sjsonnet.Evaluator.visitImport(Evaluator.scala:502)
	at sjsonnet.Evaluator.visitExpr(Evaluator.scala:68)
	at sjsonnet.Evaluator.visitIfElse(Evaluator.scala:156)
	at sjsonnet.Evaluator.visitExpr(Evaluator.scala:54)
	at sjsonnet.Evaluator.visitImport$$anonfun$1(Evaluator.scala:501)
	at scala.collection.mutable.HashMap.getOrElseUpdate(HashMap.scala:469)
	at sjsonnet.Evaluator.visitImport(Evaluator.scala:502)
	at sjsonnet.Evaluator.visitExpr(Evaluator.scala:68)
	at sjsonnet.Evaluator.visitIfElse(Evaluator.scala:156)
	at sjsonnet.Evaluator.visitExpr(Evaluator.scala:54)
	at sjsonnet.Evaluator.visitImport$$anonfun$1(Evaluator.scala:501)
	at scala.collection.mutable.HashMap.getOrElseUpdate(HashMap.scala:469)
	at sjsonnet.Evaluator.visitImport(Evaluator.scala:502)
	at sjsonnet.Evaluator.visitExpr(Evaluator.scala:68)
	at sjsonnet.Evaluator.visitIfElse(Evaluator.scala:156)
	at sjsonnet.Evaluator.visitExpr(Evaluator.scala:54)
	at sjsonnet.Evaluator.visitImport$$anonfun$1(Evaluator.scala:501)
	at scala.collection.mutable.HashMap.getOrElseUpdate(HashMap.scala:469)
	at sjsonnet.Evaluator.visitImport(Evaluator.scala:502)
	at sjsonnet.Evaluator.visitExpr(Evaluator.scala:68)
	at sjsonnet.Evaluator.visitIfElse(Evaluator.scala:156)
	at sjsonnet.Evaluator.visitExpr(Evaluator.scala:54)
	at sjsonnet.Evaluator.visitImport$$anonfun$1(Evaluator.scala:501)
	at scala.collection.mutable.HashMap.getOrElseUpdate(HashMap.scala:469)
	at sjsonnet.Evaluator.visitImport(Evaluator.scala:502)
	at sjsonnet.Evaluator.visitExpr(Evaluator.scala:68)
	at sjsonnet.Evaluator.visitIfElse(Evaluator.scala:156)
	at sjsonnet.Evaluator.visitExpr(Evaluator.scala:54)
	at sjsonnet.Evaluator.visitImport$$anonfun$1(Evaluator.scala:501)
	at scala.collection.mutable.HashMap.getOrElseUpdate(HashMap.scala:469)
	at sjsonnet.Evaluator.visitImport(Evaluator.scala:502)
	at sjsonnet.Evaluator.visitExpr(Evaluator.scala:68)
	at sjsonnet.Evaluator.visitIfElse(Evaluator.scala:156)
	at sjsonnet.Evaluator.visitExpr(Evaluator.scala:54)
	at sjsonnet.Evaluator.visitImport$$anonfun$1(Evaluator.scala:501)
	at scala.collection.mutable.HashMap.getOrElseUpdate(HashMap.scala:469)
	at sjsonnet.Evaluator.visitImport(Evaluator.scala:502)
	at sjsonnet.Evaluator.visitExpr(Evaluator.scala:68)
	at sjsonnet.Evaluator.visitIfElse(Evaluator.scala:156)
	at sjsonnet.Evaluator.visitExpr(Evaluator.scala:54)
	at sjsonnet.Evaluator.visitImport$$anonfun$1(Evaluator.scala:501)
	at scala.collection.mutable.HashMap.getOrElseUpdate(HashMap.scala:469)
	at sjsonnet.Evaluator.visitImport(Evaluator.scala:502)
	at sjsonnet.Evaluator.visitExpr(Evaluator.scala:68)
	at sjsonnet.Evaluator.visitIfElse(Evaluator.scala:156)
	at sjsonnet.Evaluator.visitExpr(Evaluator.scala:54)
	at sjsonnet.Evaluator.visitImport$$anonfun$1(Evaluator.scala:501)
	at scala.collection.mutable.HashMap.getOrElseUpdate(HashMap.scala:469)
	at sjsonnet.Evaluator.visitImport(Evaluator.scala:502)
	at sjsonnet.Evaluator.visitExpr(Evaluator.scala:68)
	at sjsonnet.Evaluator.visitIfElse(Evaluator.scala:156)
	at sjsonnet.Evaluator.visitExpr(Evaluator.scala:54)
	at sjsonnet.Evaluator.visitImport$$anonfun$1(Evaluator.scala:501)
	at scala.collection.mutable.HashMap.getOrElseUpdate(HashMap.scala:469)
	at sjsonnet.Evaluator.visitImport(Evaluator.scala:502)
	at sjsonnet.Evaluator.visitExpr(Evaluator.scala:68)
	at sjsonnet.Evaluator.visitIfElse(Evaluator.scala:156)
	at sjsonnet.Evaluator.visitExpr(Evaluator.scala:54)
	at sjsonnet.Evaluator.visitImport$$anonfun$1(Evaluator.scala:501)
	at scala.collection.mutable.HashMap.getOrElseUpdate(HashMap.scala:469)
	at sjsonnet.Evaluator.visitImport(Evaluator.scala:502)
	at sjsonnet.Evaluator.visitExpr(Evaluator.scala:68)
	at sjsonnet.Evaluator.visitIfElse(Evaluator.scala:156)
	at sjsonnet.Evaluator.visitExpr(Evaluator.scala:54)
	at sjsonnet.Evaluator.visitImport$$anonfun$1(Evaluator.scala:501)
	at scala.collection.mutable.HashMap.getOrElseUpdate(HashMap.scala:469)
	at sjsonnet.Evaluator.visitImport(Evaluator.scala:502)
	at sjsonnet.Evaluator.visitExpr(Evaluator.scala:68)
	at sjsonnet.Evaluator.visitIfElse(Evaluator.scala:156)
	at sjsonnet.Evaluator.visitExpr(Evaluator.scala:54)
	at sjsonnet.Evaluator.visitImport$$anonfun$1(Evaluator.scala:501)
	at scala.collection.mutable.HashMap.getOrElseUpdate(HashMap.scala:469)
	at sjsonnet.Evaluator.visitImport(Evaluator.scala:502)
	at sjsonnet.Evaluator.visitExpr(Evaluator.scala:68)
	at sjsonnet.Evaluator.visitIfElse(Evaluator.scala:156)
	at sjsonnet.Evaluator.visitExpr(Evaluator.scala:54)
	at sjsonnet.Evaluator.visitImport$$anonfun$1(Evaluator.scala:501)
	at scala.collection.mutable.HashMap.getOrElseUpdate(HashMap.scala:469)
	at sjsonnet.Evaluator.visitImport(Evaluator.scala:502)
	at sjsonnet.Evaluator.visitExpr(Evaluator.scala:68)
	at sjsonnet.Evaluator.visitIfElse(Evaluator.scala:156)
	at sjsonnet.Evaluator.visitExpr(Evaluator.scala:54)
	at sjsonnet.Evaluator.visitImport$$anonfun$1(Evaluator.scala:501)
	at scala.collection.mutable.HashMap.getOrElseUpdate(HashMap.scala:469)
	at sjsonnet.Evaluator.visitImport(Evaluator.scala:502)
	at sjsonnet.Evaluator.visitExpr(Evaluator.scala:68)
	at sjsonnet.Evaluator.visitIfElse(Evaluator.scala:156)
	at sjsonnet.Evaluator.visitExpr(Evaluator.scala:54)
	at sjsonnet.Evaluator.visitImport$$anonfun$1(Evaluator.scala:501)
	at scala.collection.mutable.HashMap.getOrElseUpdate(HashMap.scala:469)
	at sjsonnet.Evaluator.visitImport(Evaluator.scala:502)
	at sjsonnet.Evaluator.visitExpr(Evaluator.scala:68)
	at sjsonnet.Evaluator.visitIfElse(Evaluator.scala:156)
	at sjsonnet.Evaluator.visitExpr(Evaluator.scala:54)
	at sjsonnet.Evaluator.visitImport$$anonfun$1(Evaluator.scala:501)
	at scala.collection.mutable.HashMap.getOrElseUpdate(HashMap.scala:469)
	at sjsonnet.Evaluator.visitImport(Evaluator.scala:502)
	at sjsonnet.Evaluator.visitExpr(Evaluator.scala:68)
	at sjsonnet.Evaluator.visitIfElse(Evaluator.scala:156)
	at sjsonnet.Evaluator.visitExpr(Evaluator.scala:54)
	at sjsonnet.Evaluator.visitImport$$anonfun$1(Evaluator.scala:501)
	at scala.collection.mutable.HashMap.getOrElseUpdate(HashMap.scala:469)
	at sjsonnet.Evaluator.visitImport(Evaluator.scala:502)
	at sjsonnet.Evaluator.visitExpr(Evaluator.scala:68)
	at sjsonnet.Evaluator.visitIfElse(Evaluator.scala:156)
	at sjsonnet.Evaluator.visitExpr(Evaluator.scala:54)
	at sjsonnet.Evaluator.visitImport$$anonfun$1(Evaluator.scala:501)
	at scala.collection.mutable.HashMap.getOrElseUpdate(HashMap.scala:469)
	at sjsonnet.Evaluator.visitImport(Evaluator.scala:502)
	at sjsonnet.Evaluator.visitExpr(Evaluator.scala:68)
	at sjsonnet.Evaluator.visitIfElse(Evaluator.scala:156)
	at sjsonnet.Evaluator.visitExpr(Evaluator.scala:54)
	at sjsonnet.Evaluator.visitImport$$anonfun$1(Evaluator.scala:501)
	at scala.collection.mutable.HashMap.getOrElseUpdate(HashMap.scala:469)
	at sjsonnet.Evaluator.visitImport(Evaluator.scala:502)
	at sjsonnet.Evaluator.visitExpr(Evaluator.scala:68)
	at sjsonnet.Evaluator.visitIfElse(Evaluator.scala:156)
	at sjsonnet.Evaluator.visitExpr(Evaluator.scala:54)
	at sjsonnet.Evaluator.visitImport$$anonfun$1(Evaluator.scala:501)
	at scala.collection.mutable.HashMap.getOrElseUpdate(HashMap.scala:469)
	at sjsonnet.Evaluator.visitImport(Evaluator.scala:502)
	at sjsonnet.Evaluator.visitExpr(Evaluator.scala:68)
	at sjsonnet.Evaluator.visitIfElse(Evaluator.scala:156)
	at sjsonnet.Evaluator.visitExpr(Evaluator.scala:54)
	at sjsonnet.Evaluator.visitImport$$anonfun$1(Evaluator.scala:501)
	at scala.collection.mutable.HashMap.getOrElseUpdate(HashMap.scala:469)
	at sjsonnet.Evaluator.visitImport(Evaluator.scala:502)
	at sjsonnet.Evaluator.visitExpr(Evaluator.scala:68)
	at sjsonnet.Evaluator.visitIfElse(Evaluator.scala:156)
	at sjsonnet.Evaluator.visitExpr(Evaluator.scala:54)
	at sjsonnet.Evaluator.visitImport$$anonfun$1(Evaluator.scala:501)
	at scala.collection.mutable.HashMap.getOrElseUpdate(HashMap.scala:469)
	at sjsonnet.Evaluator.visitImport(Evaluator.scala:502)
	at sjsonnet.Evaluator.visitExpr(Evaluator.scala:68)
	at sjsonnet.Evaluator.visitIfElse(Evaluator.scala:156)
	at sjsonnet.Evaluator.visitExpr(Evaluator.scala:54)
	at sjsonnet.Evaluator.visitImport$$anonfun$1(Evaluator.scala:501)
	at scala.collection.mutable.HashMap.getOrElseUpdate(HashMap.scala:469)
	at sjsonnet.Evaluator.visitImport(Evaluator.scala:502)
	at sjsonnet.Evaluator.visitExpr(Evaluator.scala:68)
	at sjsonnet.Evaluator.visitIfElse(Evaluator.scala:156)
	at sjsonnet.Evaluator.visitExpr(Evaluator.scala:54)
	at sjsonnet.Evaluator.visitImport$$anonfun$1(Evaluator.scala:501)
	at scala.collection.mutable.HashMap.getOrElseUpdate(HashMap.scala:469)
	at sjsonnet.Evaluator.visitImport(Evaluator.scala:502)
	at sjsonnet.Evaluator.visitExpr(Evaluator.scala:68)
	at sjsonnet.Evaluator.visitIfElse(Evaluator.scala:156)
	at sjsonnet.Evaluator.visitExpr(Evaluator.scala:54)
	at sjsonnet.Evaluator.visitImport$$anonfun$1(Evaluator.scala:501)
	at scala.collection.mutable.HashMap.getOrElseUpdate(HashMap.scala:469)
	at sjsonnet.Evaluator.visitImport(Evaluator.scala:502)
	at sjsonnet.Evaluator.visitExpr(Evaluator.scala:68)
	at sjsonnet.Evaluator.visitIfElse(Evaluator.scala:156)
	at sjsonnet.Evaluator.visitExpr(Evaluator.scala:54)
	at sjsonnet.Evaluator.visitImport$$anonfun$1(Evaluator.scala:501)
	at scala.collection.mutable.HashMap.getOrElseUpdate(HashMap.scala:469)
	at sjsonnet.Evaluator.visitImport(Evaluator.scala:502)
	at sjsonnet.Evaluator.visitExpr(Evaluator.scala:68)
	at sjsonnet.Evaluator.visitIfElse(Evaluator.scala:156)
	at sjsonnet.Evaluator.visitExpr(Evaluator.scala:54)
	at sjsonnet.Evaluator.visitImport$$anonfun$1(Evaluator.scala:501)
	at scala.collection.mutable.HashMap.getOrElseUpdate(HashMap.scala:469)
	at sjsonnet.Evaluator.visitImport(Evaluator.scala:502)
	at sjsonnet.Evaluator.visitExpr(Evaluator.scala:68)
	at sjsonnet.Evaluator.visitIfElse(Evaluator.scala:156)
	at sjsonnet.Evaluator.visitExpr(Evaluator.scala:54)
	at sjsonnet.Evaluator.visitImport$$anonfun$1(Evaluator.scala:501)
	at scala.collection.mutable.HashMap.getOrElseUpdate(HashMap.scala:469)
	at sjsonnet.Evaluator.visitImport(Evaluator.scala:502)
	at sjsonnet.Evaluator.visitExpr(Evaluator.scala:68)
	at sjsonnet.Evaluator.visitIfElse(Evaluator.scala:156)
	at sjsonnet.Evaluator.visitExpr(Evaluator.scala:54)
	at sjsonnet.Evaluator.visitImport$$anonfun$1(Evaluator.scala:501)
	at scala.collection.mutable.HashMap.getOrElseUpdate(HashMap.scala:469)
	at sjsonnet.Evaluator.visitImport(Evaluator.scala:502)
	at sjsonnet.Evaluator.visitExpr(Evaluator.scala:68)
	at sjsonnet.Evaluator.visitIfElse(Evaluator.scala:156)
	at sjsonnet.Evaluator.visitExpr(Evaluator.scala:54)
	at sjsonnet.Evaluator.visitImport$$anonfun$1(Evaluator.scala:501)
	at scala.collection.mutable.HashMap.getOrElseUpdate(HashMap.scala:469)
	at sjsonnet.Evaluator.visitImport(Evaluator.scala:502)
	at sjsonnet.Evaluator.visitExpr(Evaluator.scala:68)
	at sjsonnet.Evaluator.visitIfElse(Evaluator.scala:156)
	at sjsonnet.Evaluator.visitExpr(Evaluator.scala:54)
	at sjsonnet.Evaluator.visitImport$$anonfun$1(Evaluator.scala:501)
	at scala.collection.mutable.HashMap.getOrElseUpdate(HashMap.scala:469)
	at sjsonnet.Evaluator.visitImport(Evaluator.scala:502)
	at sjsonnet.Evaluator.visitExpr(Evaluator.scala:68)
	at sjsonnet.Evaluator.visitIfElse(Evaluator.scala:156)
	at sjsonnet.Evaluator.visitExpr(Evaluator.scala:54)
	at sjsonnet.Evaluator.visitImport$$anonfun$1(Evaluator.scala:501)
	at scala.collection.mutable.HashMap.getOrElseUpdate(HashMap.scala:469)
	at sjsonnet.Evaluator.visitImport(Evaluator.scala:502)
	at sjsonnet.Evaluator.visitExpr(Evaluator.scala:68)
	at sjsonnet.Evaluator.visitIfElse(Evaluator.scala:156)
	at sjsonnet.Evaluator.visitExpr(Evaluator.scala:54)
	at sjsonnet.Evaluator.visitImport$$anonfun$1(Evaluator.scala:501)
	at scala.collection.mutable.HashMap.getOrElseUpdate(HashMap.scala:469)
	at sjsonnet.Evaluator.visitImport(Evaluator.scala:502)
	at sjsonnet.Evaluator.visitExpr(Evaluator.scala:68)
	at sjsonnet.Evaluator.visitIfElse(Evaluator.scala:156)
	at sjsonnet.Evaluator.visitExpr(Evaluator.scala:54)
	at sjsonnet.Evaluator.visitImport$$anonfun$1(Evaluator.scala:501)
	at scala.collection.mutable.HashMap.getOrElseUpdate(HashMap.scala:469)
	at sjsonnet.Evaluator.visitImport(Evaluator.scala:502)
	at sjsonnet.Evaluator.visitExpr(Evaluator.scala:68)
	at sjsonnet.Evaluator.visitIfElse(Evaluator.scala:156)
	at sjsonnet.Evaluator.visitExpr(Evaluator.scala:54)
	at sjsonnet.Evaluator.visitImport$$anonfun$1(Evaluator.scala:501)
	at scala.collection.mutable.HashMap.getOrElseUpdate(HashMap.scala:469)
	at sjsonnet.Evaluator.visitImport(Evaluator.scala:502)
	at sjsonnet.Evaluator.visitExpr(Evaluator.scala:68)
	at sjsonnet.Evaluator.visitIfElse(Evaluator.scala:156)
	at sjsonnet.Evaluator.visitExpr(Evaluator.scala:54)
	at sjsonnet.Evaluator.visitImport$$anonfun$1(Evaluator.scala:501)
	at scala.collection.mutable.HashMap.getOrElseUpdate(HashMap.scala:469)
	at sjsonnet.Evaluator.visitImport(Evaluator.scala:502)
	at sjsonnet.Evaluator.visitExpr(Evaluator.scala:68)
	at sjsonnet.Evaluator.visitIfElse(Evaluator.scala:156)
	at sjsonnet.Evaluator.visitExpr(Evaluator.scala:54)
	at sjsonnet.Evaluator.visitImport$$anonfun$1(Evaluator.scala:501)
	at scala.collection.mutable.HashMap.getOrElseUpdate(HashMap.scala:469)
	at sjsonnet.Evaluator.visitImport(Evaluator.scala:502)
	at sjsonnet.Evaluator.visitExpr(Evaluator.scala:68)
	at sjsonnet.Evaluator.visitIfElse(Evaluator.scala:156)
	at sjsonnet.Evaluator.visitExpr(Evaluator.scala:54)
	at sjsonnet.Evaluator.visitImport$$anonfun$1(Evaluator.scala:501)
	at scala.collection.mutable.HashMap.getOrElseUpdate(HashMap.scala:469)
	at sjsonnet.Evaluator.visitImport(Evaluator.scala:502)
	at sjsonnet.Evaluator.visitExpr(Evaluator.scala:68)
	at sjsonnet.Evaluator.visitIfElse(Evaluator.scala:156)
	at sjsonnet.Evaluator.visitExpr(Evaluator.scala:54)
	at sjsonnet.Evaluator.visitImport$$anonfun$1(Evaluator.scala:501)
	at scala.collection.mutable.HashMap.getOrElseUpdate(HashMap.scala:469)
	at sjsonnet.Evaluator.visitImport(Evaluator.scala:502)
	at sjsonnet.Evaluator.visitExpr(Evaluator.scala:68)
	at sjsonnet.Evaluator.visitIfElse(Evaluator.scala:156)
	at sjsonnet.Evaluator.visitExpr(Evaluator.scala:54)
	at sjsonnet.Evaluator.visitImport$$anonfun$1(Evaluator.scala:501)
	at scala.collection.mutable.HashMap.getOrElseUpdate(HashMap.scala:469)
	at sjsonnet.Evaluator.visitImport(Evaluator.scala:502)
	at sjsonnet.Evaluator.visitExpr(Evaluator.scala:68)
	at sjsonnet.Evaluator.visitIfElse(Evaluator.scala:156)
	at sjsonnet.Evaluator.visitExpr(Evaluator.scala:54)
	at sjsonnet.Evaluator.visitImport$$anonfun$1(Evaluator.scala:501)
	at scala.collection.mutable.HashMap.getOrElseUpdate(HashMap.scala:469)
	at sjsonnet.Evaluator.visitImport(Evaluator.scala:502)
	at sjsonnet.Evaluator.visitExpr(Evaluator.scala:68)
	at sjsonnet.Evaluator.visitIfElse(Evaluator.scala:156)
	at sjsonnet.Evaluator.visitExpr(Evaluator.scala:54)
	at sjsonnet.Evaluator.visitImport$$anonfun$1(Evaluator.scala:501)
	at scala.collection.mutable.HashMap.getOrElseUpdate(HashMap.scala:469)
	at sjsonnet.Evaluator.visitImport(Evaluator.scala:502)
	at sjsonnet.Evaluator.visitExpr(Evaluator.scala:68)
	at sjsonnet.Evaluator.visitIfElse(Evaluator.scala:156)
	at sjsonnet.Evaluator.visitExpr(Evaluator.scala:54)
	at sjsonnet.Evaluator.visitImport$$anonfun$1(Evaluator.scala:501)
	at scala.collection.mutable.HashMap.getOrElseUpdate(HashMap.scala:469)
	at sjsonnet.Evaluator.visitImport(Evaluator.scala:502)
	at sjsonnet.Evaluator.visitExpr(Evaluator.scala:68)
	at sjsonnet.Evaluator.visitIfElse(Evaluator.scala:156)
	at sjsonnet.Evaluator.visitExpr(Evaluator.scala:54)
	at sjsonnet.Evaluator.visitImport$$anonfun$1(Evaluator.scala:501)
	at scala.collection.mutable.HashMap.getOrElseUpdate(HashMap.scala:469)
	at sjsonnet.Evaluator.visitImport(Evaluator.scala:502)
	at sjsonnet.Evaluator.visitExpr(Evaluator.scala:68)
	at sjsonnet.Evaluator.visitIfElse(Evaluator.scala:156)
	at sjsonnet.Evaluator.visitExpr(Evaluator.scala:54)
	at sjsonnet.Evaluator.visitImport$$anonfun$1(Evaluator.scala:501)
	at scala.collection.mutable.HashMap.getOrElseUpdate(HashMap.scala:469)
	at sjsonnet.Evaluator.visitImport(Evaluator.scala:502)
	at sjsonnet.Evaluator.visitExpr(Evaluator.scala:68)
	at sjsonnet.Evaluator.visitIfElse(Evaluator.scala:156)
	at sjsonnet.Evaluator.visitExpr(Evaluator.scala:54)
	at sjsonnet.Evaluator.visitImport$$anonfun$1(Evaluator.scala:501)
	at scala.collection.mutable.HashMap.getOrElseUpdate(HashMap.scala:469)
	at sjsonnet.Evaluator.visitImport(Evaluator.scala:502)
	at sjsonnet.Evaluator.visitExpr(Evaluator.scala:68)
	at sjsonnet.Evaluator.visitIfElse(Evaluator.scala:156)
	at sjsonnet.Evaluator.visitExpr(Evaluator.scala:54)
	at sjsonnet.Evaluator.visitImport$$anonfun$1(Evaluator.scala:501)
	at scala.collection.mutable.HashMap.getOrElseUpdate(HashMap.scala:469)
	at sjsonnet.Evaluator.visitImport(Evaluator.scala:502)
	at sjsonnet.Evaluator.visitExpr(Evaluator.scala:68)
	at sjsonnet.Evaluator.visitIfElse(Evaluator.scala:156)
	at sjsonnet.Evaluator.visitExpr(Evaluator.scala:54)
	at sjsonnet.Evaluator.visitImport$$anonfun$1(Evaluator.scala:501)
	at scala.collection.mutable.HashMap.getOrElseUpdate(HashMap.scala:469)
	at sjsonnet.Evaluator.visitImport(Evaluator.scala:502)
	at sjsonnet.Evaluator.visitExpr(Evaluator.scala:68)
	at sjsonnet.Evaluator.visitIfElse(Evaluator.scala:156)
	at sjsonnet.Evaluator.visitExpr(Evaluator.scala:54)
	at sjsonnet.Evaluator.visitImport$$anonfun$1(Evaluator.scala:501)
	at scala.collection.mutable.HashMap.getOrElseUpdate(HashMap.scala:469)
	at sjsonnet.Evaluator.visitImport(Evaluator.scala:502)
	at sjsonnet.Evaluator.visitExpr(Evaluator.scala:68)
	at sjsonnet.Evaluator.visitIfElse(Evaluator.scala:156)
	at sjsonnet.Evaluator.visitExpr(Evaluator.scala:54)
	at sjsonnet.Evaluator.visitImport$$anonfun$1(Evaluator.scala:501)
	at scala.collection.mutable.HashMap.getOrElseUpdate(HashMap.scala:469)
	at sjsonnet.Evaluator.visitImport(Evaluator.scala:502)
	at sjsonnet.Evaluator.visitExpr(Evaluator.scala:68)
	at sjsonnet.Evaluator.visitIfElse(Evaluator.scala:156)
	at sjsonnet.Evaluator.visitExpr(Evaluator.scala:54)
	at sjsonnet.Evaluator.visitImport$$anonfun$1(Evaluator.scala:501)
	at scala.collection.mutable.HashMap.getOrElseUpdate(HashMap.scala:469)
	at sjsonnet.Evaluator.visitImport(Evaluator.scala:502)
	at sjsonnet.Evaluator.visitExpr(Evaluator.scala:68)
	at sjsonnet.Evaluator.visitIfElse(Evaluator.scala:156)
	at sjsonnet.Evaluator.visitExpr(Evaluator.scala:54)
	at sjsonnet.Evaluator.visitImport$$anonfun$1(Evaluator.scala:501)
	at scala.collection.mutable.HashMap.getOrElseUpdate(HashMap.scala:469)
	at sjsonnet.Evaluator.visitImport(Evaluator.scala:502)
	at sjsonnet.Evaluator.visitExpr(Evaluator.scala:68)
	at sjsonnet.Evaluator.visitIfElse(Evaluator.scala:156)
	at sjsonnet.Evaluator.visitExpr(Evaluator.scala:54)
	at sjsonnet.Evaluator.visitImport$$anonfun$1(Evaluator.scala:501)
	at scala.collection.mutable.HashMap.getOrElseUpdate(HashMap.scala:469)
	at sjsonnet.Evaluator.visitImport(Evaluator.scala:502)
	at sjsonnet.Evaluator.visitExpr(Evaluator.scala:68)
	at sjsonnet.Evaluator.visitIfElse(Evaluator.scala:156)
	at sjsonnet.Evaluator.visitExpr(Evaluator.scala:54)
	at sjsonnet.Evaluator.visitImport$$anonfun$1(Evaluator.scala:501)
	at scala.collection.mutable.HashMap.getOrElseUpdate(HashMap.scala:469)
	at sjsonnet.Evaluator.visitImport(Evaluator.scala:502)
	at sjsonnet.Evaluator.visitExpr(Evaluator.scala:68)
	at sjsonnet.Evaluator.visitIfElse(Evaluator.scala:156)
	at sjsonnet.Evaluator.visitExpr(Evaluator.scala:54)
	at sjsonnet.Evaluator.visitImport$$anonfun$1(Evaluator.scala:501)
	at scala.collection.mutable.HashMap.getOrElseUpdate(HashMap.scala:469)
	at sjsonnet.Evaluator.visitImport(Evaluator.scala:502)
	at sjsonnet.Evaluator.visitExpr(Evaluator.scala:68)
	at sjsonnet.Evaluator.visitIfElse(Evaluator.scala:156)
	at sjsonnet.Evaluator.visitExpr(Evaluator.scala:54)
	at sjsonnet.Evaluator.visitImport$$anonfun$1(Evaluator.scala:501)
	at scala.collection.mutable.HashMap.getOrElseUpdate(HashMap.scala:469)
	at sjsonnet.Evaluator.visitImport(Evaluator.scala:502)
	at sjsonnet.Evaluator.visitExpr(Evaluator.scala:68)
	at sjsonnet.Evaluator.visitIfElse(Evaluator.scala:156)
	at sjsonnet.Evaluator.visitExpr(Evaluator.scala:54)
	at sjsonnet.Evaluator.visitImport$$anonfun$1(Evaluator.scala:501)
	at scala.collection.mutable.HashMap.getOrElseUpdate(HashMap.scala:469)
	at sjsonnet.Evaluator.visitImport(Evaluator.scala:502)
	at sjsonnet.Evaluator.visitExpr(Evaluator.scala:68)
	at sjsonnet.Evaluator.visitIfElse(Evaluator.scala:156)
	at sjsonnet.Evaluator.visitExpr(Evaluator.scala:54)
	at sjsonnet.Evaluator.visitImport$$anonfun$1(Evaluator.scala:501)
	at scala.collection.mutable.HashMap.getOrElseUpdate(HashMap.scala:469)
	at sjsonnet.Evaluator.visitImport(Evaluator.scala:502)
	at sjsonnet.Evaluator.visitExpr(Evaluator.scala:68)
	at sjsonnet.Evaluator.visitIfElse(Evaluator.scala:156)
	at sjsonnet.Evaluator.visitExpr(Evaluator.scala:54)
	at sjsonnet.Evaluator.visitImport$$anonfun$1(Evaluator.scala:501)
	at scala.collection.mutable.HashMap.getOrElseUpdate(HashMap.scala:469)
	at sjsonnet.Evaluator.visitImport(Evaluator.scala:502)
	at sjsonnet.Evaluator.visitExpr(Evaluator.scala:68)
	at sjsonnet.Evaluator.visitIfElse(Evaluator.scala:156)
	at sjsonnet.Evaluator.visitExpr(Evaluator.scala:54)
