{
   "foo": [
      [
         49,
         51,
         68,
         114,
         169,
         205,
         208,
         226,
         236,
         255,
         269,
         287,
         391,
         407,
         418,
         436,
         441,
         494,
         522,
         549,
         611,
         612,
         673,
         684,
         821,
         918,
         936,
         945
      ],
      [
         5,
         8,
         23,
         43,
         61,
         91,
         102,
         107,
         108,
         128,
         210,
         215,
         274,
         297,
         333,
         339,
         347,
         348,
         379,
         412,
         417,
         458,
         474,
         514,
         576,
         623,
         658,
         667,
         678,
         734,
         756,
         791,
         831,
         840,
         868,
         873,
         882,
         931
      ],
      [
         44,
         63,
         123,
         154,
         192,
         229,
         245,
         311,
         331,
         359,
         396,
         411,
         420,
         426,
         432,
         505,
         542,
         548,
         556,
         563,
         580,
         586,
         587,
         672,
         677,
         680,
         691,
         760,
         778,
         790,
         818,
         866,
         908,
         919,
         950,
         968,
         992
      ],
      [
         16,
         35,
         53,
         58,
         66,
         119,
         139,
         155,
         170,
         186,
         225,
         234,
         248,
         254,
         265,
         267,
         268,
         314,
         352,
         358,
         371,
         372,
         405,
         409,
         422,
         470,
         484,
         492,
         493,
         528,
         552,
         565,
         613,
         626,
         630,
         664,
         686,
         738,
         771,
         784,
         786,
         788,
         793,
         844,
         857,
         865,
         911,
         922,
         940,
         951,
         952,
         955,
         958,
         978,
         987
      ],
      [
         21,
         22,
         30,
         65,
         67,
         89,
         136,
         140,
         144,
         171,
         179,
         190,
         193,
         196,
         200,
         209,
         253,
         286,
         312,
         334,
         346,
         354,
         380,
         382,
         383,
         413,
         419,
         421,
         434,
         485,
         486,
         499,
         504,
         510,
         554,
         574,
         588,
         591,
         594,
         605,
         608,
         631,
         649,
         663,
         694,
         696,
         697,
         709,
         714,
         721,
         730,
         731,
         740,
         749,
         755,
         761,
         774,
         792,
         802,
         804,
         841,
         843,
         853,
         879,
         889,
         905,
         921,
         934,
         953,
         986,
         991,
         996
      ],
      [
         3,
         20,
         31,
         48,
         59,
         96,
         113,
         127,
         130,
         142,
         149,
         187,
         195,
         219,
         223,
         252,
         258,
         261,
         273,
         281,
         292,
         295,
         304,
         308,
         309,
         319,
         326,
         327,
         368,
         394,
         435,
         438,
         477,
         489,
         490,
         546,
         558,
         603,
         609,
         621,
         638,
         670,
         671,
         687,
         703,
         706,
         707,
         723,
         724,
         733,
         739,
         747,
         751,
         752,
         776,
         783,
         797,
         811,
         829,
         837,
         858,
         860,
         862,
         881,
         890,
         900,
         933,
         935,
         938,
         973,
         990,
         1000
      ],
      [
         2,
         13,
         18,
         19,
         29,
         41,
         42,
         45,
         50,
         60,
         62,
         81,
         85,
         92,
         99,
         111,
         112,
         115,
         126,
         143,
         152,
         163,
         172,
         177,
         181,
         199,
         203,
         212,
         224,
         227,
         231,
         235,
         238,
         239,
         266,
         279,
         280,
         284,
         288,
         320,
         337,
         340,
         342,
         351,
         361,
         366,
         373,
         374,
         389,
         399,
         408,
         415,
         423,
         439,
         454,
         463,
         464,
         475,
         491,
         498,
         503,
         518,
         519,
         526,
         538,
         539,
         547,
         550,
         560,
         573,
         597,
         610,
         619,
         640,
         652,
         669,
         676,
         682,
         699,
         728,
         737,
         742,
         743,
         748,
         769,
         772,
         809,
         813,
         816,
         825,
         848,
         852,
         856,
         861,
         867,
         869,
         875,
         877,
         886,
         895,
         925,
         937,
         947,
         959,
         965,
         966,
         974,
         997
      ],
      [
         15,
         37,
         39,
         40,
         69,
         71,
         72,
         73,
         78,
         79,
         86,
         87,
         90,
         104,
         106,
         131,
         151,
         160,
         164,
         168,
         204,
         213,
         228,
         233,
         244,
         246,
         247,
         250,
         262,
         272,
         289,
         293,
         300,
         332,
         335,
         341,
         344,
         349,
         363,
         376,
         390,
         397,
         410,
         427,
         431,
         437,
         446,
         447,
         453,
         459,
         460,
         461,
         465,
         468,
         472,
         476,
         501,
         516,
         520,
         529,
         534,
         551,
         555,
         562,
         566,
         569,
         584,
         589,
         593,
         595,
         600,
         614,
         616,
         629,
         634,
         651,
         654,
         656,
         679,
         713,
         727,
         741,
         746,
         750,
         754,
         762,
         763,
         765,
         766,
         775,
         779,
         782,
         787,
         789,
         800,
         810,
         812,
         824,
         828,
         833,
         838,
         842,
         847,
         851,
         883,
         892,
         896,
         904,
         907,
         917,
         927,
         943,
         961,
         963,
         964,
         984,
         989,
         998
      ],
      [
         6,
         10,
         11,
         14,
         17,
         24,
         27,
         28,
         56,
         70,
         88,
         93,
         95,
         97,
         98,
         110,
         116,
         118,
         120,
         124,
         125,
         129,
         138,
         141,
         150,
         153,
         156,
         158,
         159,
         161,
         166,
         167,
         180,
         183,
         184,
         185,
         188,
         191,
         198,
         211,
         220,
         221,
         232,
         237,
         243,
         251,
         260,
         278,
         290,
         303,
         307,
         322,
         323,
         343,
         357,
         364,
         369,
         387,
         392,
         414,
         433,
         455,
         456,
         462,
         478,
         479,
         483,
         496,
         500,
         509,
         521,
         523,
         525,
         530,
         536,
         540,
         544,
         553,
         561,
         564,
         571,
         572,
         577,
         578,
         581,
         601,
         602,
         606,
         620,
         625,
         637,
         642,
         643,
         644,
         650,
         657,
         662,
         665,
         674,
         675,
         683,
         689,
         690,
         693,
         698,
         704,
         708,
         744,
         753,
         757,
         764,
         767,
         773,
         777,
         780,
         781,
         794,
         799,
         801,
         803,
         827,
         830,
         832,
         836,
         846,
         855,
         859,
         863,
         864,
         870,
         876,
         891,
         894,
         897,
         902,
         910,
         915,
         916,
         920,
         923,
         930,
         939,
         948,
         956,
         957,
         970,
         972,
         977,
         981,
         983,
         985
      ]
   ]
}
