{
   "foo": [
      [ ],
      [ ],
      [ ],
      [ ],
      [ ],
      [ ],
      [ ],
      [
         132,
         270,
         512,
         545,
         845,
         887
      ],
      [
         55,
         64,
         94,
         117,
         132,
         137,
         175,
         189,
         222,
         270,
         298,
         310,
         315,
         328,
         365,
         448,
         482,
         511,
         512,
         545,
         633,
         845,
         885,
         887,
         901,
         967,
         994
      ]
   ]
}
